=== RUN   TestContextBindingDecodeReusesOnlyExactFreshRowBytes
--- PASS: TestContextBindingDecodeReusesOnlyExactFreshRowBytes (0.00s)
=== RUN   TestContextBindingClonePreservesAllMutableFieldsAndNilEmpty
--- PASS: TestContextBindingClonePreservesAllMutableFieldsAndNilEmpty (0.00s)
=== RUN   TestContextBindingDecodeScopeLocatorAndBodyChangesRequireDecode
--- PASS: TestContextBindingDecodeScopeLocatorAndBodyChangesRequireDecode (0.00s)
=== RUN   TestContextBindingDecodeStrictFailuresAndNonMetadataRemainOriginal
--- PASS: TestContextBindingDecodeStrictFailuresAndNonMetadataRemainOriginal (0.00s)
=== RUN   TestContextBindingDecodeConcurrentIndependentResults
--- PASS: TestContextBindingDecodeConcurrentIndependentResults (0.01s)
=== RUN   TestContextBindingDecodeOwnsNestedRevisionPointers
=== RUN   TestContextBindingDecodeOwnsNestedRevisionPointers/operation_revision/cold
=== RUN   TestContextBindingDecodeOwnsNestedRevisionPointers/operation_revision/hot
=== RUN   TestContextBindingDecodeOwnsNestedRevisionPointers/task_revision/cold
=== RUN   TestContextBindingDecodeOwnsNestedRevisionPointers/task_revision/hot
=== RUN   TestContextBindingDecodeOwnsNestedRevisionPointers/nil_counterpart
--- PASS: TestContextBindingDecodeOwnsNestedRevisionPointers (0.00s)
    --- PASS: TestContextBindingDecodeOwnsNestedRevisionPointers/operation_revision/cold (0.00s)
    --- PASS: TestContextBindingDecodeOwnsNestedRevisionPointers/operation_revision/hot (0.00s)
    --- PASS: TestContextBindingDecodeOwnsNestedRevisionPointers/task_revision/cold (0.00s)
    --- PASS: TestContextBindingDecodeOwnsNestedRevisionPointers/task_revision/hot (0.00s)
    --- PASS: TestContextBindingDecodeOwnsNestedRevisionPointers/nil_counterpart (0.00s)
=== RUN   TestContextInputDecodeReusesOnlyExactFreshRowBytes
--- PASS: TestContextInputDecodeReusesOnlyExactFreshRowBytes (0.00s)
=== RUN   TestContextInputDecodeOwnsEveryMutableReturn
=== RUN   TestContextInputDecodeOwnsEveryMutableReturn/constraints
=== RUN   TestContextInputDecodeOwnsEveryMutableReturn/conditions
=== RUN   TestContextInputDecodeOwnsEveryMutableReturn/condition_gaps
=== RUN   TestContextInputDecodeOwnsEveryMutableReturn/control_restrictions
=== RUN   TestContextInputDecodeOwnsEveryMutableReturn/budget_unknown
=== RUN   TestContextInputDecodeOwnsEveryMutableReturn/unresolved
=== RUN   TestContextInputDecodeOwnsEveryMutableReturn/operation_revision
=== RUN   TestContextInputDecodeOwnsEveryMutableReturn/progress
=== RUN   TestContextInputDecodeOwnsEveryMutableReturn/materials
=== RUN   TestContextInputDecodeOwnsEveryMutableReturn/omitted
=== RUN   TestContextInputDecodeOwnsEveryMutableReturn/gaps
=== RUN   TestContextInputDecodeOwnsEveryMutableReturn/use_refs
=== RUN   TestContextInputDecodeOwnsEveryMutableReturn/task_revision
=== RUN   TestContextInputDecodeOwnsEveryMutableReturn/trace
--- PASS: TestContextInputDecodeOwnsEveryMutableReturn (0.00s)
    --- PASS: TestContextInputDecodeOwnsEveryMutableReturn/constraints (0.00s)
    --- PASS: TestContextInputDecodeOwnsEveryMutableReturn/conditions (0.00s)
    --- PASS: TestContextInputDecodeOwnsEveryMutableReturn/condition_gaps (0.00s)
    --- PASS: TestContextInputDecodeOwnsEveryMutableReturn/control_restrictions (0.00s)
    --- PASS: TestContextInputDecodeOwnsEveryMutableReturn/budget_unknown (0.00s)
    --- PASS: TestContextInputDecodeOwnsEveryMutableReturn/unresolved (0.00s)
    --- PASS: TestContextInputDecodeOwnsEveryMutableReturn/operation_revision (0.00s)
    --- PASS: TestContextInputDecodeOwnsEveryMutableReturn/progress (0.00s)
    --- PASS: TestContextInputDecodeOwnsEveryMutableReturn/materials (0.00s)
    --- PASS: TestContextInputDecodeOwnsEveryMutableReturn/omitted (0.00s)
    --- PASS: TestContextInputDecodeOwnsEveryMutableReturn/gaps (0.00s)
    --- PASS: TestContextInputDecodeOwnsEveryMutableReturn/use_refs (0.00s)
    --- PASS: TestContextInputDecodeOwnsEveryMutableReturn/task_revision (0.00s)
    --- PASS: TestContextInputDecodeOwnsEveryMutableReturn/trace (0.00s)
=== RUN   TestContextInputDecodePreservesNilAndPresentEmpty
=== RUN   TestContextInputDecodePreservesNilAndPresentEmpty/0
=== RUN   TestContextInputDecodePreservesNilAndPresentEmpty/1
--- PASS: TestContextInputDecodePreservesNilAndPresentEmpty (0.00s)
    --- PASS: TestContextInputDecodePreservesNilAndPresentEmpty/0 (0.00s)
    --- PASS: TestContextInputDecodePreservesNilAndPresentEmpty/1 (0.00s)
=== RUN   TestContextInputDecodeScopeFullBytesAndSingleEntry
=== RUN   TestContextInputDecodeScopeFullBytesAndSingleEntry/store
=== RUN   TestContextInputDecodeScopeFullBytesAndSingleEntry/tenant
=== RUN   TestContextInputDecodeScopeFullBytesAndSingleEntry/owner
=== RUN   TestContextInputDecodeScopeFullBytesAndSingleEntry/schema
=== RUN   TestContextInputDecodeScopeFullBytesAndSingleEntry/input_id
=== RUN   TestContextInputDecodeScopeFullBytesAndSingleEntry/value_bytes
=== RUN   TestContextInputDecodeScopeFullBytesAndSingleEntry/whitespace_bytes
--- PASS: TestContextInputDecodeScopeFullBytesAndSingleEntry (0.01s)
    --- PASS: TestContextInputDecodeScopeFullBytesAndSingleEntry/store (0.00s)
    --- PASS: TestContextInputDecodeScopeFullBytesAndSingleEntry/tenant (0.00s)
    --- PASS: TestContextInputDecodeScopeFullBytesAndSingleEntry/owner (0.00s)
    --- PASS: TestContextInputDecodeScopeFullBytesAndSingleEntry/schema (0.00s)
    --- PASS: TestContextInputDecodeScopeFullBytesAndSingleEntry/input_id (0.00s)
    --- PASS: TestContextInputDecodeScopeFullBytesAndSingleEntry/value_bytes (0.00s)
    --- PASS: TestContextInputDecodeScopeFullBytesAndSingleEntry/whitespace_bytes (0.00s)
=== RUN   TestContextInputDecodeStrictErrorsAndFiniteBodyBound
=== RUN   TestContextInputDecodeStrictErrorsAndFiniteBodyBound/0
=== RUN   TestContextInputDecodeStrictErrorsAndFiniteBodyBound/1
=== RUN   TestContextInputDecodeStrictErrorsAndFiniteBodyBound/2
=== RUN   TestContextInputDecodeStrictErrorsAndFiniteBodyBound/3
=== RUN   TestContextInputDecodeStrictErrorsAndFiniteBodyBound/4
=== RUN   TestContextInputDecodeStrictErrorsAndFiniteBodyBound/5
=== RUN   TestContextInputDecodeStrictErrorsAndFiniteBodyBound/6
=== RUN   TestContextInputDecodeStrictErrorsAndFiniteBodyBound/7
--- PASS: TestContextInputDecodeStrictErrorsAndFiniteBodyBound (0.02s)
    --- PASS: TestContextInputDecodeStrictErrorsAndFiniteBodyBound/0 (0.00s)
    --- PASS: TestContextInputDecodeStrictErrorsAndFiniteBodyBound/1 (0.00s)
    --- PASS: TestContextInputDecodeStrictErrorsAndFiniteBodyBound/2 (0.00s)
    --- PASS: TestContextInputDecodeStrictErrorsAndFiniteBodyBound/3 (0.00s)
    --- PASS: TestContextInputDecodeStrictErrorsAndFiniteBodyBound/4 (0.00s)
    --- PASS: TestContextInputDecodeStrictErrorsAndFiniteBodyBound/5 (0.00s)
    --- PASS: TestContextInputDecodeStrictErrorsAndFiniteBodyBound/6 (0.00s)
    --- PASS: TestContextInputDecodeStrictErrorsAndFiniteBodyBound/7 (0.00s)
=== RUN   TestContextInputDecodeConcurrentIndependentResults
--- PASS: TestContextInputDecodeConcurrentIndependentResults (0.00s)
PASS
ok  	github.com/ruipengliu/lerna/conformance/internal/decisionfixture	0.070s
NATIVE_EXIT status=0 group_absent=True
