TLC2 Version 2.19 of 08 August 2024 (rev: 5a47802)
Running breadth-first search Model-Checking with fp 0 and seed 1 with 1 worker on 10 cores with 1820MB heap and 64MB offheap memory [pid: 13478] (Mac OS X 27.0 aarch64, Homebrew 25.0.2 x86_64, MSBDiskFPSet, DiskStateQueue).
Parsing file /Volumes/Data/proj/lerna-docs/formal/mechanisms/trust/IndexSearch.tla
Parsing file /private/var/folders/q3/nxw95lcx0nb05qqqp0w1nzgc0000gn/T/trust-index-cached-24prsv33/Naturals.tla
Parsing file /private/var/folders/q3/nxw95lcx0nb05qqqp0w1nzgc0000gn/T/trust-index-cached-24prsv33/FiniteSets.tla
Parsing file /private/var/folders/q3/nxw95lcx0nb05qqqp0w1nzgc0000gn/T/trust-index-cached-24prsv33/Sequences.tla
Semantic processing of module Naturals
Semantic processing of module Sequences
Semantic processing of module FiniteSets
Semantic processing of module IndexSearch
Starting... (2026-09-25 08:29:21)
Computing initial states...
Finished computing initial states: 1 distinct state generated at 2026-09-25 08:29:21.
Error: Invariant NoStaleResult is violated.
Error: The behavior up to this point is:
State 1: <Initial predicate>
s = [ allowed |-> {1, 2},
  seq |-> 0,
  iw |-> 0,
  index |-> <<0, 0>>,
  phase |-> "idle",
  cut |-> 0,
  cursor |-> 0,
  candidates |-> <<0, 0>>,
  result |-> {},
  complete |-> FALSE,
  badRead |-> FALSE,
  falseComplete |-> FALSE,
  partial |-> FALSE ]

State 2: <Write line 15, col 10 to line 15, col 54 of module IndexSearch>
s = [ allowed |-> {1, 2},
  seq |-> 1,
  iw |-> 0,
  index |-> <<0, 0>>,
  phase |-> "idle",
  cut |-> 0,
  cursor |-> 0,
  candidates |-> <<0, 0>>,
  result |-> {},
  complete |-> FALSE,
  badRead |-> FALSE,
  falseComplete |-> FALSE,
  partial |-> FALSE ]

State 3: <IndexStep line 16, col 14 to line 17, col 71 of module IndexSearch>
s = [ allowed |-> {1, 2},
  seq |-> 1,
  iw |-> 1,
  index |-> <<1, 0>>,
  phase |-> "idle",
  cut |-> 0,
  cursor |-> 0,
  candidates |-> <<0, 0>>,
  result |-> {},
  complete |-> FALSE,
  badRead |-> FALSE,
  falseComplete |-> FALSE,
  partial |-> FALSE ]

State 4: <Begin line 19, col 10 to line 21, col 58 of module IndexSearch>
s = [ allowed |-> {1, 2},
  seq |-> 1,
  iw |-> 1,
  index |-> <<1, 0>>,
  phase |-> "scan",
  cut |-> 1,
  cursor |-> 1,
  candidates |-> <<1, 0>>,
  result |-> {},
  complete |-> FALSE,
  badRead |-> FALSE,
  falseComplete |-> FALSE,
  partial |-> FALSE ]

State 5: <Revoke line 18, col 14 to line 18, col 70 of module IndexSearch>
s = [ allowed |-> {2},
  seq |-> 1,
  iw |-> 1,
  index |-> <<1, 0>>,
  phase |-> "scan",
  cut |-> 1,
  cursor |-> 1,
  candidates |-> <<1, 0>>,
  result |-> {},
  complete |-> FALSE,
  badRead |-> FALSE,
  falseComplete |-> FALSE,
  partial |-> FALSE ]

State 6: <Publish line 27, col 12 to line 36, col 74 of module IndexSearch>
s = [ allowed |-> {2},
  seq |-> 1,
  iw |-> 1,
  index |-> <<1, 0>>,
  phase |-> "done",
  cut |-> 1,
  cursor |-> 1,
  candidates |-> <<1, 0>>,
  result |-> {1},
  complete |-> TRUE,
  badRead |-> TRUE,
  falseComplete |-> TRUE,
  partial |-> FALSE ]

233 states generated, 135 distinct states found, 77 states left on queue.
The depth of the complete state graph search is 6.
The average outdegree of the complete state graph is 2 (minimum is 0, the maximum 6 and the 95th percentile is 6).
Finished in 00s at (2026-09-25 08:29:21)
