formal/mechanisms/trust/Trust.lean:30:2: error: too many variable names provided at alternative 'delegate', #4 provided, but #3 expected
formal/mechanisms/trust/Trust.lean:30:63: error: function expected at
  narrow
term has type
  s✝.revoked = false
formal/mechanisms/trust/Trust.lean:75:47: error: unexpected identifier; expected '}'
formal/mechanisms/trust/Trust.lean:92:19: error: application type mismatch
  And.intro h.left.right
argument
  h.left.right
has type
  s.closed = false : Prop
but is expected to have type
  s.revoked = false : Prop
formal/mechanisms/trust/Trust.lean:92:26: error: application type mismatch
  And.intro h.left.left.right
argument
  h.left.left.right
has type
  s.revoked = false : Prop
but is expected to have type
  s.closed = false : Prop
formal/mechanisms/trust/Trust.lean:107:2: error: invalid alternative name 'use', expected 'evaluate'
formal/mechanisms/trust/Trust.lean:134:44: error: application type mismatch
  GateReach.next GateReach.init (GateStep.evaluate initial true true)
argument
  GateStep.evaluate initial true true
has type
  GateStep initial
    { epoch := initial.epoch, revoked := initial.revoked, closed := initial.closed, cacheEpoch := initial.epoch,
      cacheAllow := initial.cacheAllow, cacheOwner := initial.cacheOwner, hasCache := initial.hasCache,
      events := initial.events, facts := initial.facts } : Prop
but is expected to have type
  GateStep initial cached : Prop
formal/mechanisms/trust/Trust.lean:135:43: error: invalid dotted identifier notation, unknown identifier `Trust.GateStep.revoke` from expected type
  GateStep cached revoked
formal/mechanisms/trust/Trust.lean:136:45: error: invalid dotted identifier notation, unknown identifier `Trust.GateStep.fact` from expected type
  GateStep revoked afterFact
'Trust.scope_reachable_attenuates' depends on axioms: [sorryAx]
'Trust.gate_reachable_safe' depends on axioms: [propext, sorryAx, Quot.sound]
'Trust.revoked_cannot_add_use' depends on axioms: [propext]
'Trust.closed_cannot_add_use' depends on axioms: [propext]
'Trust.stale_cache_cannot_add_use' depends on axioms: [propext, Quot.sound]
'Trust.late_fact_without_new_use_witness' depends on axioms: [propext, sorryAx]
'Trust.closed_dependency_blocks' does not depend on any axioms
