TLC2 Version 2.19 of 08 August 2024 (rev: 5a47802)
Running breadth-first search Model-Checking with fp 0 and seed 1 with 1 worker on 10 cores with 1820MB heap and 64MB offheap memory [pid: 11999] (Mac OS X 27.0 aarch64, Homebrew 25.0.2 x86_64, MSBDiskFPSet, DiskStateQueue).
Parsing file /Volumes/Data/proj/lerna-docs/formal/mechanisms/communication/Stream.tla
Parsing file /private/var/folders/q3/nxw95lcx0nb05qqqp0w1nzgc0000gn/T/mechanism-tlc-31y8yurq/Naturals.tla
Parsing file /private/var/folders/q3/nxw95lcx0nb05qqqp0w1nzgc0000gn/T/mechanism-tlc-31y8yurq/FiniteSets.tla
Parsing file /private/var/folders/q3/nxw95lcx0nb05qqqp0w1nzgc0000gn/T/mechanism-tlc-31y8yurq/Sequences.tla
Semantic processing of module Naturals
Semantic processing of module Sequences
Semantic processing of module FiniteSets
Semantic processing of module Stream
Starting... (2026-09-25 08:25:04)
Computing initial states...
Finished computing initial states: 1 distinct state generated at 2026-09-25 08:25:04.
Error: Invariant NeverAllDelivered is violated.
Error: The behavior up to this point is:
State 1: <Initial predicate>
s = [ sent |-> 0,
  source |-> {},
  wire |-> {},
  received |-> {},
  payload |-> {},
  target |-> 0,
  ackWire |-> {},
  ack |-> 0,
  business |-> 0,
  aGap |-> {},
  bGap |-> {},
  expired |-> FALSE,
  ackFloor |-> 0,
  reconcile |-> FALSE ]

State 2: <Accept line 12, col 14 to line 13, col 65 of module Stream>
s = [ sent |-> 1,
  source |-> {1},
  wire |-> {},
  received |-> {},
  payload |-> {},
  target |-> 0,
  ackWire |-> {},
  ack |-> 0,
  business |-> 0,
  aGap |-> {},
  bGap |-> {},
  expired |-> FALSE,
  ackFloor |-> 0,
  reconcile |-> FALSE ]

State 3: <Send line 14, col 12 to line 15, col 49 of module Stream>
s = [ sent |-> 1,
  source |-> {1},
  wire |-> {1},
  received |-> {},
  payload |-> {},
  target |-> 0,
  ackWire |-> {},
  ack |-> 0,
  business |-> 0,
  aGap |-> {},
  bGap |-> {},
  expired |-> FALSE,
  ackFloor |-> 0,
  reconcile |-> FALSE ]

State 4: <Receive line 16, col 15 to line 18, col 46 of module Stream>
s = [ sent |-> 1,
  source |-> {1},
  wire |-> {},
  received |-> {1},
  payload |-> {1},
  target |-> 0,
  ackWire |-> {},
  ack |-> 0,
  business |-> 0,
  aGap |-> {},
  bGap |-> {},
  expired |-> FALSE,
  ackFloor |-> 0,
  reconcile |-> FALSE ]

State 5: <Accept line 12, col 14 to line 13, col 65 of module Stream>
s = [ sent |-> 2,
  source |-> {1, 2},
  wire |-> {},
  received |-> {1},
  payload |-> {1},
  target |-> 0,
  ackWire |-> {},
  ack |-> 0,
  business |-> 0,
  aGap |-> {},
  bGap |-> {},
  expired |-> FALSE,
  ackFloor |-> 0,
  reconcile |-> FALSE ]

State 6: <Send line 14, col 12 to line 15, col 49 of module Stream>
s = [ sent |-> 2,
  source |-> {1, 2},
  wire |-> {2},
  received |-> {1},
  payload |-> {1},
  target |-> 0,
  ackWire |-> {},
  ack |-> 0,
  business |-> 0,
  aGap |-> {},
  bGap |-> {},
  expired |-> FALSE,
  ackFloor |-> 0,
  reconcile |-> FALSE ]

State 7: <Receive line 16, col 15 to line 18, col 46 of module Stream>
s = [ sent |-> 2,
  source |-> {1, 2},
  wire |-> {},
  received |-> {1, 2},
  payload |-> {1, 2},
  target |-> 0,
  ackWire |-> {},
  ack |-> 0,
  business |-> 0,
  aGap |-> {},
  bGap |-> {},
  expired |-> FALSE,
  ackFloor |-> 0,
  reconcile |-> FALSE ]

State 8: <Advance line 20, col 12 to line 21, col 46 of module Stream>
s = [ sent |-> 2,
  source |-> {1, 2},
  wire |-> {},
  received |-> {1, 2},
  payload |-> {1, 2},
  target |-> 1,
  ackWire |-> {},
  ack |-> 0,
  business |-> 0,
  aGap |-> {},
  bGap |-> {},
  expired |-> FALSE,
  ackFloor |-> 0,
  reconcile |-> FALSE ]

State 9: <Handoff line 27, col 15 to line 29, col 47 of module Stream>
s = [ sent |-> 2,
  source |-> {1, 2},
  wire |-> {},
  received |-> {1, 2},
  payload |-> {1, 2},
  target |-> 1,
  ackWire |-> {},
  ack |-> 0,
  business |-> 1,
  aGap |-> {},
  bGap |-> {},
  expired |-> FALSE,
  ackFloor |-> 0,
  reconcile |-> FALSE ]

State 10: <Advance line 20, col 12 to line 21, col 46 of module Stream>
s = [ sent |-> 2,
  source |-> {1, 2},
  wire |-> {},
  received |-> {1, 2},
  payload |-> {1, 2},
  target |-> 2,
  ackWire |-> {},
  ack |-> 0,
  business |-> 1,
  aGap |-> {},
  bGap |-> {},
  expired |-> FALSE,
  ackFloor |-> 0,
  reconcile |-> FALSE ]

State 11: <Handoff line 27, col 15 to line 29, col 47 of module Stream>
s = [ sent |-> 2,
  source |-> {1, 2},
  wire |-> {},
  received |-> {1, 2},
  payload |-> {1, 2},
  target |-> 2,
  ackWire |-> {},
  ack |-> 0,
  business |-> 2,
  aGap |-> {},
  bGap |-> {},
  expired |-> FALSE,
  ackFloor |-> 0,
  reconcile |-> FALSE ]

1362 states generated, 486 distinct states found, 187 states left on queue.
The depth of the complete state graph search is 11.
The average outdegree of the complete state graph is 2 (minimum is 0, the maximum 4 and the 95th percentile is 4).
Finished in 00s at (2026-09-25 08:25:04)
