TLC2 Version 2.19 of 08 August 2024 (rev: 5a47802)
Running breadth-first search Model-Checking with fp 0 and seed 1 with 1 worker on 10 cores with 1820MB heap and 64MB offheap memory [pid: 12010] (Mac OS X 27.0 aarch64, Homebrew 25.0.2 x86_64, MSBDiskFPSet, DiskStateQueue).
Parsing file /Volumes/Data/proj/lerna-docs/formal/mechanisms/communication/Stream.tla
Parsing file /private/var/folders/q3/nxw95lcx0nb05qqqp0w1nzgc0000gn/T/mechanism-tlc-c78lvu44/Naturals.tla
Parsing file /private/var/folders/q3/nxw95lcx0nb05qqqp0w1nzgc0000gn/T/mechanism-tlc-c78lvu44/FiniteSets.tla
Parsing file /private/var/folders/q3/nxw95lcx0nb05qqqp0w1nzgc0000gn/T/mechanism-tlc-c78lvu44/Sequences.tla
Semantic processing of module Naturals
Semantic processing of module Sequences
Semantic processing of module FiniteSets
Semantic processing of module Stream
Starting... (2026-09-25 08:25:05)
Computing initial states...
Finished computing initial states: 1 distinct state generated at 2026-09-25 08:25:05.
Error: Invariant NeverGap is violated.
Error: The behavior up to this point is:
State 1: <Initial predicate>
s = [ sent |-> 0,
  source |-> {},
  wire |-> {},
  received |-> {},
  payload |-> {},
  target |-> 0,
  ackWire |-> {},
  ack |-> 0,
  business |-> 0,
  aGap |-> {},
  bGap |-> {},
  expired |-> FALSE,
  ackFloor |-> 0,
  reconcile |-> FALSE ]

State 2: <Accept line 12, col 14 to line 13, col 65 of module Stream>
s = [ sent |-> 1,
  source |-> {1},
  wire |-> {},
  received |-> {},
  payload |-> {},
  target |-> 0,
  ackWire |-> {},
  ack |-> 0,
  business |-> 0,
  aGap |-> {},
  bGap |-> {},
  expired |-> FALSE,
  ackFloor |-> 0,
  reconcile |-> FALSE ]

State 3: <Expire line 34, col 11 to line 37, col 60 of module Stream>
s = [ sent |-> 1,
  source |-> {1},
  wire |-> {},
  received |-> {},
  payload |-> {},
  target |-> 0,
  ackWire |-> {},
  ack |-> 0,
  business |-> 0,
  aGap |-> {1},
  bGap |-> {},
  expired |-> TRUE,
  ackFloor |-> 0,
  reconcile |-> FALSE ]

6 states generated, 6 distinct states found, 3 states left on queue.
The depth of the complete state graph search is 3.
The average outdegree of the complete state graph is 2 (minimum is 2, the maximum 2 and the 95th percentile is 2).
Finished in 00s at (2026-09-25 08:25:05)
