TLC2 Version 2.19 of 08 August 2024 (rev: 5a47802)
Running breadth-first search Model-Checking with fp 0 and seed 1 with 1 worker on 10 cores with 1820MB heap and 64MB offheap memory [pid: 20383] (Mac OS X 27.0 aarch64, Homebrew 25.0.2 x86_64, MSBDiskFPSet, DiskStateQueue).
Parsing file /Volumes/Data/proj/lerna-docs/formal/mechanisms/trust/MemoryCommand.tla
Parsing file /private/var/folders/q3/nxw95lcx0nb05qqqp0w1nzgc0000gn/T/mechanism-tlc-qru38hjb/Naturals.tla
Parsing file /private/var/folders/q3/nxw95lcx0nb05qqqp0w1nzgc0000gn/T/mechanism-tlc-qru38hjb/FiniteSets.tla
Parsing file /private/var/folders/q3/nxw95lcx0nb05qqqp0w1nzgc0000gn/T/mechanism-tlc-qru38hjb/Sequences.tla
Semantic processing of module Naturals
Semantic processing of module Sequences
Semantic processing of module FiniteSets
Semantic processing of module MemoryCommand
Starting... (2026-09-25 08:37:05)
Computing initial states...
Finished computing initial states: 1 distinct state generated at 2026-09-25 08:37:05.
Error: Invariant ClosedNeverCommits is violated.
Error: The behavior up to this point is:
State 1: <Initial predicate>
s = [ revision |-> 1,
  tombstone |-> FALSE,
  phase |-> <<"idle", "idle">>,
  expected |-> <<1, 1>>,
  deleting |-> <<FALSE, FALSE>>,
  committed |-> {},
  closed |-> {},
  creates |-> <<0, 0>>,
  badCAS |-> FALSE,
  resurrected |-> FALSE,
  conflict |-> FALSE ]

State 2: <Close line 29, col 13 to line 30, col 75 of module MemoryCommand>
s = [ revision |-> 1,
  tombstone |-> FALSE,
  phase |-> <<"closed", "idle">>,
  expected |-> <<1, 1>>,
  deleting |-> <<FALSE, FALSE>>,
  committed |-> {},
  closed |-> {1},
  creates |-> <<0, 0>>,
  badCAS |-> FALSE,
  resurrected |-> FALSE,
  conflict |-> FALSE ]

State 3: <Commit line 15, col 14 to line 28, col 61 of module MemoryCommand>
s = [ revision |-> 2,
  tombstone |-> FALSE,
  phase |-> <<"committed", "idle">>,
  expected |-> <<1, 1>>,
  deleting |-> <<FALSE, FALSE>>,
  committed |-> {1},
  closed |-> {1},
  creates |-> <<1, 0>>,
  badCAS |-> FALSE,
  resurrected |-> FALSE,
  conflict |-> FALSE ]

34 states generated, 22 distinct states found, 15 states left on queue.
The depth of the complete state graph search is 3.
The average outdegree of the complete state graph is 4 (minimum is 3, the maximum 6 and the 95th percentile is 6).
Finished in 00s at (2026-09-25 08:37:05)
