TLC2 Version 2.19 of 08 August 2024 (rev: 5a47802)
Running breadth-first search Model-Checking with fp 0 and seed 1 with 1 worker on 10 cores with 1820MB heap and 64MB offheap memory [pid: 18814] (Mac OS X 27.0 aarch64, Homebrew 25.0.2 x86_64, MSBDiskFPSet, DiskStateQueue).
Parsing file /Volumes/Data/proj/lerna-docs/formal/mechanisms/control/ControlRecovery.tla
Parsing file /private/var/folders/q3/nxw95lcx0nb05qqqp0w1nzgc0000gn/T/mechanism-tlc-jwdd6s2p/Naturals.tla
Semantic processing of module Naturals
Semantic processing of module ControlRecovery
Starting... (2026-09-25 08:35:17)
Computing initial states...
Finished computing initial states: 1 distinct state generated at 2026-09-25 08:35:17.
Error: Invariant CancelWins is violated.
Error: The behavior up to this point is:
State 1: <Initial predicate>
s = [ cancelled |-> FALSE,
  cancelEarly |-> FALSE,
  claim |-> 0,
  tx |-> "none",
  txClaim |-> 0,
  known |-> "none",
  prepared |-> FALSE,
  missing |-> FALSE,
  sent |-> FALSE,
  accepted |-> FALSE,
  work |-> FALSE,
  blocked |-> FALSE,
  execEpoch |-> 0,
  execPrepared |-> FALSE,
  prepEpoch |-> 0,
  senderLost |-> FALSE,
  driverSent |-> FALSE,
  sends |-> 0,
  effect |-> FALSE,
  observed |-> "unknown",
  closed |-> FALSE,
  lateEffect |-> FALSE,
  lateObservation |-> FALSE,
  queries |-> 0,
  retry |-> FALSE,
  badLease |-> FALSE,
  lateStart |-> FALSE ]

State 2: <RequestPrepare line 13, col 22 to line 14, col 73 of module ControlRecovery>
s = [ cancelled |-> FALSE,
  cancelEarly |-> FALSE,
  claim |-> 0,
  tx |-> "pending",
  txClaim |-> 0,
  known |-> "unknown",
  prepared |-> FALSE,
  missing |-> FALSE,
  sent |-> FALSE,
  accepted |-> FALSE,
  work |-> FALSE,
  blocked |-> FALSE,
  execEpoch |-> 0,
  execPrepared |-> FALSE,
  prepEpoch |-> 0,
  senderLost |-> FALSE,
  driverSent |-> FALSE,
  sends |-> 0,
  effect |-> FALSE,
  observed |-> "unknown",
  closed |-> FALSE,
  lateEffect |-> FALSE,
  lateObservation |-> FALSE,
  queries |-> 0,
  retry |-> FALSE,
  badLease |-> FALSE,
  lateStart |-> FALSE ]

State 3: <Cancel line 26, col 11 to line 27, col 68 of module ControlRecovery>
s = [ cancelled |-> TRUE,
  cancelEarly |-> TRUE,
  claim |-> 0,
  tx |-> "pending",
  txClaim |-> 0,
  known |-> "unknown",
  prepared |-> FALSE,
  missing |-> FALSE,
  sent |-> FALSE,
  accepted |-> FALSE,
  work |-> FALSE,
  blocked |-> FALSE,
  execEpoch |-> 0,
  execPrepared |-> FALSE,
  prepEpoch |-> 0,
  senderLost |-> FALSE,
  driverSent |-> FALSE,
  sends |-> 0,
  effect |-> FALSE,
  observed |-> "unknown",
  closed |-> FALSE,
  lateEffect |-> FALSE,
  lateObservation |-> FALSE,
  queries |-> 0,
  retry |-> FALSE,
  badLease |-> FALSE,
  lateStart |-> FALSE ]

State 4: <CommitPrepare line 15, col 18 to line 17, col 58 of module ControlRecovery>
s = [ cancelled |-> TRUE,
  cancelEarly |-> TRUE,
  claim |-> 0,
  tx |-> "committed",
  txClaim |-> 0,
  known |-> "unknown",
  prepared |-> TRUE,
  missing |-> FALSE,
  sent |-> FALSE,
  accepted |-> FALSE,
  work |-> FALSE,
  blocked |-> FALSE,
  execEpoch |-> 0,
  execPrepared |-> FALSE,
  prepEpoch |-> 0,
  senderLost |-> FALSE,
  driverSent |-> FALSE,
  sends |-> 0,
  effect |-> FALSE,
  observed |-> "unknown",
  closed |-> FALSE,
  lateEffect |-> FALSE,
  lateObservation |-> FALSE,
  queries |-> 0,
  retry |-> FALSE,
  badLease |-> FALSE,
  lateStart |-> FALSE ]

30 states generated, 24 distinct states found, 15 states left on queue.
The depth of the complete state graph search is 4.
The average outdegree of the complete state graph is 3 (minimum is 0, the maximum 5 and the 95th percentile is 5).
Finished in 00s at (2026-09-25 08:35:17)
