TLC2 Version 2.19 of 08 August 2024 (rev: 5a47802)
Running breadth-first search Model-Checking with fp 0 and seed 1 with 1 worker on 10 cores with 1820MB heap and 64MB offheap memory [pid: 20194] (Mac OS X 27.0 aarch64, Homebrew 25.0.2 x86_64, MSBDiskFPSet, DiskStateQueue).
Parsing file /Volumes/Data/proj/lerna-docs/formal/mechanisms/lifecycle/Preview.tla
Parsing file /private/var/folders/q3/nxw95lcx0nb05qqqp0w1nzgc0000gn/T/mechanism-tlc-l6zt_6wu/Naturals.tla
Parsing file /private/var/folders/q3/nxw95lcx0nb05qqqp0w1nzgc0000gn/T/mechanism-tlc-l6zt_6wu/FiniteSets.tla
Parsing file /private/var/folders/q3/nxw95lcx0nb05qqqp0w1nzgc0000gn/T/mechanism-tlc-l6zt_6wu/TLC.tla
Parsing file /private/var/folders/q3/nxw95lcx0nb05qqqp0w1nzgc0000gn/T/mechanism-tlc-l6zt_6wu/Sequences.tla
Semantic processing of module Naturals
Semantic processing of module Sequences
Semantic processing of module FiniteSets
Semantic processing of module TLC
Semantic processing of module Preview
Starting... (2026-09-25 08:36:50)
Computing initial states...
Finished computing initial states: 1 distinct state generated at 2026-09-25 08:36:50.
Error: Invariant NoNormalWitness is violated.
Error: The behavior up to this point is:
State 1: <Initial predicate>
/\ pending = FALSE
/\ revision = 0
/\ acquiredAt = <<2, 2>>
/\ transferred = FALSE
/\ openSource = TRUE
/\ packetAcquiredAt = <<2, 2>>
/\ obtained = {}
/\ packet = {}
/\ retained = {}
/\ actualBytes = {}
/\ packetRev = 0
/\ badPreview = FALSE

State 2: <Fetch line 13, col 13 to line 15, col 62 of module Preview>
/\ pending = FALSE
/\ revision = 0
/\ acquiredAt = <<2, 2>>
/\ transferred = FALSE
/\ openSource = TRUE
/\ packetAcquiredAt = <<2, 2>>
/\ obtained = {}
/\ packet = {}
/\ retained = {}
/\ actualBytes = {1}
/\ packetRev = 0
/\ badPreview = FALSE

State 3: <Retain line 16, col 14 to line 18, col 65 of module Preview>
/\ pending = FALSE
/\ revision = 0
/\ acquiredAt = <<2, 2>>
/\ transferred = FALSE
/\ openSource = TRUE
/\ packetAcquiredAt = <<2, 2>>
/\ obtained = {}
/\ packet = {}
/\ retained = {1}
/\ actualBytes = {1}
/\ packetRev = 0
/\ badPreview = FALSE

State 4: <Acquire line 19, col 15 to line 23, col 66 of module Preview>
/\ pending = FALSE
/\ revision = 0
/\ acquiredAt = <<0, 2>>
/\ transferred = FALSE
/\ openSource = TRUE
/\ packetAcquiredAt = <<2, 2>>
/\ obtained = {1}
/\ packet = {}
/\ retained = {1}
/\ actualBytes = {1}
/\ packetRev = 0
/\ badPreview = FALSE

State 5: <Fetch line 13, col 13 to line 15, col 62 of module Preview>
/\ pending = FALSE
/\ revision = 0
/\ acquiredAt = <<0, 2>>
/\ transferred = FALSE
/\ openSource = TRUE
/\ packetAcquiredAt = <<2, 2>>
/\ obtained = {1}
/\ packet = {}
/\ retained = {1}
/\ actualBytes = {1, 2}
/\ packetRev = 0
/\ badPreview = FALSE

State 6: <Retain line 16, col 14 to line 18, col 65 of module Preview>
/\ pending = FALSE
/\ revision = 0
/\ acquiredAt = <<0, 2>>
/\ transferred = FALSE
/\ openSource = TRUE
/\ packetAcquiredAt = <<2, 2>>
/\ obtained = {1}
/\ packet = {}
/\ retained = {1, 2}
/\ actualBytes = {1, 2}
/\ packetRev = 0
/\ badPreview = FALSE

State 7: <Acquire line 19, col 15 to line 23, col 66 of module Preview>
/\ pending = FALSE
/\ revision = 0
/\ acquiredAt = <<0, 0>>
/\ transferred = FALSE
/\ openSource = TRUE
/\ packetAcquiredAt = <<2, 2>>
/\ obtained = {1, 2}
/\ packet = {}
/\ retained = {1, 2}
/\ actualBytes = {1, 2}
/\ packetRev = 0
/\ badPreview = FALSE

State 8: <Propose line 25, col 16 to line 29, col 58 of module Preview>
/\ pending = TRUE
/\ revision = 0
/\ acquiredAt = <<0, 0>>
/\ transferred = FALSE
/\ openSource = TRUE
/\ packetAcquiredAt = <<0, 0>>
/\ obtained = {1, 2}
/\ packet = {1, 2}
/\ retained = {1, 2}
/\ actualBytes = {1, 2}
/\ packetRev = 0
/\ badPreview = FALSE

State 9: <Commit line 36, col 11 to line 44, col 48 of module Preview>
/\ pending = TRUE
/\ revision = 0
/\ acquiredAt = <<0, 0>>
/\ transferred = TRUE
/\ openSource = TRUE
/\ packetAcquiredAt = <<0, 0>>
/\ obtained = {1, 2}
/\ packet = {1, 2}
/\ retained = {1, 2}
/\ actualBytes = {1, 2}
/\ packetRev = 0
/\ badPreview = FALSE

557 states generated, 300 distinct states found, 82 states left on queue.
The depth of the complete state graph search is 9.
The average outdegree of the complete state graph is 1 (minimum is 0, the maximum 6 and the 95th percentile is 4).
Finished in 00s at (2026-09-25 08:36:50)
