TLC2 Version 2.19 of 08 August 2024 (rev: 5a47802)
Running breadth-first search Model-Checking with fp 0 and seed 1 with 1 worker on 10 cores with 1820MB heap and 64MB offheap memory [pid: 19980] (Mac OS X 27.0 aarch64, Homebrew 25.0.2 x86_64, MSBDiskFPSet, DiskStateQueue).
Parsing file /Volumes/Data/proj/lerna-docs/formal/mechanisms/lifecycle/UI.tla
Parsing file /private/var/folders/q3/nxw95lcx0nb05qqqp0w1nzgc0000gn/T/mechanism-tlc-1l9gal89/Naturals.tla
Parsing file /private/var/folders/q3/nxw95lcx0nb05qqqp0w1nzgc0000gn/T/mechanism-tlc-1l9gal89/TLC.tla
Parsing file /private/var/folders/q3/nxw95lcx0nb05qqqp0w1nzgc0000gn/T/mechanism-tlc-1l9gal89/Sequences.tla
Parsing file /private/var/folders/q3/nxw95lcx0nb05qqqp0w1nzgc0000gn/T/mechanism-tlc-1l9gal89/FiniteSets.tla
Semantic processing of module Naturals
Semantic processing of module Sequences
Semantic processing of module FiniteSets
Semantic processing of module TLC
Semantic processing of module UI
Starting... (2026-09-25 08:36:34)
Computing initial states...
Finished computing initial states: 1 distinct state generated at 2026-09-25 08:36:34.
Error: Invariant NoNormalWitness is violated.
Error: The behavior up to this point is:
State 1: <Initial predicate>
/\ pending = FALSE
/\ result = "none"
/\ sentSession = 0
/\ full = FALSE
/\ sentIntent = "closed"
/\ cacheRev = 0
/\ everShown = FALSE
/\ generation = 0
/\ session = 0
/\ crashed = FALSE
/\ confirmedGen = 0
/\ resultEver = FALSE
/\ pendingCrashGen = 3
/\ up = TRUE
/\ sentGen = 0
/\ visible = FALSE
/\ textLength = 0
/\ recovered = FALSE
/\ intent = "closed"
/\ confirmedIntent = "closed"

State 2: <Intent line 17, col 14 to line 21, col 71 of module UI>
/\ pending = FALSE
/\ result = "none"
/\ sentSession = 0
/\ full = FALSE
/\ sentIntent = "closed"
/\ cacheRev = 0
/\ everShown = FALSE
/\ generation = 1
/\ session = 0
/\ crashed = FALSE
/\ confirmedGen = 0
/\ resultEver = FALSE
/\ pendingCrashGen = 3
/\ up = TRUE
/\ sentGen = 0
/\ visible = FALSE
/\ textLength = 0
/\ recovered = FALSE
/\ intent = "open"
/\ confirmedIntent = "closed"

State 3: <Send line 22, col 9 to line 26, col 96 of module UI>
/\ pending = TRUE
/\ result = "none"
/\ sentSession = 0
/\ full = FALSE
/\ sentIntent = "open"
/\ cacheRev = 0
/\ everShown = FALSE
/\ generation = 1
/\ session = 0
/\ crashed = FALSE
/\ confirmedGen = 0
/\ resultEver = FALSE
/\ pendingCrashGen = 3
/\ up = TRUE
/\ sentGen = 1
/\ visible = FALSE
/\ textLength = 0
/\ recovered = FALSE
/\ intent = "open"
/\ confirmedIntent = "closed"

State 4: <Snapshot line 36, col 16 to line 40, col 52 of module UI>
/\ pending = TRUE
/\ result = "none"
/\ sentSession = 0
/\ full = TRUE
/\ sentIntent = "open"
/\ cacheRev = 1
/\ everShown = FALSE
/\ generation = 1
/\ session = 0
/\ crashed = FALSE
/\ confirmedGen = 0
/\ resultEver = FALSE
/\ pendingCrashGen = 3
/\ up = TRUE
/\ sentGen = 1
/\ visible = FALSE
/\ textLength = 1
/\ recovered = FALSE
/\ intent = "open"
/\ confirmedIntent = "closed"

State 5: <Reply line 27, col 10 to line 35, col 75 of module UI>
/\ pending = FALSE
/\ result = "none"
/\ sentSession = 0
/\ full = TRUE
/\ sentIntent = "open"
/\ cacheRev = 1
/\ everShown = TRUE
/\ generation = 1
/\ session = 0
/\ crashed = FALSE
/\ confirmedGen = 1
/\ resultEver = FALSE
/\ pendingCrashGen = 3
/\ up = TRUE
/\ sentGen = 1
/\ visible = TRUE
/\ textLength = 1
/\ recovered = FALSE
/\ intent = "open"
/\ confirmedIntent = "open"

State 6: <Intent line 17, col 14 to line 21, col 71 of module UI>
/\ pending = FALSE
/\ result = "none"
/\ sentSession = 0
/\ full = TRUE
/\ sentIntent = "open"
/\ cacheRev = 1
/\ everShown = TRUE
/\ generation = 2
/\ session = 0
/\ crashed = FALSE
/\ confirmedGen = 1
/\ resultEver = FALSE
/\ pendingCrashGen = 3
/\ up = TRUE
/\ sentGen = 1
/\ visible = FALSE
/\ textLength = 1
/\ recovered = FALSE
/\ intent = "closed"
/\ confirmedIntent = "open"

State 7: <ReceiveResult line 56, col 18 to line 59, col 54 of module UI>
/\ pending = FALSE
/\ result = "original-result"
/\ sentSession = 0
/\ full = TRUE
/\ sentIntent = "open"
/\ cacheRev = 1
/\ everShown = TRUE
/\ generation = 2
/\ session = 0
/\ crashed = FALSE
/\ confirmedGen = 1
/\ resultEver = TRUE
/\ pendingCrashGen = 3
/\ up = TRUE
/\ sentGen = 1
/\ visible = FALSE
/\ textLength = 1
/\ recovered = FALSE
/\ intent = "closed"
/\ confirmedIntent = "open"

2016 states generated, 744 distinct states found, 335 states left on queue.
The depth of the complete state graph search is 7.
The average outdegree of the complete state graph is 2 (minimum is 0, the maximum 8 and the 95th percentile is 5).
Finished in 00s at (2026-09-25 08:36:34)
