TLC2 Version 2.19 of 08 August 2024 (rev: 5a47802)
Running breadth-first search Model-Checking with fp 0 and seed 1 with 1 worker on 10 cores with 1820MB heap and 64MB offheap memory [pid: 25880] (Mac OS X 27.0 aarch64, Homebrew 25.0.2 x86_64, MSBDiskFPSet, DiskStateQueue).
Parsing file /Volumes/Data/proj/lerna-docs/formal/mechanisms/control/Budget.tla
Parsing file /private/var/folders/q3/nxw95lcx0nb05qqqp0w1nzgc0000gn/T/mechanism-tlc-eg5xui1y/Naturals.tla
Parsing file /private/var/folders/q3/nxw95lcx0nb05qqqp0w1nzgc0000gn/T/mechanism-tlc-eg5xui1y/FiniteSets.tla
Parsing file /private/var/folders/q3/nxw95lcx0nb05qqqp0w1nzgc0000gn/T/mechanism-tlc-eg5xui1y/Sequences.tla
Semantic processing of module Naturals
Semantic processing of module Sequences
Semantic processing of module FiniteSets
Semantic processing of module Budget
Starting... (2026-09-25 08:46:44)
Computing initial states...
Finished computing initial states: 1 distinct state generated at 2026-09-25 08:46:44.
Error: Invariant NoCancelledLateBill is violated.
Error: The behavior up to this point is:
State 1: <Initial predicate>
s = [ active |-> {0},
  parent |-> (0 :> 0 @@ 1 :> 0 @@ 2 :> 0),
  depth |-> (0 :> 0 @@ 1 :> 0 @@ 2 :> 0),
  free |-> (0 :> 2 @@ 1 :> 0 @@ 2 :> 0),
  held |-> (0 :> 0 @@ 1 :> 0 @@ 2 :> 0),
  spent |-> (0 :> 0 @@ 1 :> 0 @@ 2 :> 0),
  allocation |-> (0 :> 0 @@ 1 :> 0 @@ 2 :> 0),
  used |-> (0 :> 0 @@ 1 :> 0 @@ 2 :> 0),
  revision |-> (0 :> 0 @@ 1 :> 0 @@ 2 :> 0),
  calls |-> {},
  final |-> {},
  sealed |-> {},
  done |-> {},
  conflicts |-> {},
  conflictUsed |-> (0 :> 0 @@ 1 :> 0 @@ 2 :> 0),
  conflictHeld |-> (0 :> 0 @@ 1 :> 0 @@ 2 :> 0),
  badConflictSettlement |-> FALSE,
  badConflictRelease |-> FALSE,
  conflictFreezeObserved |-> FALSE,
  cancelled |-> FALSE,
  cleanupFree |-> 1,
  cleanupSpent |-> 0,
  charged |-> 0,
  lateBill |-> FALSE,
  lateBillDuplicate |-> FALSE,
  duplicateSeen |-> FALSE,
  staleSeen |-> FALSE,
  nested |-> FALSE ]

State 2: <Reserve line 28, col 17 to line 31, col 39 of module Budget>
s = [ active |-> {0},
  parent |-> (0 :> 0 @@ 1 :> 0 @@ 2 :> 0),
  depth |-> (0 :> 0 @@ 1 :> 0 @@ 2 :> 0),
  free |-> (0 :> 1 @@ 1 :> 0 @@ 2 :> 0),
  held |-> (0 :> 1 @@ 1 :> 0 @@ 2 :> 0),
  spent |-> (0 :> 0 @@ 1 :> 0 @@ 2 :> 0),
  allocation |-> (0 :> 1 @@ 1 :> 0 @@ 2 :> 0),
  used |-> (0 :> 0 @@ 1 :> 0 @@ 2 :> 0),
  revision |-> (0 :> 0 @@ 1 :> 0 @@ 2 :> 0),
  calls |-> {0},
  final |-> {},
  sealed |-> {},
  done |-> {},
  conflicts |-> {},
  conflictUsed |-> (0 :> 0 @@ 1 :> 0 @@ 2 :> 0),
  conflictHeld |-> (0 :> 0 @@ 1 :> 0 @@ 2 :> 0),
  badConflictSettlement |-> FALSE,
  badConflictRelease |-> FALSE,
  conflictFreezeObserved |-> FALSE,
  cancelled |-> FALSE,
  cleanupFree |-> 1,
  cleanupSpent |-> 0,
  charged |-> 0,
  lateBill |-> FALSE,
  lateBillDuplicate |-> FALSE,
  duplicateSeen |-> FALSE,
  staleSeen |-> FALSE,
  nested |-> FALSE ]

State 3: <Cancel line 69, col 11 to line 69, col 61 of module Budget>
s = [ active |-> {0},
  parent |-> (0 :> 0 @@ 1 :> 0 @@ 2 :> 0),
  depth |-> (0 :> 0 @@ 1 :> 0 @@ 2 :> 0),
  free |-> (0 :> 1 @@ 1 :> 0 @@ 2 :> 0),
  held |-> (0 :> 1 @@ 1 :> 0 @@ 2 :> 0),
  spent |-> (0 :> 0 @@ 1 :> 0 @@ 2 :> 0),
  allocation |-> (0 :> 1 @@ 1 :> 0 @@ 2 :> 0),
  used |-> (0 :> 0 @@ 1 :> 0 @@ 2 :> 0),
  revision |-> (0 :> 0 @@ 1 :> 0 @@ 2 :> 0),
  calls |-> {0},
  final |-> {},
  sealed |-> {},
  done |-> {},
  conflicts |-> {},
  conflictUsed |-> (0 :> 0 @@ 1 :> 0 @@ 2 :> 0),
  conflictHeld |-> (0 :> 0 @@ 1 :> 0 @@ 2 :> 0),
  badConflictSettlement |-> FALSE,
  badConflictRelease |-> FALSE,
  conflictFreezeObserved |-> FALSE,
  cancelled |-> TRUE,
  cleanupFree |-> 1,
  cleanupSpent |-> 0,
  charged |-> 0,
  lateBill |-> FALSE,
  lateBillDuplicate |-> FALSE,
  duplicateSeen |-> FALSE,
  staleSeen |-> FALSE,
  nested |-> FALSE ]

State 4: <Report line 32, col 18 to line 39, col 51 of module Budget>
s = [ active |-> {0},
  parent |-> (0 :> 0 @@ 1 :> 0 @@ 2 :> 0),
  depth |-> (0 :> 0 @@ 1 :> 0 @@ 2 :> 0),
  free |-> (0 :> 1 @@ 1 :> 0 @@ 2 :> 0),
  held |-> (0 :> 0 @@ 1 :> 0 @@ 2 :> 0),
  spent |-> (0 :> 1 @@ 1 :> 0 @@ 2 :> 0),
  allocation |-> (0 :> 1 @@ 1 :> 0 @@ 2 :> 0),
  used |-> (0 :> 1 @@ 1 :> 0 @@ 2 :> 0),
  revision |-> (0 :> 1 @@ 1 :> 0 @@ 2 :> 0),
  calls |-> {0},
  final |-> {},
  sealed |-> {},
  done |-> {},
  conflicts |-> {},
  conflictUsed |-> (0 :> 0 @@ 1 :> 0 @@ 2 :> 0),
  conflictHeld |-> (0 :> 0 @@ 1 :> 0 @@ 2 :> 0),
  badConflictSettlement |-> FALSE,
  badConflictRelease |-> FALSE,
  conflictFreezeObserved |-> FALSE,
  cancelled |-> TRUE,
  cleanupFree |-> 1,
  cleanupSpent |-> 0,
  charged |-> 1,
  lateBill |-> TRUE,
  lateBillDuplicate |-> FALSE,
  duplicateSeen |-> FALSE,
  staleSeen |-> FALSE,
  nested |-> FALSE ]

State 5: <Duplicate line 40, col 17 to line 43, col 63 of module Budget>
s = [ active |-> {0},
  parent |-> (0 :> 0 @@ 1 :> 0 @@ 2 :> 0),
  depth |-> (0 :> 0 @@ 1 :> 0 @@ 2 :> 0),
  free |-> (0 :> 1 @@ 1 :> 0 @@ 2 :> 0),
  held |-> (0 :> 0 @@ 1 :> 0 @@ 2 :> 0),
  spent |-> (0 :> 1 @@ 1 :> 0 @@ 2 :> 0),
  allocation |-> (0 :> 1 @@ 1 :> 0 @@ 2 :> 0),
  used |-> (0 :> 1 @@ 1 :> 0 @@ 2 :> 0),
  revision |-> (0 :> 1 @@ 1 :> 0 @@ 2 :> 0),
  calls |-> {0},
  final |-> {},
  sealed |-> {},
  done |-> {},
  conflicts |-> {},
  conflictUsed |-> (0 :> 0 @@ 1 :> 0 @@ 2 :> 0),
  conflictHeld |-> (0 :> 0 @@ 1 :> 0 @@ 2 :> 0),
  badConflictSettlement |-> FALSE,
  badConflictRelease |-> FALSE,
  conflictFreezeObserved |-> FALSE,
  cancelled |-> TRUE,
  cleanupFree |-> 1,
  cleanupSpent |-> 0,
  charged |-> 1,
  lateBill |-> TRUE,
  lateBillDuplicate |-> TRUE,
  duplicateSeen |-> TRUE,
  staleSeen |-> FALSE,
  nested |-> FALSE ]

1071 states generated, 631 distinct states found, 474 states left on queue.
The depth of the complete state graph search is 5.
The average outdegree of the complete state graph is 4 (minimum is 0, the maximum 12 and the 95th percentile is 8).
Finished in 00s at (2026-09-25 08:46:44)
