TLC2 Version 2.19 of 08 August 2024 (rev: 5a47802)
Running breadth-first search Model-Checking with fp 0 and seed 1 with 1 worker on 10 cores with 1820MB heap and 64MB offheap memory [pid: 25484] (Mac OS X 27.0 aarch64, Homebrew 25.0.2 x86_64, MSBDiskFPSet, DiskStateQueue).
Parsing file /Volumes/Data/proj/lerna-docs/formal/mechanisms/control/Decision.tla
Parsing file /private/var/folders/q3/nxw95lcx0nb05qqqp0w1nzgc0000gn/T/mechanism-tlc-m_poia6p/Naturals.tla
Parsing file /private/var/folders/q3/nxw95lcx0nb05qqqp0w1nzgc0000gn/T/mechanism-tlc-m_poia6p/FiniteSets.tla
Parsing file /private/var/folders/q3/nxw95lcx0nb05qqqp0w1nzgc0000gn/T/mechanism-tlc-m_poia6p/Sequences.tla
Semantic processing of module Naturals
Semantic processing of module Sequences
Semantic processing of module FiniteSets
Semantic processing of module Decision
Starting... (2026-09-25 08:45:32)
Computing initial states...
Finished computing initial states: 1 distinct state generated at 2026-09-25 08:45:32.
Progress(14) at 2026-09-25 08:45:35: 1,014,475 states generated (1,014,475 s/min), 273,697 distinct states found (273,697 ds/min), 73,274 states left on queue.
Model checking completed. No error has been found.
  Estimates of the probability that TLC did not check all reachable states
  because two distinct states had the same fingerprint:
  calculated (optimistic):  val = 1.8E-7
  based on the actual fingerprints:  val = 3.0E-8
4243777 states generated, 1070144 distinct states found, 0 states left on queue.
The depth of the complete state graph search is 25.
The average outdegree of the complete state graph is 1 (minimum is 0, the maximum 16 and the 95th percentile is 4).
Finished in 13s at (2026-09-25 08:45:45)
