TLC2 Version 2.19 of 08 August 2024 (rev: 5a47802)
Running breadth-first search Model-Checking with fp 0 and seed 1 with 1 worker on 10 cores with 1820MB heap and 64MB offheap memory [pid: 26345] (Mac OS X 27.0 aarch64, Homebrew 25.0.2 x86_64, MSBDiskFPSet, DiskStateQueue).
Parsing file /Volumes/Data/proj/lerna-docs/formal/mechanisms/lifecycle/Preview.tla
Parsing file /private/var/folders/q3/nxw95lcx0nb05qqqp0w1nzgc0000gn/T/mechanism-tlc-psf0_5x8/Naturals.tla
Parsing file /private/var/folders/q3/nxw95lcx0nb05qqqp0w1nzgc0000gn/T/mechanism-tlc-psf0_5x8/FiniteSets.tla
Parsing file /private/var/folders/q3/nxw95lcx0nb05qqqp0w1nzgc0000gn/T/mechanism-tlc-psf0_5x8/TLC.tla
Parsing file /private/var/folders/q3/nxw95lcx0nb05qqqp0w1nzgc0000gn/T/mechanism-tlc-psf0_5x8/Sequences.tla
Semantic processing of module Naturals
Semantic processing of module Sequences
Semantic processing of module FiniteSets
Semantic processing of module TLC
Semantic processing of module Preview
Starting... (2026-09-25 08:47:32)
Computing initial states...
Finished computing initial states: 1 distinct state generated at 2026-09-25 08:47:32.
Error: Invariant CompleteCurrentPreview is violated.
Error: The behavior up to this point is:
State 1: <Initial predicate>
/\ pending = FALSE
/\ revision = 0
/\ acquiredAt = <<2, 2>>
/\ transferred = FALSE
/\ openSource = TRUE
/\ packetAcquiredAt = <<2, 2>>
/\ obtained = {}
/\ packet = {}
/\ retained = {}
/\ actualBytes = {}
/\ packetRev = 0
/\ badPreview = FALSE

State 2: <Propose line 25, col 16 to line 29, col 58 of module Preview>
/\ pending = TRUE
/\ revision = 0
/\ acquiredAt = <<2, 2>>
/\ transferred = FALSE
/\ openSource = TRUE
/\ packetAcquiredAt = <<2, 2>>
/\ obtained = {}
/\ packet = {}
/\ retained = {}
/\ actualBytes = {}
/\ packetRev = 0
/\ badPreview = FALSE

State 3: <Commit line 36, col 11 to line 44, col 48 of module Preview>
/\ pending = TRUE
/\ revision = 0
/\ acquiredAt = <<2, 2>>
/\ transferred = TRUE
/\ openSource = TRUE
/\ packetAcquiredAt = <<2, 2>>
/\ obtained = {}
/\ packet = {}
/\ retained = {}
/\ actualBytes = {}
/\ packetRev = 0
/\ badPreview = TRUE

21 states generated, 18 distinct states found, 13 states left on queue.
The depth of the complete state graph search is 3.
The average outdegree of the complete state graph is 5 (minimum is 4, the maximum 5 and the 95th percentile is 5).
Finished in 00s at (2026-09-25 08:47:32)
