TLC2 Version 2.19 of 08 August 2024 (rev: 5a47802)
Running breadth-first search Model-Checking with fp 0 and seed 1 with 1 worker on 10 cores with 1820MB heap and 64MB offheap memory [pid: 26435] (Mac OS X 27.0 aarch64, Homebrew 25.0.2 x86_64, MSBDiskFPSet, DiskStateQueue).
Parsing file /Volumes/Data/proj/lerna-docs/formal/mechanisms/trust/SourceGovernance.tla
Parsing file /private/var/folders/q3/nxw95lcx0nb05qqqp0w1nzgc0000gn/T/mechanism-tlc-v8oov3xw/Naturals.tla
Parsing file /private/var/folders/q3/nxw95lcx0nb05qqqp0w1nzgc0000gn/T/mechanism-tlc-v8oov3xw/FiniteSets.tla
Parsing file /private/var/folders/q3/nxw95lcx0nb05qqqp0w1nzgc0000gn/T/mechanism-tlc-v8oov3xw/Sequences.tla
Semantic processing of module Naturals
Semantic processing of module Sequences
Semantic processing of module FiniteSets
Semantic processing of module SourceGovernance
Starting... (2026-09-25 08:47:42)
Computing initial states...
Finished computing initial states: 1 distinct state generated at 2026-09-25 08:47:42.
Error: Invariant RegisteredBeforePublish is violated.
Error: The behavior up to this point is:
State 1: <Initial predicate>
s = [ closed |-> {},
  bytes |-> {},
  retained |-> {},
  registered |-> {},
  published |-> {},
  required |-> {},
  platformAck |-> {},
  cleaned |-> {},
  unsafeUse |-> FALSE,
  badPublish |-> FALSE,
  falseComplete |-> FALSE,
  blockedUse |-> FALSE ]

State 2: <Acquire line 13, col 15 to line 14, col 53 of module SourceGovernance>
s = [ closed |-> {},
  bytes |-> {"derived"},
  retained |-> {},
  registered |-> {},
  published |-> {},
  required |-> {},
  platformAck |-> {},
  cleaned |-> {},
  unsafeUse |-> FALSE,
  badPublish |-> FALSE,
  falseComplete |-> FALSE,
  blockedUse |-> FALSE ]

State 3: <Publish line 19, col 15 to line 23, col 61 of module SourceGovernance>
s = [ closed |-> {},
  bytes |-> {"derived"},
  retained |-> {},
  registered |-> {},
  published |-> {"derived"},
  required |-> {},
  platformAck |-> {},
  cleaned |-> {},
  unsafeUse |-> FALSE,
  badPublish |-> TRUE,
  falseComplete |-> FALSE,
  blockedUse |-> FALSE ]

10 states generated, 8 distinct states found, 5 states left on queue.
The depth of the complete state graph search is 3.
The average outdegree of the complete state graph is 4 (minimum is 4, the maximum 4 and the 95th percentile is 4).
Finished in 00s at (2026-09-25 08:47:42)
