formal/mechanisms/communication/TransportProofs.lean:27:10: error: unexpected identifier; expected prec
formal/mechanisms/communication/TransportProofs.lean:32:9: error: invalid constructor ⟨...⟩, insufficient number of arguments, constructs 'TransportPrefix.Safe.mk' does not have explicit fields, but #3 provided
formal/mechanisms/communication/TransportProofs.lean:33:2: error: no goals to be solved
formal/mechanisms/communication/TransportProofs.lean:39:2: error: too many variable names provided at alternative 'receive', #2 provided, but #1 expected
formal/mechanisms/communication/TransportProofs.lean:40:11: error: invalid constructor ⟨...⟩, insufficient number of arguments, constructs 'TransportPrefix.Safe.mk' does not have explicit fields, but #3 provided
formal/mechanisms/communication/TransportProofs.lean:41:4: error: no goals to be solved
formal/mechanisms/communication/TransportProofs.lean:43:2: error: too many variable names provided at alternative 'advance', #2 provided, but #1 expected
formal/mechanisms/communication/TransportProofs.lean:44:11: error: invalid constructor ⟨...⟩, insufficient number of arguments, constructs 'TransportPrefix.Safe.mk' does not have explicit fields, but #3 provided
formal/mechanisms/communication/TransportProofs.lean:46:4: error: no goals to be solved
formal/mechanisms/communication/TransportProofs.lean:51:2: error: too many variable names provided at alternative 'ack', #4 provided, but #3 expected
formal/mechanisms/communication/TransportProofs.lean:51:35: error: invalid constructor ⟨...⟩, insufficient number of arguments, constructs 'TransportPrefix.Safe.mk' does not have explicit fields, but #3 provided
formal/mechanisms/communication/TransportProofs.lean:52:2: error: too many variable names provided at alternative 'handoff', #2 provided, but #1 expected
formal/mechanisms/communication/TransportProofs.lean:52:28: error: invalid constructor ⟨...⟩, insufficient number of arguments, constructs 'TransportPrefix.Safe.mk' does not have explicit fields, but #3 provided
formal/mechanisms/communication/TransportProofs.lean:53:2: error: too many variable names provided at alternative 'stutter', #1 provided, but #0 expected
formal/mechanisms/communication/TransportProofs.lean:67:8: error: invalid field 'prefix', the environment does not contain 'TransportPrefix.Safe.prefix'
  reachable_safe r
has type
  Safe s
formal/mechanisms/communication/TransportProofs.lean:72:8: error: invalid field 'prefix', the environment does not contain 'TransportPrefix.Safe.prefix'
  reachable_safe r
has type
  Safe s
'TransportPrefix.reachable_safe' depends on axioms: [sorryAx]
'TransportPrefix.acknowledged_prefix_is_durable' depends on axioms: [sorryAx]
'TransportPrefix.handed_off_prefix_is_durable' depends on axioms: [sorryAx]
formal/mechanisms/communication/TransportProofs.lean:115:2: error: too many variable names provided at alternative 'prepare', #3 provided, but #2 expected
formal/mechanisms/communication/TransportProofs.lean:118:25: error: unknown identifier 'ready'
formal/mechanisms/communication/TransportProofs.lean:119:2: error: too many variable names provided at alternative 'invalidate', #2 provided, but #1 expected
formal/mechanisms/communication/TransportProofs.lean:126:27: error: unknown identifier 'i'
formal/mechanisms/communication/TransportProofs.lean:130:24: error: invalid field notation, type is not of the form (C ...) where C is a constant
  s
has type
  I
formal/mechanisms/communication/TransportProofs.lean:130:39: error: invalid field notation, type is not of the form (C ...) where C is a constant
  s
has type
  I
formal/mechanisms/communication/TransportProofs.lean:132:2: error: too many variable names provided at alternative 'issue', #3 provided, but #2 expected
formal/mechanisms/communication/TransportProofs.lean:137:31: error: application type mismatch
  safe.current_ready prepared
argument
  prepared
has type
  s✝.snapshot = s✝.current : Prop
but is expected to have type
  s✝.prepared = true : Prop
formal/mechanisms/communication/TransportProofs.lean:137:52: error: unknown identifier 'same'
formal/mechanisms/communication/TransportProofs.lean:139:2: error: too many variable names provided at alternative 'stutter', #1 provided, but #0 expected
'AdmissionVector.reachable_safe' depends on axioms: [propext, sorryAx, Quot.sound]
'AdmissionVector.all_admissions_were_eligible' depends on axioms: [propext, sorryAx, Quot.sound]
