=== RUN   TestContentContextReachableClosure64And65IncludesIntermediateVersions
=== RUN   TestContentContextReachableClosure64And65IncludesIntermediateVersions/64
    content_context_closure_test.go:109: normal real rule step failed {0 0001-01-01 00:00:00 +0000 UTC 0s} claim is invalid, expired or replaced
    context_claim_diagnostics.go:122: CLAIM_DIAG bounded_events=206 dropped=0 inclusive_totals_do_not_sum=true
    context_claim_diagnostics.go:124: CLAIM_DIAG first_error kind=access.Current at=29.494807994s duration=541.465µs caller_remaining=505.146706ms cause=*pgconn.errTimeout:context_deadline 
    context_claim_diagnostics.go:124: CLAIM_DIAG event kind=phase.testcase-start at=199.262µs duration=500ns caller_remaining=29.999755438s cause=nil 
    context_claim_diagnostics.go:124: CLAIM_DIAG event kind=phase.owners-established at=882.497644ms duration=253ns caller_remaining=29.117457056s cause=nil 
    context_claim_diagnostics.go:124: CLAIM_DIAG event kind=phase.original-bounds at=930.857477ms duration=20.178µs caller_remaining=29.069097223s cause=nil payload_sha256=1550bf2984c0ed5f3b361b204e3ca9317522e69efbcf08fb696e3895c297aec8 caller=30s lease=5s input=262144 output=131072 capacity=524288 reserve=131072 read=262160 original_deadline=2026-10-05T08:31:43.719535Z
    context_claim_diagnostics.go:124: CLAIM_DIAG event kind=phase.initial-primary-selector-published at=1.445910048s duration=287ns caller_remaining=28.554044652s cause=nil 
    context_claim_diagnostics.go:124: CLAIM_DIAG event kind=phase.all-upstream-sources-published at=10.035516416s duration=272ns caller_remaining=19.964438284s cause=nil 
    context_claim_diagnostics.go:124: CLAIM_DIAG event kind=phase.compile-start at=10.062232297s duration=673ns caller_remaining=19.937722403s cause=nil 
    context_claim_diagnostics.go:124: CLAIM_DIAG event kind=phase.compile-published-pre-bind at=23.638627105s duration=830ns caller_remaining=6.361327595s cause=nil 
    context_claim_diagnostics.go:124: CLAIM_DIAG event kind=phase.compile-and-bind-end at=23.67060914s duration=13.608377516s caller_remaining=6.32934556s cause=nil 
    context_claim_diagnostics.go:124: CLAIM_DIAG event kind=phase.independent-lock-observation-start at=23.670632304s duration=186ns caller_remaining=6.329322396s cause=nil 
    context_claim_diagnostics.go:124: CLAIM_DIAG event kind=phase.independent-lock-observation-end at=24.107376507s duration=436.74462ms caller_remaining=5.892578193s cause=nil 
    context_claim_diagnostics.go:124: CLAIM_DIAG event kind=phase.dispatch-start at=24.108626688s duration=443ns caller_remaining=5.891328012s cause=nil 
    context_claim_diagnostics.go:124: CLAIM_DIAG event kind=store.SaveDecision at=24.297875538s duration=55.80994ms caller_remaining=5.702079162s cause=nil status=accepted prepared=false sequence=0 input_digest=sha256:947ca68590394e957ae0fbbe035ca41deca1a5f68923afdbfa1577e11e37cde8 callback_only=true
    context_claim_diagnostics.go:124: CLAIM_DIAG event kind=store.WithinSave at=24.438654616s duration=205.89242ms caller_remaining=5.561300084s cause=nil callback_cause=nil final_cause=nil committed=true save_cause=nil status=accepted prepared=false sequence=0 input_digest=sha256:947ca68590394e957ae0fbbe035ca41deca1a5f68923afdbfa1577e11e37cde8
    context_claim_diagnostics.go:124: CLAIM_DIAG event kind=phase.dispatch-end at=24.443343969s duration=334.717724ms caller_remaining=5.556610731s cause=nil 
    context_claim_diagnostics.go:124: CLAIM_DIAG event kind=phase.decision-step-start at=24.443358172s duration=223ns caller_remaining=5.556596528s cause=nil 
    context_claim_diagnostics.go:124: CLAIM_DIAG event kind=store.Claim at=24.49632139s duration=1.515296ms caller_remaining=5.50363331s cause=nil job=job-bd5fb1ebdb0bfb27c129c33f32fb5a2c epoch=1 revision=1 phase=decide lease_until=2026-10-05T08:30:12.331461Z supplied_now=2026-10-05T08:30:07.331461Z lease_delta=5s
    context_claim_diagnostics.go:124: CLAIM_DIAG event kind=store.SaveDecision at=24.54563081s duration=5.832339ms caller_remaining=5.45432389s cause=nil status=running prepared=false sequence=1 input_digest=sha256:947ca68590394e957ae0fbbe035ca41deca1a5f68923afdbfa1577e11e37cde8 callback_only=true
    context_claim_diagnostics.go:124: CLAIM_DIAG event kind=store.WithinSave at=24.54735816s duration=22.099383ms caller_remaining=5.45259654s cause=nil callback_cause=nil final_cause=nil committed=true save_cause=nil status=running prepared=false sequence=1 input_digest=sha256:947ca68590394e957ae0fbbe035ca41deca1a5f68923afdbfa1577e11e37cde8
    context_claim_diagnostics.go:124: CLAIM_DIAG event kind=phase.decision-step-end at=29.507737354s duration=5.064379405s caller_remaining=492.217346ms cause=*errors.errorString:claim 
    context_claim_diagnostics.go:124: CLAIM_DIAG event kind=access.Current at=29.494807994s duration=541.465µs caller_remaining=505.146706ms cause=*pgconn.errTimeout:context_deadline 
    context_claim_diagnostics.go:124: CLAIM_DIAG event kind=source.Material at=29.49490937s duration=644.488µs caller_remaining=505.04533ms cause=*pgconn.errTimeout:context_deadline bytes=0
    context_claim_diagnostics.go:124: CLAIM_DIAG event kind=store.ValidateClaim at=29.507231906s duration=662.229µs caller_remaining=492.722794ms cause=*errors.errorString:claim job=job-bd5fb1ebdb0bfb27c129c33f32fb5a2c epoch=1 revision=1 phase=decide lease_until=2026-10-05T08:30:12.331461Z supplied_now=2026-10-05T08:30:12.343321Z lease_delta=-11.86ms
    context_claim_diagnostics.go:124: CLAIM_DIAG event kind=store.Within at=29.507680792s duration=12.730477ms caller_remaining=492.273908ms cause=*errors.errorString:claim 
    context_claim_diagnostics.go:144: CLAIM_DIAG aggregate kind=access.Binding count=1 inclusive_total=56.947775ms max=56.947775ms
    context_claim_diagnostics.go:144: CLAIM_DIAG aggregate kind=access.Current count=43 inclusive_total=883.554282ms max=64.339047ms
    context_claim_diagnostics.go:144: CLAIM_DIAG aggregate kind=access.PrepareContent count=4 inclusive_total=62.293571ms max=18.346407ms
    context_claim_diagnostics.go:144: CLAIM_DIAG aggregate kind=access.StagePublication count=4 inclusive_total=279.649881ms max=146.383324ms
    context_claim_diagnostics.go:144: CLAIM_DIAG aggregate kind=content.GetCommand count=8 inclusive_total=206.864378ms max=43.189388ms
    context_claim_diagnostics.go:144: CLAIM_DIAG aggregate kind=content.Put count=4 inclusive_total=4.60225392s max=1.498813453s
    context_claim_diagnostics.go:144: CLAIM_DIAG aggregate kind=content.ReadForProcessing count=45 inclusive_total=3.838425784s max=551.326253ms
    context_claim_diagnostics.go:144: CLAIM_DIAG aggregate kind=content.Step count=4 inclusive_total=2.0270544s max=555.293779ms
    context_claim_diagnostics.go:144: CLAIM_DIAG aggregate kind=phase.all-upstream-sources-published count=1 inclusive_total=272ns max=272ns
    context_claim_diagnostics.go:144: CLAIM_DIAG aggregate kind=phase.compile-and-bind-end count=1 inclusive_total=13.608377516s max=13.608377516s
    context_claim_diagnostics.go:144: CLAIM_DIAG aggregate kind=phase.compile-published-pre-bind count=1 inclusive_total=830ns max=830ns
    context_claim_diagnostics.go:144: CLAIM_DIAG aggregate kind=phase.compile-start count=1 inclusive_total=673ns max=673ns
    context_claim_diagnostics.go:144: CLAIM_DIAG aggregate kind=phase.decision-step-end count=1 inclusive_total=5.064379405s max=5.064379405s
    context_claim_diagnostics.go:144: CLAIM_DIAG aggregate kind=phase.decision-step-start count=1 inclusive_total=223ns max=223ns
    context_claim_diagnostics.go:144: CLAIM_DIAG aggregate kind=phase.dispatch-end count=1 inclusive_total=334.717724ms max=334.717724ms
    context_claim_diagnostics.go:144: CLAIM_DIAG aggregate kind=phase.dispatch-start count=1 inclusive_total=443ns max=443ns
    context_claim_diagnostics.go:144: CLAIM_DIAG aggregate kind=phase.independent-lock-observation-end count=1 inclusive_total=436.74462ms max=436.74462ms
    context_claim_diagnostics.go:144: CLAIM_DIAG aggregate kind=phase.independent-lock-observation-start count=1 inclusive_total=186ns max=186ns
    context_claim_diagnostics.go:144: CLAIM_DIAG aggregate kind=phase.initial-primary-selector-published count=1 inclusive_total=287ns max=287ns
    context_claim_diagnostics.go:144: CLAIM_DIAG aggregate kind=phase.original-bounds count=1 inclusive_total=20.178µs max=20.178µs
    context_claim_diagnostics.go:144: CLAIM_DIAG aggregate kind=phase.owners-established count=1 inclusive_total=253ns max=253ns
    context_claim_diagnostics.go:144: CLAIM_DIAG aggregate kind=phase.testcase-start count=1 inclusive_total=500ns max=500ns
    context_claim_diagnostics.go:144: CLAIM_DIAG aggregate kind=source.Lock count=1 inclusive_total=1.106910938s max=1.106910938s
    context_claim_diagnostics.go:144: CLAIM_DIAG aggregate kind=source.Material count=42 inclusive_total=2.745290992s max=569.233739ms
    context_claim_diagnostics.go:144: CLAIM_DIAG aggregate kind=source.Snapshot count=1 inclusive_total=1.091101376s max=1.091101376s
    context_claim_diagnostics.go:144: CLAIM_DIAG aggregate kind=store.Claim count=1 inclusive_total=1.515296ms max=1.515296ms
    context_claim_diagnostics.go:144: CLAIM_DIAG aggregate kind=store.Now count=14 inclusive_total=5.563977ms max=1.294059ms
    context_claim_diagnostics.go:144: CLAIM_DIAG aggregate kind=store.SaveDecision count=2 inclusive_total=61.642279ms max=55.80994ms
    context_claim_diagnostics.go:144: CLAIM_DIAG aggregate kind=store.ValidateClaim count=4 inclusive_total=3.531787ms max=1.096724ms
    context_claim_diagnostics.go:144: CLAIM_DIAG aggregate kind=store.ValidatePoolClaim count=2 inclusive_total=5.300528ms max=4.207505ms
    context_claim_diagnostics.go:144: CLAIM_DIAG aggregate kind=store.Within count=10 inclusive_total=283.805327ms max=205.869881ms
    context_claim_diagnostics.go:144: CLAIM_DIAG aggregate kind=store.WithinSave count=2 inclusive_total=227.991803ms max=205.89242ms
    context_claim_diagnostics.go:124: CLAIM_DIAG last_gate kind=store.ValidateClaim at=29.507231906s duration=662.229µs caller_remaining=492.722794ms cause=*errors.errorString:claim job=job-bd5fb1ebdb0bfb27c129c33f32fb5a2c epoch=1 revision=1 phase=decide lease_until=2026-10-05T08:30:12.331461Z supplied_now=2026-10-05T08:30:12.343321Z lease_delta=-11.86ms
    context_claim_diagnostics.go:124: CLAIM_DIAG last_gate kind=store.ValidatePoolClaim at=24.539537249s duration=4.207505ms caller_remaining=5.460417451s cause=nil job=job-bd5fb1ebdb0bfb27c129c33f32fb5a2c epoch=1 revision=1 phase=decide lease_until=2026-10-05T08:30:12.331461Z supplied_now=2026-10-05T08:30:07.371115Z lease_delta=4.960346s
    context_claim_diagnostics.go:446: QUAL_SQL case=TestContentContextReachableClosure64And65IncludesIntermediateVersions/64 fixed_slots=273 hooks=16398 recorder_hook_wall=43.658005ms dropped=0 ambiguous=0 overhead_outside_recorder_unknown=true no_parent_child_sum=true
    context_claim_diagnostics.go:459: QUAL_SQL case=TestContentContextReachableClosure64And65IncludesIntermediateVersions/64 role=shell phase=pre stage=lock.identity_key attempted=63 completed=63 error_returns=0 wall=20.878715ms max=837.31µs first_cause=nil
    context_claim_diagnostics.go:459: QUAL_SQL case=TestContentContextReachableClosure64And65IncludesIntermediateVersions/64 role=shell phase=pre stage=lock.advisory_sql attempted=63 completed=63 error_returns=0 wall=19.509314ms max=735.476µs first_cause=nil
    context_claim_diagnostics.go:459: QUAL_SQL case=TestContentContextReachableClosure64And65IncludesIntermediateVersions/64 role=shell phase=pre stage=lock.row_sql attempted=63 completed=63 error_returns=0 wall=28.501845ms max=1.356839ms first_cause=nil
    context_claim_diagnostics.go:459: QUAL_SQL case=TestContentContextReachableClosure64And65IncludesIntermediateVersions/64 role=shell phase=pre stage=lock.decode_validate attempted=63 completed=63 error_returns=0 wall=26.055699ms max=2.822421ms first_cause=nil
    context_claim_diagnostics.go:459: QUAL_SQL case=TestContentContextReachableClosure64And65IncludesIntermediateVersions/64 role=shell phase=pre stage=policy.subject_prep attempted=63 completed=63 error_returns=0 wall=10.835256ms max=432.157µs first_cause=nil
    context_claim_diagnostics.go:459: QUAL_SQL case=TestContentContextReachableClosure64And65IncludesIntermediateVersions/64 role=shell phase=pre stage=policy.locked_sql attempted=63 completed=63 error_returns=0 wall=32.909371ms max=2.188227ms first_cause=nil
    context_claim_diagnostics.go:459: QUAL_SQL case=TestContentContextReachableClosure64And65IncludesIntermediateVersions/64 role=shell phase=pre stage=policy.decode_actions attempted=63 completed=63 error_returns=0 wall=10.498484ms max=327.69µs first_cause=nil
    context_claim_diagnostics.go:459: QUAL_SQL case=TestContentContextReachableClosure64And65IncludesIntermediateVersions/64 role=shell phase=pre stage=now.sql attempted=127 completed=127 error_returns=0 wall=46.894718ms max=1.63177ms first_cause=nil
    context_claim_diagnostics.go:459: QUAL_SQL case=TestContentContextReachableClosure64And65IncludesIntermediateVersions/64 role=shell phase=pre stage=callback attempted=1 completed=1 error_returns=0 wall=222.127714ms max=222.127714ms first_cause=nil
    context_claim_diagnostics.go:459: QUAL_SQL case=TestContentContextReachableClosure64And65IncludesIntermediateVersions/64 role=shell phase=pre stage=within attempted=1 completed=1 error_returns=0 wall=226.069266ms max=226.069266ms first_cause=nil
    context_claim_diagnostics.go:472: QUAL_SQL case=TestContentContextReachableClosure64And65IncludesIntermediateVersions/64 role=shell phase=pre derived_serial_leaf_wall=196.083402ms sql_call_wall=127.815248ms local_leaf_wall=68.268154ms callback_remaining=26.044312ms within_minus_callback=3.941552ms residual_not_proven_SQLwait=true SQLwall_not_server_execution=true includes_original_argument_evaluation=true callback_remaining_includes_observer_unknown=true callback_attempted=1 callback_completed=1 within_attempted=1 within_completed=1
    context_claim_diagnostics.go:459: QUAL_SQL case=TestContentContextReachableClosure64And65IncludesIntermediateVersions/64 role=shell phase=post stage=lock.identity_key attempted=63 completed=63 error_returns=0 wall=23.449484ms max=1.559518ms first_cause=nil
    context_claim_diagnostics.go:459: QUAL_SQL case=TestContentContextReachableClosure64And65IncludesIntermediateVersions/64 role=shell phase=post stage=lock.advisory_sql attempted=63 completed=63 error_returns=0 wall=18.447791ms max=964.087µs first_cause=nil
    context_claim_diagnostics.go:459: QUAL_SQL case=TestContentContextReachableClosure64And65IncludesIntermediateVersions/64 role=shell phase=post stage=lock.row_sql attempted=63 completed=63 error_returns=0 wall=27.938757ms max=804.005µs first_cause=nil
    context_claim_diagnostics.go:459: QUAL_SQL case=TestContentContextReachableClosure64And65IncludesIntermediateVersions/64 role=shell phase=post stage=lock.decode_validate attempted=63 completed=63 error_returns=0 wall=26.65016ms max=2.760875ms first_cause=nil
    context_claim_diagnostics.go:459: QUAL_SQL case=TestContentContextReachableClosure64And65IncludesIntermediateVersions/64 role=shell phase=post stage=policy.subject_prep attempted=63 completed=63 error_returns=0 wall=10.94698ms max=436.28µs first_cause=nil
    context_claim_diagnostics.go:459: QUAL_SQL case=TestContentContextReachableClosure64And65IncludesIntermediateVersions/64 role=shell phase=post stage=policy.locked_sql attempted=63 completed=63 error_returns=0 wall=31.131581ms max=1.648837ms first_cause=nil
    context_claim_diagnostics.go:459: QUAL_SQL case=TestContentContextReachableClosure64And65IncludesIntermediateVersions/64 role=shell phase=post stage=policy.decode_actions attempted=63 completed=63 error_returns=0 wall=11.118263ms max=630.231µs first_cause=nil
    context_claim_diagnostics.go:459: QUAL_SQL case=TestContentContextReachableClosure64And65IncludesIntermediateVersions/64 role=shell phase=post stage=now.sql attempted=127 completed=127 error_returns=0 wall=48.503804ms max=1.04938ms first_cause=nil
    context_claim_diagnostics.go:459: QUAL_SQL case=TestContentContextReachableClosure64And65IncludesIntermediateVersions/64 role=shell phase=post stage=callback attempted=1 completed=1 error_returns=0 wall=207.724232ms max=207.724232ms first_cause=nil
    context_claim_diagnostics.go:459: QUAL_SQL case=TestContentContextReachableClosure64And65IncludesIntermediateVersions/64 role=shell phase=post stage=within attempted=1 completed=1 error_returns=0 wall=210.21297ms max=210.21297ms first_cause=nil
    context_claim_diagnostics.go:472: QUAL_SQL case=TestContentContextReachableClosure64And65IncludesIntermediateVersions/64 role=shell phase=post derived_serial_leaf_wall=198.18682ms sql_call_wall=126.021933ms local_leaf_wall=72.164887ms callback_remaining=9.537412ms within_minus_callback=2.488738ms residual_not_proven_SQLwait=true SQLwall_not_server_execution=true includes_original_argument_evaluation=true callback_remaining_includes_observer_unknown=true callback_attempted=1 callback_completed=1 within_attempted=1 within_completed=1
    context_claim_diagnostics.go:459: QUAL_SQL case=TestContentContextReachableClosure64And65IncludesIntermediateVersions/64 role=shell phase=read stage=objects.read attempted=1 completed=1 error_returns=0 wall=1.117244ms max=1.117244ms first_cause=nil
    context_claim_diagnostics.go:459: QUAL_SQL case=TestContentContextReachableClosure64And65IncludesIntermediateVersions/64 role=shell phase=read stage=integrity attempted=1 completed=1 error_returns=0 wall=15.717µs max=15.717µs first_cause=nil
    context_claim_diagnostics.go:459: QUAL_SQL case=TestContentContextReachableClosure64And65IncludesIntermediateVersions/64 role=shell phase=read stage=read.total attempted=1 completed=1 error_returns=0 wall=438.083952ms max=438.083952ms first_cause=nil
    context_claim_diagnostics.go:459: QUAL_SQL case=TestContentContextReachableClosure64And65IncludesIntermediateVersions/64 role=mandatory phase=pre stage=lock.identity_key attempted=62 completed=62 error_returns=0 wall=20.658669ms max=1.096528ms first_cause=nil
    context_claim_diagnostics.go:459: QUAL_SQL case=TestContentContextReachableClosure64And65IncludesIntermediateVersions/64 role=mandatory phase=pre stage=lock.advisory_sql attempted=62 completed=62 error_returns=0 wall=16.730717ms max=613.665µs first_cause=nil
    context_claim_diagnostics.go:459: QUAL_SQL case=TestContentContextReachableClosure64And65IncludesIntermediateVersions/64 role=mandatory phase=pre stage=lock.row_sql attempted=62 completed=62 error_returns=0 wall=26.496765ms max=1.007585ms first_cause=nil
    context_claim_diagnostics.go:459: QUAL_SQL case=TestContentContextReachableClosure64And65IncludesIntermediateVersions/64 role=mandatory phase=pre stage=lock.decode_validate attempted=62 completed=62 error_returns=0 wall=23.879132ms max=2.894616ms first_cause=nil
    context_claim_diagnostics.go:459: QUAL_SQL case=TestContentContextReachableClosure64And65IncludesIntermediateVersions/64 role=mandatory phase=pre stage=policy.subject_prep attempted=62 completed=62 error_returns=0 wall=11.026361ms max=565.395µs first_cause=nil
    context_claim_diagnostics.go:459: QUAL_SQL case=TestContentContextReachableClosure64And65IncludesIntermediateVersions/64 role=mandatory phase=pre stage=policy.locked_sql attempted=62 completed=62 error_returns=0 wall=27.505443ms max=2.380718ms first_cause=nil
    context_claim_diagnostics.go:459: QUAL_SQL case=TestContentContextReachableClosure64And65IncludesIntermediateVersions/64 role=mandatory phase=pre stage=policy.decode_actions attempted=62 completed=62 error_returns=0 wall=10.654439ms max=364.619µs first_cause=nil
    context_claim_diagnostics.go:459: QUAL_SQL case=TestContentContextReachableClosure64And65IncludesIntermediateVersions/64 role=mandatory phase=pre stage=now.sql attempted=125 completed=125 error_returns=0 wall=46.111716ms max=1.359163ms first_cause=nil
    context_claim_diagnostics.go:459: QUAL_SQL case=TestContentContextReachableClosure64And65IncludesIntermediateVersions/64 role=mandatory phase=pre stage=callback attempted=1 completed=1 error_returns=0 wall=210.44615ms max=210.44615ms first_cause=nil
    context_claim_diagnostics.go:459: QUAL_SQL case=TestContentContextReachableClosure64And65IncludesIntermediateVersions/64 role=mandatory phase=pre stage=within attempted=1 completed=1 error_returns=0 wall=253.934558ms max=253.934558ms first_cause=nil
    context_claim_diagnostics.go:472: QUAL_SQL case=TestContentContextReachableClosure64And65IncludesIntermediateVersions/64 role=mandatory phase=pre derived_serial_leaf_wall=183.063242ms sql_call_wall=116.844641ms local_leaf_wall=66.218601ms callback_remaining=27.382908ms within_minus_callback=43.488408ms residual_not_proven_SQLwait=true SQLwall_not_server_execution=true includes_original_argument_evaluation=true callback_remaining_includes_observer_unknown=true callback_attempted=1 callback_completed=1 within_attempted=1 within_completed=1
    context_claim_diagnostics.go:459: QUAL_SQL case=TestContentContextReachableClosure64And65IncludesIntermediateVersions/64 role=mandatory phase=post stage=lock.identity_key attempted=62 completed=62 error_returns=0 wall=24.366169ms max=1.073208ms first_cause=nil
    context_claim_diagnostics.go:459: QUAL_SQL case=TestContentContextReachableClosure64And65IncludesIntermediateVersions/64 role=mandatory phase=post stage=lock.advisory_sql attempted=62 completed=62 error_returns=0 wall=27.069828ms max=1.557355ms first_cause=nil
    context_claim_diagnostics.go:459: QUAL_SQL case=TestContentContextReachableClosure64And65IncludesIntermediateVersions/64 role=mandatory phase=post stage=lock.row_sql attempted=62 completed=62 error_returns=0 wall=34.907296ms max=1.445188ms first_cause=nil
    context_claim_diagnostics.go:459: QUAL_SQL case=TestContentContextReachableClosure64And65IncludesIntermediateVersions/64 role=mandatory phase=post stage=lock.decode_validate attempted=62 completed=62 error_returns=0 wall=27.077693ms max=2.605597ms first_cause=nil
    context_claim_diagnostics.go:459: QUAL_SQL case=TestContentContextReachableClosure64And65IncludesIntermediateVersions/64 role=mandatory phase=post stage=policy.subject_prep attempted=62 completed=62 error_returns=0 wall=11.403631ms max=393.081µs first_cause=nil
    context_claim_diagnostics.go:459: QUAL_SQL case=TestContentContextReachableClosure64And65IncludesIntermediateVersions/64 role=mandatory phase=post stage=policy.locked_sql attempted=62 completed=62 error_returns=0 wall=35.353292ms max=1.672656ms first_cause=nil
    context_claim_diagnostics.go:459: QUAL_SQL case=TestContentContextReachableClosure64And65IncludesIntermediateVersions/64 role=mandatory phase=post stage=policy.decode_actions attempted=62 completed=62 error_returns=0 wall=12.076783ms max=391.652µs first_cause=nil
    context_claim_diagnostics.go:459: QUAL_SQL case=TestContentContextReachableClosure64And65IncludesIntermediateVersions/64 role=mandatory phase=post stage=now.sql attempted=125 completed=125 error_returns=0 wall=64.813968ms max=3.007937ms first_cause=nil
    context_claim_diagnostics.go:459: QUAL_SQL case=TestContentContextReachableClosure64And65IncludesIntermediateVersions/64 role=mandatory phase=post stage=callback attempted=1 completed=1 error_returns=0 wall=248.0379ms max=248.0379ms first_cause=nil
    context_claim_diagnostics.go:459: QUAL_SQL case=TestContentContextReachableClosure64And65IncludesIntermediateVersions/64 role=mandatory phase=post stage=within attempted=1 completed=1 error_returns=0 wall=250.946337ms max=250.946337ms first_cause=nil
    context_claim_diagnostics.go:472: QUAL_SQL case=TestContentContextReachableClosure64And65IncludesIntermediateVersions/64 role=mandatory phase=post derived_serial_leaf_wall=237.06866ms sql_call_wall=162.144384ms local_leaf_wall=74.924276ms callback_remaining=10.96924ms within_minus_callback=2.908437ms residual_not_proven_SQLwait=true SQLwall_not_server_execution=true includes_original_argument_evaluation=true callback_remaining_includes_observer_unknown=true callback_attempted=1 callback_completed=1 within_attempted=1 within_completed=1
    context_claim_diagnostics.go:459: QUAL_SQL case=TestContentContextReachableClosure64And65IncludesIntermediateVersions/64 role=mandatory phase=read stage=objects.read attempted=1 completed=1 error_returns=0 wall=1.39664ms max=1.39664ms first_cause=nil
    context_claim_diagnostics.go:459: QUAL_SQL case=TestContentContextReachableClosure64And65IncludesIntermediateVersions/64 role=mandatory phase=read stage=integrity attempted=1 completed=1 error_returns=0 wall=47.603µs max=47.603µs first_cause=nil
    context_claim_diagnostics.go:459: QUAL_SQL case=TestContentContextReachableClosure64And65IncludesIntermediateVersions/64 role=mandatory phase=read stage=read.total attempted=1 completed=1 error_returns=0 wall=507.002565ms max=507.002565ms first_cause=nil
    context_claim_diagnostics.go:459: QUAL_SQL case=TestContentContextReachableClosure64And65IncludesIntermediateVersions/64 role=lock phase=pre stage=lock.identity_key attempted=65 completed=65 error_returns=0 wall=25.526294ms max=1.477485ms first_cause=nil
    context_claim_diagnostics.go:459: QUAL_SQL case=TestContentContextReachableClosure64And65IncludesIntermediateVersions/64 role=lock phase=pre stage=lock.advisory_sql attempted=65 completed=65 error_returns=0 wall=23.745796ms max=1.574724ms first_cause=nil
    context_claim_diagnostics.go:459: QUAL_SQL case=TestContentContextReachableClosure64And65IncludesIntermediateVersions/64 role=lock phase=pre stage=lock.row_sql attempted=65 completed=65 error_returns=0 wall=35.015759ms max=1.542031ms first_cause=nil
    context_claim_diagnostics.go:459: QUAL_SQL case=TestContentContextReachableClosure64And65IncludesIntermediateVersions/64 role=lock phase=pre stage=lock.decode_validate attempted=65 completed=65 error_returns=0 wall=29.953164ms max=3.099768ms first_cause=nil
    context_claim_diagnostics.go:459: QUAL_SQL case=TestContentContextReachableClosure64And65IncludesIntermediateVersions/64 role=lock phase=pre stage=policy.subject_prep attempted=65 completed=65 error_returns=0 wall=13.51778ms max=1.33598ms first_cause=nil
    context_claim_diagnostics.go:459: QUAL_SQL case=TestContentContextReachableClosure64And65IncludesIntermediateVersions/64 role=lock phase=pre stage=policy.locked_sql attempted=65 completed=65 error_returns=0 wall=33.956809ms max=1.960991ms first_cause=nil
    context_claim_diagnostics.go:459: QUAL_SQL case=TestContentContextReachableClosure64And65IncludesIntermediateVersions/64 role=lock phase=pre stage=policy.decode_actions attempted=65 completed=65 error_returns=0 wall=14.723368ms max=1.76278ms first_cause=nil
    context_claim_diagnostics.go:459: QUAL_SQL case=TestContentContextReachableClosure64And65IncludesIntermediateVersions/64 role=lock phase=pre stage=now.sql attempted=131 completed=131 error_returns=0 wall=57.485096ms max=1.882716ms first_cause=nil
    context_claim_diagnostics.go:459: QUAL_SQL case=TestContentContextReachableClosure64And65IncludesIntermediateVersions/64 role=lock phase=pre stage=callback attempted=1 completed=1 error_returns=0 wall=264.686314ms max=264.686314ms first_cause=nil
    context_claim_diagnostics.go:459: QUAL_SQL case=TestContentContextReachableClosure64And65IncludesIntermediateVersions/64 role=lock phase=pre stage=within attempted=1 completed=1 error_returns=0 wall=269.676377ms max=269.676377ms first_cause=nil
    context_claim_diagnostics.go:472: QUAL_SQL case=TestContentContextReachableClosure64And65IncludesIntermediateVersions/64 role=lock phase=pre derived_serial_leaf_wall=233.924066ms sql_call_wall=150.20346ms local_leaf_wall=83.720606ms callback_remaining=30.762248ms within_minus_callback=4.990063ms residual_not_proven_SQLwait=true SQLwall_not_server_execution=true includes_original_argument_evaluation=true callback_remaining_includes_observer_unknown=true callback_attempted=1 callback_completed=1 within_attempted=1 within_completed=1
    context_claim_diagnostics.go:459: QUAL_SQL case=TestContentContextReachableClosure64And65IncludesIntermediateVersions/64 role=lock phase=post stage=lock.identity_key attempted=65 completed=65 error_returns=0 wall=20.874142ms max=696.848µs first_cause=nil
    context_claim_diagnostics.go:459: QUAL_SQL case=TestContentContextReachableClosure64And65IncludesIntermediateVersions/64 role=lock phase=post stage=lock.advisory_sql attempted=65 completed=65 error_returns=0 wall=22.760719ms max=1.548018ms first_cause=nil
    context_claim_diagnostics.go:459: QUAL_SQL case=TestContentContextReachableClosure64And65IncludesIntermediateVersions/64 role=lock phase=post stage=lock.row_sql attempted=65 completed=65 error_returns=0 wall=37.030007ms max=3.498959ms first_cause=nil
    context_claim_diagnostics.go:459: QUAL_SQL case=TestContentContextReachableClosure64And65IncludesIntermediateVersions/64 role=lock phase=post stage=lock.decode_validate attempted=65 completed=65 error_returns=0 wall=28.603625ms max=3.068908ms first_cause=nil
    context_claim_diagnostics.go:459: QUAL_SQL case=TestContentContextReachableClosure64And65IncludesIntermediateVersions/64 role=lock phase=post stage=policy.subject_prep attempted=65 completed=65 error_returns=0 wall=11.129257ms max=365.358µs first_cause=nil
    context_claim_diagnostics.go:459: QUAL_SQL case=TestContentContextReachableClosure64And65IncludesIntermediateVersions/64 role=lock phase=post stage=policy.locked_sql attempted=65 completed=65 error_returns=0 wall=35.575992ms max=1.191288ms first_cause=nil
    context_claim_diagnostics.go:459: QUAL_SQL case=TestContentContextReachableClosure64And65IncludesIntermediateVersions/64 role=lock phase=post stage=policy.decode_actions attempted=65 completed=65 error_returns=0 wall=11.641852ms max=378.716µs first_cause=nil
    context_claim_diagnostics.go:459: QUAL_SQL case=TestContentContextReachableClosure64And65IncludesIntermediateVersions/64 role=lock phase=post stage=now.sql attempted=131 completed=131 error_returns=0 wall=60.379576ms max=3.004883ms first_cause=nil
    context_claim_diagnostics.go:459: QUAL_SQL case=TestContentContextReachableClosure64And65IncludesIntermediateVersions/64 role=lock phase=post stage=callback attempted=1 completed=1 error_returns=0 wall=238.256218ms max=238.256218ms first_cause=nil
    context_claim_diagnostics.go:459: QUAL_SQL case=TestContentContextReachableClosure64And65IncludesIntermediateVersions/64 role=lock phase=post stage=within attempted=1 completed=1 error_returns=0 wall=243.009ms max=243.009ms first_cause=nil
    context_claim_diagnostics.go:472: QUAL_SQL case=TestContentContextReachableClosure64And65IncludesIntermediateVersions/64 role=lock phase=post derived_serial_leaf_wall=227.99517ms sql_call_wall=155.746294ms local_leaf_wall=72.248876ms callback_remaining=10.261048ms within_minus_callback=4.752782ms residual_not_proven_SQLwait=true SQLwall_not_server_execution=true includes_original_argument_evaluation=true callback_remaining_includes_observer_unknown=true callback_attempted=1 callback_completed=1 within_attempted=1 within_completed=1
    context_claim_diagnostics.go:459: QUAL_SQL case=TestContentContextReachableClosure64And65IncludesIntermediateVersions/64 role=lock phase=read stage=objects.read attempted=1 completed=1 error_returns=0 wall=457.478µs max=457.478µs first_cause=nil
    context_claim_diagnostics.go:459: QUAL_SQL case=TestContentContextReachableClosure64And65IncludesIntermediateVersions/64 role=lock phase=read stage=integrity attempted=1 completed=1 error_returns=0 wall=8.404µs max=8.404µs first_cause=nil
    context_claim_diagnostics.go:459: QUAL_SQL case=TestContentContextReachableClosure64And65IncludesIntermediateVersions/64 role=lock phase=read stage=read.total attempted=1 completed=1 error_returns=0 wall=513.866952ms max=513.866952ms first_cause=nil
    context_claim_diagnostics.go:459: QUAL_SQL case=TestContentContextReachableClosure64And65IncludesIntermediateVersions/64 role=manifest phase=pre stage=lock.identity_key attempted=64 completed=64 error_returns=0 wall=21.802802ms max=715.272µs first_cause=nil
    context_claim_diagnostics.go:459: QUAL_SQL case=TestContentContextReachableClosure64And65IncludesIntermediateVersions/64 role=manifest phase=pre stage=lock.advisory_sql attempted=64 completed=64 error_returns=0 wall=20.530996ms max=1.354932ms first_cause=nil
    context_claim_diagnostics.go:459: QUAL_SQL case=TestContentContextReachableClosure64And65IncludesIntermediateVersions/64 role=manifest phase=pre stage=lock.row_sql attempted=64 completed=64 error_returns=0 wall=37.120957ms max=3.667005ms first_cause=nil
    context_claim_diagnostics.go:459: QUAL_SQL case=TestContentContextReachableClosure64And65IncludesIntermediateVersions/64 role=manifest phase=pre stage=lock.decode_validate attempted=64 completed=64 error_returns=0 wall=30.513523ms max=4.818409ms first_cause=nil
    context_claim_diagnostics.go:459: QUAL_SQL case=TestContentContextReachableClosure64And65IncludesIntermediateVersions/64 role=manifest phase=pre stage=policy.subject_prep attempted=64 completed=64 error_returns=0 wall=11.142435ms max=494.517µs first_cause=nil
    context_claim_diagnostics.go:459: QUAL_SQL case=TestContentContextReachableClosure64And65IncludesIntermediateVersions/64 role=manifest phase=pre stage=policy.locked_sql attempted=64 completed=64 error_returns=0 wall=35.046981ms max=2.328044ms first_cause=nil
    context_claim_diagnostics.go:459: QUAL_SQL case=TestContentContextReachableClosure64And65IncludesIntermediateVersions/64 role=manifest phase=pre stage=policy.decode_actions attempted=64 completed=64 error_returns=0 wall=12.311046ms max=1.54342ms first_cause=nil
    context_claim_diagnostics.go:459: QUAL_SQL case=TestContentContextReachableClosure64And65IncludesIntermediateVersions/64 role=manifest phase=pre stage=now.sql attempted=129 completed=129 error_returns=0 wall=54.016959ms max=1.244203ms first_cause=nil
    context_claim_diagnostics.go:459: QUAL_SQL case=TestContentContextReachableClosure64And65IncludesIntermediateVersions/64 role=manifest phase=pre stage=callback attempted=1 completed=1 error_returns=0 wall=245.609389ms max=245.609389ms first_cause=nil
    context_claim_diagnostics.go:459: QUAL_SQL case=TestContentContextReachableClosure64And65IncludesIntermediateVersions/64 role=manifest phase=pre stage=within attempted=1 completed=1 error_returns=0 wall=248.039806ms max=248.039806ms first_cause=nil
    context_claim_diagnostics.go:472: QUAL_SQL case=TestContentContextReachableClosure64And65IncludesIntermediateVersions/64 role=manifest phase=pre derived_serial_leaf_wall=222.485699ms sql_call_wall=146.715893ms local_leaf_wall=75.769806ms callback_remaining=23.12369ms within_minus_callback=2.430417ms residual_not_proven_SQLwait=true SQLwall_not_server_execution=true includes_original_argument_evaluation=true callback_remaining_includes_observer_unknown=true callback_attempted=1 callback_completed=1 within_attempted=1 within_completed=1
    context_claim_diagnostics.go:459: QUAL_SQL case=TestContentContextReachableClosure64And65IncludesIntermediateVersions/64 role=manifest phase=post stage=lock.identity_key attempted=64 completed=64 error_returns=0 wall=21.666337ms max=730.313µs first_cause=nil
    context_claim_diagnostics.go:459: QUAL_SQL case=TestContentContextReachableClosure64And65IncludesIntermediateVersions/64 role=manifest phase=post stage=lock.advisory_sql attempted=64 completed=64 error_returns=0 wall=20.223341ms max=1.010307ms first_cause=nil
    context_claim_diagnostics.go:459: QUAL_SQL case=TestContentContextReachableClosure64And65IncludesIntermediateVersions/64 role=manifest phase=post stage=lock.row_sql attempted=64 completed=64 error_returns=0 wall=32.204128ms max=997.182µs first_cause=nil
    context_claim_diagnostics.go:459: QUAL_SQL case=TestContentContextReachableClosure64And65IncludesIntermediateVersions/64 role=manifest phase=post stage=lock.decode_validate attempted=64 completed=64 error_returns=0 wall=30.443929ms max=2.701834ms first_cause=nil
    context_claim_diagnostics.go:459: QUAL_SQL case=TestContentContextReachableClosure64And65IncludesIntermediateVersions/64 role=manifest phase=post stage=policy.subject_prep attempted=64 completed=64 error_returns=0 wall=11.843046ms max=674.537µs first_cause=nil
    context_claim_diagnostics.go:459: QUAL_SQL case=TestContentContextReachableClosure64And65IncludesIntermediateVersions/64 role=manifest phase=post stage=policy.locked_sql attempted=64 completed=64 error_returns=0 wall=32.356713ms max=958.993µs first_cause=nil
    context_claim_diagnostics.go:459: QUAL_SQL case=TestContentContextReachableClosure64And65IncludesIntermediateVersions/64 role=manifest phase=post stage=policy.decode_actions attempted=64 completed=64 error_returns=0 wall=10.991976ms max=439.839µs first_cause=nil
    context_claim_diagnostics.go:459: QUAL_SQL case=TestContentContextReachableClosure64And65IncludesIntermediateVersions/64 role=manifest phase=post stage=now.sql attempted=129 completed=129 error_returns=0 wall=65.494869ms max=2.817637ms first_cause=nil
    context_claim_diagnostics.go:459: QUAL_SQL case=TestContentContextReachableClosure64And65IncludesIntermediateVersions/64 role=manifest phase=post stage=callback attempted=1 completed=1 error_returns=0 wall=237.447664ms max=237.447664ms first_cause=nil
    context_claim_diagnostics.go:459: QUAL_SQL case=TestContentContextReachableClosure64And65IncludesIntermediateVersions/64 role=manifest phase=post stage=within attempted=1 completed=1 error_returns=0 wall=240.828206ms max=240.828206ms first_cause=nil
    context_claim_diagnostics.go:472: QUAL_SQL case=TestContentContextReachableClosure64And65IncludesIntermediateVersions/64 role=manifest phase=post derived_serial_leaf_wall=225.224339ms sql_call_wall=150.279051ms local_leaf_wall=74.945288ms callback_remaining=12.223325ms within_minus_callback=3.380542ms residual_not_proven_SQLwait=true SQLwall_not_server_execution=true includes_original_argument_evaluation=true callback_remaining_includes_observer_unknown=true callback_attempted=1 callback_completed=1 within_attempted=1 within_completed=1
    context_claim_diagnostics.go:459: QUAL_SQL case=TestContentContextReachableClosure64And65IncludesIntermediateVersions/64 role=manifest phase=read stage=objects.read attempted=1 completed=1 error_returns=0 wall=1.180789ms max=1.180789ms first_cause=nil
    context_claim_diagnostics.go:459: QUAL_SQL case=TestContentContextReachableClosure64And65IncludesIntermediateVersions/64 role=manifest phase=read stage=integrity attempted=1 completed=1 error_returns=0 wall=16.246µs max=16.246µs first_cause=nil
    context_claim_diagnostics.go:459: QUAL_SQL case=TestContentContextReachableClosure64And65IncludesIntermediateVersions/64 role=manifest phase=read stage=read.total attempted=1 completed=1 error_returns=0 wall=491.104333ms max=491.104333ms first_cause=nil
    context_claim_diagnostics.go:459: QUAL_SQL case=TestContentContextReachableClosure64And65IncludesIntermediateVersions/64 role=material phase=pre stage=lock.identity_key attempted=179 completed=179 error_returns=0 wall=66.256413ms max=2.555898ms first_cause=nil
    context_claim_diagnostics.go:459: QUAL_SQL case=TestContentContextReachableClosure64And65IncludesIntermediateVersions/64 role=material phase=pre stage=lock.advisory_sql attempted=179 completed=179 error_returns=0 wall=77.027907ms max=3.692984ms first_cause=nil
    context_claim_diagnostics.go:459: QUAL_SQL case=TestContentContextReachableClosure64And65IncludesIntermediateVersions/64 role=material phase=pre stage=lock.row_sql attempted=179 completed=179 error_returns=0 wall=113.589944ms max=3.736114ms first_cause=nil
    context_claim_diagnostics.go:459: QUAL_SQL case=TestContentContextReachableClosure64And65IncludesIntermediateVersions/64 role=material phase=pre stage=lock.decode_validate attempted=179 completed=179 error_returns=0 wall=58.831826ms max=2.459585ms first_cause=nil
    context_claim_diagnostics.go:459: QUAL_SQL case=TestContentContextReachableClosure64And65IncludesIntermediateVersions/64 role=material phase=pre stage=policy.subject_prep attempted=179 completed=179 error_returns=0 wall=35.128665ms max=853.565µs first_cause=nil
    context_claim_diagnostics.go:459: QUAL_SQL case=TestContentContextReachableClosure64And65IncludesIntermediateVersions/64 role=material phase=pre stage=policy.locked_sql attempted=179 completed=179 error_returns=0 wall=129.616612ms max=5.186445ms first_cause=nil
    context_claim_diagnostics.go:459: QUAL_SQL case=TestContentContextReachableClosure64And65IncludesIntermediateVersions/64 role=material phase=pre stage=policy.decode_actions attempted=179 completed=179 error_returns=0 wall=36.529392ms max=1.105871ms first_cause=nil
    context_claim_diagnostics.go:459: QUAL_SQL case=TestContentContextReachableClosure64And65IncludesIntermediateVersions/64 role=material phase=pre stage=now.sql attempted=399 completed=399 error_returns=0 wall=244.4984ms max=7.624899ms first_cause=nil
    context_claim_diagnostics.go:459: QUAL_SQL case=TestContentContextReachableClosure64And65IncludesIntermediateVersions/64 role=material phase=pre stage=callback attempted=41 completed=41 error_returns=0 wall=847.014765ms max=284.85875ms first_cause=nil
    context_claim_diagnostics.go:459: QUAL_SQL case=TestContentContextReachableClosure64And65IncludesIntermediateVersions/64 role=material phase=pre stage=within attempted=41 completed=41 error_returns=0 wall=968.571801ms max=287.671256ms first_cause=nil
    context_claim_diagnostics.go:472: QUAL_SQL case=TestContentContextReachableClosure64And65IncludesIntermediateVersions/64 role=material phase=pre derived_serial_leaf_wall=761.479159ms sql_call_wall=564.732863ms local_leaf_wall=196.746296ms callback_remaining=85.535606ms within_minus_callback=121.557036ms residual_not_proven_SQLwait=true SQLwall_not_server_execution=true includes_original_argument_evaluation=true callback_remaining_includes_observer_unknown=true callback_attempted=41 callback_completed=41 within_attempted=41 within_completed=41
    context_claim_diagnostics.go:459: QUAL_SQL case=TestContentContextReachableClosure64And65IncludesIntermediateVersions/64 role=material phase=post stage=lock.identity_key attempted=179 completed=179 error_returns=0 wall=64.750929ms max=2.072456ms first_cause=nil
    context_claim_diagnostics.go:459: QUAL_SQL case=TestContentContextReachableClosure64And65IncludesIntermediateVersions/64 role=material phase=post stage=lock.advisory_sql attempted=179 completed=179 error_returns=0 wall=71.550611ms max=2.24959ms first_cause=nil
    context_claim_diagnostics.go:459: QUAL_SQL case=TestContentContextReachableClosure64And65IncludesIntermediateVersions/64 role=material phase=post stage=lock.row_sql attempted=179 completed=179 error_returns=0 wall=106.297429ms max=2.402778ms first_cause=nil
    context_claim_diagnostics.go:459: QUAL_SQL case=TestContentContextReachableClosure64And65IncludesIntermediateVersions/64 role=material phase=post stage=lock.decode_validate attempted=179 completed=179 error_returns=0 wall=63.582633ms max=3.19193ms first_cause=nil
    context_claim_diagnostics.go:459: QUAL_SQL case=TestContentContextReachableClosure64And65IncludesIntermediateVersions/64 role=material phase=post stage=policy.subject_prep attempted=179 completed=179 error_returns=0 wall=32.686182ms max=934.854µs first_cause=nil
    context_claim_diagnostics.go:459: QUAL_SQL case=TestContentContextReachableClosure64And65IncludesIntermediateVersions/64 role=material phase=post stage=policy.locked_sql attempted=179 completed=179 error_returns=0 wall=128.929008ms max=4.577707ms first_cause=nil
    context_claim_diagnostics.go:459: QUAL_SQL case=TestContentContextReachableClosure64And65IncludesIntermediateVersions/64 role=material phase=post stage=policy.decode_actions attempted=179 completed=179 error_returns=0 wall=35.477603ms max=2.559195ms first_cause=nil
    context_claim_diagnostics.go:459: QUAL_SQL case=TestContentContextReachableClosure64And65IncludesIntermediateVersions/64 role=material phase=post stage=now.sql attempted=399 completed=399 error_returns=0 wall=219.635778ms max=5.275558ms first_cause=nil
    context_claim_diagnostics.go:459: QUAL_SQL case=TestContentContextReachableClosure64And65IncludesIntermediateVersions/64 role=material phase=post stage=callback attempted=41 completed=41 error_returns=0 wall=749.950611ms max=259.559772ms first_cause=nil
    context_claim_diagnostics.go:459: QUAL_SQL case=TestContentContextReachableClosure64And65IncludesIntermediateVersions/64 role=material phase=post stage=within attempted=41 completed=41 error_returns=0 wall=865.207334ms max=262.366547ms first_cause=nil
    context_claim_diagnostics.go:472: QUAL_SQL case=TestContentContextReachableClosure64And65IncludesIntermediateVersions/64 role=material phase=post derived_serial_leaf_wall=722.910173ms sql_call_wall=526.412826ms local_leaf_wall=196.497347ms callback_remaining=27.040438ms within_minus_callback=115.256723ms residual_not_proven_SQLwait=true SQLwall_not_server_execution=true includes_original_argument_evaluation=true callback_remaining_includes_observer_unknown=true callback_attempted=41 callback_completed=41 within_attempted=41 within_completed=41
    context_claim_diagnostics.go:459: QUAL_SQL case=TestContentContextReachableClosure64And65IncludesIntermediateVersions/64 role=material phase=read stage=objects.read attempted=41 completed=41 error_returns=0 wall=25.469183ms max=2.081097ms first_cause=nil
    context_claim_diagnostics.go:459: QUAL_SQL case=TestContentContextReachableClosure64And65IncludesIntermediateVersions/64 role=material phase=read stage=integrity attempted=41 completed=41 error_returns=0 wall=329.912µs max=47.442µs first_cause=nil
    context_claim_diagnostics.go:459: QUAL_SQL case=TestContentContextReachableClosure64And65IncludesIntermediateVersions/64 role=material phase=read stage=read.total attempted=41 completed=41 error_returns=0 wall=1.887602189s max=551.307684ms first_cause=nil
=== RUN   TestContentContextReachableClosure64And65IncludesIntermediateVersions/65
    context_claim_diagnostics.go:122: CLAIM_DIAG bounded_events=15 dropped=0 inclusive_totals_do_not_sum=true
    context_claim_diagnostics.go:124: CLAIM_DIAG first_error kind=phase.compile-and-bind-end at=14.526818775s duration=4.362168772s caller_remaining=15.4731322s cause=*errors.joinError:context_overflow 
    context_claim_diagnostics.go:124: CLAIM_DIAG event kind=phase.testcase-start at=30.917µs duration=257ns caller_remaining=29.999920058s cause=nil 
    context_claim_diagnostics.go:124: CLAIM_DIAG event kind=phase.owners-established at=249.501665ms duration=354ns caller_remaining=29.75044931s cause=nil 
    context_claim_diagnostics.go:124: CLAIM_DIAG event kind=phase.original-bounds at=253.014449ms duration=37.857µs caller_remaining=29.746936526s cause=nil payload_sha256=870f161cfa6ab1dab0809a67588a8034f3883627930859fb5c18025f8ffae6d9 caller=30s lease=5s input=262144 output=131072 capacity=524288 reserve=131072 read=262160 original_deadline=2026-10-05T08:32:12.658450Z
    context_claim_diagnostics.go:124: CLAIM_DIAG event kind=phase.initial-primary-selector-published at=462.321289ms duration=217ns caller_remaining=29.537629686s cause=nil 
    context_claim_diagnostics.go:124: CLAIM_DIAG event kind=phase.all-upstream-sources-published at=10.132065703s duration=297ns caller_remaining=19.867885272s cause=nil 
    context_claim_diagnostics.go:124: CLAIM_DIAG event kind=phase.compile-start at=10.164650486s duration=483ns caller_remaining=19.835300489s cause=nil 
    context_claim_diagnostics.go:124: CLAIM_DIAG event kind=phase.compile-and-bind-end at=14.526818775s duration=4.362168772s caller_remaining=15.4731322s cause=*errors.joinError:context_overflow 
    context_claim_diagnostics.go:144: CLAIM_DIAG aggregate kind=phase.all-upstream-sources-published count=1 inclusive_total=297ns max=297ns
    context_claim_diagnostics.go:144: CLAIM_DIAG aggregate kind=phase.compile-and-bind-end count=1 inclusive_total=4.362168772s max=4.362168772s
    context_claim_diagnostics.go:144: CLAIM_DIAG aggregate kind=phase.compile-start count=1 inclusive_total=483ns max=483ns
    context_claim_diagnostics.go:144: CLAIM_DIAG aggregate kind=phase.initial-primary-selector-published count=1 inclusive_total=217ns max=217ns
    context_claim_diagnostics.go:144: CLAIM_DIAG aggregate kind=phase.original-bounds count=1 inclusive_total=37.857µs max=37.857µs
    context_claim_diagnostics.go:144: CLAIM_DIAG aggregate kind=phase.owners-established count=1 inclusive_total=354ns max=354ns
    context_claim_diagnostics.go:144: CLAIM_DIAG aggregate kind=phase.testcase-start count=1 inclusive_total=257ns max=257ns
    context_claim_diagnostics.go:144: CLAIM_DIAG aggregate kind=store.Now count=4 inclusive_total=1.79872ms max=891.408µs
    context_claim_diagnostics.go:144: CLAIM_DIAG aggregate kind=store.Within count=4 inclusive_total=13.112864ms max=6.120494ms
    context_claim_diagnostics.go:446: QUAL_SQL case=TestContentContextReachableClosure64And65IncludesIntermediateVersions/65 fixed_slots=273 hooks=0 recorder_hook_wall=0s dropped=0 ambiguous=0 overhead_outside_recorder_unknown=true no_parent_child_sum=true
--- FAIL: TestContentContextReachableClosure64And65IncludesIntermediateVersions (44.34s)
    --- FAIL: TestContentContextReachableClosure64And65IncludesIntermediateVersions/64 (29.57s)
    --- PASS: TestContentContextReachableClosure64And65IncludesIntermediateVersions/65 (14.77s)
=== RUN   TestContentContextStaticModeMaximumReachable62Materials
    content_context_material_reachable_test.go:69: normal real rule step failed {0 0001-01-01 00:00:00 +0000 UTC 0s} claim is invalid, expired or replaced
    context_claim_diagnostics.go:122: CLAIM_DIAG bounded_events=271 dropped=0 inclusive_totals_do_not_sum=true
    context_claim_diagnostics.go:124: CLAIM_DIAG first_error kind=store.ValidateClaim at=23.260976347s duration=859.661µs caller_remaining=6.739016409s cause=*errors.errorString:claim job=job-1ef848ee39815567e7c4e4c933978e78 epoch=1 revision=1 phase=decide lease_until=2026-10-05T08:30:50.371815Z supplied_now=2026-10-05T08:30:50.439397Z lease_delta=-67.582ms
    context_claim_diagnostics.go:124: CLAIM_DIAG event kind=phase.testcase-start at=36.127µs duration=311ns caller_remaining=29.999956629s cause=nil 
    context_claim_diagnostics.go:124: CLAIM_DIAG event kind=phase.owners-established at=344.360605ms duration=310ns caller_remaining=29.655632151s cause=nil 
    context_claim_diagnostics.go:124: CLAIM_DIAG event kind=phase.original-bounds at=346.011438ms duration=17.449µs caller_remaining=29.653981318s cause=nil payload_sha256=d9c10cba343cfa1e2a6cb29a4efe86d2b30455a7c285049ebebd668a22555064 caller=30s lease=5s input=262144 output=131072 capacity=524288 reserve=131072 read=262144 original_deadline=2026-10-05T08:32:27.523956Z
    context_claim_diagnostics.go:124: CLAIM_DIAG event kind=phase.initial-primary-selector-published at=526.894758ms duration=275ns caller_remaining=29.473097998s cause=nil 
    context_claim_diagnostics.go:124: CLAIM_DIAG event kind=phase.all-upstream-sources-published at=5.664184134s duration=404ns caller_remaining=24.335808622s cause=nil 
    context_claim_diagnostics.go:124: CLAIM_DIAG event kind=phase.compile-start at=5.685431663s duration=561ns caller_remaining=24.314561093s cause=nil 
    context_claim_diagnostics.go:124: CLAIM_DIAG event kind=phase.compile-published-pre-bind at=17.466773809s duration=850ns caller_remaining=12.533218947s cause=nil 
    context_claim_diagnostics.go:124: CLAIM_DIAG event kind=phase.compile-and-bind-end at=17.495434936s duration=11.810003834s caller_remaining=12.50455782s cause=nil 
    context_claim_diagnostics.go:124: CLAIM_DIAG event kind=phase.independent-lock-observation-start at=17.49546574s duration=130ns caller_remaining=12.504527016s cause=nil 
    context_claim_diagnostics.go:124: CLAIM_DIAG event kind=phase.independent-lock-observation-end at=17.963881381s duration=468.416046ms caller_remaining=12.036111375s cause=nil 
    context_claim_diagnostics.go:124: CLAIM_DIAG event kind=phase.dispatch-start at=17.966048582s duration=946ns caller_remaining=12.033944174s cause=nil 
    context_claim_diagnostics.go:124: CLAIM_DIAG event kind=store.SaveDecision at=18.104795663s duration=4.560573ms caller_remaining=11.895197093s cause=nil status=accepted prepared=false sequence=0 input_digest=sha256:7a533a4422ddb058cbb31faa361582e8cb98a0223cefe0717a1ed0d9408eb158 callback_only=true
    context_claim_diagnostics.go:124: CLAIM_DIAG event kind=store.WithinSave at=18.118251093s duration=29.763415ms caller_remaining=11.881741663s cause=nil callback_cause=nil final_cause=nil committed=true save_cause=nil status=accepted prepared=false sequence=0 input_digest=sha256:7a533a4422ddb058cbb31faa361582e8cb98a0223cefe0717a1ed0d9408eb158
    context_claim_diagnostics.go:124: CLAIM_DIAG event kind=phase.dispatch-end at=18.123222649s duration=157.175013ms caller_remaining=11.876770107s cause=nil 
    context_claim_diagnostics.go:124: CLAIM_DIAG event kind=phase.decision-step-start at=18.123228013s duration=201ns caller_remaining=11.876764743s cause=nil 
    context_claim_diagnostics.go:124: CLAIM_DIAG event kind=store.Claim at=18.194916208s duration=2.428936ms caller_remaining=11.805076548s cause=nil job=job-1ef848ee39815567e7c4e4c933978e78 epoch=1 revision=1 phase=decide lease_until=2026-10-05T08:30:50.371815Z supplied_now=2026-10-05T08:30:45.371815Z lease_delta=5s
    context_claim_diagnostics.go:124: CLAIM_DIAG event kind=store.SaveDecision at=18.24813896s duration=5.672268ms caller_remaining=11.751853796s cause=nil status=running prepared=false sequence=1 input_digest=sha256:7a533a4422ddb058cbb31faa361582e8cb98a0223cefe0717a1ed0d9408eb158 callback_only=true
    context_claim_diagnostics.go:124: CLAIM_DIAG event kind=store.WithinSave at=18.25059167s duration=19.918894ms caller_remaining=11.749401086s cause=nil callback_cause=nil final_cause=nil committed=true save_cause=nil status=running prepared=false sequence=1 input_digest=sha256:7a533a4422ddb058cbb31faa361582e8cb98a0223cefe0717a1ed0d9408eb158
    context_claim_diagnostics.go:124: CLAIM_DIAG event kind=phase.decision-step-end at=23.261298835s duration=5.138071023s caller_remaining=6.738693921s cause=*errors.errorString:claim 
    context_claim_diagnostics.go:124: CLAIM_DIAG event kind=store.ValidateClaim at=23.260976347s duration=859.661µs caller_remaining=6.739016409s cause=*errors.errorString:claim job=job-1ef848ee39815567e7c4e4c933978e78 epoch=1 revision=1 phase=decide lease_until=2026-10-05T08:30:50.371815Z supplied_now=2026-10-05T08:30:50.439397Z lease_delta=-67.582ms
    context_claim_diagnostics.go:124: CLAIM_DIAG event kind=store.Within at=23.261285529s duration=10.326308ms caller_remaining=6.738707227s cause=*errors.errorString:claim 
    context_claim_diagnostics.go:144: CLAIM_DIAG aggregate kind=access.Binding count=1 inclusive_total=66.650532ms max=66.650532ms
    context_claim_diagnostics.go:144: CLAIM_DIAG aggregate kind=access.Current count=65 inclusive_total=1.134047842s max=55.213668ms
    context_claim_diagnostics.go:144: CLAIM_DIAG aggregate kind=access.PrepareContent count=4 inclusive_total=67.669749ms max=19.871745ms
    context_claim_diagnostics.go:144: CLAIM_DIAG aggregate kind=access.StagePublication count=4 inclusive_total=291.263902ms max=156.825737ms
    context_claim_diagnostics.go:144: CLAIM_DIAG aggregate kind=content.GetCommand count=8 inclusive_total=178.714249ms max=31.485641ms
    context_claim_diagnostics.go:144: CLAIM_DIAG aggregate kind=content.Put count=4 inclusive_total=4.079496936s max=1.157795842s
    context_claim_diagnostics.go:144: CLAIM_DIAG aggregate kind=content.ReadForProcessing count=66 inclusive_total=3.480735742s max=575.056408ms
    context_claim_diagnostics.go:144: CLAIM_DIAG aggregate kind=content.Step count=4 inclusive_total=1.926056219s max=511.964429ms
    context_claim_diagnostics.go:144: CLAIM_DIAG aggregate kind=phase.all-upstream-sources-published count=1 inclusive_total=404ns max=404ns
    context_claim_diagnostics.go:144: CLAIM_DIAG aggregate kind=phase.compile-and-bind-end count=1 inclusive_total=11.810003834s max=11.810003834s
    context_claim_diagnostics.go:144: CLAIM_DIAG aggregate kind=phase.compile-published-pre-bind count=1 inclusive_total=850ns max=850ns
    context_claim_diagnostics.go:144: CLAIM_DIAG aggregate kind=phase.compile-start count=1 inclusive_total=561ns max=561ns
    context_claim_diagnostics.go:144: CLAIM_DIAG aggregate kind=phase.decision-step-end count=1 inclusive_total=5.138071023s max=5.138071023s
    context_claim_diagnostics.go:144: CLAIM_DIAG aggregate kind=phase.decision-step-start count=1 inclusive_total=201ns max=201ns
    context_claim_diagnostics.go:144: CLAIM_DIAG aggregate kind=phase.dispatch-end count=1 inclusive_total=157.175013ms max=157.175013ms
    context_claim_diagnostics.go:144: CLAIM_DIAG aggregate kind=phase.dispatch-start count=1 inclusive_total=946ns max=946ns
    context_claim_diagnostics.go:144: CLAIM_DIAG aggregate kind=phase.independent-lock-observation-end count=1 inclusive_total=468.416046ms max=468.416046ms
    context_claim_diagnostics.go:144: CLAIM_DIAG aggregate kind=phase.independent-lock-observation-start count=1 inclusive_total=130ns max=130ns
    context_claim_diagnostics.go:144: CLAIM_DIAG aggregate kind=phase.initial-primary-selector-published count=1 inclusive_total=275ns max=275ns
    context_claim_diagnostics.go:144: CLAIM_DIAG aggregate kind=phase.original-bounds count=1 inclusive_total=17.449µs max=17.449µs
    context_claim_diagnostics.go:144: CLAIM_DIAG aggregate kind=phase.owners-established count=1 inclusive_total=310ns max=310ns
    context_claim_diagnostics.go:144: CLAIM_DIAG aggregate kind=phase.testcase-start count=1 inclusive_total=311ns max=311ns
    context_claim_diagnostics.go:144: CLAIM_DIAG aggregate kind=publisher.Plan count=2 inclusive_total=95.630828ms max=50.184631ms
    context_claim_diagnostics.go:144: CLAIM_DIAG aggregate kind=source.Lock count=1 inclusive_total=1.12115869s max=1.12115869s
    context_claim_diagnostics.go:144: CLAIM_DIAG aggregate kind=source.Material count=62 inclusive_total=2.467938796s max=456.948609ms
    context_claim_diagnostics.go:144: CLAIM_DIAG aggregate kind=source.Snapshot count=1 inclusive_total=1.23818733s max=1.23818733s
    context_claim_diagnostics.go:144: CLAIM_DIAG aggregate kind=store.Claim count=1 inclusive_total=2.428936ms max=2.428936ms
    context_claim_diagnostics.go:144: CLAIM_DIAG aggregate kind=store.Now count=14 inclusive_total=7.233772ms max=1.128842ms
    context_claim_diagnostics.go:144: CLAIM_DIAG aggregate kind=store.SaveDecision count=2 inclusive_total=10.232841ms max=5.672268ms
    context_claim_diagnostics.go:144: CLAIM_DIAG aggregate kind=store.ValidateClaim count=4 inclusive_total=3.179372ms max=1.006027ms
    context_claim_diagnostics.go:144: CLAIM_DIAG aggregate kind=store.ValidatePoolClaim count=2 inclusive_total=2.699937ms max=1.414149ms
    context_claim_diagnostics.go:144: CLAIM_DIAG aggregate kind=store.Within count=10 inclusive_total=115.886625ms max=29.728014ms
    context_claim_diagnostics.go:144: CLAIM_DIAG aggregate kind=store.WithinSave count=2 inclusive_total=49.682309ms max=29.763415ms
    context_claim_diagnostics.go:124: CLAIM_DIAG last_gate kind=store.ValidateClaim at=23.260976347s duration=859.661µs caller_remaining=6.739016409s cause=*errors.errorString:claim job=job-1ef848ee39815567e7c4e4c933978e78 epoch=1 revision=1 phase=decide lease_until=2026-10-05T08:30:50.371815Z supplied_now=2026-10-05T08:30:50.439397Z lease_delta=-67.582ms
    context_claim_diagnostics.go:124: CLAIM_DIAG last_gate kind=store.ValidatePoolClaim at=18.242413132s duration=1.414149ms caller_remaining=11.757579624s cause=nil job=job-1ef848ee39815567e7c4e4c933978e78 epoch=1 revision=1 phase=decide lease_until=2026-10-05T08:30:50.371815Z supplied_now=2026-10-05T08:30:45.419722Z lease_delta=4.952093s
    context_claim_diagnostics.go:446: QUAL_SQL case=TestContentContextStaticModeMaximumReachable62Materials fixed_slots=273 hooks=14760 recorder_hook_wall=40.369603ms dropped=0 ambiguous=0 overhead_outside_recorder_unknown=true no_parent_child_sum=true
    context_claim_diagnostics.go:459: QUAL_SQL case=TestContentContextStaticModeMaximumReachable62Materials role=shell phase=pre stage=lock.identity_key attempted=63 completed=63 error_returns=0 wall=20.66081ms max=671.473µs first_cause=nil
    context_claim_diagnostics.go:459: QUAL_SQL case=TestContentContextStaticModeMaximumReachable62Materials role=shell phase=pre stage=lock.advisory_sql attempted=63 completed=63 error_returns=0 wall=21.188998ms max=2.199057ms first_cause=nil
    context_claim_diagnostics.go:459: QUAL_SQL case=TestContentContextStaticModeMaximumReachable62Materials role=shell phase=pre stage=lock.row_sql attempted=63 completed=63 error_returns=0 wall=29.741087ms max=786.73µs first_cause=nil
    context_claim_diagnostics.go:459: QUAL_SQL case=TestContentContextStaticModeMaximumReachable62Materials role=shell phase=pre stage=lock.decode_validate attempted=63 completed=63 error_returns=0 wall=21.66586ms max=3.540142ms first_cause=nil
    context_claim_diagnostics.go:459: QUAL_SQL case=TestContentContextStaticModeMaximumReachable62Materials role=shell phase=pre stage=policy.subject_prep attempted=63 completed=63 error_returns=0 wall=10.95351ms max=423.833µs first_cause=nil
    context_claim_diagnostics.go:459: QUAL_SQL case=TestContentContextStaticModeMaximumReachable62Materials role=shell phase=pre stage=policy.locked_sql attempted=63 completed=63 error_returns=0 wall=37.946127ms max=6.747822ms first_cause=nil
    context_claim_diagnostics.go:459: QUAL_SQL case=TestContentContextStaticModeMaximumReachable62Materials role=shell phase=pre stage=policy.decode_actions attempted=63 completed=63 error_returns=0 wall=10.818353ms max=425.082µs first_cause=nil
    context_claim_diagnostics.go:459: QUAL_SQL case=TestContentContextStaticModeMaximumReachable62Materials role=shell phase=pre stage=now.sql attempted=127 completed=127 error_returns=0 wall=60.279505ms max=3.912393ms first_cause=nil
    context_claim_diagnostics.go:459: QUAL_SQL case=TestContentContextStaticModeMaximumReachable62Materials role=shell phase=pre stage=callback attempted=1 completed=1 error_returns=0 wall=234.421907ms max=234.421907ms first_cause=nil
    context_claim_diagnostics.go:459: QUAL_SQL case=TestContentContextStaticModeMaximumReachable62Materials role=shell phase=pre stage=within attempted=1 completed=1 error_returns=0 wall=240.397236ms max=240.397236ms first_cause=nil
    context_claim_diagnostics.go:472: QUAL_SQL case=TestContentContextStaticModeMaximumReachable62Materials role=shell phase=pre derived_serial_leaf_wall=213.25425ms sql_call_wall=149.155717ms local_leaf_wall=64.098533ms callback_remaining=21.167657ms within_minus_callback=5.975329ms residual_not_proven_SQLwait=true SQLwall_not_server_execution=true includes_original_argument_evaluation=true callback_remaining_includes_observer_unknown=true callback_attempted=1 callback_completed=1 within_attempted=1 within_completed=1
    context_claim_diagnostics.go:459: QUAL_SQL case=TestContentContextStaticModeMaximumReachable62Materials role=shell phase=post stage=lock.identity_key attempted=63 completed=63 error_returns=0 wall=20.920818ms max=677.921µs first_cause=nil
    context_claim_diagnostics.go:459: QUAL_SQL case=TestContentContextStaticModeMaximumReachable62Materials role=shell phase=post stage=lock.advisory_sql attempted=63 completed=63 error_returns=0 wall=38.045235ms max=4.562495ms first_cause=nil
    context_claim_diagnostics.go:459: QUAL_SQL case=TestContentContextStaticModeMaximumReachable62Materials role=shell phase=post stage=lock.row_sql attempted=63 completed=63 error_returns=0 wall=37.186599ms max=1.817751ms first_cause=nil
    context_claim_diagnostics.go:459: QUAL_SQL case=TestContentContextStaticModeMaximumReachable62Materials role=shell phase=post stage=lock.decode_validate attempted=63 completed=63 error_returns=0 wall=21.264182ms max=2.307759ms first_cause=nil
    context_claim_diagnostics.go:459: QUAL_SQL case=TestContentContextStaticModeMaximumReachable62Materials role=shell phase=post stage=policy.subject_prep attempted=63 completed=63 error_returns=0 wall=11.053139ms max=414.24µs first_cause=nil
    context_claim_diagnostics.go:459: QUAL_SQL case=TestContentContextStaticModeMaximumReachable62Materials role=shell phase=post stage=policy.locked_sql attempted=63 completed=63 error_returns=0 wall=36.817257ms max=2.815727ms first_cause=nil
    context_claim_diagnostics.go:459: QUAL_SQL case=TestContentContextStaticModeMaximumReachable62Materials role=shell phase=post stage=policy.decode_actions attempted=63 completed=63 error_returns=0 wall=13.706546ms max=2.538047ms first_cause=nil
    context_claim_diagnostics.go:459: QUAL_SQL case=TestContentContextStaticModeMaximumReachable62Materials role=shell phase=post stage=now.sql attempted=127 completed=127 error_returns=0 wall=58.32055ms max=2.660619ms first_cause=nil
    context_claim_diagnostics.go:459: QUAL_SQL case=TestContentContextStaticModeMaximumReachable62Materials role=shell phase=post stage=callback attempted=1 completed=1 error_returns=0 wall=245.203043ms max=245.203043ms first_cause=nil
    context_claim_diagnostics.go:459: QUAL_SQL case=TestContentContextStaticModeMaximumReachable62Materials role=shell phase=post stage=within attempted=1 completed=1 error_returns=0 wall=248.265823ms max=248.265823ms first_cause=nil
    context_claim_diagnostics.go:472: QUAL_SQL case=TestContentContextStaticModeMaximumReachable62Materials role=shell phase=post derived_serial_leaf_wall=237.314326ms sql_call_wall=170.369641ms local_leaf_wall=66.944685ms callback_remaining=7.888717ms within_minus_callback=3.06278ms residual_not_proven_SQLwait=true SQLwall_not_server_execution=true includes_original_argument_evaluation=true callback_remaining_includes_observer_unknown=true callback_attempted=1 callback_completed=1 within_attempted=1 within_completed=1
    context_claim_diagnostics.go:459: QUAL_SQL case=TestContentContextStaticModeMaximumReachable62Materials role=shell phase=read stage=objects.read attempted=1 completed=1 error_returns=0 wall=561.896µs max=561.896µs first_cause=nil
    context_claim_diagnostics.go:459: QUAL_SQL case=TestContentContextStaticModeMaximumReachable62Materials role=shell phase=read stage=integrity attempted=1 completed=1 error_returns=0 wall=16.258µs max=16.258µs first_cause=nil
    context_claim_diagnostics.go:459: QUAL_SQL case=TestContentContextStaticModeMaximumReachable62Materials role=shell phase=read stage=read.total attempted=1 completed=1 error_returns=0 wall=490.260559ms max=490.260559ms first_cause=nil
    context_claim_diagnostics.go:459: QUAL_SQL case=TestContentContextStaticModeMaximumReachable62Materials role=mandatory phase=pre stage=lock.identity_key attempted=62 completed=62 error_returns=0 wall=27.368935ms max=2.040063ms first_cause=nil
    context_claim_diagnostics.go:459: QUAL_SQL case=TestContentContextStaticModeMaximumReachable62Materials role=mandatory phase=pre stage=lock.advisory_sql attempted=62 completed=62 error_returns=0 wall=31.415303ms max=2.547848ms first_cause=nil
    context_claim_diagnostics.go:459: QUAL_SQL case=TestContentContextStaticModeMaximumReachable62Materials role=mandatory phase=pre stage=lock.row_sql attempted=62 completed=62 error_returns=0 wall=41.908219ms max=2.812507ms first_cause=nil
    context_claim_diagnostics.go:459: QUAL_SQL case=TestContentContextStaticModeMaximumReachable62Materials role=mandatory phase=pre stage=lock.decode_validate attempted=62 completed=62 error_returns=0 wall=21.605844ms max=3.240301ms first_cause=nil
    context_claim_diagnostics.go:459: QUAL_SQL case=TestContentContextStaticModeMaximumReachable62Materials role=mandatory phase=pre stage=policy.subject_prep attempted=62 completed=62 error_returns=0 wall=12.740447ms max=781.055µs first_cause=nil
    context_claim_diagnostics.go:459: QUAL_SQL case=TestContentContextStaticModeMaximumReachable62Materials role=mandatory phase=pre stage=policy.locked_sql attempted=62 completed=62 error_returns=0 wall=42.138196ms max=2.884855ms first_cause=nil
    context_claim_diagnostics.go:459: QUAL_SQL case=TestContentContextStaticModeMaximumReachable62Materials role=mandatory phase=pre stage=policy.decode_actions attempted=62 completed=62 error_returns=0 wall=16.18093ms max=2.708043ms first_cause=nil
    context_claim_diagnostics.go:459: QUAL_SQL case=TestContentContextStaticModeMaximumReachable62Materials role=mandatory phase=pre stage=now.sql attempted=125 completed=125 error_returns=0 wall=72.141661ms max=5.053469ms first_cause=nil
    context_claim_diagnostics.go:459: QUAL_SQL case=TestContentContextStaticModeMaximumReachable62Materials role=mandatory phase=pre stage=callback attempted=1 completed=1 error_returns=0 wall=296.805799ms max=296.805799ms first_cause=nil
    context_claim_diagnostics.go:459: QUAL_SQL case=TestContentContextStaticModeMaximumReachable62Materials role=mandatory phase=pre stage=within attempted=1 completed=1 error_returns=0 wall=301.13667ms max=301.13667ms first_cause=nil
    context_claim_diagnostics.go:472: QUAL_SQL case=TestContentContextStaticModeMaximumReachable62Materials role=mandatory phase=pre derived_serial_leaf_wall=265.499535ms sql_call_wall=187.603379ms local_leaf_wall=77.896156ms callback_remaining=31.306264ms within_minus_callback=4.330871ms residual_not_proven_SQLwait=true SQLwall_not_server_execution=true includes_original_argument_evaluation=true callback_remaining_includes_observer_unknown=true callback_attempted=1 callback_completed=1 within_attempted=1 within_completed=1
    context_claim_diagnostics.go:459: QUAL_SQL case=TestContentContextStaticModeMaximumReachable62Materials role=mandatory phase=post stage=lock.identity_key attempted=62 completed=62 error_returns=0 wall=24.234125ms max=2.56296ms first_cause=nil
    context_claim_diagnostics.go:459: QUAL_SQL case=TestContentContextStaticModeMaximumReachable62Materials role=mandatory phase=post stage=lock.advisory_sql attempted=62 completed=62 error_returns=0 wall=32.22253ms max=5.715049ms first_cause=nil
    context_claim_diagnostics.go:459: QUAL_SQL case=TestContentContextStaticModeMaximumReachable62Materials role=mandatory phase=post stage=lock.row_sql attempted=62 completed=62 error_returns=0 wall=39.662904ms max=2.827811ms first_cause=nil
    context_claim_diagnostics.go:459: QUAL_SQL case=TestContentContextStaticModeMaximumReachable62Materials role=mandatory phase=post stage=lock.decode_validate attempted=62 completed=62 error_returns=0 wall=24.818003ms max=3.048829ms first_cause=nil
    context_claim_diagnostics.go:459: QUAL_SQL case=TestContentContextStaticModeMaximumReachable62Materials role=mandatory phase=post stage=policy.subject_prep attempted=62 completed=62 error_returns=0 wall=14.719238ms max=926.821µs first_cause=nil
    context_claim_diagnostics.go:459: QUAL_SQL case=TestContentContextStaticModeMaximumReachable62Materials role=mandatory phase=post stage=policy.locked_sql attempted=62 completed=62 error_returns=0 wall=38.180671ms max=2.41784ms first_cause=nil
    context_claim_diagnostics.go:459: QUAL_SQL case=TestContentContextStaticModeMaximumReachable62Materials role=mandatory phase=post stage=policy.decode_actions attempted=62 completed=62 error_returns=0 wall=13.7063ms max=1.336462ms first_cause=nil
    context_claim_diagnostics.go:459: QUAL_SQL case=TestContentContextStaticModeMaximumReachable62Materials role=mandatory phase=post stage=now.sql attempted=125 completed=125 error_returns=0 wall=69.283238ms max=2.298196ms first_cause=nil
    context_claim_diagnostics.go:459: QUAL_SQL case=TestContentContextStaticModeMaximumReachable62Materials role=mandatory phase=post stage=callback attempted=1 completed=1 error_returns=0 wall=266.518935ms max=266.518935ms first_cause=nil
    context_claim_diagnostics.go:459: QUAL_SQL case=TestContentContextStaticModeMaximumReachable62Materials role=mandatory phase=post stage=within attempted=1 completed=1 error_returns=0 wall=271.790586ms max=271.790586ms first_cause=nil
    context_claim_diagnostics.go:472: QUAL_SQL case=TestContentContextStaticModeMaximumReachable62Materials role=mandatory phase=post derived_serial_leaf_wall=256.827009ms sql_call_wall=179.349343ms local_leaf_wall=77.477666ms callback_remaining=9.691926ms within_minus_callback=5.271651ms residual_not_proven_SQLwait=true SQLwall_not_server_execution=true includes_original_argument_evaluation=true callback_remaining_includes_observer_unknown=true callback_attempted=1 callback_completed=1 within_attempted=1 within_completed=1
    context_claim_diagnostics.go:459: QUAL_SQL case=TestContentContextStaticModeMaximumReachable62Materials role=mandatory phase=read stage=objects.read attempted=1 completed=1 error_returns=0 wall=1.400073ms max=1.400073ms first_cause=nil
    context_claim_diagnostics.go:459: QUAL_SQL case=TestContentContextStaticModeMaximumReachable62Materials role=mandatory phase=read stage=integrity attempted=1 completed=1 error_returns=0 wall=45.511µs max=45.511µs first_cause=nil
    context_claim_diagnostics.go:459: QUAL_SQL case=TestContentContextStaticModeMaximumReachable62Materials role=mandatory phase=read stage=read.total attempted=1 completed=1 error_returns=0 wall=575.034315ms max=575.034315ms first_cause=nil
    context_claim_diagnostics.go:459: QUAL_SQL case=TestContentContextStaticModeMaximumReachable62Materials role=lock phase=pre stage=lock.identity_key attempted=65 completed=65 error_returns=0 wall=24.826026ms max=1.12418ms first_cause=nil
    context_claim_diagnostics.go:459: QUAL_SQL case=TestContentContextStaticModeMaximumReachable62Materials role=lock phase=pre stage=lock.advisory_sql attempted=65 completed=65 error_returns=0 wall=24.800242ms max=1.481668ms first_cause=nil
    context_claim_diagnostics.go:459: QUAL_SQL case=TestContentContextStaticModeMaximumReachable62Materials role=lock phase=pre stage=lock.row_sql attempted=65 completed=65 error_returns=0 wall=41.082424ms max=2.601532ms first_cause=nil
    context_claim_diagnostics.go:459: QUAL_SQL case=TestContentContextStaticModeMaximumReachable62Materials role=lock phase=pre stage=lock.decode_validate attempted=65 completed=65 error_returns=0 wall=24.925063ms max=2.890831ms first_cause=nil
    context_claim_diagnostics.go:459: QUAL_SQL case=TestContentContextStaticModeMaximumReachable62Materials role=lock phase=pre stage=policy.subject_prep attempted=65 completed=65 error_returns=0 wall=11.338379ms max=485.61µs first_cause=nil
    context_claim_diagnostics.go:459: QUAL_SQL case=TestContentContextStaticModeMaximumReachable62Materials role=lock phase=pre stage=policy.locked_sql attempted=65 completed=65 error_returns=0 wall=45.335025ms max=2.602134ms first_cause=nil
    context_claim_diagnostics.go:459: QUAL_SQL case=TestContentContextStaticModeMaximumReachable62Materials role=lock phase=pre stage=policy.decode_actions attempted=65 completed=65 error_returns=0 wall=13.38495ms max=689.755µs first_cause=nil
    context_claim_diagnostics.go:459: QUAL_SQL case=TestContentContextStaticModeMaximumReachable62Materials role=lock phase=pre stage=now.sql attempted=131 completed=131 error_returns=0 wall=67.436839ms max=2.521672ms first_cause=nil
    context_claim_diagnostics.go:459: QUAL_SQL case=TestContentContextStaticModeMaximumReachable62Materials role=lock phase=pre stage=callback attempted=1 completed=1 error_returns=0 wall=275.024572ms max=275.024572ms first_cause=nil
    context_claim_diagnostics.go:459: QUAL_SQL case=TestContentContextStaticModeMaximumReachable62Materials role=lock phase=pre stage=within attempted=1 completed=1 error_returns=0 wall=277.600505ms max=277.600505ms first_cause=nil
    context_claim_diagnostics.go:472: QUAL_SQL case=TestContentContextStaticModeMaximumReachable62Materials role=lock phase=pre derived_serial_leaf_wall=253.128948ms sql_call_wall=178.65453ms local_leaf_wall=74.474418ms callback_remaining=21.895624ms within_minus_callback=2.575933ms residual_not_proven_SQLwait=true SQLwall_not_server_execution=true includes_original_argument_evaluation=true callback_remaining_includes_observer_unknown=true callback_attempted=1 callback_completed=1 within_attempted=1 within_completed=1
    context_claim_diagnostics.go:459: QUAL_SQL case=TestContentContextStaticModeMaximumReachable62Materials role=lock phase=post stage=lock.identity_key attempted=65 completed=65 error_returns=0 wall=22.668107ms max=836.282µs first_cause=nil
    context_claim_diagnostics.go:459: QUAL_SQL case=TestContentContextStaticModeMaximumReachable62Materials role=lock phase=post stage=lock.advisory_sql attempted=65 completed=65 error_returns=0 wall=19.373156ms max=857.495µs first_cause=nil
    context_claim_diagnostics.go:459: QUAL_SQL case=TestContentContextStaticModeMaximumReachable62Materials role=lock phase=post stage=lock.row_sql attempted=65 completed=65 error_returns=0 wall=33.726914ms max=1.073419ms first_cause=nil
    context_claim_diagnostics.go:459: QUAL_SQL case=TestContentContextStaticModeMaximumReachable62Materials role=lock phase=post stage=lock.decode_validate attempted=65 completed=65 error_returns=0 wall=22.4397ms max=2.958413ms first_cause=nil
    context_claim_diagnostics.go:459: QUAL_SQL case=TestContentContextStaticModeMaximumReachable62Materials role=lock phase=post stage=policy.subject_prep attempted=65 completed=65 error_returns=0 wall=11.131272ms max=368.607µs first_cause=nil
    context_claim_diagnostics.go:459: QUAL_SQL case=TestContentContextStaticModeMaximumReachable62Materials role=lock phase=post stage=policy.locked_sql attempted=65 completed=65 error_returns=0 wall=31.018721ms max=1.254978ms first_cause=nil
    context_claim_diagnostics.go:459: QUAL_SQL case=TestContentContextStaticModeMaximumReachable62Materials role=lock phase=post stage=policy.decode_actions attempted=65 completed=65 error_returns=0 wall=10.166093ms max=299.054µs first_cause=nil
    context_claim_diagnostics.go:459: QUAL_SQL case=TestContentContextStaticModeMaximumReachable62Materials role=lock phase=post stage=now.sql attempted=131 completed=131 error_returns=0 wall=50.627303ms max=1.273418ms first_cause=nil
    context_claim_diagnostics.go:459: QUAL_SQL case=TestContentContextStaticModeMaximumReachable62Materials role=lock phase=post stage=callback attempted=1 completed=1 error_returns=0 wall=209.326427ms max=209.326427ms first_cause=nil
    context_claim_diagnostics.go:459: QUAL_SQL case=TestContentContextStaticModeMaximumReachable62Materials role=lock phase=post stage=within attempted=1 completed=1 error_returns=0 wall=211.739392ms max=211.739392ms first_cause=nil
    context_claim_diagnostics.go:472: QUAL_SQL case=TestContentContextStaticModeMaximumReachable62Materials role=lock phase=post derived_serial_leaf_wall=201.151266ms sql_call_wall=134.746094ms local_leaf_wall=66.405172ms callback_remaining=8.175161ms within_minus_callback=2.412965ms residual_not_proven_SQLwait=true SQLwall_not_server_execution=true includes_original_argument_evaluation=true callback_remaining_includes_observer_unknown=true callback_attempted=1 callback_completed=1 within_attempted=1 within_completed=1
    context_claim_diagnostics.go:459: QUAL_SQL case=TestContentContextStaticModeMaximumReachable62Materials role=lock phase=read stage=objects.read attempted=1 completed=1 error_returns=0 wall=480.888µs max=480.888µs first_cause=nil
    context_claim_diagnostics.go:459: QUAL_SQL case=TestContentContextStaticModeMaximumReachable62Materials role=lock phase=read stage=integrity attempted=1 completed=1 error_returns=0 wall=5.767µs max=5.767µs first_cause=nil
    context_claim_diagnostics.go:459: QUAL_SQL case=TestContentContextStaticModeMaximumReachable62Materials role=lock phase=read stage=read.total attempted=1 completed=1 error_returns=0 wall=490.611709ms max=490.611709ms first_cause=nil
    context_claim_diagnostics.go:459: QUAL_SQL case=TestContentContextStaticModeMaximumReachable62Materials role=manifest phase=pre stage=lock.identity_key attempted=64 completed=64 error_returns=0 wall=23.648456ms max=1.704194ms first_cause=nil
    context_claim_diagnostics.go:459: QUAL_SQL case=TestContentContextStaticModeMaximumReachable62Materials role=manifest phase=pre stage=lock.advisory_sql attempted=64 completed=64 error_returns=0 wall=28.013433ms max=2.956625ms first_cause=nil
    context_claim_diagnostics.go:459: QUAL_SQL case=TestContentContextStaticModeMaximumReachable62Materials role=manifest phase=pre stage=lock.row_sql attempted=64 completed=64 error_returns=0 wall=39.975714ms max=3.579012ms first_cause=nil
    context_claim_diagnostics.go:459: QUAL_SQL case=TestContentContextStaticModeMaximumReachable62Materials role=manifest phase=pre stage=lock.decode_validate attempted=64 completed=64 error_returns=0 wall=28.620527ms max=4.825731ms first_cause=nil
    context_claim_diagnostics.go:459: QUAL_SQL case=TestContentContextStaticModeMaximumReachable62Materials role=manifest phase=pre stage=policy.subject_prep attempted=64 completed=64 error_returns=0 wall=18.780779ms max=3.825139ms first_cause=nil
    context_claim_diagnostics.go:459: QUAL_SQL case=TestContentContextStaticModeMaximumReachable62Materials role=manifest phase=pre stage=policy.locked_sql attempted=64 completed=64 error_returns=0 wall=38.253371ms max=4.238335ms first_cause=nil
    context_claim_diagnostics.go:459: QUAL_SQL case=TestContentContextStaticModeMaximumReachable62Materials role=manifest phase=pre stage=policy.decode_actions attempted=64 completed=64 error_returns=0 wall=13.584603ms max=2.167716ms first_cause=nil
    context_claim_diagnostics.go:459: QUAL_SQL case=TestContentContextStaticModeMaximumReachable62Materials role=manifest phase=pre stage=now.sql attempted=129 completed=129 error_returns=0 wall=64.380315ms max=2.857988ms first_cause=nil
    context_claim_diagnostics.go:459: QUAL_SQL case=TestContentContextStaticModeMaximumReachable62Materials role=manifest phase=pre stage=callback attempted=1 completed=1 error_returns=0 wall=278.285601ms max=278.285601ms first_cause=nil
    context_claim_diagnostics.go:459: QUAL_SQL case=TestContentContextStaticModeMaximumReachable62Materials role=manifest phase=pre stage=within attempted=1 completed=1 error_returns=0 wall=280.819624ms max=280.819624ms first_cause=nil
    context_claim_diagnostics.go:472: QUAL_SQL case=TestContentContextStaticModeMaximumReachable62Materials role=manifest phase=pre derived_serial_leaf_wall=255.257198ms sql_call_wall=170.622833ms local_leaf_wall=84.634365ms callback_remaining=23.028403ms within_minus_callback=2.534023ms residual_not_proven_SQLwait=true SQLwall_not_server_execution=true includes_original_argument_evaluation=true callback_remaining_includes_observer_unknown=true callback_attempted=1 callback_completed=1 within_attempted=1 within_completed=1
    context_claim_diagnostics.go:459: QUAL_SQL case=TestContentContextStaticModeMaximumReachable62Materials role=manifest phase=post stage=lock.identity_key attempted=64 completed=64 error_returns=0 wall=23.362379ms max=1.085994ms first_cause=nil
    context_claim_diagnostics.go:459: QUAL_SQL case=TestContentContextStaticModeMaximumReachable62Materials role=manifest phase=post stage=lock.advisory_sql attempted=64 completed=64 error_returns=0 wall=23.836108ms max=1.258724ms first_cause=nil
    context_claim_diagnostics.go:459: QUAL_SQL case=TestContentContextStaticModeMaximumReachable62Materials role=manifest phase=post stage=lock.row_sql attempted=64 completed=64 error_returns=0 wall=43.69275ms max=3.733872ms first_cause=nil
    context_claim_diagnostics.go:459: QUAL_SQL case=TestContentContextStaticModeMaximumReachable62Materials role=manifest phase=post stage=lock.decode_validate attempted=64 completed=64 error_returns=0 wall=22.479498ms max=2.426349ms first_cause=nil
    context_claim_diagnostics.go:459: QUAL_SQL case=TestContentContextStaticModeMaximumReachable62Materials role=manifest phase=post stage=policy.subject_prep attempted=64 completed=64 error_returns=0 wall=12.454509ms max=548.487µs first_cause=nil
    context_claim_diagnostics.go:459: QUAL_SQL case=TestContentContextStaticModeMaximumReachable62Materials role=manifest phase=post stage=policy.locked_sql attempted=64 completed=64 error_returns=0 wall=35.482097ms max=1.53962ms first_cause=nil
    context_claim_diagnostics.go:459: QUAL_SQL case=TestContentContextStaticModeMaximumReachable62Materials role=manifest phase=post stage=policy.decode_actions attempted=64 completed=64 error_returns=0 wall=18.110607ms max=5.007384ms first_cause=nil
    context_claim_diagnostics.go:459: QUAL_SQL case=TestContentContextStaticModeMaximumReachable62Materials role=manifest phase=post stage=now.sql attempted=129 completed=129 error_returns=0 wall=71.564399ms max=4.362147ms first_cause=nil
    context_claim_diagnostics.go:459: QUAL_SQL case=TestContentContextStaticModeMaximumReachable62Materials role=manifest phase=post stage=callback attempted=1 completed=1 error_returns=0 wall=259.761585ms max=259.761585ms first_cause=nil
    context_claim_diagnostics.go:459: QUAL_SQL case=TestContentContextStaticModeMaximumReachable62Materials role=manifest phase=post stage=within attempted=1 completed=1 error_returns=0 wall=262.358502ms max=262.358502ms first_cause=nil
    context_claim_diagnostics.go:472: QUAL_SQL case=TestContentContextStaticModeMaximumReachable62Materials role=manifest phase=post derived_serial_leaf_wall=250.982347ms sql_call_wall=174.575354ms local_leaf_wall=76.406993ms callback_remaining=8.779238ms within_minus_callback=2.596917ms residual_not_proven_SQLwait=true SQLwall_not_server_execution=true includes_original_argument_evaluation=true callback_remaining_includes_observer_unknown=true callback_attempted=1 callback_completed=1 within_attempted=1 within_completed=1
    context_claim_diagnostics.go:459: QUAL_SQL case=TestContentContextStaticModeMaximumReachable62Materials role=manifest phase=read stage=objects.read attempted=1 completed=1 error_returns=0 wall=747.951µs max=747.951µs first_cause=nil
    context_claim_diagnostics.go:459: QUAL_SQL case=TestContentContextStaticModeMaximumReachable62Materials role=manifest phase=read stage=integrity attempted=1 completed=1 error_returns=0 wall=16.618µs max=16.618µs first_cause=nil
    context_claim_diagnostics.go:459: QUAL_SQL case=TestContentContextStaticModeMaximumReachable62Materials role=manifest phase=read stage=read.total attempted=1 completed=1 error_returns=0 wall=544.62798ms max=544.62798ms first_cause=nil
    context_claim_diagnostics.go:459: QUAL_SQL case=TestContentContextStaticModeMaximumReachable62Materials role=material phase=pre stage=lock.identity_key attempted=123 completed=123 error_returns=0 wall=42.173838ms max=810.192µs first_cause=nil
    context_claim_diagnostics.go:459: QUAL_SQL case=TestContentContextStaticModeMaximumReachable62Materials role=material phase=pre stage=lock.advisory_sql attempted=123 completed=123 error_returns=0 wall=42.232847ms max=1.051927ms first_cause=nil
    context_claim_diagnostics.go:459: QUAL_SQL case=TestContentContextStaticModeMaximumReachable62Materials role=material phase=pre stage=lock.row_sql attempted=123 completed=123 error_returns=0 wall=65.808473ms max=1.788463ms first_cause=nil
    context_claim_diagnostics.go:459: QUAL_SQL case=TestContentContextStaticModeMaximumReachable62Materials role=material phase=pre stage=lock.decode_validate attempted=123 completed=123 error_returns=0 wall=34.778871ms max=2.461562ms first_cause=nil
    context_claim_diagnostics.go:459: QUAL_SQL case=TestContentContextStaticModeMaximumReachable62Materials role=material phase=pre stage=policy.subject_prep attempted=123 completed=123 error_returns=0 wall=21.730012ms max=910.807µs first_cause=nil
    context_claim_diagnostics.go:459: QUAL_SQL case=TestContentContextStaticModeMaximumReachable62Materials role=material phase=pre stage=policy.locked_sql attempted=123 completed=123 error_returns=0 wall=77.185162ms max=3.994704ms first_cause=nil
    context_claim_diagnostics.go:459: QUAL_SQL case=TestContentContextStaticModeMaximumReachable62Materials role=material phase=pre stage=policy.decode_actions attempted=123 completed=123 error_returns=0 wall=22.545918ms max=675.203µs first_cause=nil
    context_claim_diagnostics.go:459: QUAL_SQL case=TestContentContextStaticModeMaximumReachable62Materials role=material phase=pre stage=now.sql attempted=308 completed=308 error_returns=0 wall=149.256976ms max=2.657635ms first_cause=nil
    context_claim_diagnostics.go:459: QUAL_SQL case=TestContentContextStaticModeMaximumReachable62Materials role=material phase=pre stage=callback attempted=62 completed=62 error_returns=0 wall=505.706146ms max=219.793612ms first_cause=nil
    context_claim_diagnostics.go:459: QUAL_SQL case=TestContentContextStaticModeMaximumReachable62Materials role=material phase=pre stage=within attempted=62 completed=62 error_returns=0 wall=680.931221ms max=222.788244ms first_cause=nil
    context_claim_diagnostics.go:472: QUAL_SQL case=TestContentContextStaticModeMaximumReachable62Materials role=material phase=pre derived_serial_leaf_wall=455.712097ms sql_call_wall=334.483458ms local_leaf_wall=121.228639ms callback_remaining=49.994049ms within_minus_callback=175.225075ms residual_not_proven_SQLwait=true SQLwall_not_server_execution=true includes_original_argument_evaluation=true callback_remaining_includes_observer_unknown=true callback_attempted=62 callback_completed=62 within_attempted=62 within_completed=62
    context_claim_diagnostics.go:459: QUAL_SQL case=TestContentContextStaticModeMaximumReachable62Materials role=material phase=post stage=lock.identity_key attempted=123 completed=123 error_returns=0 wall=41.995931ms max=1.024515ms first_cause=nil
    context_claim_diagnostics.go:459: QUAL_SQL case=TestContentContextStaticModeMaximumReachable62Materials role=material phase=post stage=lock.advisory_sql attempted=123 completed=123 error_returns=0 wall=40.586471ms max=1.142193ms first_cause=nil
    context_claim_diagnostics.go:459: QUAL_SQL case=TestContentContextStaticModeMaximumReachable62Materials role=material phase=post stage=lock.row_sql attempted=123 completed=123 error_returns=0 wall=72.167149ms max=1.395355ms first_cause=nil
    context_claim_diagnostics.go:459: QUAL_SQL case=TestContentContextStaticModeMaximumReachable62Materials role=material phase=post stage=lock.decode_validate attempted=123 completed=123 error_returns=0 wall=36.654412ms max=3.887363ms first_cause=nil
    context_claim_diagnostics.go:459: QUAL_SQL case=TestContentContextStaticModeMaximumReachable62Materials role=material phase=post stage=policy.subject_prep attempted=123 completed=123 error_returns=0 wall=22.84188ms max=583.628µs first_cause=nil
    context_claim_diagnostics.go:459: QUAL_SQL case=TestContentContextStaticModeMaximumReachable62Materials role=material phase=post stage=policy.locked_sql attempted=123 completed=123 error_returns=0 wall=74.198414ms max=3.826625ms first_cause=nil
    context_claim_diagnostics.go:459: QUAL_SQL case=TestContentContextStaticModeMaximumReachable62Materials role=material phase=post stage=policy.decode_actions attempted=123 completed=123 error_returns=0 wall=23.694687ms max=714.802µs first_cause=nil
    context_claim_diagnostics.go:459: QUAL_SQL case=TestContentContextStaticModeMaximumReachable62Materials role=material phase=post stage=now.sql attempted=308 completed=308 error_returns=0 wall=138.039897ms max=1.305339ms first_cause=nil
    context_claim_diagnostics.go:459: QUAL_SQL case=TestContentContextStaticModeMaximumReachable62Materials role=material phase=post stage=callback attempted=62 completed=62 error_returns=0 wall=466.268845ms max=212.443466ms first_cause=nil
    context_claim_diagnostics.go:459: QUAL_SQL case=TestContentContextStaticModeMaximumReachable62Materials role=material phase=post stage=within attempted=62 completed=62 error_returns=0 wall=626.217006ms max=215.322082ms first_cause=nil
    context_claim_diagnostics.go:472: QUAL_SQL case=TestContentContextStaticModeMaximumReachable62Materials role=material phase=post derived_serial_leaf_wall=450.178841ms sql_call_wall=324.991931ms local_leaf_wall=125.18691ms callback_remaining=16.090004ms within_minus_callback=159.948161ms residual_not_proven_SQLwait=true SQLwall_not_server_execution=true includes_original_argument_evaluation=true callback_remaining_includes_observer_unknown=true callback_attempted=62 callback_completed=62 within_attempted=62 within_completed=62
    context_claim_diagnostics.go:459: QUAL_SQL case=TestContentContextStaticModeMaximumReachable62Materials role=material phase=read stage=objects.read attempted=62 completed=62 error_returns=0 wall=35.533707ms max=2.303106ms first_cause=nil
    context_claim_diagnostics.go:459: QUAL_SQL case=TestContentContextStaticModeMaximumReachable62Materials role=material phase=read stage=integrity attempted=62 completed=62 error_returns=0 wall=467.481µs max=47.151µs first_cause=nil
    context_claim_diagnostics.go:459: QUAL_SQL case=TestContentContextStaticModeMaximumReachable62Materials role=material phase=read stage=read.total attempted=62 completed=62 error_returns=0 wall=1.378887274s max=439.477036ms first_cause=nil
--- FAIL: TestContentContextStaticModeMaximumReachable62Materials (23.32s)
=== RUN   TestContentContextSingleContentBoundHasHonestLayerAndNoDispatch
=== RUN   TestContentContextSingleContentBoundHasHonestLayerAndNoDispatch/200000
=== RUN   TestContentContextSingleContentBoundHasHonestLayerAndNoDispatch/262144
--- PASS: TestContentContextSingleContentBoundHasHonestLayerAndNoDispatch (12.08s)
    --- PASS: TestContentContextSingleContentBoundHasHonestLayerAndNoDispatch/200000 (9.80s)
    --- PASS: TestContentContextSingleContentBoundHasHonestLayerAndNoDispatch/262144 (2.28s)
=== RUN   TestContentContextDuplicateSelectorRoleRefusesBeforeOriginalInputReplacement
--- PASS: TestContentContextDuplicateSelectorRoleRefusesBeforeOriginalInputReplacement (0.77s)
FAIL
NATIVE_EXIT status=1 group_absent=True
