TLC2 Version 2.19 of 08 August 2024 (rev: 5a47802)
Warning: Please run the Java VM which executes TLC with a throughput optimized garbage collector by passing the "-XX:+UseParallelGC" property.
(Use the -nowarning option to disable this warning.)
Running breadth-first search Model-Checking with fp 80 and seed 4657615190615684160 with 1 worker on 10 cores with 1536MB heap and 64MB offheap memory [pid: 15575] (Mac OS X 27.0 aarch64, Homebrew 25.0.2 x86_64, MSBDiskFPSet, DiskStateQueue).
Parsing file /Volumes/Data/proj/lerna-docs/formal/mechanisms/control/Budget.tla
Parsing file /Volumes/Data/proj/lerna-docs/formal/mechanisms/control/.states-3y2oy_iq/Naturals.tla
Parsing file /Volumes/Data/proj/lerna-docs/formal/mechanisms/control/.states-3y2oy_iq/FiniteSets.tla
Parsing file /Volumes/Data/proj/lerna-docs/formal/mechanisms/control/.states-3y2oy_iq/Sequences.tla
Semantic processing of module Naturals
Semantic processing of module Sequences
Semantic processing of module FiniteSets
Semantic processing of module Budget
Starting... (2026-09-25 08:32:08)
Computing initial states...
Finished computing initial states: 1 distinct state generated at 2026-09-25 08:32:08.
Error: Invariant CumulativeSettlement is violated.
Error: The behavior up to this point is:
State 1: <Initial predicate>
s = [ active |-> {0},
  parent |-> (0 :> 0 @@ 1 :> 0 @@ 2 :> 0),
  depth |-> (0 :> 0 @@ 1 :> 0 @@ 2 :> 0),
  free |-> (0 :> 2 @@ 1 :> 0 @@ 2 :> 0),
  held |-> (0 :> 0 @@ 1 :> 0 @@ 2 :> 0),
  spent |-> (0 :> 0 @@ 1 :> 0 @@ 2 :> 0),
  allocation |-> (0 :> 0 @@ 1 :> 0 @@ 2 :> 0),
  used |-> (0 :> 0 @@ 1 :> 0 @@ 2 :> 0),
  revision |-> (0 :> 0 @@ 1 :> 0 @@ 2 :> 0),
  calls |-> {},
  final |-> {},
  sealed |-> {},
  done |-> {},
  conflicts |-> {},
  cancelled |-> FALSE,
  cleanupFree |-> 1,
  cleanupSpent |-> 0,
  charged |-> 0,
  lateBill |-> FALSE,
  lateBillDuplicate |-> FALSE,
  duplicateSeen |-> FALSE,
  staleSeen |-> FALSE,
  nested |-> FALSE ]

State 2: <Reserve line 25, col 17 to line 28, col 39 of module Budget>
s = [ active |-> {0},
  parent |-> (0 :> 0 @@ 1 :> 0 @@ 2 :> 0),
  depth |-> (0 :> 0 @@ 1 :> 0 @@ 2 :> 0),
  free |-> (0 :> 1 @@ 1 :> 0 @@ 2 :> 0),
  held |-> (0 :> 1 @@ 1 :> 0 @@ 2 :> 0),
  spent |-> (0 :> 0 @@ 1 :> 0 @@ 2 :> 0),
  allocation |-> (0 :> 1 @@ 1 :> 0 @@ 2 :> 0),
  used |-> (0 :> 0 @@ 1 :> 0 @@ 2 :> 0),
  revision |-> (0 :> 0 @@ 1 :> 0 @@ 2 :> 0),
  calls |-> {0},
  final |-> {},
  sealed |-> {},
  done |-> {},
  conflicts |-> {},
  cancelled |-> FALSE,
  cleanupFree |-> 1,
  cleanupSpent |-> 0,
  charged |-> 0,
  lateBill |-> FALSE,
  lateBillDuplicate |-> FALSE,
  duplicateSeen |-> FALSE,
  staleSeen |-> FALSE,
  nested |-> FALSE ]

State 3: <Report line 29, col 18 to line 34, col 51 of module Budget>
s = [ active |-> {0},
  parent |-> (0 :> 0 @@ 1 :> 0 @@ 2 :> 0),
  depth |-> (0 :> 0 @@ 1 :> 0 @@ 2 :> 0),
  free |-> (0 :> 1 @@ 1 :> 0 @@ 2 :> 0),
  held |-> (0 :> 0 @@ 1 :> 0 @@ 2 :> 0),
  spent |-> (0 :> 1 @@ 1 :> 0 @@ 2 :> 0),
  allocation |-> (0 :> 1 @@ 1 :> 0 @@ 2 :> 0),
  used |-> (0 :> 1 @@ 1 :> 0 @@ 2 :> 0),
  revision |-> (0 :> 1 @@ 1 :> 0 @@ 2 :> 0),
  calls |-> {0},
  final |-> {},
  sealed |-> {},
  done |-> {},
  conflicts |-> {},
  cancelled |-> FALSE,
  cleanupFree |-> 1,
  cleanupSpent |-> 0,
  charged |-> 1,
  lateBill |-> FALSE,
  lateBillDuplicate |-> FALSE,
  duplicateSeen |-> FALSE,
  staleSeen |-> FALSE,
  nested |-> FALSE ]

State 4: <Duplicate line 35, col 17 to line 38, col 63 of module Budget>
s = [ active |-> {0},
  parent |-> (0 :> 0 @@ 1 :> 0 @@ 2 :> 0),
  depth |-> (0 :> 0 @@ 1 :> 0 @@ 2 :> 0),
  free |-> (0 :> 1 @@ 1 :> 0 @@ 2 :> 0),
  held |-> (0 :> 0 @@ 1 :> 0 @@ 2 :> 0),
  spent |-> (0 :> 2 @@ 1 :> 0 @@ 2 :> 0),
  allocation |-> (0 :> 1 @@ 1 :> 0 @@ 2 :> 0),
  used |-> (0 :> 1 @@ 1 :> 0 @@ 2 :> 0),
  revision |-> (0 :> 1 @@ 1 :> 0 @@ 2 :> 0),
  calls |-> {0},
  final |-> {},
  sealed |-> {},
  done |-> {},
  conflicts |-> {},
  cancelled |-> FALSE,
  cleanupFree |-> 1,
  cleanupSpent |-> 0,
  charged |-> 2,
  lateBill |-> FALSE,
  lateBillDuplicate |-> FALSE,
  duplicateSeen |-> TRUE,
  staleSeen |-> FALSE,
  nested |-> FALSE ]

183 states generated, 141 distinct states found, 108 states left on queue.
The depth of the complete state graph search is 4.
The average outdegree of the complete state graph is 4 (minimum is 0, the maximum 9 and the 95th percentile is 9).
Finished in 00s at (2026-09-25 08:32:08)
