TLC2 Version 2.19 of 08 August 2024 (rev: 5a47802)
Warning: Please run the Java VM which executes TLC with a throughput optimized garbage collector by passing the "-XX:+UseParallelGC" property.
(Use the -nowarning option to disable this warning.)
Running breadth-first search Model-Checking with fp 5 and seed 110543720675570050 with 1 worker on 10 cores with 1536MB heap and 64MB offheap memory [pid: 15286] (Mac OS X 27.0 aarch64, Homebrew 25.0.2 x86_64, MSBDiskFPSet, DiskStateQueue).
Parsing file /Volumes/Data/proj/lerna-docs/formal/mechanisms/control/ControlRecovery.tla
Parsing file /Volumes/Data/proj/lerna-docs/formal/mechanisms/control/.states-jtxu56uh/Naturals.tla
Semantic processing of module Naturals
Semantic processing of module ControlRecovery
Starting... (2026-09-25 08:32:03)
Computing initial states...
Finished computing initial states: 1 distinct state generated at 2026-09-25 08:32:03.
Error: Invariant NoSafeRetry is violated.
Error: The behavior up to this point is:
State 1: <Initial predicate>
s = [ cancelled |-> FALSE,
  cancelEarly |-> FALSE,
  claim |-> 0,
  tx |-> "none",
  txClaim |-> 0,
  known |-> "none",
  prepared |-> FALSE,
  missing |-> FALSE,
  sent |-> FALSE,
  accepted |-> FALSE,
  work |-> FALSE,
  blocked |-> FALSE,
  execEpoch |-> 0,
  execPrepared |-> FALSE,
  prepEpoch |-> 0,
  senderLost |-> FALSE,
  driverSent |-> FALSE,
  sends |-> 0,
  effect |-> FALSE,
  observed |-> "unknown",
  closed |-> FALSE,
  lateEffect |-> FALSE,
  lateObservation |-> FALSE,
  queries |-> 0,
  retry |-> FALSE,
  badLease |-> FALSE,
  lateStart |-> FALSE ]

State 2: <RequestPrepare line 13, col 22 to line 14, col 73 of module ControlRecovery>
s = [ cancelled |-> FALSE,
  cancelEarly |-> FALSE,
  claim |-> 0,
  tx |-> "pending",
  txClaim |-> 0,
  known |-> "unknown",
  prepared |-> FALSE,
  missing |-> FALSE,
  sent |-> FALSE,
  accepted |-> FALSE,
  work |-> FALSE,
  blocked |-> FALSE,
  execEpoch |-> 0,
  execPrepared |-> FALSE,
  prepEpoch |-> 0,
  senderLost |-> FALSE,
  driverSent |-> FALSE,
  sends |-> 0,
  effect |-> FALSE,
  observed |-> "unknown",
  closed |-> FALSE,
  lateEffect |-> FALSE,
  lateObservation |-> FALSE,
  queries |-> 0,
  retry |-> FALSE,
  badLease |-> FALSE,
  lateStart |-> FALSE ]

State 3: <CommitPrepare line 15, col 18 to line 17, col 58 of module ControlRecovery>
s = [ cancelled |-> FALSE,
  cancelEarly |-> FALSE,
  claim |-> 0,
  tx |-> "committed",
  txClaim |-> 0,
  known |-> "unknown",
  prepared |-> TRUE,
  missing |-> FALSE,
  sent |-> FALSE,
  accepted |-> FALSE,
  work |-> FALSE,
  blocked |-> FALSE,
  execEpoch |-> 0,
  execPrepared |-> FALSE,
  prepEpoch |-> 0,
  senderLost |-> FALSE,
  driverSent |-> FALSE,
  sends |-> 0,
  effect |-> FALSE,
  observed |-> "unknown",
  closed |-> FALSE,
  lateEffect |-> FALSE,
  lateObservation |-> FALSE,
  queries |-> 0,
  retry |-> FALSE,
  badLease |-> FALSE,
  lateStart |-> FALSE ]

State 4: <ReadCommit line 22, col 15 to line 23, col 42 of module ControlRecovery>
s = [ cancelled |-> FALSE,
  cancelEarly |-> FALSE,
  claim |-> 0,
  tx |-> "committed",
  txClaim |-> 0,
  known |-> "committed",
  prepared |-> TRUE,
  missing |-> FALSE,
  sent |-> FALSE,
  accepted |-> FALSE,
  work |-> FALSE,
  blocked |-> FALSE,
  execEpoch |-> 0,
  execPrepared |-> FALSE,
  prepEpoch |-> 0,
  senderLost |-> FALSE,
  driverSent |-> FALSE,
  sends |-> 0,
  effect |-> FALSE,
  observed |-> "unknown",
  closed |-> FALSE,
  lateEffect |-> FALSE,
  lateObservation |-> FALSE,
  queries |-> 0,
  retry |-> FALSE,
  badLease |-> FALSE,
  lateStart |-> FALSE ]

State 5: <SendRequest line 29, col 16 to line 30, col 34 of module ControlRecovery>
s = [ cancelled |-> FALSE,
  cancelEarly |-> FALSE,
  claim |-> 0,
  tx |-> "committed",
  txClaim |-> 0,
  known |-> "committed",
  prepared |-> TRUE,
  missing |-> FALSE,
  sent |-> TRUE,
  accepted |-> FALSE,
  work |-> FALSE,
  blocked |-> FALSE,
  execEpoch |-> 0,
  execPrepared |-> FALSE,
  prepEpoch |-> 0,
  senderLost |-> FALSE,
  driverSent |-> FALSE,
  sends |-> 0,
  effect |-> FALSE,
  observed |-> "unknown",
  closed |-> FALSE,
  lateEffect |-> FALSE,
  lateObservation |-> FALSE,
  queries |-> 0,
  retry |-> FALSE,
  badLease |-> FALSE,
  lateStart |-> FALSE ]

State 6: <AcceptRemote line 31, col 17 to line 32, col 53 of module ControlRecovery>
s = [ cancelled |-> FALSE,
  cancelEarly |-> FALSE,
  claim |-> 0,
  tx |-> "committed",
  txClaim |-> 0,
  known |-> "committed",
  prepared |-> TRUE,
  missing |-> FALSE,
  sent |-> TRUE,
  accepted |-> TRUE,
  work |-> TRUE,
  blocked |-> FALSE,
  execEpoch |-> 0,
  execPrepared |-> FALSE,
  prepEpoch |-> 0,
  senderLost |-> FALSE,
  driverSent |-> FALSE,
  sends |-> 0,
  effect |-> FALSE,
  observed |-> "unknown",
  closed |-> FALSE,
  lateEffect |-> FALSE,
  lateObservation |-> FALSE,
  queries |-> 0,
  retry |-> FALSE,
  badLease |-> FALSE,
  lateStart |-> FALSE ]

State 7: <PrepareExec line 37, col 19 to line 40, col 49 of module ControlRecovery>
s = [ cancelled |-> FALSE,
  cancelEarly |-> FALSE,
  claim |-> 0,
  tx |-> "committed",
  txClaim |-> 0,
  known |-> "committed",
  prepared |-> TRUE,
  missing |-> FALSE,
  sent |-> TRUE,
  accepted |-> TRUE,
  work |-> TRUE,
  blocked |-> FALSE,
  execEpoch |-> 0,
  execPrepared |-> TRUE,
  prepEpoch |-> 0,
  senderLost |-> FALSE,
  driverSent |-> FALSE,
  sends |-> 0,
  effect |-> FALSE,
  observed |-> "unknown",
  closed |-> FALSE,
  lateEffect |-> FALSE,
  lateObservation |-> FALSE,
  queries |-> 0,
  retry |-> FALSE,
  badLease |-> FALSE,
  lateStart |-> FALSE ]

State 8: <CloseOriginal line 54, col 18 to line 55, col 36 of module ControlRecovery>
s = [ cancelled |-> FALSE,
  cancelEarly |-> FALSE,
  claim |-> 0,
  tx |-> "committed",
  txClaim |-> 0,
  known |-> "committed",
  prepared |-> TRUE,
  missing |-> FALSE,
  sent |-> TRUE,
  accepted |-> TRUE,
  work |-> TRUE,
  blocked |-> FALSE,
  execEpoch |-> 0,
  execPrepared |-> TRUE,
  prepEpoch |-> 0,
  senderLost |-> FALSE,
  driverSent |-> FALSE,
  sends |-> 0,
  effect |-> FALSE,
  observed |-> "unknown",
  closed |-> TRUE,
  lateEffect |-> FALSE,
  lateObservation |-> FALSE,
  queries |-> 0,
  retry |-> FALSE,
  badLease |-> FALSE,
  lateStart |-> FALSE ]

State 9: <ObserveNegative line 56, col 20 to line 57, col 42 of module ControlRecovery>
s = [ cancelled |-> FALSE,
  cancelEarly |-> FALSE,
  claim |-> 0,
  tx |-> "committed",
  txClaim |-> 0,
  known |-> "committed",
  prepared |-> TRUE,
  missing |-> FALSE,
  sent |-> TRUE,
  accepted |-> TRUE,
  work |-> TRUE,
  blocked |-> FALSE,
  execEpoch |-> 0,
  execPrepared |-> TRUE,
  prepEpoch |-> 0,
  senderLost |-> FALSE,
  driverSent |-> FALSE,
  sends |-> 0,
  effect |-> FALSE,
  observed |-> "absent",
  closed |-> TRUE,
  lateEffect |-> FALSE,
  lateObservation |-> FALSE,
  queries |-> 0,
  retry |-> FALSE,
  badLease |-> FALSE,
  lateStart |-> FALSE ]

State 10: <NewAttempt line 58, col 15 to line 59, col 35 of module ControlRecovery>
s = [ cancelled |-> FALSE,
  cancelEarly |-> FALSE,
  claim |-> 0,
  tx |-> "committed",
  txClaim |-> 0,
  known |-> "committed",
  prepared |-> TRUE,
  missing |-> FALSE,
  sent |-> TRUE,
  accepted |-> TRUE,
  work |-> TRUE,
  blocked |-> FALSE,
  execEpoch |-> 0,
  execPrepared |-> TRUE,
  prepEpoch |-> 0,
  senderLost |-> FALSE,
  driverSent |-> FALSE,
  sends |-> 0,
  effect |-> FALSE,
  observed |-> "absent",
  closed |-> TRUE,
  lateEffect |-> FALSE,
  lateObservation |-> FALSE,
  queries |-> 0,
  retry |-> TRUE,
  badLease |-> FALSE,
  lateStart |-> FALSE ]

743 states generated, 360 distinct states found, 103 states left on queue.
The depth of the complete state graph search is 10.
The average outdegree of the complete state graph is 1 (minimum is 0, the maximum 6 and the 95th percentile is 4).
Finished in 00s at (2026-09-25 08:32:03)
