TLC2 Version 2.19 of 08 August 2024 (rev: 5a47802)
Warning: Please run the Java VM which executes TLC with a throughput optimized garbage collector by passing the "-XX:+UseParallelGC" property.
(Use the -nowarning option to disable this warning.)
Running breadth-first search Model-Checking with fp 62 and seed 1002063081199036616 with 1 worker on 10 cores with 1536MB heap and 64MB offheap memory [pid: 15934] (Mac OS X 27.0 aarch64, Homebrew 25.0.2 x86_64, MSBDiskFPSet, DiskStateQueue).
Parsing file /Volumes/Data/proj/lerna-docs/formal/mechanisms/control/CoreContracts.tla
Parsing file /Volumes/Data/proj/lerna-docs/formal/mechanisms/control/.states-dq_jwm65/Naturals.tla
Parsing file /Volumes/Data/proj/lerna-docs/formal/mechanisms/control/.states-dq_jwm65/FiniteSets.tla
Parsing file /Volumes/Data/proj/lerna-docs/formal/mechanisms/control/.states-dq_jwm65/Sequences.tla
Semantic processing of module Naturals
Semantic processing of module Sequences
Semantic processing of module FiniteSets
Semantic processing of module CoreContracts
Starting... (2026-09-25 08:32:24)
Computing initial states...
Finished computing initial states: 1 distinct state generated at 2026-09-25 08:32:24.
Model checking completed. No error has been found.
  Estimates of the probability that TLC did not check all reachable states
  because two distinct states had the same fingerprint:
  calculated (optimistic):  val = 5.2E-14
1985 states generated, 833 distinct states found, 0 states left on queue.
The depth of the complete state graph search is 4.
The average outdegree of the complete state graph is 1 (minimum is 0, the maximum 31 and the 95th percentile is 1).
Finished in 00s at (2026-09-25 08:32:24)
