TLC2 Version 2.19 of 08 August 2024 (rev: 5a47802)
Warning: Please run the Java VM which executes TLC with a throughput optimized garbage collector by passing the "-XX:+UseParallelGC" property.
(Use the -nowarning option to disable this warning.)
Running breadth-first search Model-Checking with fp 30 and seed -7679433880035888978 with 1 worker on 10 cores with 1536MB heap and 64MB offheap memory [pid: 15980] (Mac OS X 27.0 aarch64, Homebrew 25.0.2 x86_64, MSBDiskFPSet, DiskStateQueue).
Parsing file /Volumes/Data/proj/lerna-docs/formal/mechanisms/control/CoreContracts.tla
Parsing file /Volumes/Data/proj/lerna-docs/formal/mechanisms/control/.states-8z3qsfix/Naturals.tla
Parsing file /Volumes/Data/proj/lerna-docs/formal/mechanisms/control/.states-8z3qsfix/FiniteSets.tla
Parsing file /Volumes/Data/proj/lerna-docs/formal/mechanisms/control/.states-8z3qsfix/Sequences.tla
Semantic processing of module Naturals
Semantic processing of module Sequences
Semantic processing of module FiniteSets
Semantic processing of module CoreContracts
Starting... (2026-09-25 08:32:28)
Computing initial states...
Finished computing initial states: 1 distinct state generated at 2026-09-25 08:32:28.
Error: Invariant InputVersion is violated.
Error: The behavior up to this point is:
State 1: <Initial predicate>
s = [ events |-> {},
  wrongRoute |-> FALSE,
  rejected |-> FALSE,
  requestVersion |-> 0,
  consumed |-> FALSE,
  winningOp |-> 0,
  consumes |-> 0,
  consumedAfterRefresh |-> FALSE,
  expired |-> FALSE,
  uiRevision |-> 0,
  invalidConsume |-> FALSE,
  proposed |-> FALSE,
  valid1 |-> FALSE,
  valid2 |-> FALSE,
  ready2 |-> FALSE,
  decision |-> "none",
  operations |-> {},
  reservation |-> 0,
  limit |-> 3,
  used |-> 0,
  held |-> 1,
  management |-> "none",
  originalDelta |-> 0,
  applied |-> 0,
  budgetRevision |-> 0,
  duplicateSeen |-> FALSE,
  externalLimit |-> 3,
  internalParent |-> 2,
  internalChild |-> 1 ]

State 2: <Consume line 32, col 17 to line 36, col 47 of module CoreContracts>
s = [ events |-> {},
  wrongRoute |-> FALSE,
  rejected |-> FALSE,
  requestVersion |-> 0,
  consumed |-> TRUE,
  winningOp |-> 1,
  consumes |-> 1,
  consumedAfterRefresh |-> FALSE,
  expired |-> FALSE,
  uiRevision |-> 0,
  invalidConsume |-> TRUE,
  proposed |-> FALSE,
  valid1 |-> FALSE,
  valid2 |-> FALSE,
  ready2 |-> FALSE,
  decision |-> "none",
  operations |-> {},
  reservation |-> 0,
  limit |-> 3,
  used |-> 0,
  held |-> 1,
  management |-> "none",
  originalDelta |-> 0,
  applied |-> 0,
  budgetRevision |-> 0,
  duplicateSeen |-> FALSE,
  externalLimit |-> 3,
  internalParent |-> 2,
  internalChild |-> 1 ]

9 states generated, 7 distinct states found, 5 states left on queue.
The depth of the complete state graph search is 2.
Finished in 00s at (2026-09-25 08:32:28)
