TLC2 Version 2.19 of 08 August 2024 (rev: 5a47802)
Warning: Please run the Java VM which executes TLC with a throughput optimized garbage collector by passing the "-XX:+UseParallelGC" property.
(Use the -nowarning option to disable this warning.)
Running breadth-first search Model-Checking with fp 18 and seed 5068973215003021026 with 1 worker on 10 cores with 1536MB heap and 64MB offheap memory [pid: 15570] (Mac OS X 27.0 aarch64, Homebrew 25.0.2 x86_64, MSBDiskFPSet, DiskStateQueue).
Parsing file /Volumes/Data/proj/lerna-docs/formal/mechanisms/control/Decision.tla
Parsing file /Volumes/Data/proj/lerna-docs/formal/mechanisms/control/.states-ipfuxc_t/Naturals.tla
Parsing file /Volumes/Data/proj/lerna-docs/formal/mechanisms/control/.states-ipfuxc_t/FiniteSets.tla
Parsing file /Volumes/Data/proj/lerna-docs/formal/mechanisms/control/.states-ipfuxc_t/Sequences.tla
Semantic processing of module Naturals
Semantic processing of module Sequences
Semantic processing of module FiniteSets
Semantic processing of module Decision
Starting... (2026-09-25 08:32:07)
Computing initial states...
Finished computing initial states: 1 distinct state generated at 2026-09-25 08:32:07.
Error: Invariant NoRepair is violated.
Error: The behavior up to this point is:
State 1: <Initial predicate>
s = [ round |-> 0,
  status |-> "idle",
  semantic |-> 0,
  base |-> 0,
  epoch |-> 0,
  roundEpoch |-> 0,
  paused |-> FALSE,
  cancelled |-> FALSE,
  fixed |-> FALSE,
  ready |-> FALSE,
  proposal |-> FALSE,
  valid |-> FALSE,
  selfPass |-> FALSE,
  attempt |-> 0,
  sent |-> {},
  outcome |-> "none",
  ended |-> FALSE,
  usageKnown |-> FALSE,
  saved |-> FALSE,
  admissions |-> 0,
  calls |-> 0,
  bad |-> FALSE,
  billed |-> FALSE,
  billDuring |-> FALSE,
  admittedAfterBill |-> FALSE ]

State 2: <Begin line 13, col 10 to line 18, col 64 of module Decision>
s = [ round |-> 1,
  status |-> "open",
  semantic |-> 0,
  base |-> 0,
  epoch |-> 0,
  roundEpoch |-> 0,
  paused |-> FALSE,
  cancelled |-> FALSE,
  fixed |-> FALSE,
  ready |-> FALSE,
  proposal |-> FALSE,
  valid |-> FALSE,
  selfPass |-> FALSE,
  attempt |-> 1,
  sent |-> {},
  outcome |-> "none",
  ended |-> FALSE,
  usageKnown |-> FALSE,
  saved |-> FALSE,
  admissions |-> 0,
  calls |-> 0,
  bad |-> FALSE,
  billed |-> FALSE,
  billDuring |-> FALSE,
  admittedAfterBill |-> FALSE ]

State 3: <Generate line 19, col 13 to line 22, col 42 of module Decision>
s = [ round |-> 1,
  status |-> "open",
  semantic |-> 0,
  base |-> 0,
  epoch |-> 0,
  roundEpoch |-> 0,
  paused |-> FALSE,
  cancelled |-> FALSE,
  fixed |-> FALSE,
  ready |-> FALSE,
  proposal |-> FALSE,
  valid |-> FALSE,
  selfPass |-> FALSE,
  attempt |-> 1,
  sent |-> {<<1, 1>>},
  outcome |-> "unknown",
  ended |-> FALSE,
  usageKnown |-> FALSE,
  saved |-> FALSE,
  admissions |-> 0,
  calls |-> 1,
  bad |-> FALSE,
  billed |-> FALSE,
  billDuring |-> FALSE,
  admittedAfterBill |-> FALSE ]

State 4: <Return line 23, col 16 to line 26, col 53 of module Decision>
s = [ round |-> 1,
  status |-> "open",
  semantic |-> 0,
  base |-> 0,
  epoch |-> 0,
  roundEpoch |-> 0,
  paused |-> FALSE,
  cancelled |-> FALSE,
  fixed |-> FALSE,
  ready |-> FALSE,
  proposal |-> FALSE,
  valid |-> FALSE,
  selfPass |-> TRUE,
  attempt |-> 1,
  sent |-> {<<1, 1>>},
  outcome |-> "invalid",
  ended |-> TRUE,
  usageKnown |-> TRUE,
  saved |-> TRUE,
  admissions |-> 0,
  calls |-> 1,
  bad |-> FALSE,
  billed |-> FALSE,
  billDuring |-> FALSE,
  admittedAfterBill |-> FALSE ]

State 5: <Repair line 29, col 11 to line 34, col 31 of module Decision>
s = [ round |-> 1,
  status |-> "open",
  semantic |-> 0,
  base |-> 0,
  epoch |-> 0,
  roundEpoch |-> 0,
  paused |-> FALSE,
  cancelled |-> FALSE,
  fixed |-> FALSE,
  ready |-> FALSE,
  proposal |-> FALSE,
  valid |-> FALSE,
  selfPass |-> TRUE,
  attempt |-> 2,
  sent |-> {<<1, 1>>},
  outcome |-> "none",
  ended |-> FALSE,
  usageKnown |-> FALSE,
  saved |-> FALSE,
  admissions |-> 0,
  calls |-> 1,
  bad |-> FALSE,
  billed |-> FALSE,
  billDuring |-> FALSE,
  admittedAfterBill |-> FALSE ]

346 states generated, 207 distinct states found, 157 states left on queue.
The depth of the complete state graph search is 5.
The average outdegree of the complete state graph is 4 (minimum is 0, the maximum 12 and the 95th percentile is 11).
Finished in 00s at (2026-09-25 08:32:07)
