TLC2 Version 2.19 of 08 August 2024 (rev: 5a47802)
Warning: Please run the Java VM which executes TLC with a throughput optimized garbage collector by passing the "-XX:+UseParallelGC" property.
(Use the -nowarning option to disable this warning.)
Running breadth-first search Model-Checking with fp 24 and seed 4347658226179690435 with 1 worker on 10 cores with 1536MB heap and 64MB offheap memory [pid: 15315] (Mac OS X 27.0 aarch64, Homebrew 25.0.2 x86_64, MSBDiskFPSet, DiskStateQueue).
Parsing file /Volumes/Data/proj/lerna-docs/formal/mechanisms/control/Decision.tla
Parsing file /Volumes/Data/proj/lerna-docs/formal/mechanisms/control/.states-ihhfdf0e/Naturals.tla
Parsing file /Volumes/Data/proj/lerna-docs/formal/mechanisms/control/.states-ihhfdf0e/FiniteSets.tla
Parsing file /Volumes/Data/proj/lerna-docs/formal/mechanisms/control/.states-ihhfdf0e/Sequences.tla
Semantic processing of module Naturals
Semantic processing of module Sequences
Semantic processing of module FiniteSets
Semantic processing of module Decision
Starting... (2026-09-25 08:32:05)
Computing initial states...
Finished computing initial states: 1 distinct state generated at 2026-09-25 08:32:05.
Error: Invariant AdmissionAndRepair is violated.
Error: The behavior up to this point is:
State 1: <Initial predicate>
s = [ selfPass |-> FALSE,
  round |-> 0,
  status |-> "idle",
  semantic |-> 0,
  base |-> 0,
  epoch |-> 0,
  roundEpoch |-> 0,
  paused |-> FALSE,
  cancelled |-> FALSE,
  fixed |-> FALSE,
  ready |-> FALSE,
  proposal |-> FALSE,
  valid |-> FALSE,
  attempt |-> 0,
  sent |-> {},
  outcome |-> "none",
  ended |-> FALSE,
  usageKnown |-> FALSE,
  saved |-> FALSE,
  admissions |-> 0,
  calls |-> 0,
  bad |-> FALSE,
  billed |-> FALSE,
  billDuring |-> FALSE,
  admittedAfterBill |-> FALSE ]

State 2: <Begin line 13, col 10 to line 18, col 64 of module Decision>
s = [ selfPass |-> FALSE,
  round |-> 1,
  status |-> "open",
  semantic |-> 0,
  base |-> 0,
  epoch |-> 0,
  roundEpoch |-> 0,
  paused |-> FALSE,
  cancelled |-> FALSE,
  fixed |-> FALSE,
  ready |-> FALSE,
  proposal |-> FALSE,
  valid |-> FALSE,
  attempt |-> 1,
  sent |-> {},
  outcome |-> "none",
  ended |-> FALSE,
  usageKnown |-> FALSE,
  saved |-> FALSE,
  admissions |-> 0,
  calls |-> 0,
  bad |-> FALSE,
  billed |-> FALSE,
  billDuring |-> FALSE,
  admittedAfterBill |-> FALSE ]

State 3: <RuleProposal line 27, col 20 to line 28, col 70 of module Decision>
s = [ selfPass |-> TRUE,
  round |-> 1,
  status |-> "open",
  semantic |-> 0,
  base |-> 0,
  epoch |-> 0,
  roundEpoch |-> 0,
  paused |-> FALSE,
  cancelled |-> FALSE,
  fixed |-> FALSE,
  ready |-> FALSE,
  proposal |-> TRUE,
  valid |-> TRUE,
  attempt |-> 1,
  sent |-> {},
  outcome |-> "none",
  ended |-> FALSE,
  usageKnown |-> FALSE,
  saved |-> FALSE,
  admissions |-> 0,
  calls |-> 0,
  bad |-> FALSE,
  billed |-> FALSE,
  billDuring |-> FALSE,
  admittedAfterBill |-> FALSE ]

State 4: <DependencyFact line 46, col 19 to line 46, col 63 of module Decision>
s = [ selfPass |-> TRUE,
  round |-> 1,
  status |-> "open",
  semantic |-> 0,
  base |-> 0,
  epoch |-> 0,
  roundEpoch |-> 0,
  paused |-> FALSE,
  cancelled |-> FALSE,
  fixed |-> FALSE,
  ready |-> TRUE,
  proposal |-> TRUE,
  valid |-> TRUE,
  attempt |-> 1,
  sent |-> {},
  outcome |-> "none",
  ended |-> FALSE,
  usageKnown |-> FALSE,
  saved |-> FALSE,
  admissions |-> 0,
  calls |-> 0,
  bad |-> FALSE,
  billed |-> FALSE,
  billDuring |-> FALSE,
  admittedAfterBill |-> FALSE ]

State 5: <Admit line 35, col 10 to line 40, col 44 of module Decision>
s = [ selfPass |-> TRUE,
  round |-> 1,
  status |-> "admitted",
  semantic |-> 0,
  base |-> 0,
  epoch |-> 0,
  roundEpoch |-> 0,
  paused |-> FALSE,
  cancelled |-> FALSE,
  fixed |-> FALSE,
  ready |-> TRUE,
  proposal |-> TRUE,
  valid |-> TRUE,
  attempt |-> 1,
  sent |-> {},
  outcome |-> "none",
  ended |-> FALSE,
  usageKnown |-> FALSE,
  saved |-> FALSE,
  admissions |-> 1,
  calls |-> 0,
  bad |-> TRUE,
  billed |-> FALSE,
  billDuring |-> FALSE,
  admittedAfterBill |-> FALSE ]

559 states generated, 319 distinct states found, 246 states left on queue.
The depth of the complete state graph search is 5.
The average outdegree of the complete state graph is 4 (minimum is 0, the maximum 12 and the 95th percentile is 9).
Finished in 00s at (2026-09-25 08:32:05)
