process_group 2180541 2180541 /workspace/lerna-content-02-f05b2f1068958
postgres lerna_test_03f39d325587b1dd64363f53
objects /workspace/lerna-content-02-f05b2f1068958/lerna-content-objects-3636882845 27 431334
native_exit 2180541 2180541 status=1 group_absent=True
process_group 2183083 2183083 /workspace/lerna-content-02-f05b2f1068958
postgres lerna_test_88e22d57b2f741019c5eba7f
objects /workspace/lerna-content-02-f05b2f1068958/lerna-content-objects-489899280 27 431334
native_exit 2183083 2183083 status=0 group_absent=True
process_group 2184013 2184013 /workspace/lerna-content-02-f05b2f1068958
native_exit 2184013 2184013 status=1 group_absent=True
process_group 2192007 2192007 /workspace/lerna-content-02-f05b2f1068958
postgres lerna_test_d00e04581d04a404bbfada41
objects /workspace/lerna-content-02-f05b2f1068958/lerna-content-objects-3567037314 27 431341
postgres lerna_test_02b831111600f9260598c61b
objects /workspace/lerna-content-02-f05b2f1068958/lerna-content-objects-2834236113 27 431341
native_exit 2192007 2192007 status=0 group_absent=True
process_group 2194927 2194927 /workspace/lerna-content-02-f05b2f1068958
postgres lerna_test_dce398469ab44b1b1420cc00
objects /workspace/lerna-content-02-f05b2f1068958/lerna-content-objects-816294722 27 431343
postgres lerna_test_4711ca7d6186fa3e11975b08
objects /workspace/lerna-content-02-f05b2f1068958/lerna-content-objects-1654778688 27 431343
postgres lerna_test_d8310b03ce25168c1af91368
objects /workspace/lerna-content-02-f05b2f1068958/lerna-content-objects-2837210716 27 431343
postgres lerna_test_c21453e0c69367fa0e750efb
objects /workspace/lerna-content-02-f05b2f1068958/lerna-content-objects-2720835870 27 431343
pg_policy_connections lerna_test_c21453e0c69367fa0e750efb
pg_policy_holder lerna_test_c21453e0c69367fa0e750efb 351444
postgres lerna_test_325a88d1da4eb8f2e9706783
objects /workspace/lerna-content-02-f05b2f1068958/lerna-content-objects-2899653632 27 431343
postgres lerna_test_0a7eeaeb09df9e4d73ae1fd1
objects /workspace/lerna-content-02-f05b2f1068958/lerna-content-objects-386303214 27 431343
postgres lerna_test_e7bf6690ca09b5a2ac87f7f7
objects /workspace/lerna-content-02-f05b2f1068958/lerna-content-objects-1567861425 27 431343
pg_policy_connections lerna_test_e7bf6690ca09b5a2ac87f7f7
pg_policy_holder lerna_test_e7bf6690ca09b5a2ac87f7f7 351462
postgres lerna_test_94af76aef0463f49e3d77e2b
objects /workspace/lerna-content-02-f05b2f1068958/lerna-content-objects-3338847574 27 431343
pg_policy_connections lerna_test_94af76aef0463f49e3d77e2b
pg_policy_holder lerna_test_94af76aef0463f49e3d77e2b 351466
postgres lerna_test_472d073e9db988083d82f4ae
objects /workspace/lerna-content-02-f05b2f1068958/lerna-content-objects-3425890400 27 431343
postgres lerna_test_5961918256241a1ed5bec34b
objects /workspace/lerna-content-02-f05b2f1068958/lerna-content-objects-4057868946 27 431343
postgres lerna_test_ae8e094c05ee6cd2267feffc
objects /workspace/lerna-content-02-f05b2f1068958/lerna-content-objects-1943332181 27 431343
postgres lerna_test_52e1388904f87a466b9e2b6a
objects /workspace/lerna-content-02-f05b2f1068958/lerna-content-objects-13518504 27 431343
postgres lerna_test_fd5569a35fe1b34b0bdc3486
objects /workspace/lerna-content-02-f05b2f1068958/lerna-content-objects-3691418480 27 431343
postgres lerna_test_32014e3417251088f6bff07f
objects /workspace/lerna-content-02-f05b2f1068958/lerna-content-objects-3378172184 27 431343
postgres lerna_test_56c1893be9bad400bec7b0ab
objects /workspace/lerna-content-02-f05b2f1068958/lerna-content-objects-1725867520 27 431343
postgres lerna_test_a462e0cbe9cc71a20a3b7bc4
objects /workspace/lerna-content-02-f05b2f1068958/lerna-content-objects-3588139332 27 431343
postgres lerna_test_f0d735b0a6c83bb16ceff140
objects /workspace/lerna-content-02-f05b2f1068958/lerna-content-objects-3312981848 27 431356
fixture_object_file /workspace/lerna-content-02-f05b2f1068958/lerna-content-objects-3312981848/da73fc3f262e288d3fbf5bf06db2ebcfbb031f2a5cacbc4e8be74a516714a028
postgres lerna_test_fc1de8e086e2883b149d227c
objects /workspace/lerna-content-02-f05b2f1068958/lerna-content-objects-1521771022 27 431356
postgres lerna_test_b913f968d42a0eae09a239e5
objects /workspace/lerna-content-02-f05b2f1068958/lerna-content-objects-4157436787 27 431356
postgres lerna_test_47ee731eeab4a0a20b945e5b
objects /workspace/lerna-content-02-f05b2f1068958/lerna-content-objects-150272486 27 431356
postgres lerna_test_c142582cc38fbf9842cc3b8e
objects /workspace/lerna-content-02-f05b2f1068958/lerna-content-objects-3864451461 27 431356
fixture_object_file /workspace/lerna-content-02-f05b2f1068958/lerna-content-objects-3864451461/da73fc3f262e288d3fbf5bf06db2ebcfbb031f2a5cacbc4e8be74a516714a028
postgres lerna_test_53acbf56b7d26b19fd8d454d
objects /workspace/lerna-content-02-f05b2f1068958/lerna-content-objects-852628301 27 431356
fixture_object_file /workspace/lerna-content-02-f05b2f1068958/lerna-content-objects-852628301/da73fc3f262e288d3fbf5bf06db2ebcfbb031f2a5cacbc4e8be74a516714a028
postgres lerna_test_f302222f25767de397937f2c
objects /workspace/lerna-content-02-f05b2f1068958/lerna-content-objects-3613384889 27 431356
postgres lerna_test_99ee0f15bef0e5813a8fb24e
objects /workspace/lerna-content-02-f05b2f1068958/lerna-content-objects-3274555317 27 431356
postgres lerna_test_ebc11edcf6c49b487f311773
objects /workspace/lerna-content-02-f05b2f1068958/lerna-content-objects-3047984515 27 431356
postgres lerna_test_e33e4a398a3d6f25b1a1768f
objects /workspace/lerna-content-02-f05b2f1068958/lerna-content-objects-475863510 27 431356
postgres lerna_test_0524a9941b0b08a53e50fa22
objects /workspace/lerna-content-02-f05b2f1068958/lerna-content-objects-2886183155 27 431356
postgres lerna_test_f4dd49916d876f112f8bf6ce
objects /workspace/lerna-content-02-f05b2f1068958/lerna-content-objects-1566840760 27 431356
postgres lerna_test_abe50fb885989c66adc752d1
objects /workspace/lerna-content-02-f05b2f1068958/lerna-content-objects-1530213041 27 431356
postgres lerna_test_74406812a6937d121f3f67b7
objects /workspace/lerna-content-02-f05b2f1068958/lerna-content-objects-1539804060 27 431356
postgres lerna_test_7b7e0088c876312dd7059b14
objects /workspace/lerna-content-02-f05b2f1068958/lerna-content-objects-603697382 27 431356
postgres lerna_test_1c09994fc7440ba6c975676b
objects /workspace/lerna-content-02-f05b2f1068958/lerna-content-objects-2575544107 27 431356
pg_policy_connections lerna_test_1c09994fc7440ba6c975676b
pg_policy_holder lerna_test_1c09994fc7440ba6c975676b 351547
postgres lerna_test_9322131425ff5ce27733d9d9
objects /workspace/lerna-content-02-f05b2f1068958/lerna-content-objects-257994936 27 431356
pg_policy_connections lerna_test_9322131425ff5ce27733d9d9
pg_policy_holder lerna_test_9322131425ff5ce27733d9d9 351559
postgres lerna_test_f668ca9b93b333ba473d1c87
objects /workspace/lerna-content-02-f05b2f1068958/lerna-content-objects-3143875961 27 431356
pg_policy_connections lerna_test_f668ca9b93b333ba473d1c87
pg_policy_holder lerna_test_f668ca9b93b333ba473d1c87 351563
postgres lerna_test_75dfa34d7310d734cfd3898e
objects /workspace/lerna-content-02-f05b2f1068958/lerna-content-objects-3538444886 27 431356
pg_policy_connections lerna_test_75dfa34d7310d734cfd3898e
pg_policy_holder lerna_test_75dfa34d7310d734cfd3898e 351567
postgres lerna_test_2481b17a446ff041e5e73435
objects /workspace/lerna-content-02-f05b2f1068958/lerna-content-objects-1952566406 27 431356
pg_policy_connections lerna_test_2481b17a446ff041e5e73435
pg_policy_holder lerna_test_2481b17a446ff041e5e73435 351579
postgres lerna_test_5fb372c88976b2fd53f59f35
objects /workspace/lerna-content-02-f05b2f1068958/lerna-content-objects-2860639824 27 431356
pg_policy_connections lerna_test_5fb372c88976b2fd53f59f35
pg_policy_holder lerna_test_5fb372c88976b2fd53f59f35 351583
postgres lerna_test_0b3007305b014b6944e5590f
objects /workspace/lerna-content-02-f05b2f1068958/lerna-content-objects-2925411603 27 431356
pg_policy_connections lerna_test_0b3007305b014b6944e5590f
pg_policy_holder lerna_test_0b3007305b014b6944e5590f 351587
postgres lerna_test_c142b5276ed998c5888b8967
objects /workspace/lerna-content-02-f05b2f1068958/lerna-content-objects-2807924421 27 431356
pg_policy_connections lerna_test_c142b5276ed998c5888b8967
pg_policy_holder lerna_test_c142b5276ed998c5888b8967 351591
postgres lerna_test_cb09e4646f4df73c58c57bd7
objects /workspace/lerna-content-02-f05b2f1068958/lerna-content-objects-674653398 27 431356
pg_policy_connections lerna_test_cb09e4646f4df73c58c57bd7
pg_policy_holder lerna_test_cb09e4646f4df73c58c57bd7 351603
postgres lerna_test_480abd2f96f54e87c849dd8c
objects /workspace/lerna-content-02-f05b2f1068958/lerna-content-objects-3270981517 27 431356
pg_policy_connections lerna_test_480abd2f96f54e87c849dd8c
pg_policy_holder lerna_test_480abd2f96f54e87c849dd8c 351607
postgres lerna_test_af5de882f02f4c8ab0a4d32a
objects /workspace/lerna-content-02-f05b2f1068958/lerna-content-objects-166978411 27 431356
pg_policy_connections lerna_test_af5de882f02f4c8ab0a4d32a
pg_policy_holder lerna_test_af5de882f02f4c8ab0a4d32a 351611
postgres lerna_test_70e380d555607dfe1f6ebd4e
objects /workspace/lerna-content-02-f05b2f1068958/lerna-content-objects-1116157923 27 431356
postgres lerna_test_0d2502d933c574686eb8b801
objects /workspace/lerna-content-02-f05b2f1068958/lerna-content-objects-765310205 27 431356
postgres lerna_test_94de9eff95c422e074575c1a
objects /workspace/lerna-content-02-f05b2f1068958/lerna-content-objects-2389245427 27 431356
postgres lerna_test_85e57634bfcc760901c7f3e1
objects /workspace/lerna-content-02-f05b2f1068958/lerna-content-objects-1855156837 27 431356
postgres lerna_test_5d37d4be7661649410f52d8c
objects /workspace/lerna-content-02-f05b2f1068958/lerna-content-objects-857251156 27 431356
postgres lerna_test_15899b95436a50bfa1114df5
objects /workspace/lerna-content-02-f05b2f1068958/lerna-content-objects-3385697844 27 431356
postgres lerna_test_e71d8b7561fc9ec35a335697
objects /workspace/lerna-content-02-f05b2f1068958/lerna-content-objects-2727200429 27 431356
postgres lerna_test_6a2dafda1f7abd8f3a2dae05
objects /workspace/lerna-content-02-f05b2f1068958/lerna-content-objects-1893104495 27 431356
postgres lerna_test_106f10840440c7365d81c4b3
objects /workspace/lerna-content-02-f05b2f1068958/lerna-content-objects-1936137079 27 431356
postgres lerna_test_2cf36a5845bc413953163a11
objects /workspace/lerna-content-02-f05b2f1068958/lerna-content-objects-4186924550 27 431356
postgres lerna_test_d2a8532dd17273ebd2a6ec62
objects /workspace/lerna-content-02-f05b2f1068958/lerna-content-objects-289737338 27 431356
postgres lerna_test_1a0357ce3699205c55f388be
objects /workspace/lerna-content-02-f05b2f1068958/lerna-content-objects-2112840469 27 431356
postgres lerna_test_428f271df52b1acacaa93fba
objects /workspace/lerna-content-02-f05b2f1068958/lerna-content-objects-3762939316 27 431356
postgres lerna_test_07659e8b581c07b2648dbb2e
objects /workspace/lerna-content-02-f05b2f1068958/lerna-content-objects-2003724987 27 431356
native_exit 2194927 2194927 status=1 group_absent=True
process_group 2199170 2199170 /workspace/lerna-content-02-f05b2f1068958
postgres lerna_test_7982c66c4bb9b52680602299
objects /workspace/lerna-content-02-f05b2f1068958/lerna-content-objects-1061560883 27 431343
postgres lerna_test_85193584794bcafbc482a40b
objects /workspace/lerna-content-02-f05b2f1068958/lerna-content-objects-265318346 27 431343
postgres lerna_test_acb9f6b191af56abe5a1c381
objects /workspace/lerna-content-02-f05b2f1068958/lerna-content-objects-2627677505 27 431343
postgres lerna_test_f89212f24c83c4cb023f89e9
objects /workspace/lerna-content-02-f05b2f1068958/lerna-content-objects-2526407603 27 431343
postgres lerna_test_8207170b1ab5bffd7dd00bed
objects /workspace/lerna-content-02-f05b2f1068958/lerna-content-objects-884545905 27 431343
postgres lerna_test_ee06d24e056b901d4e8b8fa3
objects /workspace/lerna-content-02-f05b2f1068958/lerna-content-objects-2111833073 27 431343
postgres lerna_test_eb2ba509b4a22bf2dda29353
objects /workspace/lerna-content-02-f05b2f1068958/lerna-content-objects-3929013621 27 431343
postgres lerna_test_067f5a2feebd4b9671ad45db
objects /workspace/lerna-content-02-f05b2f1068958/lerna-content-objects-3027146802 27 431343
postgres lerna_test_6d1de89d52dc97eb434425b2
objects /workspace/lerna-content-02-f05b2f1068958/lerna-content-objects-3989980337 27 431343
native_exit 2199170 2199170 status=1 group_absent=True
process_group 2201597 2201597 /workspace/lerna-content-02-f05b2f1068958
postgres lerna_test_e4efe323d4687567d4b2c58f
objects /workspace/lerna-content-02-f05b2f1068958/lerna-content-objects-2476448284 27 431357
postgres lerna_test_2aa93eb4c24d49309e05d3ff
objects /workspace/lerna-content-02-f05b2f1068958/lerna-content-objects-2426629649 27 431357
postgres lerna_test_513172b83c09a5f30449c7c2
objects /workspace/lerna-content-02-f05b2f1068958/lerna-content-objects-1985751212 27 431343
postgres lerna_test_8ed4a7d23d810c83fd237393
objects /workspace/lerna-content-02-f05b2f1068958/lerna-content-objects-2898199870 27 431343
pg_policy_holder lerna_test_8ed4a7d23d810c83fd237393 352716
native_exit 2201597 2201597 status=0 group_absent=True
process_group 2204804 2204804 /workspace/lerna-content-02-f05b2f1068958
native_exit 2204804 2204804 status=1 group_absent=True
process_group 2205132 2205132 /workspace/lerna-content-02-f05b2f1068958
native_exit 2205132 2205132 status=0 group_absent=True
objects /workspace/lerna-content-02-f05b2f1068958/legacy-objects 27 431537
postgres lerna_test_4aee55540d91e5d8db9131fb
process_group 2205945 2205945 /workspace/lerna-content-02-f05b2f1068958
native_exit 2205945 2205945 status=0 group_absent=True
process_group 2206356 2206356 /workspace/lerna-content-02-f05b2f1068958
native_exit 2206356 2206356 status=1 group_absent=True
process_group 2209915 2209915 /workspace/lerna-content-02-f05b2f1068958
native_exit 2209915 2209915 status=1 group_absent=True
process_group 2211019 2211019 /workspace/lerna-content-02-f05b2f1068958
native_exit 2211019 2211019 status=0 group_absent=True
process_group 2211717 2211717 /workspace/lerna-content-02-f05b2f1068958
native_exit 2211717 2211717 status=1 group_absent=True
process_group 2222878 2222878 /workspace/lerna-content-02-f05b2f1068958
native_exit 2222878 2222878 status=0 group_absent=True
process_group 2226006 2226006 /workspace/lerna-content-02-f05b2f1068958
postgres lerna_test_cb65652c29a48164f3a08ce0
objects /workspace/lerna-content-02-f05b2f1068958/lerna-content-objects-429344783 27 431690
postgres lerna_test_1ca72a31324bd62157b6280b
objects /workspace/lerna-content-02-f05b2f1068958/lerna-content-objects-2838065296 27 431690
postgres lerna_test_46195794be1896eb72bfddba
objects /workspace/lerna-content-02-f05b2f1068958/lerna-content-objects-1167091082 27 431690
native_exit 2226006 2226006 status=1 group_absent=True
process_group 2227572 2227572 /workspace/lerna-content-02-f05b2f1068958
postgres lerna_test_f4855c3cf2b64407a922bbb2
objects /workspace/lerna-content-02-f05b2f1068958/lerna-content-objects-875869982 27 431978
postgres lerna_test_ab49937501d13246f8ba8b94
objects /workspace/lerna-content-02-f05b2f1068958/lerna-content-objects-3287045304 27 431978
postgres lerna_test_e921f1333c306734e54c8901
objects /workspace/lerna-content-02-f05b2f1068958/lerna-content-objects-1430664645 27 431978
postgres lerna_test_a818c0cb23987e11420ebba8
objects /workspace/lerna-content-02-f05b2f1068958/lerna-content-objects-3163550927 27 431978
postgres lerna_test_599156c24dca479845abf81a
objects /workspace/lerna-content-02-f05b2f1068958/lerna-content-objects-3245521721 27 431978
postgres lerna_test_4b31c455795989c49bd3f4dd
objects /workspace/lerna-content-02-f05b2f1068958/lerna-content-objects-3672095256 27 431978
postgres lerna_test_417ac8c2346867d901d9a578
objects /workspace/lerna-content-02-f05b2f1068958/lerna-content-objects-2812205028 27 431978
postgres lerna_test_740b01eb6cb82cf6106a7d26
objects /workspace/lerna-content-02-f05b2f1068958/lerna-content-objects-1617825282 27 431978
postgres lerna_test_30505b601ff802bd72493a3b
objects /workspace/lerna-content-02-f05b2f1068958/lerna-content-objects-3981367060 27 431978
postgres lerna_test_78c7bac097f6cfdc9f23d36d
objects /workspace/lerna-content-02-f05b2f1068958/lerna-content-objects-1663344945 27 431978
postgres lerna_test_2f2d02245a249e0049688aae
objects /workspace/lerna-content-02-f05b2f1068958/lerna-content-objects-3900540910 27 431978
native_exit 2227572 2227572 status=0 group_absent=True
process_group 2231573 2231573 /workspace/lerna-content-02-f05b2f1068958
postgres lerna_test_4bb52430ecb7d39d903c1c75
objects /workspace/lerna-content-02-f05b2f1068958/lerna-content-objects-2099653666 27 432342
pg_legacy_restore_connection lerna_test_4bb52430ecb7d39d903c1c75
native_exit 2231573 2231573 status=1 group_absent=True
process_group 2233673 2233673 /workspace/lerna-content-02-f05b2f1068958
postgres lerna_test_84a9991dc444a7a06608cd37
objects /workspace/lerna-content-02-f05b2f1068958/lerna-content-objects-2912723452 27 432592
pg_legacy_restore_connection lerna_test_84a9991dc444a7a06608cd37
native_exit 2233673 2233673 status=0 group_absent=True
process_group 2235576 2235576 /workspace/lerna-content-02-f05b2f1068958
postgres lerna_test_4ec22fb21fc1a904cb626d32
objects /workspace/lerna-content-02-f05b2f1068958/lerna-content-objects-4135702702 27 431670
native_exit 2235576 2235576 status=1 group_absent=True
process_group 2237092 2237092 /workspace/lerna-content-02-f05b2f1068958
postgres lerna_test_d27100f01388980797f91fcc
objects /workspace/lerna-content-02-f05b2f1068958/lerna-content-objects-26238691 27 431976
postgres lerna_test_88a9a38e6bde52b8484a212f
objects /workspace/lerna-content-02-f05b2f1068958/lerna-content-objects-335326651 27 431976
postgres lerna_test_5a54defbea9796553c485e4c
objects /workspace/lerna-content-02-f05b2f1068958/lerna-content-objects-3997959974 27 431976
postgres lerna_test_92c2cc5494ef4f3cf1d89ff8
objects /workspace/lerna-content-02-f05b2f1068958/lerna-content-objects-1079598396 27 431976
postgres lerna_test_742e8a8a743c2498a20e629d
objects /workspace/lerna-content-02-f05b2f1068958/lerna-content-objects-3358366180 27 431976
postgres lerna_test_92103939aab6ff1025ecc64c
objects /workspace/lerna-content-02-f05b2f1068958/lerna-content-objects-2677460377 27 431976
postgres lerna_test_c52ea0975fedcebbdf45a8c7
objects /workspace/lerna-content-02-f05b2f1068958/lerna-content-objects-1035256999 27 431976
pg_legacy_restore_connection lerna_test_c52ea0975fedcebbdf45a8c7
postgres lerna_test_94445953f1bd1932ddcc5417
objects /workspace/lerna-content-02-f05b2f1068958/lerna-content-objects-2532908184 27 431976
native_exit 2237092 2237092 status=0 group_absent=True
process_group 2242530 2242530 /workspace/lerna-content-02-f05b2f1068958
postgres lerna_test_f6114e23232e5099c1522055
objects /workspace/lerna-content-02-f05b2f1068958/lerna-content-objects-1613284334 27 432341
pg_legacy_restore_connection lerna_test_f6114e23232e5099c1522055
native_exit 2242530 2242530 status=0 group_absent=True
process_group 2243139 2243139 /workspace/lerna-content-02-f05b2f1068958
native_exit 2243139 2243139 status=0 group_absent=True
objects /workspace/lerna-content-02-f05b2f1068958/legacy-many-objects 27 431381
process_group 2246175 2246175 /workspace/lerna-content-02-f05b2f1068958
postgres lerna_test_a230998266aca1270c72b73e
native_exit 2246175 2246175 status=0 group_absent=True
process_group 2248365 2248365 /workspace/lerna-content-02-f05b2f1068958
native_exit 2248365 2248365 status=0 group_absent=True
process_group 2251889 2251889 /workspace/lerna-content-02-f05b2f1068958
postgres lerna_test_c4c80872a44e9c243eccf30d
objects /workspace/lerna-content-02-f05b2f1068958/lerna-content-objects-1045017104 27 431705
pg_legacy_restore_connection lerna_test_c4c80872a44e9c243eccf30d
native_exit 2251889 2251889 status=0 group_absent=True
process_group 2254001 2254001 /workspace/lerna-content-02-f05b2f1068958
postgres lerna_test_cff3e84e765ba40fdf99c3ba
objects /workspace/lerna-content-02-f05b2f1068958/lerna-content-objects-483837199 27 431969
pg_legacy_restore_connection lerna_test_cff3e84e765ba40fdf99c3ba
native_exit 2254001 2254001 status=1 group_absent=True
process_group 2255514 2255514 /workspace/lerna-content-02-f05b2f1068958
postgres lerna_test_39106619823ab611856efdce
objects /workspace/lerna-content-02-f05b2f1068958/lerna-content-objects-1970455750 27 432327
pg_legacy_restore_connection lerna_test_39106619823ab611856efdce
native_exit 2255514 2255514 status=0 group_absent=True
process_group 2257342 2257342 /workspace/lerna-content-02-f05b2f1068958
postgres lerna_test_60cfb4effa5c21e627693c06
objects /workspace/lerna-content-02-f05b2f1068958/lerna-content-objects-962784964 27 432609
native_exit 2257342 2257342 status=1 group_absent=True
process_group 2258139 2258139 /workspace/lerna-content-02-f05b2f1068958
postgres lerna_test_0217889fdb6a9ea33402478d
objects /workspace/lerna-content-02-f05b2f1068958/lerna-content-objects-755977149 27 432858
native_exit 2258139 2258139 status=0 group_absent=True
process_group 2260747 2260747 /workspace/lerna-content-02-f05b2f1068958
postgres lerna_test_cecc2c4bc66b6363224aefd1
objects /workspace/lerna-content-02-f05b2f1068958/lerna-content-objects-1566700601 27 432513
native_exit 2260747 2260747 status=1 group_absent=True
process_group 2262827 2262827 /workspace/lerna-content-02-f05b2f1068958
postgres lerna_test_ca211676f08092bf9723c0fa
objects /workspace/lerna-content-02-f05b2f1068958/lerna-content-objects-210454244 27 432849
native_exit 2262827 2262827 status=1 group_absent=True
process_group 2266150 2266150 /workspace/lerna-content-02-f05b2f1068958
postgres lerna_test_7d81edb0b15ed92c352d1563
objects /workspace/lerna-content-02-f05b2f1068958/lerna-content-objects-204023643 27 432324
postgres lerna_test_c300ee3e7f20e3fb73951739
objects /workspace/lerna-content-02-f05b2f1068958/lerna-content-objects-1114825009 27 432324
postgres lerna_test_c38b534ebd8489e46955f078
objects /workspace/lerna-content-02-f05b2f1068958/lerna-content-objects-4218532322 27 432324
postgres lerna_test_1685ae42caf158c1ae63ae20
objects /workspace/lerna-content-02-f05b2f1068958/lerna-content-objects-20180904 27 432324
postgres lerna_test_a0039f9b01db704afc386956
objects /workspace/lerna-content-02-f05b2f1068958/lerna-content-objects-348761699 27 432324
native_exit 2266150 2266150 status=0 group_absent=True
process_group 2268244 2268244 /workspace/lerna-content-02-f05b2f1068958
native_exit 2268244 2268244 status=0 group_absent=True
process_group 2268260 2268260 /workspace/lerna-content-02-f05b2f1068958
native_exit 2268260 2268260 status=0 group_absent=True
process_group 2270131 2270131 /workspace/lerna-content-02-f05b2f1068958
postgres lerna_test_26084e55359cc66442dff7c5
objects /workspace/lerna-content-02-f05b2f1068958/lerna-content-objects-3727478695 27 432017
postgres lerna_test_ebdbe5096be7fca59260ddc1
objects /workspace/lerna-content-02-f05b2f1068958/lerna-content-objects-3701329992 27 432017
postgres lerna_test_ae1479a6433d680a3e8db2e6
objects /workspace/lerna-content-02-f05b2f1068958/lerna-content-objects-447696432 27 432017
postgres lerna_test_d541ffd26e96767a5f66cb81
objects /workspace/lerna-content-02-f05b2f1068958/lerna-content-objects-2874279998 27 432017
pg_policy_connections lerna_test_d541ffd26e96767a5f66cb81
pg_policy_holder lerna_test_d541ffd26e96767a5f66cb81 364195
postgres lerna_test_9063e2649f3c3a41f50146c2
objects /workspace/lerna-content-02-f05b2f1068958/lerna-content-objects-1027343625 27 432017
postgres lerna_test_e327e41e09779a708e7eb4b0
objects /workspace/lerna-content-02-f05b2f1068958/lerna-content-objects-598503872 27 432017
postgres lerna_test_34b743e0b3e9f6256b2eb94c
objects /workspace/lerna-content-02-f05b2f1068958/lerna-content-objects-620362689 27 432017
pg_policy_connections lerna_test_34b743e0b3e9f6256b2eb94c
pg_policy_holder lerna_test_34b743e0b3e9f6256b2eb94c 364214
postgres lerna_test_e65e1bb71b06d1c902b595e9
objects /workspace/lerna-content-02-f05b2f1068958/lerna-content-objects-2543658785 27 432017
pg_policy_connections lerna_test_e65e1bb71b06d1c902b595e9
pg_policy_holder lerna_test_e65e1bb71b06d1c902b595e9 364224
postgres lerna_test_1f17f1461847c2f5ad3801b1
objects /workspace/lerna-content-02-f05b2f1068958/lerna-content-objects-880137268 27 432017
postgres lerna_test_6d178a0e163f6a65a6f9b58c
objects /workspace/lerna-content-02-f05b2f1068958/lerna-content-objects-2137051393 27 432017
postgres lerna_test_2477c3eb1eac5304e80220fa
objects /workspace/lerna-content-02-f05b2f1068958/lerna-content-objects-3157685842 27 432017
postgres lerna_test_740155962fb5fc0607d3517e
objects /workspace/lerna-content-02-f05b2f1068958/lerna-content-objects-1941852210 27 432017
postgres lerna_test_dc5dfe37e87de4100a8b4574
objects /workspace/lerna-content-02-f05b2f1068958/lerna-content-objects-953035250 27 432017
postgres lerna_test_0fa5bd0ee433dd75f01433c2
objects /workspace/lerna-content-02-f05b2f1068958/lerna-content-objects-4020561177 27 432017
postgres lerna_test_16c052c8c6d7237d9a1f8015
objects /workspace/lerna-content-02-f05b2f1068958/lerna-content-objects-1776987991 27 432017
postgres lerna_test_f7400bacbefcffb480117c74
objects /workspace/lerna-content-02-f05b2f1068958/lerna-content-objects-1425587300 27 432017
postgres lerna_test_9f5f3e39df6ceb22bfb8f9f9
objects /workspace/lerna-content-02-f05b2f1068958/lerna-content-objects-719563210 27 432017
postgres lerna_test_e1a0a149d5263e037e60e622
objects /workspace/lerna-content-02-f05b2f1068958/lerna-content-objects-2582314139 27 432017
postgres lerna_test_2ad3dfe74b9b135bb1da01e3
objects /workspace/lerna-content-02-f05b2f1068958/lerna-content-objects-3312973879 27 432017
postgres lerna_test_b41c6d4900c753583caddfe6
objects /workspace/lerna-content-02-f05b2f1068958/lerna-content-objects-558528873 27 432017
postgres lerna_test_e22c1d3fa4967a3906482ebf
objects /workspace/lerna-content-02-f05b2f1068958/lerna-content-objects-3816826681 27 432017
postgres lerna_test_03e4185f7e31718788704d1e
objects /workspace/lerna-content-02-f05b2f1068958/lerna-content-objects-3121969425 27 432017
fixture_object_file /workspace/lerna-content-02-f05b2f1068958/lerna-content-objects-3121969425/da73fc3f262e288d3fbf5bf06db2ebcfbb031f2a5cacbc4e8be74a516714a028
postgres lerna_test_b876e56bf931ed3c3cb60832
objects /workspace/lerna-content-02-f05b2f1068958/lerna-content-objects-362192775 27 432017
postgres lerna_test_9605768a00334da8596d5120
objects /workspace/lerna-content-02-f05b2f1068958/lerna-content-objects-3622286903 27 432017
postgres lerna_test_7f1c995ba4c7933390a62c91
objects /workspace/lerna-content-02-f05b2f1068958/lerna-content-objects-1056921653 27 432017
postgres lerna_test_46bb096c076e4b4041333b5b
objects /workspace/lerna-content-02-f05b2f1068958/lerna-content-objects-3433782946 27 432017
fixture_object_file /workspace/lerna-content-02-f05b2f1068958/lerna-content-objects-3433782946/da73fc3f262e288d3fbf5bf06db2ebcfbb031f2a5cacbc4e8be74a516714a028
postgres lerna_test_8fe6134e79af1172f87ba5ab
objects /workspace/lerna-content-02-f05b2f1068958/lerna-content-objects-2244501055 27 432017
fixture_object_file /workspace/lerna-content-02-f05b2f1068958/lerna-content-objects-2244501055/da73fc3f262e288d3fbf5bf06db2ebcfbb031f2a5cacbc4e8be74a516714a028
postgres lerna_test_1021d0e2c423bb5114531af3
objects /workspace/lerna-content-02-f05b2f1068958/lerna-content-objects-2748711942 27 432017
postgres lerna_test_fc3cd06f7dc290a22e987ddc
objects /workspace/lerna-content-02-f05b2f1068958/lerna-content-objects-4226445620 27 432017
postgres lerna_test_d50936efae9b910a74ba640e
objects /workspace/lerna-content-02-f05b2f1068958/lerna-content-objects-356777505 27 432017
pg_legacy_restore_connection lerna_test_d50936efae9b910a74ba640e
postgres lerna_test_8020d3642041988f11c621c4
objects /workspace/lerna-content-02-f05b2f1068958/lerna-content-objects-3551273219 27 432017
pg_legacy_restore_connection lerna_test_8020d3642041988f11c621c4
postgres lerna_test_0b4891c24837cfb37255a456
objects /workspace/lerna-content-02-f05b2f1068958/lerna-content-objects-3013557511 27 432017
postgres lerna_test_8b64e12f022b5b0cf8b123b0
objects /workspace/lerna-content-02-f05b2f1068958/lerna-content-objects-2194790279 27 432017
postgres lerna_test_f3bfe2ed11a93296843d4f1c
objects /workspace/lerna-content-02-f05b2f1068958/lerna-content-objects-3596169019 27 431708
postgres lerna_test_b69ab02ac17e68f2d18e2046
objects /workspace/lerna-content-02-f05b2f1068958/lerna-content-objects-3081456517 27 431708
postgres lerna_test_09f0f4a8a37863726c49ad1c
objects /workspace/lerna-content-02-f05b2f1068958/lerna-content-objects-1453299070 27 431708
postgres lerna_test_ef058258a577328388d0530f
objects /workspace/lerna-content-02-f05b2f1068958/lerna-content-objects-2148604931 27 431708
postgres lerna_test_d6c6b684633feb2b1a9369cb
objects /workspace/lerna-content-02-f05b2f1068958/lerna-content-objects-1539110366 27 431708
postgres lerna_test_03a9fc727dcbf5dd7881442b
objects /workspace/lerna-content-02-f05b2f1068958/lerna-content-objects-2386770008 27 431708
postgres lerna_test_3022168c8e5dfca05e82dbea
objects /workspace/lerna-content-02-f05b2f1068958/lerna-content-objects-459232610 27 431708
pg_policy_holder lerna_test_3022168c8e5dfca05e82dbea 364502
postgres lerna_test_23e2c5df671d8edb8d3d5165
objects /workspace/lerna-content-02-f05b2f1068958/lerna-content-objects-1530074026 27 431708
postgres lerna_test_a4a5e49a3a452b77e2311783
objects /workspace/lerna-content-02-f05b2f1068958/lerna-content-objects-3397811872 27 431708
postgres lerna_test_5053bc67145e8556353e6e5c
objects /workspace/lerna-content-02-f05b2f1068958/lerna-content-objects-793682223 27 431708
postgres lerna_test_5aedcc33e909f4a3cd7dbc78
objects /workspace/lerna-content-02-f05b2f1068958/lerna-content-objects-3637669628 27 431708
postgres lerna_test_1b9244dc2470935de72be1aa
objects /workspace/lerna-content-02-f05b2f1068958/lerna-content-objects-524271109 27 431708
postgres lerna_test_3d17c354382e89ef6105a694
objects /workspace/lerna-content-02-f05b2f1068958/lerna-content-objects-810013785 27 431708
postgres lerna_test_3b2fb94b301e5a7a6b37ddd4
objects /workspace/lerna-content-02-f05b2f1068958/lerna-content-objects-1131713562 27 431708
postgres lerna_test_586fb3fb5897065de0b43eea
objects /workspace/lerna-content-02-f05b2f1068958/lerna-content-objects-4066928776 27 431708
postgres lerna_test_99d5f57e1e9412e782b89e84
objects /workspace/lerna-content-02-f05b2f1068958/lerna-content-objects-925140390 27 431708
postgres lerna_test_9945adc8a317c9f1bf971c2a
objects /workspace/lerna-content-02-f05b2f1068958/lerna-content-objects-586539408 27 431708
postgres lerna_test_651241aa005507a6e83033bc
objects /workspace/lerna-content-02-f05b2f1068958/lerna-content-objects-822960310 27 431708
postgres lerna_test_cf48ffa5492a365b18110e60
objects /workspace/lerna-content-02-f05b2f1068958/lerna-content-objects-4020492189 27 431708
postgres lerna_test_30abed209aaccc89fdb4613d
objects /workspace/lerna-content-02-f05b2f1068958/lerna-content-objects-3404532777 27 431708
pg_policy_connections lerna_test_30abed209aaccc89fdb4613d
pg_policy_holder lerna_test_30abed209aaccc89fdb4613d 364570
postgres lerna_test_d1133fd5de7352b8dd294480
objects /workspace/lerna-content-02-f05b2f1068958/lerna-content-objects-4122958844 27 431708
pg_policy_connections lerna_test_d1133fd5de7352b8dd294480
pg_policy_holder lerna_test_d1133fd5de7352b8dd294480 364574
postgres lerna_test_4b8146fbc06e9fc689a97a21
objects /workspace/lerna-content-02-f05b2f1068958/lerna-content-objects-1288875526 27 431708
pg_policy_connections lerna_test_4b8146fbc06e9fc689a97a21
pg_policy_holder lerna_test_4b8146fbc06e9fc689a97a21 364578
postgres lerna_test_11f1d2b8630857c653935dc0
objects /workspace/lerna-content-02-f05b2f1068958/lerna-content-objects-2251919722 27 431708
pg_policy_connections lerna_test_11f1d2b8630857c653935dc0
pg_policy_holder lerna_test_11f1d2b8630857c653935dc0 364590
postgres lerna_test_5b1c14266d140ef4278fdd27
objects /workspace/lerna-content-02-f05b2f1068958/lerna-content-objects-4009917362 27 431708
pg_policy_connections lerna_test_5b1c14266d140ef4278fdd27
pg_policy_holder lerna_test_5b1c14266d140ef4278fdd27 364594
postgres lerna_test_8022eda2ce184e0617dc978d
objects /workspace/lerna-content-02-f05b2f1068958/lerna-content-objects-3680351080 27 431708
pg_policy_connections lerna_test_8022eda2ce184e0617dc978d
pg_policy_holder lerna_test_8022eda2ce184e0617dc978d 364598
postgres lerna_test_02077ee7476590e08f8ab111
objects /workspace/lerna-content-02-f05b2f1068958/lerna-content-objects-3759430752 27 431708
pg_policy_connections lerna_test_02077ee7476590e08f8ab111
pg_policy_holder lerna_test_02077ee7476590e08f8ab111 364602
postgres lerna_test_abc2a5e76bfd405d776b6ee1
objects /workspace/lerna-content-02-f05b2f1068958/lerna-content-objects-3866560859 27 431708
pg_policy_connections lerna_test_abc2a5e76bfd405d776b6ee1
pg_policy_holder lerna_test_abc2a5e76bfd405d776b6ee1 364614
postgres lerna_test_1ee8b5811ece5ddd5e32adef
objects /workspace/lerna-content-02-f05b2f1068958/lerna-content-objects-912342317 27 431708
pg_policy_connections lerna_test_1ee8b5811ece5ddd5e32adef
pg_policy_holder lerna_test_1ee8b5811ece5ddd5e32adef 364618
postgres lerna_test_b359f10221ac46f4a0cf967f
objects /workspace/lerna-content-02-f05b2f1068958/lerna-content-objects-3872680140 27 431708
pg_policy_connections lerna_test_b359f10221ac46f4a0cf967f
pg_policy_holder lerna_test_b359f10221ac46f4a0cf967f 364622
postgres lerna_test_d18bcb04e874aa2600fe0ba7
objects /workspace/lerna-content-02-f05b2f1068958/lerna-content-objects-3210629213 27 431708
pg_policy_connections lerna_test_d18bcb04e874aa2600fe0ba7
pg_policy_holder lerna_test_d18bcb04e874aa2600fe0ba7 364634
postgres lerna_test_a2530931db382a4103524340
objects /workspace/lerna-content-02-f05b2f1068958/lerna-content-objects-3392845431 27 431708
postgres lerna_test_c6c4390fcfce23aa7fec03f2
objects /workspace/lerna-content-02-f05b2f1068958/lerna-content-objects-3795956151 27 431708
postgres lerna_test_eb1101be4c276abceb785ad2
objects /workspace/lerna-content-02-f05b2f1068958/lerna-content-objects-1352638664 27 431708
postgres lerna_test_0107691679466e71b9c821d5
objects /workspace/lerna-content-02-f05b2f1068958/lerna-content-objects-1620620473 27 431708
postgres lerna_test_313c7fb6a22a78f9fab640ef
objects /workspace/lerna-content-02-f05b2f1068958/lerna-content-objects-1640448003 27 431708
postgres lerna_test_27147e55a38d5f78a68e2f3f
objects /workspace/lerna-content-02-f05b2f1068958/lerna-content-objects-3479954746 27 431708
postgres lerna_test_51622cf0027c7c8cf8df7c57
objects /workspace/lerna-content-02-f05b2f1068958/lerna-content-objects-3414656526 27 431708
postgres lerna_test_18a3f83e5308e10724545dff
objects /workspace/lerna-content-02-f05b2f1068958/lerna-content-objects-4209289854 27 431708
postgres lerna_test_7dd3f34bd17cdd2f0475256c
objects /workspace/lerna-content-02-f05b2f1068958/lerna-content-objects-591819709 27 431708
postgres lerna_test_5c0638f21c13a10399d7f0a4
objects /workspace/lerna-content-02-f05b2f1068958/lerna-content-objects-3146925434 27 431708
postgres lerna_test_5df61b208281dcc5ac2a9a47
objects /workspace/lerna-content-02-f05b2f1068958/lerna-content-objects-1157319836 27 431708
postgres lerna_test_d4e888f3f1adbc808509ca26
objects /workspace/lerna-content-02-f05b2f1068958/lerna-content-objects-2965237606 27 431708
postgres lerna_test_93dce82212aeb7cb79c7e025
objects /workspace/lerna-content-02-f05b2f1068958/lerna-content-objects-850863686 27 431708
postgres lerna_test_f57f2bb26688824c27392536
objects /workspace/lerna-content-02-f05b2f1068958/lerna-content-objects-800474538 27 431708
postgres lerna_test_0993fba51427311881d9cbda
objects /workspace/lerna-content-02-f05b2f1068958/lerna-content-objects-2684818331 27 431801
pg_migration_connection lerna_test_0993fba51427311881d9cbda
native_exit 2270131 2270131 status=0 group_absent=True
process_group 2278478 2278478 /workspace/lerna-content-02-f05b2f1068958
postgres lerna_test_42178054ea5a5c76793dd913
objects /workspace/lerna-content-02-f05b2f1068958/lerna-content-objects-1980779860 27 432264
postgres lerna_test_a54e2c82d1b8f1213446a59b
objects /workspace/lerna-content-02-f05b2f1068958/lerna-content-objects-2797070892 27 432264
postgres lerna_test_d150bcbb1df978cb9b92dd01
objects /workspace/lerna-content-02-f05b2f1068958/lerna-content-objects-4266877480 27 432264
postgres lerna_test_c6f6c21d5be13105124f5c56
objects /workspace/lerna-content-02-f05b2f1068958/lerna-content-objects-736532829 27 432264
pg_policy_connections lerna_test_c6f6c21d5be13105124f5c56
pg_policy_holder lerna_test_c6f6c21d5be13105124f5c56 365837
postgres lerna_test_886289b591f3f55c52870714
objects /workspace/lerna-content-02-f05b2f1068958/lerna-content-objects-3374276383 27 432264
postgres lerna_test_60c1fc09ee20620913325f63
objects /workspace/lerna-content-02-f05b2f1068958/lerna-content-objects-2713816293 27 432264
postgres lerna_test_4e5ad19c3803de34d77f5063
objects /workspace/lerna-content-02-f05b2f1068958/lerna-content-objects-2509654087 27 432264
pg_policy_connections lerna_test_4e5ad19c3803de34d77f5063
pg_policy_holder lerna_test_4e5ad19c3803de34d77f5063 365871
postgres lerna_test_6f81f13db4ec5ba4aae2d56c
objects /workspace/lerna-content-02-f05b2f1068958/lerna-content-objects-3462691918 27 432264
pg_policy_connections lerna_test_6f81f13db4ec5ba4aae2d56c
pg_policy_holder lerna_test_6f81f13db4ec5ba4aae2d56c 365875
postgres lerna_test_788ad55afa91d7bc0c60fa66
objects /workspace/lerna-content-02-f05b2f1068958/lerna-content-objects-1171359211 27 432264
postgres lerna_test_e521a2da2bb275420a2194c9
objects /workspace/lerna-content-02-f05b2f1068958/lerna-content-objects-59852873 27 432264
postgres lerna_test_20b31b2413ffbf7681b220b8
objects /workspace/lerna-content-02-f05b2f1068958/lerna-content-objects-3813836809 27 431412
postgres lerna_test_783f045d34d95cc67e44ae62
objects /workspace/lerna-content-02-f05b2f1068958/lerna-content-objects-411373675 27 431412
postgres lerna_test_76e518d6f3ec3ee72dfdcbe3
objects /workspace/lerna-content-02-f05b2f1068958/lerna-content-objects-1808533987 27 431412
postgres lerna_test_449da9499ce5ae64eff18bb6
objects /workspace/lerna-content-02-f05b2f1068958/lerna-content-objects-2269882829 27 431412
postgres lerna_test_040e1e538ac3fd415f37777d
objects /workspace/lerna-content-02-f05b2f1068958/lerna-content-objects-876992579 27 431412
postgres lerna_test_1513730d1ba3450167b4af78
objects /workspace/lerna-content-02-f05b2f1068958/lerna-content-objects-2793440118 27 431412
postgres lerna_test_e2f683131af0e13079e25c6c
objects /workspace/lerna-content-02-f05b2f1068958/lerna-content-objects-1842879436 27 431429
postgres lerna_test_75df0464a010ef788eeabb9e
objects /workspace/lerna-content-02-f05b2f1068958/lerna-content-objects-1793722932 27 431429
postgres lerna_test_e7bdecfae605dcf8ae9985e8
objects /workspace/lerna-content-02-f05b2f1068958/lerna-content-objects-1888356380 27 431429
postgres lerna_test_795d1100c9f29c31cb9ebaa1
objects /workspace/lerna-content-02-f05b2f1068958/lerna-content-objects-107594862 27 431429
postgres lerna_test_b5dcfc1d0197119204dd095a
objects /workspace/lerna-content-02-f05b2f1068958/lerna-content-objects-2825432723 27 431429
postgres lerna_test_ad3e8938c9e0ff87aa317d52
objects /workspace/lerna-content-02-f05b2f1068958/lerna-content-objects-2765294450 27 431429
fixture_object_file /workspace/lerna-content-02-f05b2f1068958/lerna-content-objects-2765294450/da73fc3f262e288d3fbf5bf06db2ebcfbb031f2a5cacbc4e8be74a516714a028
postgres lerna_test_60d725c313c5891a5f9f4ab2
objects /workspace/lerna-content-02-f05b2f1068958/lerna-content-objects-3108781271 27 431429
postgres lerna_test_b38c62c9148b0f51838b4f0d
objects /workspace/lerna-content-02-f05b2f1068958/lerna-content-objects-3622493994 27 431429
postgres lerna_test_9b82eb7ca258df788b959bba
objects /workspace/lerna-content-02-f05b2f1068958/lerna-content-objects-3420065576 27 431429
postgres lerna_test_738e26944a00dece8f9b689e
objects /workspace/lerna-content-02-f05b2f1068958/lerna-content-objects-3180670692 27 431429
fixture_object_file /workspace/lerna-content-02-f05b2f1068958/lerna-content-objects-3180670692/da73fc3f262e288d3fbf5bf06db2ebcfbb031f2a5cacbc4e8be74a516714a028
postgres lerna_test_62ad63e2949c4bb43706d099
objects /workspace/lerna-content-02-f05b2f1068958/lerna-content-objects-366090713 27 431429
fixture_object_file /workspace/lerna-content-02-f05b2f1068958/lerna-content-objects-366090713/da73fc3f262e288d3fbf5bf06db2ebcfbb031f2a5cacbc4e8be74a516714a028
postgres lerna_test_3cbbb5ba967193625e7c9596
objects /workspace/lerna-content-02-f05b2f1068958/lerna-content-objects-3187412212 27 431429
postgres lerna_test_9d1866ccf2b91bf77966edda
objects /workspace/lerna-content-02-f05b2f1068958/lerna-content-objects-2304164463 27 431429
postgres lerna_test_9f79ae6912ea72495cebec1e
objects /workspace/lerna-content-02-f05b2f1068958/lerna-content-objects-2468463321 27 431429
pg_legacy_restore_connection lerna_test_9f79ae6912ea72495cebec1e
postgres lerna_test_8783e34c89cf40621188ab6f
objects /workspace/lerna-content-02-f05b2f1068958/lerna-content-objects-4236808056 27 431429
pg_legacy_restore_connection lerna_test_8783e34c89cf40621188ab6f
postgres lerna_test_07e409db3f1bf1f5685b8e78
objects /workspace/lerna-content-02-f05b2f1068958/lerna-content-objects-181860663 27 431429
postgres lerna_test_71f3dff0baf20c3747120487
objects /workspace/lerna-content-02-f05b2f1068958/lerna-content-objects-1589448591 27 431391
postgres lerna_test_97845e786eb4242073c4d7a1
objects /workspace/lerna-content-02-f05b2f1068958/lerna-content-objects-3270003115 27 431391
postgres lerna_test_246d2b9e75987f0311eb4881
objects /workspace/lerna-content-02-f05b2f1068958/lerna-content-objects-3096690227 27 431391
postgres lerna_test_e6897aed5e0342bd0559c004
objects /workspace/lerna-content-02-f05b2f1068958/lerna-content-objects-2909949313 27 431391
postgres lerna_test_4c02636a30f2a43d23b12518
objects /workspace/lerna-content-02-f05b2f1068958/lerna-content-objects-3626293746 27 431514
postgres lerna_test_2cd988002512f16afd3391ed
objects /workspace/lerna-content-02-f05b2f1068958/lerna-content-objects-3231173386 27 431514
postgres lerna_test_5fddcc95d9d32efacf941bdb
objects /workspace/lerna-content-02-f05b2f1068958/lerna-content-objects-2560534900 27 431514
postgres lerna_test_131a78a73a0c16ca01035c5b
objects /workspace/lerna-content-02-f05b2f1068958/lerna-content-objects-1855816949 27 431514
pg_policy_holder lerna_test_131a78a73a0c16ca01035c5b 366292
postgres lerna_test_fcb1d26fc6f47410b733034b
objects /workspace/lerna-content-02-f05b2f1068958/lerna-content-objects-733661766 27 431514
postgres lerna_test_24cee055d445b4627905b46d
objects /workspace/lerna-content-02-f05b2f1068958/lerna-content-objects-3558864692 27 431514
postgres lerna_test_8729a8bb409a5539c485935a
objects /workspace/lerna-content-02-f05b2f1068958/lerna-content-objects-3802226205 27 431514
postgres lerna_test_3c78baa4ea7e479207edda91
objects /workspace/lerna-content-02-f05b2f1068958/lerna-content-objects-3257854820 27 431514
postgres lerna_test_6e1b71c43fdd5bf108147ad9
objects /workspace/lerna-content-02-f05b2f1068958/lerna-content-objects-3239203584 27 431514
postgres lerna_test_6ca0a47eb8a2222d69f02d41
objects /workspace/lerna-content-02-f05b2f1068958/lerna-content-objects-878408143 27 431514
postgres lerna_test_6b8f60ee6b09466c308df88e
objects /workspace/lerna-content-02-f05b2f1068958/lerna-content-objects-4130439993 27 431524
native_exit 2278478 2278478 status=-9 group_absent=False
