{"argv": ["gofmt", "-w", "conformance/component/content_process_recovery_test.go"], "deadline_seconds": 120, "event": "native_start_ack", "operation": "policy-orphan-format", "pgid": 3846993, "pid": 3846993, "root": "/tmp/lerna-04-ticket06-execution", "starttime": "16118850"}
{"event": "native_completion_ack", "exit": 0, "group_absent": true, "operation": "policy-orphan-format", "owned_raw_fsync_close_ack": true, "pgid": 3846993, "pid": 3846993, "starttime": "16118850", "timed_out": false}
{"argv": ["bash", "-c", ". /workspace/.lerna-env/env.sh; export GOTOOLCHAIN=local GOFLAGS=-mod=readonly; exec \"$@\"", "owned-locked", "go", "test", "-tags=integration", "-v", "-count=1", "-p=1", "-mod=readonly", "-timeout=120s", "./conformance/component", "-run", "^TestContentSIGKILLWithCurrentSaveWithdrawalRecoversOriginalOrphanDuty$/^normal_release$"], "deadline_seconds": 120, "event": "native_start_ack", "operation": "policy-orphan-normal-control", "pgid": 3847706, "pid": 3847706, "root": "/tmp/lerna-04-ticket06-execution", "starttime": "16122119"}
postgres lerna_test_1792b35ad5b4e329b3a3dcd5
objects /tmp/lerna-04-ticket06-execution/lerna-content-objects-919670284 33 448873
{"event": "native_completion_ack", "exit": 1, "group_absent": true, "operation": "policy-orphan-normal-control", "owned_raw_fsync_close_ack": true, "pgid": 3847706, "pid": 3847706, "starttime": "16122119", "timed_out": false}
{"argv": ["gofmt", "-w", "conformance/component/content_process_recovery_test.go"], "deadline_seconds": 120, "event": "native_start_ack", "operation": "policy-orphan-reader-format", "pgid": 3867394, "pid": 3867394, "root": "/tmp/lerna-04-ticket06-execution", "starttime": "16209893"}
{"event": "native_completion_ack", "exit": 0, "group_absent": true, "operation": "policy-orphan-reader-format", "owned_raw_fsync_close_ack": true, "pgid": 3867394, "pid": 3867394, "starttime": "16209893", "timed_out": false}
{"argv": ["bash", "-c", ". /workspace/.lerna-env/env.sh; export GOTOOLCHAIN=local GOFLAGS=-mod=readonly; exec \"$@\"", "owned-locked", "go", "test", "-tags=integration", "-v", "-count=1", "-p=1", "-mod=readonly", "-timeout=120s", "./conformance/component", "-run", "^TestContentSIGKILLWithCurrentSaveWithdrawalRecoversOriginalOrphanDuty$/^normal_release$"], "deadline_seconds": 120, "event": "native_start_ack", "operation": "policy-orphan-reader-normal-control", "pgid": 3868040, "pid": 3868040, "root": "/tmp/lerna-04-ticket06-execution", "starttime": "16212656"}
postgres lerna_test_ea7d4e9ae094dd9db46c59aa
objects /tmp/lerna-04-ticket06-execution/lerna-content-objects-2101095036 33 450170
content_child_holder lerna_test_ea7d4e9ae094dd9db46c59aa generation=1 native_close=UNKNOWN
content_child_native lerna_test_ea7d4e9ae094dd9db46c59aa generation=1 pid=3868205 pgid=3868040 start=16213166
content_child_close lerna_test_ea7d4e9ae094dd9db46c59aa generation=1 store=ACK objects=ACK
{"event": "native_completion_ack", "exit": 0, "group_absent": true, "operation": "policy-orphan-reader-normal-control", "owned_raw_fsync_close_ack": true, "pgid": 3868040, "pid": 3868040, "starttime": "16212656", "timed_out": false}
{"argv": ["bash", "-c", ". /workspace/.lerna-env/env.sh; export GOTOOLCHAIN=local GOFLAGS=-mod=readonly; exec \"$@\"", "owned-locked", "go", "test", "-tags=integration", "-v", "-count=1", "-p=1", "-mod=readonly", "-timeout=120s", "./conformance/component", "-run", "^TestContentSIGKILLWithCurrentSaveWithdrawalRecoversOriginalOrphanDuty$/^SIGKILL_then_current_save_withdrawal$"], "deadline_seconds": 120, "event": "native_start_ack", "operation": "policy-orphan-reader-sigkill-fault", "pgid": 3886840, "pid": 3886840, "root": "/tmp/lerna-04-ticket06-execution", "starttime": "16296846"}
postgres lerna_test_19c2e383adb12e48ac55afed
objects /tmp/lerna-04-ticket06-execution/lerna-content-objects-3364467673 33 451764
content_child_holder lerna_test_19c2e383adb12e48ac55afed generation=1 native_close=UNKNOWN
content_child_native lerna_test_19c2e383adb12e48ac55afed generation=1 pid=3886940 pgid=3886840 start=16296998
content_child_close lerna_test_19c2e383adb12e48ac55afed generation=1 store=UNKNOWN objects=UNKNOWN retained=true
content_child_holder lerna_test_19c2e383adb12e48ac55afed generation=2 native_close=UNKNOWN
content_child_native lerna_test_19c2e383adb12e48ac55afed generation=2 pid=3887044 pgid=3886840 start=16297505
content_child_close lerna_test_19c2e383adb12e48ac55afed generation=2 store=ACK objects=ACK
{"event": "native_completion_ack", "exit": 0, "group_absent": true, "operation": "policy-orphan-reader-sigkill-fault", "owned_raw_fsync_close_ack": true, "pgid": 3886840, "pid": 3886840, "starttime": "16296846", "timed_out": false}
{"argv": ["bash", "-c", ". /workspace/.lerna-env/env.sh; export GOTOOLCHAIN=local GOFLAGS=-mod=readonly; exec \"$@\"", "owned-locked", "go", "test", "-race", "-tags=integration", "-v", "-count=1", "-p=1", "-mod=readonly", "-timeout=120s", "./conformance/component", "-run", "^TestContentSIGKILLWithCurrentSaveWithdrawalRecoversOriginalOrphanDuty$"], "deadline_seconds": 120, "event": "native_start_ack", "operation": "policy-orphan-reader-paired-race", "pgid": 3905075, "pid": 3905075, "root": "/tmp/lerna-04-ticket06-execution", "starttime": "16367800"}
postgres lerna_test_c04e03df8f37657da9a84ce5
objects /tmp/lerna-04-ticket06-execution/lerna-content-objects-3418960653 33 452722
content_child_holder lerna_test_c04e03df8f37657da9a84ce5 generation=1 native_close=UNKNOWN
content_child_native lerna_test_c04e03df8f37657da9a84ce5 generation=1 pid=3905350 pgid=3905075 start=16368600
content_child_close lerna_test_c04e03df8f37657da9a84ce5 generation=1 store=ACK objects=ACK
postgres lerna_test_5aa1dba26c48dcc1e55eb965
objects /tmp/lerna-04-ticket06-execution/lerna-content-objects-3028872266 33 452726
content_child_holder lerna_test_5aa1dba26c48dcc1e55eb965 generation=1 native_close=UNKNOWN
content_child_native lerna_test_5aa1dba26c48dcc1e55eb965 generation=1 pid=3905421 pgid=3905075 start=16368768
content_child_close lerna_test_5aa1dba26c48dcc1e55eb965 generation=1 store=UNKNOWN objects=UNKNOWN retained=true
content_child_holder lerna_test_5aa1dba26c48dcc1e55eb965 generation=2 native_close=UNKNOWN
content_child_native lerna_test_5aa1dba26c48dcc1e55eb965 generation=2 pid=3905539 pgid=3905075 start=16369288
content_child_close lerna_test_5aa1dba26c48dcc1e55eb965 generation=2 store=ACK objects=ACK
{"event": "native_completion_ack", "exit": 0, "group_absent": true, "operation": "policy-orphan-reader-paired-race", "owned_raw_fsync_close_ack": true, "pgid": 3905075, "pid": 3905075, "starttime": "16367800", "timed_out": false}
