=== RUN   TestContentContextReachableClosure64And65IncludesIntermediateVersions
=== RUN   TestContentContextReachableClosure64And65IncludesIntermediateVersions/64
    context_claim_diagnostics.go:119: CLAIM_DIAG bounded_events=324 dropped=0 inclusive_totals_do_not_sum=true
    context_claim_diagnostics.go:121: CLAIM_DIAG event kind=phase.testcase-start at=5.27µs duration=177ns caller_remaining=29.999978901s cause=nil 
    context_claim_diagnostics.go:121: CLAIM_DIAG event kind=phase.owners-established at=307.232272ms duration=532ns caller_remaining=29.692751899s cause=nil 
    context_claim_diagnostics.go:121: CLAIM_DIAG event kind=phase.original-bounds at=321.244308ms duration=21.801µs caller_remaining=29.678739863s cause=nil payload_sha256=e0b97f5fdcf5eba1bc02327a7a526ab4b468d92c9810ba34b11b0cc8ccf9032a caller=30s lease=5s input=262144 output=131072 capacity=524288 reserve=131072 read=262160 original_deadline=2026-10-05T05:05:21.088856Z
    context_claim_diagnostics.go:121: CLAIM_DIAG event kind=phase.initial-primary-selector-published at=484.310743ms duration=353ns caller_remaining=29.515673428s cause=nil 
    context_claim_diagnostics.go:121: CLAIM_DIAG event kind=phase.all-upstream-sources-published at=3.54076818s duration=303ns caller_remaining=26.459215991s cause=nil 
    context_claim_diagnostics.go:121: CLAIM_DIAG event kind=phase.compile-start at=3.555454848s duration=350ns caller_remaining=26.444529323s cause=nil 
    context_claim_diagnostics.go:121: CLAIM_DIAG event kind=phase.compile-published-pre-bind at=7.184321138s duration=443ns caller_remaining=22.815663033s cause=nil 
    context_claim_diagnostics.go:121: CLAIM_DIAG event kind=phase.compile-and-bind-end at=7.192645411s duration=3.637190913s caller_remaining=22.80733876s cause=nil 
    context_claim_diagnostics.go:121: CLAIM_DIAG event kind=phase.independent-lock-observation-start at=7.192648454s duration=78ns caller_remaining=22.807335717s cause=nil 
    context_claim_diagnostics.go:121: CLAIM_DIAG event kind=phase.independent-lock-observation-end at=7.338521447s duration=145.873224ms caller_remaining=22.661462724s cause=nil 
    context_claim_diagnostics.go:121: CLAIM_DIAG event kind=phase.dispatch-start at=7.338588826s duration=263ns caller_remaining=22.661395345s cause=nil 
    context_claim_diagnostics.go:121: CLAIM_DIAG event kind=store.SaveDecision at=7.375021522s duration=12.028012ms caller_remaining=22.624962649s cause=nil status=accepted prepared=false sequence=0 input_digest=sha256:da29fe9d9b520e8d6a7237b310f8f1d10e0cfd04bce58cc304fdb4d0be081581 callback_only=true
    context_claim_diagnostics.go:121: CLAIM_DIAG event kind=store.WithinSave at=7.40247432s duration=44.561892ms caller_remaining=22.597509851s cause=nil callback_cause=nil final_cause=nil committed=true save_cause=nil status=accepted prepared=false sequence=0 input_digest=sha256:da29fe9d9b520e8d6a7237b310f8f1d10e0cfd04bce58cc304fdb4d0be081581
    context_claim_diagnostics.go:121: CLAIM_DIAG event kind=phase.dispatch-end at=7.405106308s duration=66.517745ms caller_remaining=22.594877863s cause=nil 
    context_claim_diagnostics.go:121: CLAIM_DIAG event kind=phase.decision-step-start at=7.405107508s duration=75ns caller_remaining=22.594876663s cause=nil 
    context_claim_diagnostics.go:121: CLAIM_DIAG event kind=store.Claim at=7.424912304s duration=948.053µs caller_remaining=22.575071867s cause=nil job=job-8d19b1cc972a47b96d116d2c12115115 epoch=1 revision=1 phase=decide lease_until=2026-10-05T05:03:33.205491Z supplied_now=2026-10-05T05:03:28.205491Z lease_delta=5s
    context_claim_diagnostics.go:121: CLAIM_DIAG event kind=store.SaveDecision at=7.437542809s duration=746.061µs caller_remaining=22.562441362s cause=nil status=running prepared=false sequence=1 input_digest=sha256:da29fe9d9b520e8d6a7237b310f8f1d10e0cfd04bce58cc304fdb4d0be081581 callback_only=true
    context_claim_diagnostics.go:121: CLAIM_DIAG event kind=store.WithinSave at=7.438684609s duration=5.065643ms caller_remaining=22.561299562s cause=nil callback_cause=nil final_cause=nil committed=true save_cause=nil status=running prepared=false sequence=1 input_digest=sha256:da29fe9d9b520e8d6a7237b310f8f1d10e0cfd04bce58cc304fdb4d0be081581
    context_claim_diagnostics.go:121: CLAIM_DIAG event kind=store.SaveDecision at=8.99498717s duration=4.814067ms caller_remaining=21.004997001s cause=nil status=running prepared=true sequence=1 input_digest=sha256:da29fe9d9b520e8d6a7237b310f8f1d10e0cfd04bce58cc304fdb4d0be081581 callback_only=true
    context_claim_diagnostics.go:121: CLAIM_DIAG event kind=store.WithinSave at=8.996331446s duration=11.611542ms caller_remaining=21.003652725s cause=nil callback_cause=nil final_cause=nil committed=true save_cause=nil status=running prepared=true sequence=1 input_digest=sha256:da29fe9d9b520e8d6a7237b310f8f1d10e0cfd04bce58cc304fdb4d0be081581
    context_claim_diagnostics.go:121: CLAIM_DIAG event kind=store.SaveDecision at=10.531750778s duration=4.596729ms caller_remaining=19.468233393s cause=nil status=completed prepared=true sequence=1 input_digest=sha256:da29fe9d9b520e8d6a7237b310f8f1d10e0cfd04bce58cc304fdb4d0be081581 callback_only=true
    context_claim_diagnostics.go:121: CLAIM_DIAG event kind=store.WithinSave at=10.538033785s duration=20.495647ms caller_remaining=19.461950386s cause=nil callback_cause=nil final_cause=nil committed=true save_cause=nil status=completed prepared=true sequence=1 input_digest=sha256:da29fe9d9b520e8d6a7237b310f8f1d10e0cfd04bce58cc304fdb4d0be081581
    context_claim_diagnostics.go:121: CLAIM_DIAG event kind=phase.decision-step-end at=10.541741273s duration=3.13663384s caller_remaining=19.458242898s cause=nil 
    context_claim_diagnostics.go:141: CLAIM_DIAG aggregate kind=access.Binding count=1 inclusive_total=5.292234ms max=5.292234ms
    context_claim_diagnostics.go:141: CLAIM_DIAG aggregate kind=access.Current count=70 inclusive_total=283.71071ms max=9.224548ms
    context_claim_diagnostics.go:141: CLAIM_DIAG aggregate kind=access.PrepareContent count=6 inclusive_total=55.373003ms max=16.682155ms
    context_claim_diagnostics.go:141: CLAIM_DIAG aggregate kind=access.StagePublication count=6 inclusive_total=65.061078ms max=25.393508ms
    context_claim_diagnostics.go:141: CLAIM_DIAG aggregate kind=content.GetCommand count=12 inclusive_total=65.310299ms max=13.493012ms
    context_claim_diagnostics.go:141: CLAIM_DIAG aggregate kind=content.Put count=6 inclusive_total=1.733420265s max=374.011378ms
    context_claim_diagnostics.go:141: CLAIM_DIAG aggregate kind=content.ReadForProcessing count=69 inclusive_total=1.74705792s max=136.982212ms
    context_claim_diagnostics.go:141: CLAIM_DIAG aggregate kind=content.Step count=6 inclusive_total=807.70732ms max=148.233344ms
    context_claim_diagnostics.go:141: CLAIM_DIAG aggregate kind=phase.all-upstream-sources-published count=1 inclusive_total=303ns max=303ns
    context_claim_diagnostics.go:141: CLAIM_DIAG aggregate kind=phase.compile-and-bind-end count=1 inclusive_total=3.637190913s max=3.637190913s
    context_claim_diagnostics.go:141: CLAIM_DIAG aggregate kind=phase.compile-published-pre-bind count=1 inclusive_total=443ns max=443ns
    context_claim_diagnostics.go:141: CLAIM_DIAG aggregate kind=phase.compile-start count=1 inclusive_total=350ns max=350ns
    context_claim_diagnostics.go:141: CLAIM_DIAG aggregate kind=phase.decision-step-end count=1 inclusive_total=3.13663384s max=3.13663384s
    context_claim_diagnostics.go:141: CLAIM_DIAG aggregate kind=phase.decision-step-start count=1 inclusive_total=75ns max=75ns
    context_claim_diagnostics.go:141: CLAIM_DIAG aggregate kind=phase.dispatch-end count=1 inclusive_total=66.517745ms max=66.517745ms
    context_claim_diagnostics.go:141: CLAIM_DIAG aggregate kind=phase.dispatch-start count=1 inclusive_total=263ns max=263ns
    context_claim_diagnostics.go:141: CLAIM_DIAG aggregate kind=phase.independent-lock-observation-end count=1 inclusive_total=145.873224ms max=145.873224ms
    context_claim_diagnostics.go:141: CLAIM_DIAG aggregate kind=phase.independent-lock-observation-start count=1 inclusive_total=78ns max=78ns
    context_claim_diagnostics.go:141: CLAIM_DIAG aggregate kind=phase.initial-primary-selector-published count=1 inclusive_total=353ns max=353ns
    context_claim_diagnostics.go:141: CLAIM_DIAG aggregate kind=phase.original-bounds count=1 inclusive_total=21.801µs max=21.801µs
    context_claim_diagnostics.go:141: CLAIM_DIAG aggregate kind=phase.owners-established count=1 inclusive_total=532ns max=532ns
    context_claim_diagnostics.go:141: CLAIM_DIAG aggregate kind=phase.testcase-start count=1 inclusive_total=177ns max=177ns
    context_claim_diagnostics.go:141: CLAIM_DIAG aggregate kind=publisher.Plan count=2 inclusive_total=13.351579ms max=7.5436ms
    context_claim_diagnostics.go:141: CLAIM_DIAG aggregate kind=publisher.Publish count=2 inclusive_total=1.247662765s max=683.068581ms
    context_claim_diagnostics.go:141: CLAIM_DIAG aggregate kind=publisher.ReadPublished count=2 inclusive_total=255.677946ms max=130.119ms
    context_claim_diagnostics.go:141: CLAIM_DIAG aggregate kind=source.Lock count=1 inclusive_total=286.645482ms max=286.645482ms
    context_claim_diagnostics.go:141: CLAIM_DIAG aggregate kind=source.Material count=61 inclusive_total=970.483828ms max=138.162033ms
    context_claim_diagnostics.go:141: CLAIM_DIAG aggregate kind=source.Snapshot count=1 inclusive_total=269.298196ms max=269.298196ms
    context_claim_diagnostics.go:141: CLAIM_DIAG aggregate kind=store.Claim count=1 inclusive_total=948.053µs max=948.053µs
    context_claim_diagnostics.go:141: CLAIM_DIAG aggregate kind=store.Now count=24 inclusive_total=3.46466ms max=317.964µs
    context_claim_diagnostics.go:141: CLAIM_DIAG aggregate kind=store.SaveDecision count=4 inclusive_total=22.184869ms max=12.028012ms
    context_claim_diagnostics.go:141: CLAIM_DIAG aggregate kind=store.ValidateClaim count=11 inclusive_total=2.912577ms max=553.73µs
    context_claim_diagnostics.go:141: CLAIM_DIAG aggregate kind=store.ValidatePoolClaim count=6 inclusive_total=3.335353ms max=851.031µs
    context_claim_diagnostics.go:141: CLAIM_DIAG aggregate kind=store.Within count=15 inclusive_total=128.416149ms max=44.550916ms
    context_claim_diagnostics.go:141: CLAIM_DIAG aggregate kind=store.WithinSave count=4 inclusive_total=81.734724ms max=44.561892ms
    context_claim_diagnostics.go:121: CLAIM_DIAG last_gate kind=store.ValidateClaim at=10.520899009s duration=111.139µs caller_remaining=19.479085162s cause=nil job=job-8d19b1cc972a47b96d116d2c12115115 epoch=1 revision=1 phase=decide lease_until=2026-10-05T05:03:33.205491Z supplied_now=2026-10-05T05:03:31.302343Z lease_delta=1.903148s
    context_claim_diagnostics.go:121: CLAIM_DIAG last_gate kind=store.ValidatePoolClaim at=10.521372639s duration=472.54µs caller_remaining=19.478611532s cause=nil job=job-8d19b1cc972a47b96d116d2c12115115 epoch=1 revision=1 phase=decide lease_until=2026-10-05T05:03:33.205491Z supplied_now=2026-10-05T05:03:31.302343Z lease_delta=1.903148s
    context_claim_diagnostics.go:463: PUBLICATION_DIAG fixed_scopes=4 slots_per_scope=32 publish_calls=2 read_published_calls=2 dropped=0 monotonic_elapsed_only=true inclusive_totals_do_not_sum=true
    context_claim_diagnostics.go:472: PUBLICATION_DIAG scope=worker.Publish ordinal=1 processing_owner=publish_internal_verification first_error_stage= first_error_at=0s cause=
    context_claim_diagnostics.go:478: PUBLICATION_DIAG scope=worker.Publish ordinal=1 stage=adapter.plan.current count=1 inclusive_total=3.745586ms max=3.745586ms first_start=9.004790173s first_end=9.008535759s last_start=9.004790173s last_end=9.008535759s first_error_at=0s cause=
    context_claim_diagnostics.go:478: PUBLICATION_DIAG scope=worker.Publish ordinal=1 stage=adapter.publish.plan count=1 inclusive_total=5.850569ms max=5.850569ms first_start=9.004790035s first_end=9.010640604s last_start=9.004790035s last_end=9.010640604s first_error_at=0s cause=
    context_claim_diagnostics.go:478: PUBLICATION_DIAG scope=worker.Publish ordinal=1 stage=adapter.publish.current count=1 inclusive_total=3.621018ms max=3.621018ms first_start=9.010641247s first_end=9.014262265s last_start=9.010641247s last_end=9.014262265s first_error_at=0s cause=
    context_claim_diagnostics.go:478: PUBLICATION_DIAG scope=worker.Publish ordinal=1 stage=adapter.stage count=1 inclusive_total=12.743914ms max=12.743914ms first_start=9.017848995s first_end=9.030592909s last_start=9.017848995s last_end=9.030592909s first_error_at=0s cause=
    context_claim_diagnostics.go:478: PUBLICATION_DIAG scope=worker.Publish ordinal=1 stage=adapter.prepare count=1 inclusive_total=7.366257ms max=7.366257ms first_start=9.030593543s first_end=9.0379598s last_start=9.030593543s last_end=9.0379598s first_error_at=0s cause=
    context_claim_diagnostics.go:478: PUBLICATION_DIAG scope=worker.Publish ordinal=1 stage=adapter.put count=1 inclusive_total=374.016098ms max=374.016098ms first_start=9.037960196s first_end=9.411976294s last_start=9.037960196s last_end=9.411976294s first_error_at=0s cause=
    context_claim_diagnostics.go:478: PUBLICATION_DIAG scope=worker.Publish ordinal=1 stage=adapter.get_command count=2 inclusive_total=8.980161ms max=4.515787ms first_start=9.412100186s first_end=9.416615973s last_start=9.550914813s last_end=9.555379187s first_error_at=0s cause=
    context_claim_diagnostics.go:478: PUBLICATION_DIAG scope=worker.Publish ordinal=1 stage=adapter.step count=1 inclusive_total=134.296599ms max=134.296599ms first_start=9.41661703s first_end=9.550913629s last_start=9.41661703s last_end=9.550913629s first_error_at=0s cause=
    context_claim_diagnostics.go:478: PUBLICATION_DIAG scope=worker.Publish ordinal=1 stage=adapter.verification count=1 inclusive_total=132.457392ms max=132.457392ms first_start=9.55538002s first_end=9.687837412s last_start=9.55538002s last_end=9.687837412s first_error_at=0s cause=
    context_claim_diagnostics.go:478: PUBLICATION_DIAG scope=worker.Publish ordinal=1 stage=processing.pre.within count=1 inclusive_total=63.911309ms max=63.911309ms first_start=9.555429927s first_end=9.619341236s last_start=9.555429927s last_end=9.619341236s first_error_at=0s cause=
    context_claim_diagnostics.go:478: PUBLICATION_DIAG scope=worker.Publish ordinal=1 stage=processing.pre.callback count=1 inclusive_total=61.940184ms max=61.940184ms first_start=9.555927689s first_end=9.617867873s last_start=9.555927689s last_end=9.617867873s first_error_at=0s cause=
    context_claim_diagnostics.go:478: PUBLICATION_DIAG scope=worker.Publish ordinal=1 stage=processing.pre.target count=1 inclusive_total=1.259619ms max=1.259619ms first_start=9.555927831s first_end=9.55718745s last_start=9.555927831s last_end=9.55718745s first_error_at=0s cause=
    context_claim_diagnostics.go:478: PUBLICATION_DIAG scope=worker.Publish ordinal=1 stage=processing.pre.target.now count=1 inclusive_total=269.092µs max=269.092µs first_start=9.555927941s first_end=9.556197033s last_start=9.555927941s last_end=9.556197033s first_error_at=0s cause=
    context_claim_diagnostics.go:478: PUBLICATION_DIAG scope=worker.Publish ordinal=1 stage=processing.pre.target.policy count=1 inclusive_total=236.654µs max=236.654µs first_start=9.556197805s first_end=9.556434459s last_start=9.556197805s last_end=9.556434459s first_error_at=0s cause=
    context_claim_diagnostics.go:478: PUBLICATION_DIAG scope=worker.Publish ordinal=1 stage=processing.pre.target.lock count=1 inclusive_total=532.814µs max=532.814µs first_start=9.556449029s first_end=9.556981843s last_start=9.556449029s last_end=9.556981843s first_error_at=0s cause=
    context_claim_diagnostics.go:478: PUBLICATION_DIAG scope=worker.Publish ordinal=1 stage=processing.pre.target.post_now count=1 inclusive_total=200µs max=200µs first_start=9.556982403s first_end=9.557182403s last_start=9.556982403s last_end=9.557182403s first_error_at=0s cause=
    context_claim_diagnostics.go:478: PUBLICATION_DIAG scope=worker.Publish ordinal=1 stage=processing.pre.closure count=1 inclusive_total=60.534169ms max=60.534169ms first_start=9.557188467s first_end=9.617722636s last_start=9.557188467s last_end=9.617722636s first_error_at=0s cause=
    context_claim_diagnostics.go:478: PUBLICATION_DIAG scope=worker.Publish ordinal=1 stage=processing.pre.last_now count=1 inclusive_total=140.629µs max=140.629µs first_start=9.617723575s first_end=9.617864204s last_start=9.617723575s last_end=9.617864204s first_error_at=0s cause=
    context_claim_diagnostics.go:478: PUBLICATION_DIAG scope=worker.Publish ordinal=1 stage=processing.post.within count=1 inclusive_total=68.277615ms max=68.277615ms first_start=9.619548597s first_end=9.687826212s last_start=9.619548597s last_end=9.687826212s first_error_at=0s cause=
    context_claim_diagnostics.go:478: PUBLICATION_DIAG scope=worker.Publish ordinal=1 stage=processing.post.callback count=1 inclusive_total=66.375251ms max=66.375251ms first_start=9.619919651s first_end=9.686294902s last_start=9.619919651s last_end=9.686294902s first_error_at=0s cause=
    context_claim_diagnostics.go:478: PUBLICATION_DIAG scope=worker.Publish ordinal=1 stage=processing.post.target count=1 inclusive_total=1.137318ms max=1.137318ms first_start=9.619919796s first_end=9.621057114s last_start=9.619919796s last_end=9.621057114s first_error_at=0s cause=
    context_claim_diagnostics.go:478: PUBLICATION_DIAG scope=worker.Publish ordinal=1 stage=processing.post.target.now count=1 inclusive_total=128.992µs max=128.992µs first_start=9.619919901s first_end=9.620048893s last_start=9.619919901s last_end=9.620048893s first_error_at=0s cause=
    context_claim_diagnostics.go:478: PUBLICATION_DIAG scope=worker.Publish ordinal=1 stage=processing.post.target.policy count=1 inclusive_total=267.065µs max=267.065µs first_start=9.620049646s first_end=9.620316711s last_start=9.620049646s last_end=9.620316711s first_error_at=0s cause=
    context_claim_diagnostics.go:478: PUBLICATION_DIAG scope=worker.Publish ordinal=1 stage=processing.post.target.lock count=1 inclusive_total=533.112µs max=533.112µs first_start=9.620317446s first_end=9.620850558s last_start=9.620317446s last_end=9.620850558s first_error_at=0s cause=
    context_claim_diagnostics.go:478: PUBLICATION_DIAG scope=worker.Publish ordinal=1 stage=processing.post.target.post_now count=1 inclusive_total=201.252µs max=201.252µs first_start=9.620851198s first_end=9.62105245s last_start=9.620851198s last_end=9.62105245s first_error_at=0s cause=
    context_claim_diagnostics.go:478: PUBLICATION_DIAG scope=worker.Publish ordinal=1 stage=processing.post.closure count=1 inclusive_total=65.122766ms max=65.122766ms first_start=9.621057968s first_end=9.686180734s last_start=9.621057968s last_end=9.686180734s first_error_at=0s cause=
    context_claim_diagnostics.go:478: PUBLICATION_DIAG scope=worker.Publish ordinal=1 stage=processing.post.last_now count=1 inclusive_total=110.598µs max=110.598µs first_start=9.686181858s first_end=9.686292456s last_start=9.686181858s last_end=9.686292456s first_error_at=0s cause=
    context_claim_diagnostics.go:478: PUBLICATION_DIAG scope=worker.Publish ordinal=1 stage=processing.objects count=1 inclusive_total=160.318µs max=160.318µs first_start=9.619343388s first_end=9.619503706s last_start=9.619343388s last_end=9.619503706s first_error_at=0s cause=
    context_claim_diagnostics.go:478: PUBLICATION_DIAG scope=worker.Publish ordinal=1 stage=processing.integrity count=1 inclusive_total=43.774µs max=43.774µs first_start=9.619504185s first_end=9.619547959s last_start=9.619504185s last_end=9.619547959s first_error_at=0s cause=
    context_claim_diagnostics.go:472: PUBLICATION_DIAG scope=worker.Publish ordinal=2 processing_owner=publish_internal_verification first_error_stage= first_error_at=0s cause=
    context_claim_diagnostics.go:478: PUBLICATION_DIAG scope=worker.Publish ordinal=2 stage=adapter.plan.current count=1 inclusive_total=8.005498ms max=8.005498ms first_start=9.827374955s first_end=9.835380453s last_start=9.827374955s last_end=9.835380453s first_error_at=0s cause=
    context_claim_diagnostics.go:478: PUBLICATION_DIAG scope=worker.Publish ordinal=2 stage=adapter.publish.plan count=1 inclusive_total=10.31819ms max=10.31819ms first_start=9.827374838s first_end=9.837693028s last_start=9.827374838s last_end=9.837693028s first_error_at=0s cause=
    context_claim_diagnostics.go:478: PUBLICATION_DIAG scope=worker.Publish ordinal=2 stage=adapter.publish.current count=1 inclusive_total=3.706824ms max=3.706824ms first_start=9.837693588s first_end=9.841400412s last_start=9.837693588s last_end=9.841400412s first_error_at=0s cause=
    context_claim_diagnostics.go:478: PUBLICATION_DIAG scope=worker.Publish ordinal=2 stage=adapter.stage count=1 inclusive_total=7.232119ms max=7.232119ms first_start=9.843605972s first_end=9.850838091s last_start=9.843605972s last_end=9.850838091s first_error_at=0s cause=
    context_claim_diagnostics.go:478: PUBLICATION_DIAG scope=worker.Publish ordinal=2 stage=adapter.prepare count=1 inclusive_total=16.685465ms max=16.685465ms first_start=9.850838782s first_end=9.867524247s last_start=9.850838782s last_end=9.867524247s first_error_at=0s cause=
    context_claim_diagnostics.go:478: PUBLICATION_DIAG scope=worker.Publish ordinal=2 stage=adapter.put count=1 inclusive_total=268.374339ms max=268.374339ms first_start=9.86752481s first_end=10.135899149s last_start=9.86752481s last_end=10.135899149s first_error_at=0s cause=
    context_claim_diagnostics.go:478: PUBLICATION_DIAG scope=worker.Publish ordinal=2 stage=adapter.get_command count=2 inclusive_total=9.584434ms max=4.797654ms first_start=10.136004218s first_end=10.140790998s last_start=10.271190217s last_end=10.275987871s first_error_at=0s cause=
    context_claim_diagnostics.go:478: PUBLICATION_DIAG scope=worker.Publish ordinal=2 stage=adapter.step count=1 inclusive_total=130.397125ms max=130.397125ms first_start=10.140792251s first_end=10.271189376s last_start=10.140792251s last_end=10.271189376s first_error_at=0s cause=
    context_claim_diagnostics.go:478: PUBLICATION_DIAG scope=worker.Publish ordinal=2 stage=adapter.verification count=1 inclusive_total=115.974091ms max=115.974091ms first_start=10.275989048s first_end=10.391963139s last_start=10.275989048s last_end=10.391963139s first_error_at=0s cause=
    context_claim_diagnostics.go:478: PUBLICATION_DIAG scope=worker.Publish ordinal=2 stage=processing.pre.within count=1 inclusive_total=53.095151ms max=53.095151ms first_start=10.276035812s first_end=10.329130963s last_start=10.276035812s last_end=10.329130963s first_error_at=0s cause=
    context_claim_diagnostics.go:478: PUBLICATION_DIAG scope=worker.Publish ordinal=2 stage=processing.pre.callback count=1 inclusive_total=51.367564ms max=51.367564ms first_start=10.276388333s first_end=10.327755897s last_start=10.276388333s last_end=10.327755897s first_error_at=0s cause=
    context_claim_diagnostics.go:478: PUBLICATION_DIAG scope=worker.Publish ordinal=2 stage=processing.pre.target count=1 inclusive_total=889.258µs max=889.258µs first_start=10.276388487s first_end=10.277277745s last_start=10.276388487s last_end=10.277277745s first_error_at=0s cause=
    context_claim_diagnostics.go:478: PUBLICATION_DIAG scope=worker.Publish ordinal=2 stage=processing.pre.target.now count=1 inclusive_total=108.649µs max=108.649µs first_start=10.276388589s first_end=10.276497238s last_start=10.276388589s last_end=10.276497238s first_error_at=0s cause=
    context_claim_diagnostics.go:478: PUBLICATION_DIAG scope=worker.Publish ordinal=2 stage=processing.pre.target.policy count=1 inclusive_total=210.946µs max=210.946µs first_start=10.276498348s first_end=10.276709294s last_start=10.276498348s last_end=10.276709294s first_error_at=0s cause=
    context_claim_diagnostics.go:478: PUBLICATION_DIAG scope=worker.Publish ordinal=2 stage=processing.pre.target.lock count=1 inclusive_total=454.049µs max=454.049µs first_start=10.276710029s first_end=10.277164078s last_start=10.276710029s last_end=10.277164078s first_error_at=0s cause=
    context_claim_diagnostics.go:478: PUBLICATION_DIAG scope=worker.Publish ordinal=2 stage=processing.pre.target.post_now count=1 inclusive_total=110.117µs max=110.117µs first_start=10.277164624s first_end=10.277274741s last_start=10.277164624s last_end=10.277274741s first_error_at=0s cause=
    context_claim_diagnostics.go:478: PUBLICATION_DIAG scope=worker.Publish ordinal=2 stage=processing.pre.closure count=1 inclusive_total=50.378818ms max=50.378818ms first_start=10.277278175s first_end=10.327656993s last_start=10.277278175s last_end=10.327656993s first_error_at=0s cause=
    context_claim_diagnostics.go:478: PUBLICATION_DIAG scope=worker.Publish ordinal=2 stage=processing.pre.last_now count=1 inclusive_total=93.8µs max=93.8µs first_start=10.327658016s first_end=10.327751816s last_start=10.327658016s last_end=10.327751816s first_error_at=0s cause=
    context_claim_diagnostics.go:478: PUBLICATION_DIAG scope=worker.Publish ordinal=2 stage=processing.post.within count=1 inclusive_total=62.72955ms max=62.72955ms first_start=10.3292254s first_end=10.39195495s last_start=10.3292254s last_end=10.39195495s first_error_at=0s cause=
    context_claim_diagnostics.go:478: PUBLICATION_DIAG scope=worker.Publish ordinal=2 stage=processing.post.callback count=1 inclusive_total=60.642598ms max=60.642598ms first_start=10.329915148s first_end=10.390557746s last_start=10.329915148s last_end=10.390557746s first_error_at=0s cause=
    context_claim_diagnostics.go:478: PUBLICATION_DIAG scope=worker.Publish ordinal=2 stage=processing.post.target count=1 inclusive_total=1.448075ms max=1.448075ms first_start=10.329915262s first_end=10.331363337s last_start=10.329915262s last_end=10.331363337s first_error_at=0s cause=
    context_claim_diagnostics.go:478: PUBLICATION_DIAG scope=worker.Publish ordinal=2 stage=processing.post.target.now count=1 inclusive_total=122.76µs max=122.76µs first_start=10.329915372s first_end=10.330038132s last_start=10.329915372s last_end=10.330038132s first_error_at=0s cause=
    context_claim_diagnostics.go:478: PUBLICATION_DIAG scope=worker.Publish ordinal=2 stage=processing.post.target.policy count=1 inclusive_total=236.206µs max=236.206µs first_start=10.33003881s first_end=10.330275016s last_start=10.33003881s last_end=10.330275016s first_error_at=0s cause=
    context_claim_diagnostics.go:478: PUBLICATION_DIAG scope=worker.Publish ordinal=2 stage=processing.post.target.lock count=1 inclusive_total=938.412µs max=938.412µs first_start=10.33027545s first_end=10.331213862s last_start=10.33027545s last_end=10.331213862s first_error_at=0s cause=
    context_claim_diagnostics.go:478: PUBLICATION_DIAG scope=worker.Publish ordinal=2 stage=processing.post.target.post_now count=1 inclusive_total=144.484µs max=144.484µs first_start=10.331214271s first_end=10.331358755s last_start=10.331214271s last_end=10.331358755s first_error_at=0s cause=
    context_claim_diagnostics.go:478: PUBLICATION_DIAG scope=worker.Publish ordinal=2 stage=processing.post.closure count=1 inclusive_total=59.09038ms max=59.09038ms first_start=10.331363843s first_end=10.390454223s last_start=10.331363843s last_end=10.390454223s first_error_at=0s cause=
    context_claim_diagnostics.go:478: PUBLICATION_DIAG scope=worker.Publish ordinal=2 stage=processing.post.last_now count=1 inclusive_total=98.819µs max=98.819µs first_start=10.390455421s first_end=10.39055424s last_start=10.390455421s last_end=10.39055424s first_error_at=0s cause=
    context_claim_diagnostics.go:478: PUBLICATION_DIAG scope=worker.Publish ordinal=2 stage=processing.objects count=1 inclusive_total=80.719µs max=80.719µs first_start=10.329131845s first_end=10.329212564s last_start=10.329131845s last_end=10.329212564s first_error_at=0s cause=
    context_claim_diagnostics.go:478: PUBLICATION_DIAG scope=worker.Publish ordinal=2 stage=processing.integrity count=1 inclusive_total=12.116µs max=12.116µs first_start=10.329212867s first_end=10.329224983s last_start=10.329212867s last_end=10.329224983s first_error_at=0s cause=
    context_claim_diagnostics.go:472: PUBLICATION_DIAG scope=worker.ReadPublished ordinal=1 processing_owner=outer_worker_read first_error_stage= first_error_at=0s cause=
    context_claim_diagnostics.go:478: PUBLICATION_DIAG scope=worker.ReadPublished ordinal=1 stage=adapter.read.current count=1 inclusive_total=3.761999ms max=3.761999ms first_start=9.687850455s first_end=9.691612454s last_start=9.687850455s last_end=9.691612454s first_error_at=0s cause=
    context_claim_diagnostics.go:478: PUBLICATION_DIAG scope=worker.ReadPublished ordinal=1 stage=adapter.read.processing count=1 inclusive_total=126.238595ms max=126.238595ms first_start=9.691728549s first_end=9.817967144s last_start=9.691728549s last_end=9.817967144s first_error_at=0s cause=
    context_claim_diagnostics.go:478: PUBLICATION_DIAG scope=worker.ReadPublished ordinal=1 stage=processing.pre.within count=1 inclusive_total=61.397243ms max=61.397243ms first_start=9.6917768s first_end=9.753174043s last_start=9.6917768s last_end=9.753174043s first_error_at=0s cause=
    context_claim_diagnostics.go:478: PUBLICATION_DIAG scope=worker.ReadPublished ordinal=1 stage=processing.pre.callback count=1 inclusive_total=59.537036ms max=59.537036ms first_start=9.692170371s first_end=9.751707407s last_start=9.692170371s last_end=9.751707407s first_error_at=0s cause=
    context_claim_diagnostics.go:478: PUBLICATION_DIAG scope=worker.ReadPublished ordinal=1 stage=processing.pre.target count=1 inclusive_total=1.638837ms max=1.638837ms first_start=9.692170505s first_end=9.693809342s last_start=9.692170505s last_end=9.693809342s first_error_at=0s cause=
    context_claim_diagnostics.go:478: PUBLICATION_DIAG scope=worker.ReadPublished ordinal=1 stage=processing.pre.target.now count=1 inclusive_total=573.509µs max=573.509µs first_start=9.692170609s first_end=9.692744118s last_start=9.692170609s last_end=9.692744118s first_error_at=0s cause=
    context_claim_diagnostics.go:478: PUBLICATION_DIAG scope=worker.ReadPublished ordinal=1 stage=processing.pre.target.policy count=1 inclusive_total=257.972µs max=257.972µs first_start=9.692744972s first_end=9.693002944s last_start=9.692744972s last_end=9.693002944s first_error_at=0s cause=
    context_claim_diagnostics.go:478: PUBLICATION_DIAG scope=worker.ReadPublished ordinal=1 stage=processing.pre.target.lock count=1 inclusive_total=640.855µs max=640.855µs first_start=9.693003414s first_end=9.693644269s last_start=9.693003414s last_end=9.693644269s first_error_at=0s cause=
    context_claim_diagnostics.go:478: PUBLICATION_DIAG scope=worker.ReadPublished ordinal=1 stage=processing.pre.target.post_now count=1 inclusive_total=158.615µs max=158.615µs first_start=9.693644769s first_end=9.693803384s last_start=9.693644769s last_end=9.693803384s first_error_at=0s cause=
    context_claim_diagnostics.go:478: PUBLICATION_DIAG scope=worker.ReadPublished ordinal=1 stage=processing.pre.closure count=1 inclusive_total=57.296993ms max=57.296993ms first_start=9.693810064s first_end=9.751107057s last_start=9.693810064s last_end=9.751107057s first_error_at=0s cause=
    context_claim_diagnostics.go:478: PUBLICATION_DIAG scope=worker.ReadPublished ordinal=1 stage=processing.pre.last_now count=1 inclusive_total=594.384µs max=594.384µs first_start=9.751108327s first_end=9.751702711s last_start=9.751108327s last_end=9.751702711s first_error_at=0s cause=
    context_claim_diagnostics.go:478: PUBLICATION_DIAG scope=worker.ReadPublished ordinal=1 stage=processing.post.within count=1 inclusive_total=64.566039ms max=64.566039ms first_start=9.753392579s first_end=9.817958618s last_start=9.753392579s last_end=9.817958618s first_error_at=0s cause=
    context_claim_diagnostics.go:478: PUBLICATION_DIAG scope=worker.ReadPublished ordinal=1 stage=processing.post.callback count=1 inclusive_total=62.717843ms max=62.717843ms first_start=9.753848429s first_end=9.816566272s last_start=9.753848429s last_end=9.816566272s first_error_at=0s cause=
    context_claim_diagnostics.go:478: PUBLICATION_DIAG scope=worker.ReadPublished ordinal=1 stage=processing.post.target count=1 inclusive_total=1.057162ms max=1.057162ms first_start=9.753848576s first_end=9.754905738s last_start=9.753848576s last_end=9.754905738s first_error_at=0s cause=
    context_claim_diagnostics.go:478: PUBLICATION_DIAG scope=worker.ReadPublished ordinal=1 stage=processing.post.target.now count=1 inclusive_total=131.362µs max=131.362µs first_start=9.753848675s first_end=9.753980037s last_start=9.753848675s last_end=9.753980037s first_error_at=0s cause=
    context_claim_diagnostics.go:478: PUBLICATION_DIAG scope=worker.ReadPublished ordinal=1 stage=processing.post.target.policy count=1 inclusive_total=255.079µs max=255.079µs first_start=9.753980981s first_end=9.75423606s last_start=9.753980981s last_end=9.75423606s first_error_at=0s cause=
    context_claim_diagnostics.go:478: PUBLICATION_DIAG scope=worker.ReadPublished ordinal=1 stage=processing.post.target.lock count=1 inclusive_total=477.062µs max=477.062µs first_start=9.754236488s first_end=9.75471355s last_start=9.754236488s last_end=9.75471355s first_error_at=0s cause=
    context_claim_diagnostics.go:478: PUBLICATION_DIAG scope=worker.ReadPublished ordinal=1 stage=processing.post.target.post_now count=1 inclusive_total=187.062µs max=187.062µs first_start=9.754713915s first_end=9.754900977s last_start=9.754713915s last_end=9.754900977s first_error_at=0s cause=
    context_claim_diagnostics.go:478: PUBLICATION_DIAG scope=worker.ReadPublished ordinal=1 stage=processing.post.closure count=1 inclusive_total=61.510711ms max=61.510711ms first_start=9.754906452s first_end=9.816417163s last_start=9.754906452s last_end=9.816417163s first_error_at=0s cause=
    context_claim_diagnostics.go:478: PUBLICATION_DIAG scope=worker.ReadPublished ordinal=1 stage=processing.post.last_now count=1 inclusive_total=142.862µs max=142.862µs first_start=9.816418316s first_end=9.816561178s last_start=9.816418316s last_end=9.816561178s first_error_at=0s cause=
    context_claim_diagnostics.go:478: PUBLICATION_DIAG scope=worker.ReadPublished ordinal=1 stage=processing.objects count=1 inclusive_total=173.138µs max=173.138µs first_start=9.753176357s first_end=9.753349495s last_start=9.753176357s last_end=9.753349495s first_error_at=0s cause=
    context_claim_diagnostics.go:478: PUBLICATION_DIAG scope=worker.ReadPublished ordinal=1 stage=processing.integrity count=1 inclusive_total=42.071µs max=42.071µs first_start=9.753349952s first_end=9.753392023s last_start=9.753349952s last_end=9.753392023s first_error_at=0s cause=
    context_claim_diagnostics.go:472: PUBLICATION_DIAG scope=worker.ReadPublished ordinal=2 processing_owner=outer_worker_read first_error_stage= first_error_at=0s cause=
    context_claim_diagnostics.go:478: PUBLICATION_DIAG scope=worker.ReadPublished ordinal=2 stage=adapter.read.current count=1 inclusive_total=3.697119ms max=3.697119ms first_start=10.391969914s first_end=10.395667033s last_start=10.391969914s last_end=10.395667033s first_error_at=0s cause=
    context_claim_diagnostics.go:478: PUBLICATION_DIAG scope=worker.ReadPublished ordinal=2 stage=adapter.read.processing count=1 inclusive_total=121.760867ms max=121.760867ms first_start=10.395765444s first_end=10.517526311s last_start=10.395765444s last_end=10.517526311s first_error_at=0s cause=
    context_claim_diagnostics.go:478: PUBLICATION_DIAG scope=worker.ReadPublished ordinal=2 stage=processing.pre.within count=1 inclusive_total=57.160872ms max=57.160872ms first_start=10.395814592s first_end=10.452975464s last_start=10.395814592s last_end=10.452975464s first_error_at=0s cause=
    context_claim_diagnostics.go:478: PUBLICATION_DIAG scope=worker.ReadPublished ordinal=2 stage=processing.pre.callback count=1 inclusive_total=55.208482ms max=55.208482ms first_start=10.396136817s first_end=10.451345299s last_start=10.396136817s last_end=10.451345299s first_error_at=0s cause=
    context_claim_diagnostics.go:478: PUBLICATION_DIAG scope=worker.ReadPublished ordinal=2 stage=processing.pre.target count=1 inclusive_total=817.72µs max=817.72µs first_start=10.396136978s first_end=10.396954698s last_start=10.396136978s last_end=10.396954698s first_error_at=0s cause=
    context_claim_diagnostics.go:478: PUBLICATION_DIAG scope=worker.ReadPublished ordinal=2 stage=processing.pre.target.now count=1 inclusive_total=114.337µs max=114.337µs first_start=10.39613707s first_end=10.396251407s last_start=10.39613707s last_end=10.396251407s first_error_at=0s cause=
    context_claim_diagnostics.go:478: PUBLICATION_DIAG scope=worker.ReadPublished ordinal=2 stage=processing.pre.target.policy count=1 inclusive_total=171.244µs max=171.244µs first_start=10.396252079s first_end=10.396423323s last_start=10.396252079s last_end=10.396423323s first_error_at=0s cause=
    context_claim_diagnostics.go:478: PUBLICATION_DIAG scope=worker.ReadPublished ordinal=2 stage=processing.pre.target.lock count=1 inclusive_total=414.22µs max=414.22µs first_start=10.396423916s first_end=10.396838136s last_start=10.396423916s last_end=10.396838136s first_error_at=0s cause=
    context_claim_diagnostics.go:478: PUBLICATION_DIAG scope=worker.ReadPublished ordinal=2 stage=processing.pre.target.post_now count=1 inclusive_total=111.337µs max=111.337µs first_start=10.396838671s first_end=10.396950008s last_start=10.396838671s last_end=10.396950008s first_error_at=0s cause=
    context_claim_diagnostics.go:478: PUBLICATION_DIAG scope=worker.ReadPublished ordinal=2 stage=processing.pre.closure count=1 inclusive_total=54.276991ms max=54.276991ms first_start=10.396955265s first_end=10.451232256s last_start=10.396955265s last_end=10.451232256s first_error_at=0s cause=
    context_claim_diagnostics.go:478: PUBLICATION_DIAG scope=worker.ReadPublished ordinal=2 stage=processing.pre.last_now count=1 inclusive_total=107.694µs max=107.694µs first_start=10.451233664s first_end=10.451341358s last_start=10.451233664s last_end=10.451341358s first_error_at=0s cause=
    context_claim_diagnostics.go:478: PUBLICATION_DIAG scope=worker.ReadPublished ordinal=2 stage=processing.post.within count=1 inclusive_total=64.34962ms max=64.34962ms first_start=10.453169524s first_end=10.517519144s last_start=10.453169524s last_end=10.517519144s first_error_at=0s cause=
    context_claim_diagnostics.go:478: PUBLICATION_DIAG scope=worker.ReadPublished ordinal=2 stage=processing.post.callback count=1 inclusive_total=62.310161ms max=62.310161ms first_start=10.453700523s first_end=10.516010684s last_start=10.453700523s last_end=10.516010684s first_error_at=0s cause=
    context_claim_diagnostics.go:478: PUBLICATION_DIAG scope=worker.ReadPublished ordinal=2 stage=processing.post.target count=1 inclusive_total=1.319135ms max=1.319135ms first_start=10.4537007s first_end=10.455019835s last_start=10.4537007s last_end=10.455019835s first_error_at=0s cause=
    context_claim_diagnostics.go:478: PUBLICATION_DIAG scope=worker.ReadPublished ordinal=2 stage=processing.post.target.now count=1 inclusive_total=148.906µs max=148.906µs first_start=10.453700808s first_end=10.453849714s last_start=10.453700808s last_end=10.453849714s first_error_at=0s cause=
    context_claim_diagnostics.go:478: PUBLICATION_DIAG scope=worker.ReadPublished ordinal=2 stage=processing.post.target.policy count=1 inclusive_total=386.365µs max=386.365µs first_start=10.453850496s first_end=10.454236861s last_start=10.453850496s last_end=10.454236861s first_error_at=0s cause=
    context_claim_diagnostics.go:478: PUBLICATION_DIAG scope=worker.ReadPublished ordinal=2 stage=processing.post.target.lock count=1 inclusive_total=588.813µs max=588.813µs first_start=10.454237547s first_end=10.45482636s last_start=10.454237547s last_end=10.45482636s first_error_at=0s cause=
    context_claim_diagnostics.go:478: PUBLICATION_DIAG scope=worker.ReadPublished ordinal=2 stage=processing.post.target.post_now count=1 inclusive_total=189.332µs max=189.332µs first_start=10.454826787s first_end=10.455016119s last_start=10.454826787s last_end=10.455016119s first_error_at=0s cause=
    context_claim_diagnostics.go:478: PUBLICATION_DIAG scope=worker.ReadPublished ordinal=2 stage=processing.post.closure count=1 inclusive_total=60.902205ms max=60.902205ms first_start=10.455020321s first_end=10.515922526s last_start=10.455020321s last_end=10.515922526s first_error_at=0s cause=
    context_claim_diagnostics.go:478: PUBLICATION_DIAG scope=worker.ReadPublished ordinal=2 stage=processing.post.last_now count=1 inclusive_total=82.218µs max=82.218µs first_start=10.515924278s first_end=10.516006496s last_start=10.515924278s last_end=10.516006496s first_error_at=0s cause=
    context_claim_diagnostics.go:478: PUBLICATION_DIAG scope=worker.ReadPublished ordinal=2 stage=processing.objects count=1 inclusive_total=178.768µs max=178.768µs first_start=10.452977603s first_end=10.453156371s last_start=10.452977603s last_end=10.453156371s first_error_at=0s cause=
    context_claim_diagnostics.go:478: PUBLICATION_DIAG scope=worker.ReadPublished ordinal=2 stage=processing.integrity count=1 inclusive_total=12.299µs max=12.299µs first_start=10.453156742s first_end=10.453169041s last_start=10.453156742s last_end=10.453169041s first_error_at=0s cause=
=== RUN   TestContentContextReachableClosure64And65IncludesIntermediateVersions/65
    context_claim_diagnostics.go:119: CLAIM_DIAG bounded_events=15 dropped=0 inclusive_totals_do_not_sum=true
    context_claim_diagnostics.go:121: CLAIM_DIAG first_error kind=phase.compile-and-bind-end at=5.364125976s duration=1.355045171s caller_remaining=24.635872008s cause=*errors.joinError:context_overflow 
    context_claim_diagnostics.go:121: CLAIM_DIAG event kind=phase.testcase-start at=9.523µs duration=200ns caller_remaining=29.999988461s cause=nil 
    context_claim_diagnostics.go:121: CLAIM_DIAG event kind=phase.owners-established at=130.23546ms duration=378ns caller_remaining=29.869762524s cause=nil 
    context_claim_diagnostics.go:121: CLAIM_DIAG event kind=phase.original-bounds at=130.424941ms duration=3.56µs caller_remaining=29.869573043s cause=nil payload_sha256=5912ae0e42cc13358ac0661c322dbdb5233ac504954fa527d7eba686be6f99f2 caller=30s lease=5s input=262144 output=131072 capacity=524288 reserve=131072 read=262160 original_deadline=2026-10-05T05:05:31.838197Z
    context_claim_diagnostics.go:121: CLAIM_DIAG event kind=phase.initial-primary-selector-published at=230.258609ms duration=405ns caller_remaining=29.769739375s cause=nil 
    context_claim_diagnostics.go:121: CLAIM_DIAG event kind=phase.all-upstream-sources-published at=4.002419856s duration=503ns caller_remaining=25.997578128s cause=nil 
    context_claim_diagnostics.go:121: CLAIM_DIAG event kind=phase.compile-start at=4.009081067s duration=262ns caller_remaining=25.990916917s cause=nil 
    context_claim_diagnostics.go:121: CLAIM_DIAG event kind=phase.compile-and-bind-end at=5.364125976s duration=1.355045171s caller_remaining=24.635872008s cause=*errors.joinError:context_overflow 
    context_claim_diagnostics.go:141: CLAIM_DIAG aggregate kind=phase.all-upstream-sources-published count=1 inclusive_total=503ns max=503ns
    context_claim_diagnostics.go:141: CLAIM_DIAG aggregate kind=phase.compile-and-bind-end count=1 inclusive_total=1.355045171s max=1.355045171s
    context_claim_diagnostics.go:141: CLAIM_DIAG aggregate kind=phase.compile-start count=1 inclusive_total=262ns max=262ns
    context_claim_diagnostics.go:141: CLAIM_DIAG aggregate kind=phase.initial-primary-selector-published count=1 inclusive_total=405ns max=405ns
    context_claim_diagnostics.go:141: CLAIM_DIAG aggregate kind=phase.original-bounds count=1 inclusive_total=3.56µs max=3.56µs
    context_claim_diagnostics.go:141: CLAIM_DIAG aggregate kind=phase.owners-established count=1 inclusive_total=378ns max=378ns
    context_claim_diagnostics.go:141: CLAIM_DIAG aggregate kind=phase.testcase-start count=1 inclusive_total=200ns max=200ns
    context_claim_diagnostics.go:141: CLAIM_DIAG aggregate kind=store.Now count=4 inclusive_total=1.633753ms max=823.375µs
    context_claim_diagnostics.go:141: CLAIM_DIAG aggregate kind=store.Within count=4 inclusive_total=15.687069ms max=9.017534ms
    context_claim_diagnostics.go:463: PUBLICATION_DIAG fixed_scopes=4 slots_per_scope=32 publish_calls=0 read_published_calls=0 dropped=0 monotonic_elapsed_only=true inclusive_totals_do_not_sum=true
--- PASS: TestContentContextReachableClosure64And65IncludesIntermediateVersions (16.46s)
    --- PASS: TestContentContextReachableClosure64And65IncludesIntermediateVersions/64 (10.93s)
    --- PASS: TestContentContextReachableClosure64And65IncludesIntermediateVersions/65 (5.54s)
=== RUN   TestContentContextStaticModeMaximumReachable62Materials
    context_claim_diagnostics.go:119: CLAIM_DIAG bounded_events=327 dropped=0 inclusive_totals_do_not_sum=true
    context_claim_diagnostics.go:121: CLAIM_DIAG event kind=phase.testcase-start at=84.213µs duration=223ns caller_remaining=29.99991363s cause=nil 
    context_claim_diagnostics.go:121: CLAIM_DIAG event kind=phase.owners-established at=220.019918ms duration=393ns caller_remaining=29.779977925s cause=nil 
    context_claim_diagnostics.go:121: CLAIM_DIAG event kind=phase.original-bounds at=220.326729ms duration=6.644µs caller_remaining=29.779671114s cause=nil payload_sha256=74a1fe9ffee0866ab0e92bf759f7abcb17c48749f5f98b8f5291b55f9939fe6f caller=30s lease=5s input=262144 output=131072 capacity=524288 reserve=131072 read=262144 original_deadline=2026-10-05T05:05:37.463629Z
    context_claim_diagnostics.go:121: CLAIM_DIAG event kind=phase.initial-primary-selector-published at=327.166863ms duration=412ns caller_remaining=29.67283098s cause=nil 
    context_claim_diagnostics.go:121: CLAIM_DIAG event kind=phase.all-upstream-sources-published at=4.18444433s duration=418ns caller_remaining=25.815553513s cause=nil 
    context_claim_diagnostics.go:121: CLAIM_DIAG event kind=phase.compile-start at=4.198594041s duration=494ns caller_remaining=25.801403802s cause=nil 
    context_claim_diagnostics.go:121: CLAIM_DIAG event kind=phase.compile-published-pre-bind at=10.326692152s duration=437ns caller_remaining=19.673305691s cause=nil 
    context_claim_diagnostics.go:121: CLAIM_DIAG event kind=phase.compile-and-bind-end at=10.342810042s duration=6.144216495s caller_remaining=19.657187801s cause=nil 
    context_claim_diagnostics.go:121: CLAIM_DIAG event kind=phase.independent-lock-observation-start at=10.342812786s duration=61ns caller_remaining=19.657185057s cause=nil 
    context_claim_diagnostics.go:121: CLAIM_DIAG event kind=phase.independent-lock-observation-end at=10.58268585s duration=239.873267ms caller_remaining=19.417311993s cause=nil 
    context_claim_diagnostics.go:121: CLAIM_DIAG event kind=phase.dispatch-start at=10.582745335s duration=159ns caller_remaining=19.417252508s cause=nil 
    context_claim_diagnostics.go:121: CLAIM_DIAG event kind=store.SaveDecision at=10.616357037s duration=1.502716ms caller_remaining=19.383640806s cause=nil status=accepted prepared=false sequence=0 input_digest=sha256:dddbe21fded77b7914d423aa4c57c4f500f6afc4ab7954761ed9125742d83380 callback_only=true
    context_claim_diagnostics.go:121: CLAIM_DIAG event kind=store.WithinSave at=10.62069981s duration=13.181222ms caller_remaining=19.379298033s cause=nil callback_cause=nil final_cause=nil committed=true save_cause=nil status=accepted prepared=false sequence=0 input_digest=sha256:dddbe21fded77b7914d423aa4c57c4f500f6afc4ab7954761ed9125742d83380
    context_claim_diagnostics.go:121: CLAIM_DIAG event kind=phase.dispatch-end at=10.623818511s duration=41.073335ms caller_remaining=19.376179332s cause=nil 
    context_claim_diagnostics.go:121: CLAIM_DIAG event kind=phase.decision-step-start at=10.623820129s duration=63ns caller_remaining=19.376177714s cause=nil 
    context_claim_diagnostics.go:121: CLAIM_DIAG event kind=store.Claim at=10.647848928s duration=1.027353ms caller_remaining=19.352148915s cause=nil job=job-cbbf61b4f260ea2e02f0c5e5db0805f5 epoch=1 revision=1 phase=decide lease_until=2026-10-05T05:03:52.889948Z supplied_now=2026-10-05T05:03:47.889948Z lease_delta=5s
    context_claim_diagnostics.go:121: CLAIM_DIAG event kind=store.SaveDecision at=10.66280105s duration=741.371µs caller_remaining=19.337196793s cause=nil status=running prepared=false sequence=1 input_digest=sha256:dddbe21fded77b7914d423aa4c57c4f500f6afc4ab7954761ed9125742d83380 callback_only=true
    context_claim_diagnostics.go:121: CLAIM_DIAG event kind=store.WithinSave at=10.664034258s duration=5.593249ms caller_remaining=19.335963585s cause=nil callback_cause=nil final_cause=nil committed=true save_cause=nil status=running prepared=false sequence=1 input_digest=sha256:dddbe21fded77b7914d423aa4c57c4f500f6afc4ab7954761ed9125742d83380
    context_claim_diagnostics.go:121: CLAIM_DIAG event kind=store.SaveDecision at=12.176923525s duration=3.596039ms caller_remaining=17.823074318s cause=nil status=running prepared=true sequence=1 input_digest=sha256:dddbe21fded77b7914d423aa4c57c4f500f6afc4ab7954761ed9125742d83380 callback_only=true
    context_claim_diagnostics.go:121: CLAIM_DIAG event kind=store.WithinSave at=12.178478255s duration=14.809249ms caller_remaining=17.821519588s cause=nil callback_cause=nil final_cause=nil committed=true save_cause=nil status=running prepared=true sequence=1 input_digest=sha256:dddbe21fded77b7914d423aa4c57c4f500f6afc4ab7954761ed9125742d83380
    context_claim_diagnostics.go:121: CLAIM_DIAG event kind=store.SaveDecision at=13.901787619s duration=4.789063ms caller_remaining=16.098210224s cause=nil status=completed prepared=true sequence=1 input_digest=sha256:dddbe21fded77b7914d423aa4c57c4f500f6afc4ab7954761ed9125742d83380 callback_only=true
    context_claim_diagnostics.go:121: CLAIM_DIAG event kind=store.WithinSave at=13.907291718s duration=21.202923ms caller_remaining=16.092706125s cause=nil callback_cause=nil final_cause=nil committed=true save_cause=nil status=completed prepared=true sequence=1 input_digest=sha256:dddbe21fded77b7914d423aa4c57c4f500f6afc4ab7954761ed9125742d83380
    context_claim_diagnostics.go:121: CLAIM_DIAG event kind=phase.decision-step-end at=13.912072447s duration=3.288252381s caller_remaining=16.087925396s cause=nil 
    context_claim_diagnostics.go:141: CLAIM_DIAG aggregate kind=access.Binding count=1 inclusive_total=7.54486ms max=7.54486ms
    context_claim_diagnostics.go:141: CLAIM_DIAG aggregate kind=access.Current count=71 inclusive_total=300.466093ms max=9.905569ms
    context_claim_diagnostics.go:141: CLAIM_DIAG aggregate kind=access.PrepareContent count=6 inclusive_total=84.080242ms max=27.221372ms
    context_claim_diagnostics.go:141: CLAIM_DIAG aggregate kind=access.StagePublication count=6 inclusive_total=81.599094ms max=24.626927ms
    context_claim_diagnostics.go:141: CLAIM_DIAG aggregate kind=content.GetCommand count=12 inclusive_total=100.394829ms max=18.387609ms
    context_claim_diagnostics.go:141: CLAIM_DIAG aggregate kind=content.Put count=6 inclusive_total=2.3368164s max=599.04902ms
    context_claim_diagnostics.go:141: CLAIM_DIAG aggregate kind=content.ReadForProcessing count=70 inclusive_total=1.785724397s max=200.768993ms
    context_claim_diagnostics.go:141: CLAIM_DIAG aggregate kind=content.Step count=6 inclusive_total=1.449392335s max=326.209713ms
    context_claim_diagnostics.go:141: CLAIM_DIAG aggregate kind=phase.all-upstream-sources-published count=1 inclusive_total=418ns max=418ns
    context_claim_diagnostics.go:141: CLAIM_DIAG aggregate kind=phase.compile-and-bind-end count=1 inclusive_total=6.144216495s max=6.144216495s
    context_claim_diagnostics.go:141: CLAIM_DIAG aggregate kind=phase.compile-published-pre-bind count=1 inclusive_total=437ns max=437ns
    context_claim_diagnostics.go:141: CLAIM_DIAG aggregate kind=phase.compile-start count=1 inclusive_total=494ns max=494ns
    context_claim_diagnostics.go:141: CLAIM_DIAG aggregate kind=phase.decision-step-end count=1 inclusive_total=3.288252381s max=3.288252381s
    context_claim_diagnostics.go:141: CLAIM_DIAG aggregate kind=phase.decision-step-start count=1 inclusive_total=63ns max=63ns
    context_claim_diagnostics.go:141: CLAIM_DIAG aggregate kind=phase.dispatch-end count=1 inclusive_total=41.073335ms max=41.073335ms
    context_claim_diagnostics.go:141: CLAIM_DIAG aggregate kind=phase.dispatch-start count=1 inclusive_total=159ns max=159ns
    context_claim_diagnostics.go:141: CLAIM_DIAG aggregate kind=phase.independent-lock-observation-end count=1 inclusive_total=239.873267ms max=239.873267ms
    context_claim_diagnostics.go:141: CLAIM_DIAG aggregate kind=phase.independent-lock-observation-start count=1 inclusive_total=61ns max=61ns
    context_claim_diagnostics.go:141: CLAIM_DIAG aggregate kind=phase.initial-primary-selector-published count=1 inclusive_total=412ns max=412ns
    context_claim_diagnostics.go:141: CLAIM_DIAG aggregate kind=phase.original-bounds count=1 inclusive_total=6.644µs max=6.644µs
    context_claim_diagnostics.go:141: CLAIM_DIAG aggregate kind=phase.owners-established count=1 inclusive_total=393ns max=393ns
    context_claim_diagnostics.go:141: CLAIM_DIAG aggregate kind=phase.testcase-start count=1 inclusive_total=223ns max=223ns
    context_claim_diagnostics.go:141: CLAIM_DIAG aggregate kind=publisher.Plan count=2 inclusive_total=15.791849ms max=9.88108ms
    context_claim_diagnostics.go:141: CLAIM_DIAG aggregate kind=publisher.Publish count=2 inclusive_total=1.397701663s max=744.442614ms
    context_claim_diagnostics.go:141: CLAIM_DIAG aggregate kind=publisher.ReadPublished count=2 inclusive_total=289.47321ms max=152.431297ms
    context_claim_diagnostics.go:141: CLAIM_DIAG aggregate kind=source.Lock count=1 inclusive_total=287.917536ms max=287.917536ms
    context_claim_diagnostics.go:141: CLAIM_DIAG aggregate kind=source.Material count=62 inclusive_total=904.630122ms max=145.991966ms
    context_claim_diagnostics.go:141: CLAIM_DIAG aggregate kind=source.Snapshot count=1 inclusive_total=280.304983ms max=280.304983ms
    context_claim_diagnostics.go:141: CLAIM_DIAG aggregate kind=store.Claim count=1 inclusive_total=1.027353ms max=1.027353ms
    context_claim_diagnostics.go:141: CLAIM_DIAG aggregate kind=store.Now count=24 inclusive_total=5.533957ms max=895.649µs
    context_claim_diagnostics.go:141: CLAIM_DIAG aggregate kind=store.SaveDecision count=4 inclusive_total=10.629189ms max=4.789063ms
    context_claim_diagnostics.go:141: CLAIM_DIAG aggregate kind=store.ValidateClaim count=11 inclusive_total=3.603815ms max=658.375µs
    context_claim_diagnostics.go:141: CLAIM_DIAG aggregate kind=store.ValidatePoolClaim count=6 inclusive_total=3.982682ms max=912.864µs
    context_claim_diagnostics.go:141: CLAIM_DIAG aggregate kind=store.Within count=15 inclusive_total=109.720927ms max=21.19672ms
    context_claim_diagnostics.go:141: CLAIM_DIAG aggregate kind=store.WithinSave count=4 inclusive_total=54.786643ms max=21.202923ms
    context_claim_diagnostics.go:121: CLAIM_DIAG last_gate kind=store.ValidateClaim at=13.889828531s duration=104.575µs caller_remaining=16.110169312s cause=nil job=job-cbbf61b4f260ea2e02f0c5e5db0805f5 epoch=1 revision=1 phase=decide lease_until=2026-10-05T05:03:52.889948Z supplied_now=2026-10-05T05:03:51.13327Z lease_delta=1.756678s
    context_claim_diagnostics.go:121: CLAIM_DIAG last_gate kind=store.ValidatePoolClaim at=13.890178927s duration=349.831µs caller_remaining=16.109818916s cause=nil job=job-cbbf61b4f260ea2e02f0c5e5db0805f5 epoch=1 revision=1 phase=decide lease_until=2026-10-05T05:03:52.889948Z supplied_now=2026-10-05T05:03:51.13327Z lease_delta=1.756678s
    context_claim_diagnostics.go:463: PUBLICATION_DIAG fixed_scopes=4 slots_per_scope=32 publish_calls=2 read_published_calls=2 dropped=0 monotonic_elapsed_only=true inclusive_totals_do_not_sum=true
    context_claim_diagnostics.go:472: PUBLICATION_DIAG scope=worker.Publish ordinal=1 processing_owner=publish_internal_verification first_error_stage= first_error_at=0s cause=
    context_claim_diagnostics.go:478: PUBLICATION_DIAG scope=worker.Publish ordinal=1 stage=adapter.plan.current count=1 inclusive_total=4.010947ms max=4.010947ms first_start=12.190502627s first_end=12.194513574s last_start=12.190502627s last_end=12.194513574s first_error_at=0s cause=
    context_claim_diagnostics.go:478: PUBLICATION_DIAG scope=worker.Publish ordinal=1 stage=adapter.publish.plan count=1 inclusive_total=10.357505ms max=10.357505ms first_start=12.190502489s first_end=12.200859994s last_start=12.190502489s last_end=12.200859994s first_error_at=0s cause=
    context_claim_diagnostics.go:478: PUBLICATION_DIAG scope=worker.Publish ordinal=1 stage=adapter.publish.current count=1 inclusive_total=4.574866ms max=4.574866ms first_start=12.200860941s first_end=12.205435807s last_start=12.200860941s last_end=12.205435807s first_error_at=0s cause=
    context_claim_diagnostics.go:478: PUBLICATION_DIAG scope=worker.Publish ordinal=1 stage=adapter.stage count=1 inclusive_total=18.500264ms max=18.500264ms first_start=12.218358972s first_end=12.236859236s last_start=12.218358972s last_end=12.236859236s first_error_at=0s cause=
    context_claim_diagnostics.go:478: PUBLICATION_DIAG scope=worker.Publish ordinal=1 stage=adapter.prepare count=1 inclusive_total=12.141278ms max=12.141278ms first_start=12.236861481s first_end=12.249002759s last_start=12.236861481s last_end=12.249002759s first_error_at=0s cause=
    context_claim_diagnostics.go:478: PUBLICATION_DIAG scope=worker.Publish ordinal=1 stage=adapter.put count=1 inclusive_total=273.526212ms max=273.526212ms first_start=12.249003316s first_end=12.522529528s last_start=12.249003316s last_end=12.522529528s first_error_at=0s cause=
    context_claim_diagnostics.go:478: PUBLICATION_DIAG scope=worker.Publish ordinal=1 stage=adapter.get_command count=2 inclusive_total=22.341928ms max=18.391591ms first_start=12.522661516s first_end=12.541053107s last_start=12.717961935s last_end=12.721912272s first_error_at=0s cause=
    context_claim_diagnostics.go:478: PUBLICATION_DIAG scope=worker.Publish ordinal=1 stage=adapter.step count=1 inclusive_total=176.906672ms max=176.906672ms first_start=12.541054596s first_end=12.717961268s last_start=12.541054596s last_end=12.717961268s first_error_at=0s cause=
    context_claim_diagnostics.go:478: PUBLICATION_DIAG scope=worker.Publish ordinal=1 stage=adapter.verification count=1 inclusive_total=121.83558ms max=121.83558ms first_start=12.721913281s first_end=12.843748861s last_start=12.721913281s last_end=12.843748861s first_error_at=0s cause=
    context_claim_diagnostics.go:478: PUBLICATION_DIAG scope=worker.Publish ordinal=1 stage=processing.pre.within count=1 inclusive_total=56.369295ms max=56.369295ms first_start=12.721960922s first_end=12.778330217s last_start=12.721960922s last_end=12.778330217s first_error_at=0s cause=
    context_claim_diagnostics.go:478: PUBLICATION_DIAG scope=worker.Publish ordinal=1 stage=processing.pre.callback count=1 inclusive_total=54.606214ms max=54.606214ms first_start=12.722334811s first_end=12.776941025s last_start=12.722334811s last_end=12.776941025s first_error_at=0s cause=
    context_claim_diagnostics.go:478: PUBLICATION_DIAG scope=worker.Publish ordinal=1 stage=processing.pre.target count=1 inclusive_total=984.937µs max=984.937µs first_start=12.722334923s first_end=12.72331986s last_start=12.722334923s last_end=12.72331986s first_error_at=0s cause=
    context_claim_diagnostics.go:478: PUBLICATION_DIAG scope=worker.Publish ordinal=1 stage=processing.pre.target.now count=1 inclusive_total=226.728µs max=226.728µs first_start=12.722335006s first_end=12.722561734s last_start=12.722335006s last_end=12.722561734s first_error_at=0s cause=
    context_claim_diagnostics.go:478: PUBLICATION_DIAG scope=worker.Publish ordinal=1 stage=processing.pre.target.policy count=1 inclusive_total=188.534µs max=188.534µs first_start=12.722562496s first_end=12.72275103s last_start=12.722562496s last_end=12.72275103s first_error_at=0s cause=
    context_claim_diagnostics.go:478: PUBLICATION_DIAG scope=worker.Publish ordinal=1 stage=processing.pre.target.lock count=1 inclusive_total=426.83µs max=426.83µs first_start=12.722751535s first_end=12.723178365s last_start=12.722751535s last_end=12.723178365s first_error_at=0s cause=
    context_claim_diagnostics.go:478: PUBLICATION_DIAG scope=worker.Publish ordinal=1 stage=processing.pre.target.post_now count=1 inclusive_total=137.911µs max=137.911µs first_start=12.723178963s first_end=12.723316874s last_start=12.723178963s last_end=12.723316874s first_error_at=0s cause=
    context_claim_diagnostics.go:478: PUBLICATION_DIAG scope=worker.Publish ordinal=1 stage=processing.pre.closure count=1 inclusive_total=53.473733ms max=53.473733ms first_start=12.723320479s first_end=12.776794212s last_start=12.723320479s last_end=12.776794212s first_error_at=0s cause=
    context_claim_diagnostics.go:478: PUBLICATION_DIAG scope=worker.Publish ordinal=1 stage=processing.pre.last_now count=1 inclusive_total=142.263µs max=142.263µs first_start=12.776795059s first_end=12.776937322s last_start=12.776795059s last_end=12.776937322s first_error_at=0s cause=
    context_claim_diagnostics.go:478: PUBLICATION_DIAG scope=worker.Publish ordinal=1 stage=processing.post.within count=1 inclusive_total=65.218547ms max=65.218547ms first_start=12.778519583s first_end=12.84373813s last_start=12.778519583s last_end=12.84373813s first_error_at=0s cause=
    context_claim_diagnostics.go:478: PUBLICATION_DIAG scope=worker.Publish ordinal=1 stage=processing.post.callback count=1 inclusive_total=63.265791ms max=63.265791ms first_start=12.778905117s first_end=12.842170908s last_start=12.778905117s last_end=12.842170908s first_error_at=0s cause=
    context_claim_diagnostics.go:478: PUBLICATION_DIAG scope=worker.Publish ordinal=1 stage=processing.post.target count=1 inclusive_total=1.12643ms max=1.12643ms first_start=12.77890525s first_end=12.78003168s last_start=12.77890525s last_end=12.78003168s first_error_at=0s cause=
    context_claim_diagnostics.go:478: PUBLICATION_DIAG scope=worker.Publish ordinal=1 stage=processing.post.target.now count=1 inclusive_total=133.127µs max=133.127µs first_start=12.778905348s first_end=12.779038475s last_start=12.778905348s last_end=12.779038475s first_error_at=0s cause=
    context_claim_diagnostics.go:478: PUBLICATION_DIAG scope=worker.Publish ordinal=1 stage=processing.post.target.policy count=1 inclusive_total=248.864µs max=248.864µs first_start=12.779039395s first_end=12.779288259s last_start=12.779039395s last_end=12.779288259s first_error_at=0s cause=
    context_claim_diagnostics.go:478: PUBLICATION_DIAG scope=worker.Publish ordinal=1 stage=processing.post.target.lock count=1 inclusive_total=598.476µs max=598.476µs first_start=12.779289419s first_end=12.779887895s last_start=12.779289419s last_end=12.779887895s first_error_at=0s cause=
    context_claim_diagnostics.go:478: PUBLICATION_DIAG scope=worker.Publish ordinal=1 stage=processing.post.target.post_now count=1 inclusive_total=138.544µs max=138.544µs first_start=12.779888555s first_end=12.780027099s last_start=12.779888555s last_end=12.780027099s first_error_at=0s cause=
    context_claim_diagnostics.go:478: PUBLICATION_DIAG scope=worker.Publish ordinal=1 stage=processing.post.closure count=1 inclusive_total=62.000051ms max=62.000051ms first_start=12.780032301s first_end=12.842032352s last_start=12.780032301s last_end=12.842032352s first_error_at=0s cause=
    context_claim_diagnostics.go:478: PUBLICATION_DIAG scope=worker.Publish ordinal=1 stage=processing.post.last_now count=1 inclusive_total=132.341µs max=132.341µs first_start=12.842033848s first_end=12.842166189s last_start=12.842033848s last_end=12.842166189s first_error_at=0s cause=
    context_claim_diagnostics.go:478: PUBLICATION_DIAG scope=worker.Publish ordinal=1 stage=processing.objects count=1 inclusive_total=145.228µs max=145.228µs first_start=12.778332051s first_end=12.778477279s last_start=12.778332051s last_end=12.778477279s first_error_at=0s cause=
    context_claim_diagnostics.go:478: PUBLICATION_DIAG scope=worker.Publish ordinal=1 stage=processing.integrity count=1 inclusive_total=41.315µs max=41.315µs first_start=12.778477633s first_end=12.778518948s last_start=12.778477633s last_end=12.778518948s first_error_at=0s cause=
    context_claim_diagnostics.go:472: PUBLICATION_DIAG scope=worker.Publish ordinal=2 processing_owner=publish_internal_verification first_error_stage= first_error_at=0s cause=
    context_claim_diagnostics.go:478: PUBLICATION_DIAG scope=worker.Publish ordinal=2 stage=adapter.plan.current count=1 inclusive_total=6.850102ms max=6.850102ms first_start=12.989204906s first_end=12.996055008s last_start=12.989204906s last_end=12.996055008s first_error_at=0s cause=
    context_claim_diagnostics.go:478: PUBLICATION_DIAG scope=worker.Publish ordinal=2 stage=adapter.publish.plan count=1 inclusive_total=9.180329ms max=9.180329ms first_start=12.989204555s first_end=12.998384884s last_start=12.989204555s last_end=12.998384884s first_error_at=0s cause=
    context_claim_diagnostics.go:478: PUBLICATION_DIAG scope=worker.Publish ordinal=2 stage=adapter.publish.current count=1 inclusive_total=3.402217ms max=3.402217ms first_start=12.998385595s first_end=13.001787812s last_start=12.998385595s last_end=13.001787812s first_error_at=0s cause=
    context_claim_diagnostics.go:478: PUBLICATION_DIAG scope=worker.Publish ordinal=2 stage=adapter.stage count=1 inclusive_total=7.172108ms max=7.172108ms first_start=13.003896033s first_end=13.011068141s last_start=13.003896033s last_end=13.011068141s first_error_at=0s cause=
    context_claim_diagnostics.go:478: PUBLICATION_DIAG scope=worker.Publish ordinal=2 stage=adapter.prepare count=1 inclusive_total=6.251924ms max=6.251924ms first_start=13.011068679s first_end=13.017320603s last_start=13.011068679s last_end=13.017320603s first_error_at=0s cause=
    context_claim_diagnostics.go:478: PUBLICATION_DIAG scope=worker.Publish ordinal=2 stage=adapter.put count=1 inclusive_total=287.5521ms max=287.5521ms first_start=13.017321208s first_end=13.304873308s last_start=13.017321208s last_end=13.304873308s first_error_at=0s cause=
    context_claim_diagnostics.go:478: PUBLICATION_DIAG scope=worker.Publish ordinal=2 stage=adapter.get_command count=2 inclusive_total=10.68728ms max=6.459729ms first_start=13.304982943s first_end=13.311442672s last_start=13.52864026s last_end=13.532867811s first_error_at=0s cause=
    context_claim_diagnostics.go:478: PUBLICATION_DIAG scope=worker.Publish ordinal=2 stage=adapter.step count=1 inclusive_total=217.195415ms max=217.195415ms first_start=13.31144395s first_end=13.528639365s last_start=13.31144395s last_end=13.528639365s first_error_at=0s cause=
    context_claim_diagnostics.go:478: PUBLICATION_DIAG scope=worker.Publish ordinal=2 stage=adapter.verification count=1 inclusive_total=200.772328ms max=200.772328ms first_start=13.532869032s first_end=13.73364136s last_start=13.532869032s last_end=13.73364136s first_error_at=0s cause=
    context_claim_diagnostics.go:478: PUBLICATION_DIAG scope=worker.Publish ordinal=2 stage=processing.pre.within count=1 inclusive_total=68.031289ms max=68.031289ms first_start=13.532943307s first_end=13.600974596s last_start=13.532943307s last_end=13.600974596s first_error_at=0s cause=
    context_claim_diagnostics.go:478: PUBLICATION_DIAG scope=worker.Publish ordinal=2 stage=processing.pre.callback count=1 inclusive_total=65.951131ms max=65.951131ms first_start=13.533453354s first_end=13.599404485s last_start=13.533453354s last_end=13.599404485s first_error_at=0s cause=
    context_claim_diagnostics.go:478: PUBLICATION_DIAG scope=worker.Publish ordinal=2 stage=processing.pre.target count=1 inclusive_total=1.016478ms max=1.016478ms first_start=13.533453479s first_end=13.534469957s last_start=13.533453479s last_end=13.534469957s first_error_at=0s cause=
    context_claim_diagnostics.go:478: PUBLICATION_DIAG scope=worker.Publish ordinal=2 stage=processing.pre.target.now count=1 inclusive_total=128.949µs max=128.949µs first_start=13.533453559s first_end=13.533582508s last_start=13.533453559s last_end=13.533582508s first_error_at=0s cause=
    context_claim_diagnostics.go:478: PUBLICATION_DIAG scope=worker.Publish ordinal=2 stage=processing.pre.target.policy count=1 inclusive_total=216.79µs max=216.79µs first_start=13.53358332s first_end=13.53380011s last_start=13.53358332s last_end=13.53380011s first_error_at=0s cause=
    context_claim_diagnostics.go:478: PUBLICATION_DIAG scope=worker.Publish ordinal=2 stage=processing.pre.target.lock count=1 inclusive_total=534.625µs max=534.625µs first_start=13.533800482s first_end=13.534335107s last_start=13.533800482s last_end=13.534335107s first_error_at=0s cause=
    context_claim_diagnostics.go:478: PUBLICATION_DIAG scope=worker.Publish ordinal=2 stage=processing.pre.target.post_now count=1 inclusive_total=130.711µs max=130.711µs first_start=13.53433611s first_end=13.534466821s last_start=13.53433611s last_end=13.534466821s first_error_at=0s cause=
    context_claim_diagnostics.go:478: PUBLICATION_DIAG scope=worker.Publish ordinal=2 stage=processing.pre.closure count=1 inclusive_total=64.815998ms max=64.815998ms first_start=13.534470423s first_end=13.599286421s last_start=13.534470423s last_end=13.599286421s first_error_at=0s cause=
    context_claim_diagnostics.go:478: PUBLICATION_DIAG scope=worker.Publish ordinal=2 stage=processing.pre.last_now count=1 inclusive_total=113.226µs max=113.226µs first_start=13.599287713s first_end=13.599400939s last_start=13.599287713s last_end=13.599400939s first_error_at=0s cause=
    context_claim_diagnostics.go:478: PUBLICATION_DIAG scope=worker.Publish ordinal=2 stage=processing.post.within count=1 inclusive_total=132.536609ms max=132.536609ms first_start=13.601093705s first_end=13.733630314s last_start=13.601093705s last_end=13.733630314s first_error_at=0s cause=
    context_claim_diagnostics.go:478: PUBLICATION_DIAG scope=worker.Publish ordinal=2 stage=processing.post.callback count=1 inclusive_total=130.496218ms max=130.496218ms first_start=13.601441058s first_end=13.731937276s last_start=13.601441058s last_end=13.731937276s first_error_at=0s cause=
    context_claim_diagnostics.go:478: PUBLICATION_DIAG scope=worker.Publish ordinal=2 stage=processing.post.target count=1 inclusive_total=1.158949ms max=1.158949ms first_start=13.601441175s first_end=13.602600124s last_start=13.601441175s last_end=13.602600124s first_error_at=0s cause=
    context_claim_diagnostics.go:478: PUBLICATION_DIAG scope=worker.Publish ordinal=2 stage=processing.post.target.now count=1 inclusive_total=102.813µs max=102.813µs first_start=13.601441256s first_end=13.601544069s last_start=13.601441256s last_end=13.601544069s first_error_at=0s cause=
    context_claim_diagnostics.go:478: PUBLICATION_DIAG scope=worker.Publish ordinal=2 stage=processing.post.target.policy count=1 inclusive_total=251.668µs max=251.668µs first_start=13.601544889s first_end=13.601796557s last_start=13.601544889s last_end=13.601796557s first_error_at=0s cause=
    context_claim_diagnostics.go:478: PUBLICATION_DIAG scope=worker.Publish ordinal=2 stage=processing.post.target.lock count=1 inclusive_total=632.769µs max=632.769µs first_start=13.601830511s first_end=13.60246328s last_start=13.601830511s last_end=13.60246328s first_error_at=0s cause=
    context_claim_diagnostics.go:478: PUBLICATION_DIAG scope=worker.Publish ordinal=2 stage=processing.post.target.post_now count=1 inclusive_total=132.136µs max=132.136µs first_start=13.602463809s first_end=13.602595945s last_start=13.602463809s last_end=13.602595945s first_error_at=0s cause=
    context_claim_diagnostics.go:478: PUBLICATION_DIAG scope=worker.Publish ordinal=2 stage=processing.post.closure count=1 inclusive_total=129.192198ms max=129.192198ms first_start=13.602600612s first_end=13.73179281s last_start=13.602600612s last_end=13.73179281s first_error_at=0s cause=
    context_claim_diagnostics.go:478: PUBLICATION_DIAG scope=worker.Publish ordinal=2 stage=processing.post.last_now count=1 inclusive_total=137.001µs max=137.001µs first_start=13.731794368s first_end=13.731931369s last_start=13.731794368s last_end=13.731931369s first_error_at=0s cause=
    context_claim_diagnostics.go:478: PUBLICATION_DIAG scope=worker.Publish ordinal=2 stage=processing.objects count=1 inclusive_total=102.329µs max=102.329µs first_start=13.60097734s first_end=13.601079669s last_start=13.60097734s last_end=13.601079669s first_error_at=0s cause=
    context_claim_diagnostics.go:478: PUBLICATION_DIAG scope=worker.Publish ordinal=2 stage=processing.integrity count=1 inclusive_total=12.739µs max=12.739µs first_start=13.601080044s first_end=13.601092783s last_start=13.601080044s last_end=13.601092783s first_error_at=0s cause=
    context_claim_diagnostics.go:472: PUBLICATION_DIAG scope=worker.ReadPublished ordinal=1 processing_owner=outer_worker_read first_error_stage= first_error_at=0s cause=
    context_claim_diagnostics.go:478: PUBLICATION_DIAG scope=worker.ReadPublished ordinal=1 stage=adapter.read.current count=1 inclusive_total=3.190327ms max=3.190327ms first_start=12.843762782s first_end=12.846953109s last_start=12.843762782s last_end=12.846953109s first_error_at=0s cause=
    context_claim_diagnostics.go:478: PUBLICATION_DIAG scope=worker.ReadPublished ordinal=1 stage=adapter.read.processing count=1 inclusive_total=133.756203ms max=133.756203ms first_start=12.847046386s first_end=12.980802589s last_start=12.847046386s last_end=12.980802589s first_error_at=0s cause=
    context_claim_diagnostics.go:478: PUBLICATION_DIAG scope=worker.ReadPublished ordinal=1 stage=processing.pre.within count=1 inclusive_total=70.461459ms max=70.461459ms first_start=12.847095692s first_end=12.917557151s last_start=12.847095692s last_end=12.917557151s first_error_at=0s cause=
    context_claim_diagnostics.go:478: PUBLICATION_DIAG scope=worker.ReadPublished ordinal=1 stage=processing.pre.callback count=1 inclusive_total=67.673452ms max=67.673452ms first_start=12.847595031s first_end=12.915268483s last_start=12.847595031s last_end=12.915268483s first_error_at=0s cause=
    context_claim_diagnostics.go:478: PUBLICATION_DIAG scope=worker.ReadPublished ordinal=1 stage=processing.pre.target count=1 inclusive_total=1.059314ms max=1.059314ms first_start=12.847595112s first_end=12.848654426s last_start=12.847595112s last_end=12.848654426s first_error_at=0s cause=
    context_claim_diagnostics.go:478: PUBLICATION_DIAG scope=worker.ReadPublished ordinal=1 stage=processing.pre.target.now count=1 inclusive_total=129.316µs max=129.316µs first_start=12.8475952s first_end=12.847724516s last_start=12.8475952s last_end=12.847724516s first_error_at=0s cause=
    context_claim_diagnostics.go:478: PUBLICATION_DIAG scope=worker.ReadPublished ordinal=1 stage=processing.pre.target.policy count=1 inclusive_total=229.795µs max=229.795µs first_start=12.847725448s first_end=12.847955243s last_start=12.847725448s last_end=12.847955243s first_error_at=0s cause=
    context_claim_diagnostics.go:478: PUBLICATION_DIAG scope=worker.ReadPublished ordinal=1 stage=processing.pre.target.lock count=1 inclusive_total=575.846µs max=575.846µs first_start=12.847955975s first_end=12.848531821s last_start=12.847955975s last_end=12.848531821s first_error_at=0s cause=
    context_claim_diagnostics.go:478: PUBLICATION_DIAG scope=worker.ReadPublished ordinal=1 stage=processing.pre.target.post_now count=1 inclusive_total=117.977µs max=117.977µs first_start=12.848532674s first_end=12.848650651s last_start=12.848532674s last_end=12.848650651s first_error_at=0s cause=
    context_claim_diagnostics.go:478: PUBLICATION_DIAG scope=worker.ReadPublished ordinal=1 stage=processing.pre.closure count=1 inclusive_total=65.590257ms max=65.590257ms first_start=12.848655012s first_end=12.914245269s last_start=12.848655012s last_end=12.914245269s first_error_at=0s cause=
    context_claim_diagnostics.go:478: PUBLICATION_DIAG scope=worker.ReadPublished ordinal=1 stage=processing.pre.last_now count=1 inclusive_total=970.995µs max=970.995µs first_start=12.914246474s first_end=12.915217469s last_start=12.914246474s last_end=12.915217469s first_error_at=0s cause=
    context_claim_diagnostics.go:478: PUBLICATION_DIAG scope=worker.ReadPublished ordinal=1 stage=processing.post.within count=1 inclusive_total=62.956282ms max=62.956282ms first_start=12.917838972s first_end=12.980795254s last_start=12.917838972s last_end=12.980795254s first_error_at=0s cause=
    context_claim_diagnostics.go:478: PUBLICATION_DIAG scope=worker.ReadPublished ordinal=1 stage=processing.post.callback count=1 inclusive_total=61.123669ms max=61.123669ms first_start=12.91825364s first_end=12.979377309s last_start=12.91825364s last_end=12.979377309s first_error_at=0s cause=
    context_claim_diagnostics.go:478: PUBLICATION_DIAG scope=worker.ReadPublished ordinal=1 stage=processing.post.target count=1 inclusive_total=1.329723ms max=1.329723ms first_start=12.918253819s first_end=12.919583542s last_start=12.918253819s last_end=12.919583542s first_error_at=0s cause=
    context_claim_diagnostics.go:478: PUBLICATION_DIAG scope=worker.ReadPublished ordinal=1 stage=processing.post.target.now count=1 inclusive_total=173.916µs max=173.916µs first_start=12.918253918s first_end=12.918427834s last_start=12.918253918s last_end=12.918427834s first_error_at=0s cause=
    context_claim_diagnostics.go:478: PUBLICATION_DIAG scope=worker.ReadPublished ordinal=1 stage=processing.post.target.policy count=1 inclusive_total=384.194µs max=384.194µs first_start=12.918428555s first_end=12.918812749s last_start=12.918428555s last_end=12.918812749s first_error_at=0s cause=
    context_claim_diagnostics.go:478: PUBLICATION_DIAG scope=worker.ReadPublished ordinal=1 stage=processing.post.target.lock count=1 inclusive_total=585.248µs max=585.248µs first_start=12.918813295s first_end=12.919398543s last_start=12.918813295s last_end=12.919398543s first_error_at=0s cause=
    context_claim_diagnostics.go:478: PUBLICATION_DIAG scope=worker.ReadPublished ordinal=1 stage=processing.post.target.post_now count=1 inclusive_total=178.888µs max=178.888µs first_start=12.919399162s first_end=12.91957805s last_start=12.919399162s last_end=12.91957805s first_error_at=0s cause=
    context_claim_diagnostics.go:478: PUBLICATION_DIAG scope=worker.ReadPublished ordinal=1 stage=processing.post.closure count=1 inclusive_total=59.673946ms max=59.673946ms first_start=12.919584144s first_end=12.97925809s last_start=12.919584144s last_end=12.97925809s first_error_at=0s cause=
    context_claim_diagnostics.go:478: PUBLICATION_DIAG scope=worker.ReadPublished ordinal=1 stage=processing.post.last_now count=1 inclusive_total=114.104µs max=114.104µs first_start=12.979259296s first_end=12.9793734s last_start=12.979259296s last_end=12.9793734s first_error_at=0s cause=
    context_claim_diagnostics.go:478: PUBLICATION_DIAG scope=worker.ReadPublished ordinal=1 stage=processing.objects count=1 inclusive_total=235.569µs max=235.569µs first_start=12.917560357s first_end=12.917795926s last_start=12.917560357s last_end=12.917795926s first_error_at=0s cause=
    context_claim_diagnostics.go:478: PUBLICATION_DIAG scope=worker.ReadPublished ordinal=1 stage=processing.integrity count=1 inclusive_total=41.989µs max=41.989µs first_start=12.917796367s first_end=12.917838356s last_start=12.917796367s last_end=12.917838356s first_error_at=0s cause=
    context_claim_diagnostics.go:472: PUBLICATION_DIAG scope=worker.ReadPublished ordinal=2 processing_owner=outer_worker_read first_error_stage= first_error_at=0s cause=
    context_claim_diagnostics.go:478: PUBLICATION_DIAG scope=worker.ReadPublished ordinal=2 stage=adapter.read.current count=1 inclusive_total=3.831644ms max=3.831644ms first_start=13.733649784s first_end=13.737481428s last_start=13.733649784s last_end=13.737481428s first_error_at=0s cause=
    context_claim_diagnostics.go:478: PUBLICATION_DIAG scope=worker.ReadPublished ordinal=2 stage=adapter.read.processing count=1 inclusive_total=148.499304ms max=148.499304ms first_start=13.737579498s first_end=13.886078802s last_start=13.737579498s last_end=13.886078802s first_error_at=0s cause=
    context_claim_diagnostics.go:478: PUBLICATION_DIAG scope=worker.ReadPublished ordinal=2 stage=processing.pre.within count=1 inclusive_total=70.90252ms max=70.90252ms first_start=13.737630896s first_end=13.808533416s last_start=13.737630896s last_end=13.808533416s first_error_at=0s cause=
    context_claim_diagnostics.go:478: PUBLICATION_DIAG scope=worker.ReadPublished ordinal=2 stage=processing.pre.callback count=1 inclusive_total=69.282268ms max=69.282268ms first_start=13.737979224s first_end=13.807261492s last_start=13.737979224s last_end=13.807261492s first_error_at=0s cause=
    context_claim_diagnostics.go:478: PUBLICATION_DIAG scope=worker.ReadPublished ordinal=2 stage=processing.pre.target count=1 inclusive_total=1.551871ms max=1.551871ms first_start=13.737979366s first_end=13.739531237s last_start=13.737979366s last_end=13.739531237s first_error_at=0s cause=
    context_claim_diagnostics.go:478: PUBLICATION_DIAG scope=worker.ReadPublished ordinal=2 stage=processing.pre.target.now count=1 inclusive_total=121.55µs max=121.55µs first_start=13.737979458s first_end=13.738101008s last_start=13.737979458s last_end=13.738101008s first_error_at=0s cause=
    context_claim_diagnostics.go:478: PUBLICATION_DIAG scope=worker.ReadPublished ordinal=2 stage=processing.pre.target.policy count=1 inclusive_total=462.362µs max=462.362µs first_start=13.738101891s first_end=13.738564253s last_start=13.738101891s last_end=13.738564253s first_error_at=0s cause=
    context_claim_diagnostics.go:478: PUBLICATION_DIAG scope=worker.ReadPublished ordinal=2 stage=processing.pre.target.lock count=1 inclusive_total=775.189µs max=775.189µs first_start=13.738565015s first_end=13.739340204s last_start=13.738565015s last_end=13.739340204s first_error_at=0s cause=
    context_claim_diagnostics.go:478: PUBLICATION_DIAG scope=worker.ReadPublished ordinal=2 stage=processing.pre.target.post_now count=1 inclusive_total=184.379µs max=184.379µs first_start=13.739341167s first_end=13.739525546s last_start=13.739341167s last_end=13.739525546s first_error_at=0s cause=
    context_claim_diagnostics.go:478: PUBLICATION_DIAG scope=worker.ReadPublished ordinal=2 stage=processing.pre.closure count=1 inclusive_total=67.563156ms max=67.563156ms first_start=13.739532077s first_end=13.807095233s last_start=13.739532077s last_end=13.807095233s first_error_at=0s cause=
    context_claim_diagnostics.go:478: PUBLICATION_DIAG scope=worker.ReadPublished ordinal=2 stage=processing.pre.last_now count=1 inclusive_total=160.573µs max=160.573µs first_start=13.807097032s first_end=13.807257605s last_start=13.807097032s last_end=13.807257605s first_error_at=0s cause=
    context_claim_diagnostics.go:478: PUBLICATION_DIAG scope=worker.ReadPublished ordinal=2 stage=processing.post.within count=1 inclusive_total=77.31374ms max=77.31374ms first_start=13.808755543s first_end=13.886069283s last_start=13.808755543s last_end=13.886069283s first_error_at=0s cause=
    context_claim_diagnostics.go:478: PUBLICATION_DIAG scope=worker.ReadPublished ordinal=2 stage=processing.post.callback count=1 inclusive_total=73.250111ms max=73.250111ms first_start=13.81022213s first_end=13.883472241s last_start=13.81022213s last_end=13.883472241s first_error_at=0s cause=
    context_claim_diagnostics.go:478: PUBLICATION_DIAG scope=worker.ReadPublished ordinal=2 stage=processing.post.target count=1 inclusive_total=3.489312ms max=3.489312ms first_start=13.810222294s first_end=13.813711606s last_start=13.810222294s last_end=13.813711606s first_error_at=0s cause=
    context_claim_diagnostics.go:478: PUBLICATION_DIAG scope=worker.ReadPublished ordinal=2 stage=processing.post.target.now count=1 inclusive_total=266.106µs max=266.106µs first_start=13.81022238s first_end=13.810488486s last_start=13.81022238s last_end=13.810488486s first_error_at=0s cause=
    context_claim_diagnostics.go:478: PUBLICATION_DIAG scope=worker.ReadPublished ordinal=2 stage=processing.post.target.policy count=1 inclusive_total=490.287µs max=490.287µs first_start=13.810489689s first_end=13.810979976s last_start=13.810489689s last_end=13.810979976s first_error_at=0s cause=
    context_claim_diagnostics.go:478: PUBLICATION_DIAG scope=worker.ReadPublished ordinal=2 stage=processing.post.target.lock count=1 inclusive_total=2.587358ms max=2.587358ms first_start=13.810981222s first_end=13.81356858s last_start=13.810981222s last_end=13.81356858s first_error_at=0s cause=
    context_claim_diagnostics.go:478: PUBLICATION_DIAG scope=worker.ReadPublished ordinal=2 stage=processing.post.target.post_now count=1 inclusive_total=137.382µs max=137.382µs first_start=13.813569443s first_end=13.813706825s last_start=13.813569443s last_end=13.813706825s first_error_at=0s cause=
    context_claim_diagnostics.go:478: PUBLICATION_DIAG scope=worker.ReadPublished ordinal=2 stage=processing.post.closure count=1 inclusive_total=69.645039ms max=69.645039ms first_start=13.813712115s first_end=13.883357154s last_start=13.813712115s last_end=13.883357154s first_error_at=0s cause=
    context_claim_diagnostics.go:478: PUBLICATION_DIAG scope=worker.ReadPublished ordinal=2 stage=processing.post.last_now count=1 inclusive_total=111.05µs max=111.05µs first_start=13.883358674s first_end=13.883469724s last_start=13.883358674s last_end=13.883469724s first_error_at=0s cause=
    context_claim_diagnostics.go:478: PUBLICATION_DIAG scope=worker.ReadPublished ordinal=2 stage=processing.objects count=1 inclusive_total=197.544µs max=197.544µs first_start=13.808535425s first_end=13.808732969s last_start=13.808535425s last_end=13.808732969s first_error_at=0s cause=
    context_claim_diagnostics.go:478: PUBLICATION_DIAG scope=worker.ReadPublished ordinal=2 stage=processing.integrity count=1 inclusive_total=12.186µs max=12.186µs first_start=13.808742768s first_end=13.808754954s last_start=13.808742768s last_end=13.808754954s first_error_at=0s cause=
--- PASS: TestContentContextStaticModeMaximumReachable62Materials (15.72s)
=== RUN   TestContentContextSingleContentBoundHasHonestLayerAndNoDispatch
=== RUN   TestContentContextSingleContentBoundHasHonestLayerAndNoDispatch/200000
=== RUN   TestContentContextSingleContentBoundHasHonestLayerAndNoDispatch/262144
--- PASS: TestContentContextSingleContentBoundHasHonestLayerAndNoDispatch (2.25s)
    --- PASS: TestContentContextSingleContentBoundHasHonestLayerAndNoDispatch/200000 (1.74s)
    --- PASS: TestContentContextSingleContentBoundHasHonestLayerAndNoDispatch/262144 (0.51s)
=== RUN   TestContentContextDuplicateSelectorRoleRefusesBeforeOriginalInputReplacement
--- PASS: TestContentContextDuplicateSelectorRoleRefusesBeforeOriginalInputReplacement (0.36s)
PASS
NATIVE_EXIT status=0 group_absent=True
