TLC2 Version 2.19 of 08 August 2024 (rev: 5a47802)
Warning: Please run the Java VM which executes TLC with a throughput optimized garbage collector by passing the "-XX:+UseParallelGC" property.
(Use the -nowarning option to disable this warning.)
Running breadth-first search Model-Checking with fp 78 and seed 692801498650905192 with 1 worker on 10 cores with 1536MB heap and 64MB offheap memory [pid: 24291] (Mac OS X 27.0 aarch64, Homebrew 25.0.2 x86_64, MSBDiskFPSet, DiskStateQueue).
Parsing file /Volumes/Data/proj/lerna-docs/formal/mechanisms/control/ControlRecovery.tla
Parsing file /Volumes/Data/proj/lerna-docs/formal/mechanisms/control/.states-2e9dm0tu/Naturals.tla
Semantic processing of module Naturals
Semantic processing of module ControlRecovery
Starting... (2026-09-25 08:43:15)
Computing initial states...
Finished computing initial states: 1 distinct state generated at 2026-09-25 08:43:16.
Error: Invariant NoUnseenThenCommit is violated.
Error: The behavior up to this point is:
State 1: <Initial predicate>
s = [ cancelled |-> FALSE,
  cancelEarly |-> FALSE,
  claim |-> 0,
  tx |-> "none",
  txClaim |-> 0,
  known |-> "none",
  prepared |-> FALSE,
  missing |-> FALSE,
  sent |-> FALSE,
  accepted |-> FALSE,
  work |-> FALSE,
  blocked |-> FALSE,
  execEpoch |-> 0,
  execPrepared |-> FALSE,
  prepEpoch |-> 0,
  badPhysicalQualification |-> FALSE,
  lostSenderQueried |-> FALSE,
  senderLost |-> FALSE,
  driverSent |-> FALSE,
  sends |-> 0,
  effect |-> FALSE,
  observed |-> "unknown",
  closed |-> FALSE,
  lateEffect |-> FALSE,
  lateObservation |-> FALSE,
  queries |-> 0,
  retry |-> FALSE,
  badLease |-> FALSE,
  lateStart |-> FALSE ]

State 2: <RequestPrepare line 14, col 22 to line 15, col 73 of module ControlRecovery>
s = [ cancelled |-> FALSE,
  cancelEarly |-> FALSE,
  claim |-> 0,
  tx |-> "pending",
  txClaim |-> 0,
  known |-> "unknown",
  prepared |-> FALSE,
  missing |-> FALSE,
  sent |-> FALSE,
  accepted |-> FALSE,
  work |-> FALSE,
  blocked |-> FALSE,
  execEpoch |-> 0,
  execPrepared |-> FALSE,
  prepEpoch |-> 0,
  badPhysicalQualification |-> FALSE,
  lostSenderQueried |-> FALSE,
  senderLost |-> FALSE,
  driverSent |-> FALSE,
  sends |-> 0,
  effect |-> FALSE,
  observed |-> "unknown",
  closed |-> FALSE,
  lateEffect |-> FALSE,
  lateObservation |-> FALSE,
  queries |-> 0,
  retry |-> FALSE,
  badLease |-> FALSE,
  lateStart |-> FALSE ]

State 3: <LookupUnseen line 21, col 17 to line 22, col 37 of module ControlRecovery>
s = [ cancelled |-> FALSE,
  cancelEarly |-> FALSE,
  claim |-> 0,
  tx |-> "pending",
  txClaim |-> 0,
  known |-> "unknown",
  prepared |-> FALSE,
  missing |-> TRUE,
  sent |-> FALSE,
  accepted |-> FALSE,
  work |-> FALSE,
  blocked |-> FALSE,
  execEpoch |-> 0,
  execPrepared |-> FALSE,
  prepEpoch |-> 0,
  badPhysicalQualification |-> FALSE,
  lostSenderQueried |-> FALSE,
  senderLost |-> FALSE,
  driverSent |-> FALSE,
  sends |-> 0,
  effect |-> FALSE,
  observed |-> "unknown",
  closed |-> FALSE,
  lateEffect |-> FALSE,
  lateObservation |-> FALSE,
  queries |-> 0,
  retry |-> FALSE,
  badLease |-> FALSE,
  lateStart |-> FALSE ]

State 4: <CommitPrepare line 16, col 18 to line 18, col 58 of module ControlRecovery>
s = [ cancelled |-> FALSE,
  cancelEarly |-> FALSE,
  claim |-> 0,
  tx |-> "committed",
  txClaim |-> 0,
  known |-> "unknown",
  prepared |-> TRUE,
  missing |-> TRUE,
  sent |-> FALSE,
  accepted |-> FALSE,
  work |-> FALSE,
  blocked |-> FALSE,
  execEpoch |-> 0,
  execPrepared |-> FALSE,
  prepEpoch |-> 0,
  badPhysicalQualification |-> FALSE,
  lostSenderQueried |-> FALSE,
  senderLost |-> FALSE,
  driverSent |-> FALSE,
  sends |-> 0,
  effect |-> FALSE,
  observed |-> "unknown",
  closed |-> FALSE,
  lateEffect |-> FALSE,
  lateObservation |-> FALSE,
  queries |-> 0,
  retry |-> FALSE,
  badLease |-> FALSE,
  lateStart |-> FALSE ]

State 5: <ReadCommit line 23, col 15 to line 24, col 42 of module ControlRecovery>
s = [ cancelled |-> FALSE,
  cancelEarly |-> FALSE,
  claim |-> 0,
  tx |-> "committed",
  txClaim |-> 0,
  known |-> "committed",
  prepared |-> TRUE,
  missing |-> TRUE,
  sent |-> FALSE,
  accepted |-> FALSE,
  work |-> FALSE,
  blocked |-> FALSE,
  execEpoch |-> 0,
  execPrepared |-> FALSE,
  prepEpoch |-> 0,
  badPhysicalQualification |-> FALSE,
  lostSenderQueried |-> FALSE,
  senderLost |-> FALSE,
  driverSent |-> FALSE,
  sends |-> 0,
  effect |-> FALSE,
  observed |-> "unknown",
  closed |-> FALSE,
  lateEffect |-> FALSE,
  lateObservation |-> FALSE,
  queries |-> 0,
  retry |-> FALSE,
  badLease |-> FALSE,
  lateStart |-> FALSE ]

67 states generated, 45 distinct states found, 24 states left on queue.
The depth of the complete state graph search is 5.
The average outdegree of the complete state graph is 2 (minimum is 0, the maximum 5 and the 95th percentile is 5).
Finished in 00s at (2026-09-25 08:43:16)
