TLC2 Version 2.19 of 08 August 2024 (rev: 5a47802)
Warning: Please run the Java VM which executes TLC with a throughput optimized garbage collector by passing the "-XX:+UseParallelGC" property.
(Use the -nowarning option to disable this warning.)
Running breadth-first search Model-Checking with fp 67 and seed -5585206142784790691 with 1 worker on 10 cores with 1536MB heap and 64MB offheap memory [pid: 24684] (Mac OS X 27.0 aarch64, Homebrew 25.0.2 x86_64, MSBDiskFPSet, DiskStateQueue).
Parsing file /Volumes/Data/proj/lerna-docs/formal/mechanisms/control/Decision.tla
Parsing file /Volumes/Data/proj/lerna-docs/formal/mechanisms/control/.states-sw9g8ife/Naturals.tla
Parsing file /Volumes/Data/proj/lerna-docs/formal/mechanisms/control/.states-sw9g8ife/FiniteSets.tla
Parsing file /Volumes/Data/proj/lerna-docs/formal/mechanisms/control/.states-sw9g8ife/Sequences.tla
Semantic processing of module Naturals
Semantic processing of module Sequences
Semantic processing of module FiniteSets
Semantic processing of module Decision
Starting... (2026-09-25 08:43:55)
Computing initial states...
Finished computing initial states: 1 distinct state generated at 2026-09-25 08:43:55.
Error: Invariant ResponseCorrelation is violated.
Error: The behavior up to this point is:
State 1: <Initial predicate>
s = [ round |-> 0,
  status |-> "idle",
  semantic |-> 0,
  base |-> 0,
  epoch |-> 0,
  roundEpoch |-> 0,
  paused |-> FALSE,
  cancelled |-> FALSE,
  fixed |-> FALSE,
  ready |-> FALSE,
  proposal |-> FALSE,
  valid |-> FALSE,
  selfPass |-> FALSE,
  attempt |-> 0,
  sent |-> {},
  responses |-> (<<1, 1>> :> "none" @@ <<2, 1>> :> "none"),
  badCorrelation |-> FALSE,
  oldReturnWaitingKey |-> <<0, 0>>,
  oldReturnRecovered |-> FALSE,
  outcome |-> "none",
  ended |-> FALSE,
  usageKnown |-> FALSE,
  saved |-> FALSE,
  admissions |-> 0,
  calls |-> 0,
  bad |-> FALSE,
  billed |-> FALSE,
  billDuring |-> FALSE,
  admittedAfterBill |-> FALSE ]

State 2: <Begin line 16, col 10 to line 21, col 64 of module Decision>
s = [ round |-> 1,
  status |-> "open",
  semantic |-> 0,
  base |-> 0,
  epoch |-> 0,
  roundEpoch |-> 0,
  paused |-> FALSE,
  cancelled |-> FALSE,
  fixed |-> FALSE,
  ready |-> FALSE,
  proposal |-> FALSE,
  valid |-> FALSE,
  selfPass |-> FALSE,
  attempt |-> 1,
  sent |-> {},
  responses |-> (<<1, 1>> :> "none" @@ <<2, 1>> :> "none"),
  badCorrelation |-> FALSE,
  oldReturnWaitingKey |-> <<0, 0>>,
  oldReturnRecovered |-> FALSE,
  outcome |-> "none",
  ended |-> FALSE,
  usageKnown |-> FALSE,
  saved |-> FALSE,
  admissions |-> 0,
  calls |-> 0,
  bad |-> FALSE,
  billed |-> FALSE,
  billDuring |-> FALSE,
  admittedAfterBill |-> FALSE ]

State 3: <Generate line 22, col 13 to line 25, col 42 of module Decision>
s = [ round |-> 1,
  status |-> "open",
  semantic |-> 0,
  base |-> 0,
  epoch |-> 0,
  roundEpoch |-> 0,
  paused |-> FALSE,
  cancelled |-> FALSE,
  fixed |-> FALSE,
  ready |-> FALSE,
  proposal |-> FALSE,
  valid |-> FALSE,
  selfPass |-> FALSE,
  attempt |-> 1,
  sent |-> {<<1, 1>>},
  responses |-> (<<1, 1>> :> "none" @@ <<2, 1>> :> "none"),
  badCorrelation |-> FALSE,
  oldReturnWaitingKey |-> <<0, 0>>,
  oldReturnRecovered |-> FALSE,
  outcome |-> "unknown",
  ended |-> FALSE,
  usageKnown |-> FALSE,
  saved |-> FALSE,
  admissions |-> 0,
  calls |-> 1,
  bad |-> FALSE,
  billed |-> FALSE,
  billDuring |-> FALSE,
  admittedAfterBill |-> FALSE ]

State 4: <Return line 28, col 18 to line 33, col 60 of module Decision>
s = [ round |-> 1,
  status |-> "open",
  semantic |-> 0,
  base |-> 0,
  epoch |-> 0,
  roundEpoch |-> 0,
  paused |-> FALSE,
  cancelled |-> FALSE,
  fixed |-> FALSE,
  ready |-> FALSE,
  proposal |-> FALSE,
  valid |-> FALSE,
  selfPass |-> FALSE,
  attempt |-> 1,
  sent |-> {<<1, 1>>},
  responses |-> (<<1, 1>> :> "invalidUnknown" @@ <<2, 1>> :> "none"),
  badCorrelation |-> FALSE,
  oldReturnWaitingKey |-> <<0, 0>>,
  oldReturnRecovered |-> FALSE,
  outcome |-> "unknown",
  ended |-> FALSE,
  usageKnown |-> FALSE,
  saved |-> FALSE,
  admissions |-> 0,
  calls |-> 1,
  bad |-> FALSE,
  billed |-> FALSE,
  billDuring |-> FALSE,
  admittedAfterBill |-> FALSE ]

State 5: <Close line 58, col 10 to line 58, col 68 of module Decision>
s = [ round |-> 1,
  status |-> "closed",
  semantic |-> 0,
  base |-> 0,
  epoch |-> 0,
  roundEpoch |-> 0,
  paused |-> FALSE,
  cancelled |-> FALSE,
  fixed |-> FALSE,
  ready |-> FALSE,
  proposal |-> FALSE,
  valid |-> FALSE,
  selfPass |-> FALSE,
  attempt |-> 1,
  sent |-> {<<1, 1>>},
  responses |-> (<<1, 1>> :> "invalidUnknown" @@ <<2, 1>> :> "none"),
  badCorrelation |-> FALSE,
  oldReturnWaitingKey |-> <<0, 0>>,
  oldReturnRecovered |-> FALSE,
  outcome |-> "unknown",
  ended |-> FALSE,
  usageKnown |-> FALSE,
  saved |-> FALSE,
  admissions |-> 0,
  calls |-> 1,
  bad |-> FALSE,
  billed |-> FALSE,
  billDuring |-> FALSE,
  admittedAfterBill |-> FALSE ]

State 6: <Begin line 16, col 10 to line 21, col 64 of module Decision>
s = [ round |-> 2,
  status |-> "open",
  semantic |-> 0,
  base |-> 0,
  epoch |-> 0,
  roundEpoch |-> 0,
  paused |-> FALSE,
  cancelled |-> FALSE,
  fixed |-> FALSE,
  ready |-> FALSE,
  proposal |-> FALSE,
  valid |-> FALSE,
  selfPass |-> FALSE,
  attempt |-> 1,
  sent |-> {<<1, 1>>},
  responses |-> (<<1, 1>> :> "invalidUnknown" @@ <<2, 1>> :> "none"),
  badCorrelation |-> FALSE,
  oldReturnWaitingKey |-> <<0, 0>>,
  oldReturnRecovered |-> FALSE,
  outcome |-> "none",
  ended |-> FALSE,
  usageKnown |-> FALSE,
  saved |-> FALSE,
  admissions |-> 0,
  calls |-> 1,
  bad |-> FALSE,
  billed |-> FALSE,
  billDuring |-> FALSE,
  admittedAfterBill |-> FALSE ]

State 7: <Generate line 22, col 13 to line 25, col 42 of module Decision>
s = [ round |-> 2,
  status |-> "open",
  semantic |-> 0,
  base |-> 0,
  epoch |-> 0,
  roundEpoch |-> 0,
  paused |-> FALSE,
  cancelled |-> FALSE,
  fixed |-> FALSE,
  ready |-> FALSE,
  proposal |-> FALSE,
  valid |-> FALSE,
  selfPass |-> FALSE,
  attempt |-> 1,
  sent |-> {<<1, 1>>, <<2, 1>>},
  responses |-> (<<1, 1>> :> "invalidUnknown" @@ <<2, 1>> :> "none"),
  badCorrelation |-> FALSE,
  oldReturnWaitingKey |-> <<0, 0>>,
  oldReturnRecovered |-> FALSE,
  outcome |-> "unknown",
  ended |-> FALSE,
  usageKnown |-> FALSE,
  saved |-> FALSE,
  admissions |-> 0,
  calls |-> 2,
  bad |-> FALSE,
  billed |-> FALSE,
  billDuring |-> FALSE,
  admittedAfterBill |-> FALSE ]

State 8: <LoadReturn line 34, col 18 to line 43, col 88 of module Decision>
s = [ round |-> 2,
  status |-> "open",
  semantic |-> 0,
  base |-> 0,
  epoch |-> 0,
  roundEpoch |-> 0,
  paused |-> FALSE,
  cancelled |-> FALSE,
  fixed |-> FALSE,
  ready |-> FALSE,
  proposal |-> FALSE,
  valid |-> FALSE,
  selfPass |-> TRUE,
  attempt |-> 1,
  sent |-> {<<1, 1>>, <<2, 1>>},
  responses |-> (<<1, 1>> :> "invalidUnknown" @@ <<2, 1>> :> "none"),
  badCorrelation |-> TRUE,
  oldReturnWaitingKey |-> <<0, 0>>,
  oldReturnRecovered |-> FALSE,
  outcome |-> "invalid",
  ended |-> TRUE,
  usageKnown |-> FALSE,
  saved |-> TRUE,
  admissions |-> 0,
  calls |-> 2,
  bad |-> FALSE,
  billed |-> FALSE,
  billDuring |-> FALSE,
  admittedAfterBill |-> FALSE ]

14949 states generated, 5835 distinct states found, 3613 states left on queue.
The depth of the complete state graph search is 8.
The average outdegree of the complete state graph is 3 (minimum is 0, the maximum 16 and the 95th percentile is 8).
Finished in 00s at (2026-09-25 08:43:55)
