=== RUN   TestContentLockWaitCannotReuseExpiredAdmissionClock
--- PASS: TestContentLockWaitCannotReuseExpiredAdmissionClock (0.67s)
=== RUN   TestContentPublicationWaitCannotReuseExpiredPolicyClock
--- PASS: TestContentPublicationWaitCannotReuseExpiredPolicyClock (0.68s)
=== RUN   TestContentPostScheduleAdmissionRollsBackLateVersion
=== RUN   TestContentPostScheduleAdmissionRollsBackLateVersion/accept_before/late=false
=== RUN   TestContentPostScheduleAdmissionRollsBackLateVersion/accept_before/late=true
=== RUN   TestContentPostScheduleAdmissionRollsBackLateVersion/target_policy/late=false
=== RUN   TestContentPostScheduleAdmissionRollsBackLateVersion/target_policy/late=true
=== RUN   TestContentPostScheduleAdmissionRollsBackLateVersion/ancestor_policy/late=false
=== RUN   TestContentPostScheduleAdmissionRollsBackLateVersion/ancestor_policy/late=true
=== RUN   TestContentPostScheduleAdmissionRollsBackLateVersion/retention/late=false
=== RUN   TestContentPostScheduleAdmissionRollsBackLateVersion/retention/late=true
--- PASS: TestContentPostScheduleAdmissionRollsBackLateVersion (4.63s)
    --- PASS: TestContentPostScheduleAdmissionRollsBackLateVersion/accept_before/late=false (0.14s)
    --- PASS: TestContentPostScheduleAdmissionRollsBackLateVersion/accept_before/late=true (0.91s)
    --- PASS: TestContentPostScheduleAdmissionRollsBackLateVersion/target_policy/late=false (0.15s)
    --- PASS: TestContentPostScheduleAdmissionRollsBackLateVersion/target_policy/late=true (0.94s)
    --- PASS: TestContentPostScheduleAdmissionRollsBackLateVersion/ancestor_policy/late=false (0.20s)
    --- PASS: TestContentPostScheduleAdmissionRollsBackLateVersion/ancestor_policy/late=true (1.10s)
    --- PASS: TestContentPostScheduleAdmissionRollsBackLateVersion/retention/late=false (0.19s)
    --- PASS: TestContentPostScheduleAdmissionRollsBackLateVersion/retention/late=true (1.00s)
=== RUN   TestContentPostScheduleAliasPreservesOriginalCapOnRollback
=== RUN   TestContentPostScheduleAliasPreservesOriginalCapOnRollback/late=false
=== RUN   TestContentPostScheduleAliasPreservesOriginalCapOnRollback/late=true
--- PASS: TestContentPostScheduleAliasPreservesOriginalCapOnRollback (3.42s)
    --- PASS: TestContentPostScheduleAliasPreservesOriginalCapOnRollback/late=false (1.75s)
    --- PASS: TestContentPostScheduleAliasPreservesOriginalCapOnRollback/late=true (1.68s)
=== RUN   TestContentTemporaryFailureKeepsNarrowedRetentionAfterReopen
--- PASS: TestContentTemporaryFailureKeepsNarrowedRetentionAfterReopen (1.00s)
=== RUN   TestContentExpiredOriginalClaimCannotStartObjectIO
--- PASS: TestContentExpiredOriginalClaimCannotStartObjectIO (0.60s)
PASS
ok  	github.com/ruipengliu/lerna/conformance/component	11.005s
NATIVE_COMPLETION_ACK {"pid": 3546616, "pgid": 3546616, "starttime": "14869526", "exit": 0, "group_absent": true, "timed_out": false}
