TLC2 Version 2.19 of 08 August 2024 (rev: 5a47802)
Warning: Please run the Java VM which executes TLC with a throughput optimized garbage collector by passing the "-XX:+UseParallelGC" property.
(Use the -nowarning option to disable this warning.)
Running breadth-first search Model-Checking with fp 34 and seed 8548785579666613278 with 1 worker on 10 cores with 1536MB heap and 64MB offheap memory [pid: 24338] (Mac OS X 27.0 aarch64, Homebrew 25.0.2 x86_64, MSBDiskFPSet, DiskStateQueue).
Parsing file /Volumes/Data/proj/lerna-docs/formal/mechanisms/control/Budget.tla
Parsing file /Volumes/Data/proj/lerna-docs/formal/mechanisms/control/.states-8hh6u7lp/Naturals.tla
Parsing file /Volumes/Data/proj/lerna-docs/formal/mechanisms/control/.states-8hh6u7lp/FiniteSets.tla
Parsing file /Volumes/Data/proj/lerna-docs/formal/mechanisms/control/.states-8hh6u7lp/Sequences.tla
Semantic processing of module Naturals
Semantic processing of module Sequences
Semantic processing of module FiniteSets
Semantic processing of module Budget
Starting... (2026-09-25 08:43:20)
Computing initial states...
Finished computing initial states: 1 distinct state generated at 2026-09-25 08:43:20.
Progress(12) at 2026-09-25 08:43:23: 502,711 states generated (502,711 s/min), 112,829 distinct states found (112,829 ds/min), 42,236 states left on queue.
Model checking completed. No error has been found.
  Estimates of the probability that TLC did not check all reachable states
  because two distinct states had the same fingerprint:
  calculated (optimistic):  val = 6.4E-7
  based on the actual fingerprints:  val = 5.8E-8
9548153 states generated, 1461028 distinct states found, 0 states left on queue.
The depth of the complete state graph search is 25.
The average outdegree of the complete state graph is 1 (minimum is 0, the maximum 13 and the 95th percentile is 3).
Finished in 53s at (2026-09-25 08:44:13)
