TLC2 Version 2.19 of 08 August 2024 (rev: 5a47802)
Warning: Please run the Java VM which executes TLC with a throughput optimized garbage collector by passing the "-XX:+UseParallelGC" property.
(Use the -nowarning option to disable this warning.)
Running breadth-first search Model-Checking with fp 115 and seed 4968933743157537358 with 1 worker on 10 cores with 1536MB heap and 64MB offheap memory [pid: 24619] (Mac OS X 27.0 aarch64, Homebrew 25.0.2 x86_64, MSBDiskFPSet, DiskStateQueue).
Parsing file /Volumes/Data/proj/lerna-docs/formal/mechanisms/control/CoreContracts.tla
Parsing file /Volumes/Data/proj/lerna-docs/formal/mechanisms/control/.states-2k6zr3xp/Naturals.tla
Parsing file /Volumes/Data/proj/lerna-docs/formal/mechanisms/control/.states-2k6zr3xp/FiniteSets.tla
Parsing file /Volumes/Data/proj/lerna-docs/formal/mechanisms/control/.states-2k6zr3xp/Sequences.tla
Semantic processing of module Naturals
Semantic processing of module Sequences
Semantic processing of module FiniteSets
Semantic processing of module CoreContracts
Starting... (2026-09-25 08:43:48)
Computing initial states...
Finished computing initial states: 1 distinct state generated at 2026-09-25 08:43:48.
Error: Invariant FixedAuthority is violated.
Error: The behavior up to this point is:
State 1: <Initial predicate>
s = [ events |-> {},
  wrongRoute |-> FALSE,
  rejected |-> FALSE,
  requestVersion |-> 0,
  consumed |-> FALSE,
  winningOp |-> 0,
  consumes |-> 0,
  consumedAfterRefresh |-> FALSE,
  expired |-> FALSE,
  uiRevision |-> 0,
  invalidConsume |-> FALSE,
  proposed |-> FALSE,
  valid1 |-> FALSE,
  valid2 |-> FALSE,
  ready2 |-> FALSE,
  decision |-> "none",
  operations |-> {},
  reservation |-> 0,
  limit |-> 3,
  used |-> 0,
  held |-> 1,
  management |-> "none",
  originalDelta |-> 0,
  applied |-> 0,
  budgetRevision |-> 0,
  duplicateSeen |-> FALSE,
  externalLimit |-> 3,
  internalParent |-> 2,
  internalChild |-> 1 ]

State 2: <Bind line 20, col 22 to line 23, col 82 of module CoreContracts>
s = [ events |->
      { [ user |-> 2,
          op |-> 1,
          task |-> 1,
          kind |-> "input",
          intent |-> 0,
          authority |-> 1 ] },
  wrongRoute |-> TRUE,
  rejected |-> FALSE,
  requestVersion |-> 0,
  consumed |-> FALSE,
  winningOp |-> 0,
  consumes |-> 0,
  consumedAfterRefresh |-> FALSE,
  expired |-> FALSE,
  uiRevision |-> 0,
  invalidConsume |-> FALSE,
  proposed |-> FALSE,
  valid1 |-> FALSE,
  valid2 |-> FALSE,
  ready2 |-> FALSE,
  decision |-> "none",
  operations |-> {},
  reservation |-> 0,
  limit |-> 3,
  used |-> 0,
  held |-> 1,
  management |-> "none",
  originalDelta |-> 0,
  applied |-> 0,
  budgetRevision |-> 0,
  duplicateSeen |-> FALSE,
  externalLimit |-> 3,
  internalParent |-> 2,
  internalChild |-> 1 ]

4 states generated, 3 distinct states found, 1 states left on queue.
The depth of the complete state graph search is 2.
Finished in 00s at (2026-09-25 08:43:48)
