TLC2 Version 2.19 of 08 August 2024 (rev: 5a47802)
Warning: Please run the Java VM which executes TLC with a throughput optimized garbage collector by passing the "-XX:+UseParallelGC" property.
(Use the -nowarning option to disable this warning.)
Running breadth-first search Model-Checking with fp 2 and seed -8114669242876395577 with 1 worker on 10 cores with 1536MB heap and 64MB offheap memory [pid: 24306] (Mac OS X 27.0 aarch64, Homebrew 25.0.2 x86_64, MSBDiskFPSet, DiskStateQueue).
Parsing file /Volumes/Data/proj/lerna-docs/formal/mechanisms/control/Decision.tla
Parsing file /Volumes/Data/proj/lerna-docs/formal/mechanisms/control/.states-39w3wdsd/Naturals.tla
Parsing file /Volumes/Data/proj/lerna-docs/formal/mechanisms/control/.states-39w3wdsd/FiniteSets.tla
Parsing file /Volumes/Data/proj/lerna-docs/formal/mechanisms/control/.states-39w3wdsd/Sequences.tla
Semantic processing of module Naturals
Semantic processing of module Sequences
Semantic processing of module FiniteSets
Semantic processing of module Decision
Starting... (2026-09-25 08:43:16)
Computing initial states...
Finished computing initial states: 1 distinct state generated at 2026-09-25 08:43:16.
Progress(14) at 2026-09-25 08:43:19: 988,781 states generated (988,781 s/min), 266,393 distinct states found (266,393 ds/min), 72,550 states left on queue.
Model checking completed. No error has been found.
  Estimates of the probability that TLC did not check all reachable states
  because two distinct states had the same fingerprint:
  calculated (optimistic):  val = 1.8E-7
  based on the actual fingerprints:  val = 1.0E-8
4243777 states generated, 1070144 distinct states found, 0 states left on queue.
The depth of the complete state graph search is 25.
The average outdegree of the complete state graph is 1 (minimum is 0, the maximum 16 and the 95th percentile is 4).
Finished in 13s at (2026-09-25 08:43:30)
