TLC2 Version 2.19 of 08 August 2024 (rev: 5a47802)
Running breadth-first search Model-Checking with fp 0 and seed 1 with 1 worker on 10 cores with 1820MB heap and 64MB offheap memory [pid: 20388] (Mac OS X 27.0 aarch64, Homebrew 25.0.2 x86_64, MSBDiskFPSet, DiskStateQueue).
Parsing file /Volumes/Data/proj/lerna-docs/formal/mechanisms/trust/MemoryCommand.tla
Parsing file /private/var/folders/q3/nxw95lcx0nb05qqqp0w1nzgc0000gn/T/mechanism-tlc-_pewr9a0/Naturals.tla
Parsing file /private/var/folders/q3/nxw95lcx0nb05qqqp0w1nzgc0000gn/T/mechanism-tlc-_pewr9a0/FiniteSets.tla
Parsing file /private/var/folders/q3/nxw95lcx0nb05qqqp0w1nzgc0000gn/T/mechanism-tlc-_pewr9a0/Sequences.tla
Semantic processing of module Naturals
Semantic processing of module Sequences
Semantic processing of module FiniteSets
Semantic processing of module MemoryCommand
Starting... (2026-09-25 08:37:06)
Computing initial states...
Finished computing initial states: 1 distinct state generated at 2026-09-25 08:37:06.
Error: Invariant CASRespected is violated.
Error: The behavior up to this point is:
State 1: <Initial predicate>
s = [ revision |-> 1,
  tombstone |-> FALSE,
  phase |-> <<"idle", "idle">>,
  expected |-> <<1, 1>>,
  deleting |-> <<FALSE, FALSE>>,
  committed |-> {},
  closed |-> {},
  creates |-> <<0, 0>>,
  badCAS |-> FALSE,
  resurrected |-> FALSE,
  conflict |-> FALSE ]

State 2: <Prepare line 12, col 19 to line 14, col 75 of module MemoryCommand>
s = [ revision |-> 1,
  tombstone |-> FALSE,
  phase |-> <<"prepared", "idle">>,
  expected |-> <<1, 1>>,
  deleting |-> <<FALSE, FALSE>>,
  committed |-> {},
  closed |-> {},
  creates |-> <<0, 0>>,
  badCAS |-> FALSE,
  resurrected |-> FALSE,
  conflict |-> FALSE ]

State 3: <Prepare line 12, col 19 to line 14, col 75 of module MemoryCommand>
s = [ revision |-> 1,
  tombstone |-> FALSE,
  phase |-> <<"prepared", "prepared">>,
  expected |-> <<1, 1>>,
  deleting |-> <<FALSE, FALSE>>,
  committed |-> {},
  closed |-> {},
  creates |-> <<0, 0>>,
  badCAS |-> FALSE,
  resurrected |-> FALSE,
  conflict |-> FALSE ]

State 4: <Commit line 15, col 14 to line 28, col 61 of module MemoryCommand>
s = [ revision |-> 2,
  tombstone |-> FALSE,
  phase |-> <<"committed", "prepared">>,
  expected |-> <<1, 1>>,
  deleting |-> <<FALSE, FALSE>>,
  committed |-> {1},
  closed |-> {},
  creates |-> <<1, 0>>,
  badCAS |-> FALSE,
  resurrected |-> FALSE,
  conflict |-> FALSE ]

State 5: <Commit line 15, col 14 to line 28, col 61 of module MemoryCommand>
s = [ revision |-> 3,
  tombstone |-> FALSE,
  phase |-> <<"committed", "committed">>,
  expected |-> <<1, 1>>,
  deleting |-> <<FALSE, FALSE>>,
  committed |-> {1, 2},
  closed |-> {},
  creates |-> <<1, 1>>,
  badCAS |-> TRUE,
  resurrected |-> FALSE,
  conflict |-> FALSE ]

107 states generated, 49 distinct states found, 25 states left on queue.
The depth of the complete state graph search is 5.
The average outdegree of the complete state graph is 2 (minimum is 0, the maximum 6 and the 95th percentile is 4).
Finished in 00s at (2026-09-25 08:37:06)
