TLC2 Version 2.19 of 08 August 2024 (rev: 5a47802)
Running breadth-first search Model-Checking with fp 0 and seed 1 with 1 worker on 10 cores with 1820MB heap and 64MB offheap memory [pid: 18944] (Mac OS X 27.0 aarch64, Homebrew 25.0.2 x86_64, MSBDiskFPSet, DiskStateQueue).
Parsing file /Volumes/Data/proj/lerna-docs/formal/mechanisms/control/Decision.tla
Parsing file /private/var/folders/q3/nxw95lcx0nb05qqqp0w1nzgc0000gn/T/mechanism-tlc-6si5tblw/Naturals.tla
Parsing file /private/var/folders/q3/nxw95lcx0nb05qqqp0w1nzgc0000gn/T/mechanism-tlc-6si5tblw/FiniteSets.tla
Parsing file /private/var/folders/q3/nxw95lcx0nb05qqqp0w1nzgc0000gn/T/mechanism-tlc-6si5tblw/Sequences.tla
Semantic processing of module Naturals
Semantic processing of module Sequences
Semantic processing of module FiniteSets
Semantic processing of module Decision
Starting... (2026-09-25 08:35:21)
Computing initial states...
Finished computing initial states: 1 distinct state generated at 2026-09-25 08:35:21.
Model checking completed. No error has been found.
  Estimates of the probability that TLC did not check all reachable states
  because two distinct states had the same fingerprint:
  calculated (optimistic):  val = 1.2E-9
  based on the actual fingerprints:  val = 4.0E-10
348501 states generated, 84800 distinct states found, 0 states left on queue.
The depth of the complete state graph search is 22.
The average outdegree of the complete state graph is 1 (minimum is 0, the maximum 12 and the 95th percentile is 4).
Finished in 00s at (2026-09-25 08:35:22)
