TLC2 Version 2.19 of 08 August 2024 (rev: 5a47802)
Running breadth-first search Model-Checking with fp 0 and seed 1 with 1 worker on 10 cores with 1820MB heap and 64MB offheap memory [pid: 20047] (Mac OS X 27.0 aarch64, Homebrew 25.0.2 x86_64, MSBDiskFPSet, DiskStateQueue).
Parsing file /Volumes/Data/proj/lerna-docs/formal/mechanisms/lifecycle/Input.tla
Parsing file /private/var/folders/q3/nxw95lcx0nb05qqqp0w1nzgc0000gn/T/mechanism-tlc-z35sb7vw/Naturals.tla
Parsing file /private/var/folders/q3/nxw95lcx0nb05qqqp0w1nzgc0000gn/T/mechanism-tlc-z35sb7vw/FiniteSets.tla
Parsing file /private/var/folders/q3/nxw95lcx0nb05qqqp0w1nzgc0000gn/T/mechanism-tlc-z35sb7vw/TLC.tla
Parsing file /private/var/folders/q3/nxw95lcx0nb05qqqp0w1nzgc0000gn/T/mechanism-tlc-z35sb7vw/Sequences.tla
Semantic processing of module Naturals
Semantic processing of module Sequences
Semantic processing of module FiniteSets
Semantic processing of module TLC
Semantic processing of module Input
Starting... (2026-09-25 08:36:41)
Computing initial states...
Finished computing initial states: 1 distinct state generated at 2026-09-25 08:36:41.
Error: Invariant MappingBeforeForward is violated.
Error: The behavior up to this point is:
State 1: <Initial predicate>
/\ usedMeaning = 0
/\ badMeaning = FALSE
/\ appliedEver = {}
/\ child = <<0, 0>>
/\ crashed = FALSE
/\ consumer = (0 :> 0 @@ 1 :> 0)
/\ consumes = (0 :> 0 @@ 1 :> 0)
/\ duty = {}
/\ outcome = <<"none", "none">>
/\ contentRev = 0
/\ up = TRUE
/\ frozenMeaning = <<0, 0>>
/\ sent = {}
/\ phase = <<"none", "none">>
/\ meaning = 0
/\ recovered = FALSE

State 2: <Accept line 14, col 14 to line 19, col 80 of module Input>
/\ usedMeaning = 0
/\ badMeaning = FALSE
/\ appliedEver = {}
/\ child = <<0, 0>>
/\ crashed = FALSE
/\ consumer = (0 :> 0 @@ 1 :> 0)
/\ consumes = (0 :> 0 @@ 1 :> 0)
/\ duty = {1}
/\ outcome = <<"none", "none">>
/\ contentRev = 0
/\ up = TRUE
/\ frozenMeaning = <<0, 0>>
/\ sent = {}
/\ phase = <<"accepted", "none">>
/\ meaning = 0
/\ recovered = FALSE

State 3: <Forward line 24, col 15 to line 28, col 101 of module Input>
/\ usedMeaning = 0
/\ badMeaning = FALSE
/\ appliedEver = {}
/\ child = <<0, 0>>
/\ crashed = FALSE
/\ consumer = (0 :> 0 @@ 1 :> 0)
/\ consumes = (0 :> 0 @@ 1 :> 0)
/\ duty = {1}
/\ outcome = <<"none", "none">>
/\ contentRev = 0
/\ up = TRUE
/\ frozenMeaning = <<0, 0>>
/\ sent = {1}
/\ phase = <<"accepted", "none">>
/\ meaning = 0
/\ recovered = FALSE

8 states generated, 8 distinct states found, 5 states left on queue.
The depth of the complete state graph search is 3.
The average outdegree of the complete state graph is 5 (minimum is 5, the maximum 5 and the 95th percentile is 5).
Finished in 00s at (2026-09-25 08:36:41)
