TLC2 Version 2.19 of 08 August 2024 (rev: 5a47802)
Running breadth-first search Model-Checking with fp 0 and seed 1 with 1 worker on 10 cores with 1820MB heap and 64MB offheap memory [pid: 20099] (Mac OS X 27.0 aarch64, Homebrew 25.0.2 x86_64, MSBDiskFPSet, DiskStateQueue).
Parsing file /Volumes/Data/proj/lerna-docs/formal/mechanisms/lifecycle/Rollback.tla
Parsing file /private/var/folders/q3/nxw95lcx0nb05qqqp0w1nzgc0000gn/T/mechanism-tlc-42783eq8/Naturals.tla
Parsing file /private/var/folders/q3/nxw95lcx0nb05qqqp0w1nzgc0000gn/T/mechanism-tlc-42783eq8/TLC.tla
Parsing file /private/var/folders/q3/nxw95lcx0nb05qqqp0w1nzgc0000gn/T/mechanism-tlc-42783eq8/Sequences.tla
Parsing file /private/var/folders/q3/nxw95lcx0nb05qqqp0w1nzgc0000gn/T/mechanism-tlc-42783eq8/FiniteSets.tla
Semantic processing of module Naturals
Semantic processing of module Sequences
Semantic processing of module FiniteSets
Semantic processing of module TLC
Semantic processing of module Rollback
Starting... (2026-09-25 08:36:45)
Computing initial states...
Finished computing initial states: 1 distinct state generated at 2026-09-25 08:36:45.
Error: Invariant RestoredRequiresActivation is violated.
Error: The behavior up to this point is:
State 1: <Initial predicate>
/\ badRestore = FALSE
/\ blockedHistory = FALSE
/\ disabled = FALSE
/\ restored = FALSE
/\ unknown = FALSE
/\ crashed = FALSE
/\ disposition = "restore"
/\ complete = FALSE
/\ active = 2
/\ trusted = TRUE
/\ up = TRUE
/\ rev = 0
/\ compatible = TRUE
/\ readRev = 0
/\ recovered = FALSE
/\ stage = "idle"
/\ originalFacts = TRUE

State 2: <Disable line 29, col 12 to line 32, col 105 of module Rollback>
/\ badRestore = FALSE
/\ blockedHistory = FALSE
/\ disabled = TRUE
/\ restored = TRUE
/\ unknown = FALSE
/\ crashed = FALSE
/\ disposition = "restore"
/\ complete = FALSE
/\ active = 2
/\ trusted = TRUE
/\ up = TRUE
/\ rev = 0
/\ compatible = TRUE
/\ readRev = 0
/\ recovered = FALSE
/\ stage = "idle"
/\ originalFacts = TRUE

6 states generated, 6 distinct states found, 4 states left on queue.
The depth of the complete state graph search is 2.
Finished in 00s at (2026-09-25 08:36:45)
