TLC2 Version 2.19 of 08 August 2024 (rev: 5a47802)
Running breadth-first search Model-Checking with fp 0 and seed 1 with 1 worker on 10 cores with 1820MB heap and 64MB offheap memory [pid: 20324] (Mac OS X 27.0 aarch64, Homebrew 25.0.2 x86_64, MSBDiskFPSet, DiskStateQueue).
Parsing file /Volumes/Data/proj/lerna-docs/formal/mechanisms/trust/SourceGovernance.tla
Parsing file /private/var/folders/q3/nxw95lcx0nb05qqqp0w1nzgc0000gn/T/mechanism-tlc-1ayex5zl/Naturals.tla
Parsing file /private/var/folders/q3/nxw95lcx0nb05qqqp0w1nzgc0000gn/T/mechanism-tlc-1ayex5zl/FiniteSets.tla
Parsing file /private/var/folders/q3/nxw95lcx0nb05qqqp0w1nzgc0000gn/T/mechanism-tlc-1ayex5zl/Sequences.tla
Semantic processing of module Naturals
Semantic processing of module Sequences
Semantic processing of module FiniteSets
Semantic processing of module SourceGovernance
Starting... (2026-09-25 08:36:59)
Computing initial states...
Finished computing initial states: 1 distinct state generated at 2026-09-25 08:36:59.
Error: Invariant NoFalseComplete is violated.
Error: The behavior up to this point is:
State 1: <Initial predicate>
s = [ closed |-> {},
  bytes |-> {},
  retained |-> {},
  registered |-> {},
  published |-> {},
  required |-> {},
  platformAck |-> {},
  cleaned |-> {},
  unsafeUse |-> FALSE,
  badPublish |-> FALSE,
  falseComplete |-> FALSE,
  blockedUse |-> FALSE ]

State 2: <Acquire line 13, col 15 to line 14, col 53 of module SourceGovernance>
s = [ closed |-> {},
  bytes |-> {"derived"},
  retained |-> {},
  registered |-> {},
  published |-> {},
  required |-> {},
  platformAck |-> {},
  cleaned |-> {},
  unsafeUse |-> FALSE,
  badPublish |-> FALSE,
  falseComplete |-> FALSE,
  blockedUse |-> FALSE ]

State 3: <Register line 17, col 16 to line 18, col 59 of module SourceGovernance>
s = [ closed |-> {},
  bytes |-> {"derived"},
  retained |-> {},
  registered |-> {"derived"},
  published |-> {},
  required |-> {},
  platformAck |-> {},
  cleaned |-> {},
  unsafeUse |-> FALSE,
  badPublish |-> FALSE,
  falseComplete |-> FALSE,
  blockedUse |-> FALSE ]

State 4: <Close line 24, col 15 to line 27, col 83 of module SourceGovernance>
s = [ closed |-> {"root"},
  bytes |-> {"derived"},
  retained |-> {},
  registered |-> {"derived"},
  published |-> {},
  required |-> {"derived"},
  platformAck |-> {},
  cleaned |-> {},
  unsafeUse |-> FALSE,
  badPublish |-> FALSE,
  falseComplete |-> FALSE,
  blockedUse |-> FALSE ]

State 5: <ReportComplete line 39, col 22 to line 39, col 85 of module SourceGovernance>
s = [ closed |-> {"root"},
  bytes |-> {"derived"},
  retained |-> {},
  registered |-> {"derived"},
  published |-> {},
  required |-> {"derived"},
  platformAck |-> {},
  cleaned |-> {},
  unsafeUse |-> FALSE,
  badPublish |-> FALSE,
  falseComplete |-> TRUE,
  blockedUse |-> FALSE ]

125 states generated, 49 distinct states found, 27 states left on queue.
The depth of the complete state graph search is 5.
The average outdegree of the complete state graph is 2 (minimum is 0, the maximum 5 and the 95th percentile is 5).
Finished in 00s at (2026-09-25 08:36:59)
