=== RUN   TestContentNewAssociationRequiresCurrentDirectSourceAdmission
=== RUN   TestContentNewAssociationRequiresCurrentDirectSourceAdmission/process
=== RUN   TestContentNewAssociationRequiresCurrentDirectSourceAdmission/save
--- PASS: TestContentNewAssociationRequiresCurrentDirectSourceAdmission (1.76s)
    --- PASS: TestContentNewAssociationRequiresCurrentDirectSourceAdmission/process (1.01s)
    --- PASS: TestContentNewAssociationRequiresCurrentDirectSourceAdmission/save (0.75s)
=== RUN   TestContentDirectReadPermissionsAreCurrentAndSeparate
=== RUN   TestContentDirectReadPermissionsAreCurrentAndSeparate/read
=== RUN   TestContentDirectReadPermissionsAreCurrentAndSeparate/disclose
=== RUN   TestContentDirectReadPermissionsAreCurrentAndSeparate/during-read
=== RUN   TestContentDirectReadPermissionsAreCurrentAndSeparate/during-disclose
=== RUN   TestContentDirectReadPermissionsAreCurrentAndSeparate/expired
=== RUN   TestContentDirectReadPermissionsAreCurrentAndSeparate/process-save-control
--- PASS: TestContentDirectReadPermissionsAreCurrentAndSeparate (3.91s)
    --- PASS: TestContentDirectReadPermissionsAreCurrentAndSeparate/read (0.56s)
    --- PASS: TestContentDirectReadPermissionsAreCurrentAndSeparate/disclose (0.61s)
    --- PASS: TestContentDirectReadPermissionsAreCurrentAndSeparate/during-read (0.60s)
    --- PASS: TestContentDirectReadPermissionsAreCurrentAndSeparate/during-disclose (0.79s)
    --- PASS: TestContentDirectReadPermissionsAreCurrentAndSeparate/expired (0.85s)
    --- PASS: TestContentDirectReadPermissionsAreCurrentAndSeparate/process-save-control (0.51s)
=== RUN   TestContentDirectSourcesRequireSeparateReadProcessSaveAndRetention
=== RUN   TestContentDirectSourcesRequireSeparateReadProcessSaveAndRetention/read
=== RUN   TestContentDirectSourcesRequireSeparateReadProcessSaveAndRetention/process
=== RUN   TestContentDirectSourcesRequireSeparateReadProcessSaveAndRetention/save
--- PASS: TestContentDirectSourcesRequireSeparateReadProcessSaveAndRetention (1.49s)
    --- PASS: TestContentDirectSourcesRequireSeparateReadProcessSaveAndRetention/read (0.52s)
    --- PASS: TestContentDirectSourcesRequireSeparateReadProcessSaveAndRetention/process (0.47s)
    --- PASS: TestContentDirectSourcesRequireSeparateReadProcessSaveAndRetention/save (0.50s)
=== RUN   TestContentReturnedBytesRequireCurrentReadAndDisclose
=== RUN   TestContentReturnedBytesRequireCurrentReadAndDisclose/read
=== RUN   TestContentReturnedBytesRequireCurrentReadAndDisclose/disclose
--- PASS: TestContentReturnedBytesRequireCurrentReadAndDisclose (0.61s)
    --- PASS: TestContentReturnedBytesRequireCurrentReadAndDisclose/read (0.30s)
    --- PASS: TestContentReturnedBytesRequireCurrentReadAndDisclose/disclose (0.31s)
=== RUN   TestContentTargetReadPoliciesBindExactPublishedDeclaration
=== RUN   TestContentTargetReadPoliciesBindExactPublishedDeclaration/hash/before-read
=== RUN   TestContentTargetReadPoliciesBindExactPublishedDeclaration/hash/after-native-read
=== RUN   TestContentTargetReadPoliciesBindExactPublishedDeclaration/media/before-read
=== RUN   TestContentTargetReadPoliciesBindExactPublishedDeclaration/media/after-native-read
=== RUN   TestContentTargetReadPoliciesBindExactPublishedDeclaration/length/before-read
=== RUN   TestContentTargetReadPoliciesBindExactPublishedDeclaration/length/after-native-read
--- PASS: TestContentTargetReadPoliciesBindExactPublishedDeclaration (1.83s)
    --- PASS: TestContentTargetReadPoliciesBindExactPublishedDeclaration/hash/before-read (0.30s)
    --- PASS: TestContentTargetReadPoliciesBindExactPublishedDeclaration/hash/after-native-read (0.32s)
    --- PASS: TestContentTargetReadPoliciesBindExactPublishedDeclaration/media/before-read (0.30s)
    --- PASS: TestContentTargetReadPoliciesBindExactPublishedDeclaration/media/after-native-read (0.31s)
    --- PASS: TestContentTargetReadPoliciesBindExactPublishedDeclaration/length/before-read (0.30s)
    --- PASS: TestContentTargetReadPoliciesBindExactPublishedDeclaration/length/after-native-read (0.30s)
=== RUN   TestContentTargetAuthorizationPrecedesExistenceAndMismatchObservation
=== RUN   TestContentTargetAuthorizationPrecedesExistenceAndMismatchObservation/existing-other-request
=== RUN   TestContentTargetAuthorizationPrecedesExistenceAndMismatchObservation/existing-policy-request
=== RUN   TestContentTargetAuthorizationPrecedesExistenceAndMismatchObservation/absent
--- PASS: TestContentTargetAuthorizationPrecedesExistenceAndMismatchObservation (0.76s)
    --- PASS: TestContentTargetAuthorizationPrecedesExistenceAndMismatchObservation/existing-other-request (0.28s)
    --- PASS: TestContentTargetAuthorizationPrecedesExistenceAndMismatchObservation/existing-policy-request (0.28s)
    --- PASS: TestContentTargetAuthorizationPrecedesExistenceAndMismatchObservation/absent (0.19s)
PASS
ok  	github.com/ruipengliu/lerna/conformance/component	11.418s
NATIVE_COMPLETION_ACK {"pid": 3223946, "pgid": 3223946, "starttime": "13455932", "exit": 0, "group_absent": true, "timed_out": false}
