=== RUN   TestContentNewAssociationRequiresCurrentDirectSourceAdmission
=== RUN   TestContentNewAssociationRequiresCurrentDirectSourceAdmission/process
=== RUN   TestContentNewAssociationRequiresCurrentDirectSourceAdmission/save
--- PASS: TestContentNewAssociationRequiresCurrentDirectSourceAdmission (0.68s)
    --- PASS: TestContentNewAssociationRequiresCurrentDirectSourceAdmission/process (0.39s)
    --- PASS: TestContentNewAssociationRequiresCurrentDirectSourceAdmission/save (0.30s)
=== RUN   TestContentDirectReadPermissionsAreCurrentAndSeparate
=== RUN   TestContentDirectReadPermissionsAreCurrentAndSeparate/read
=== RUN   TestContentDirectReadPermissionsAreCurrentAndSeparate/disclose
=== RUN   TestContentDirectReadPermissionsAreCurrentAndSeparate/during-read
=== RUN   TestContentDirectReadPermissionsAreCurrentAndSeparate/during-disclose
=== RUN   TestContentDirectReadPermissionsAreCurrentAndSeparate/expired
=== RUN   TestContentDirectReadPermissionsAreCurrentAndSeparate/process-save-control
--- PASS: TestContentDirectReadPermissionsAreCurrentAndSeparate (1.87s)
    --- PASS: TestContentDirectReadPermissionsAreCurrentAndSeparate/read (0.30s)
    --- PASS: TestContentDirectReadPermissionsAreCurrentAndSeparate/disclose (0.30s)
    --- PASS: TestContentDirectReadPermissionsAreCurrentAndSeparate/during-read (0.30s)
    --- PASS: TestContentDirectReadPermissionsAreCurrentAndSeparate/during-disclose (0.27s)
    --- PASS: TestContentDirectReadPermissionsAreCurrentAndSeparate/expired (0.44s)
    --- PASS: TestContentDirectReadPermissionsAreCurrentAndSeparate/process-save-control (0.27s)
=== RUN   TestContentDirectSourcesRequireSeparateReadProcessSaveAndRetention
=== RUN   TestContentDirectSourcesRequireSeparateReadProcessSaveAndRetention/read
=== RUN   TestContentDirectSourcesRequireSeparateReadProcessSaveAndRetention/process
=== RUN   TestContentDirectSourcesRequireSeparateReadProcessSaveAndRetention/save
--- PASS: TestContentDirectSourcesRequireSeparateReadProcessSaveAndRetention (0.92s)
    --- PASS: TestContentDirectSourcesRequireSeparateReadProcessSaveAndRetention/read (0.29s)
    --- PASS: TestContentDirectSourcesRequireSeparateReadProcessSaveAndRetention/process (0.37s)
    --- PASS: TestContentDirectSourcesRequireSeparateReadProcessSaveAndRetention/save (0.26s)
=== RUN   TestContentReturnedBytesRequireCurrentReadAndDisclose
=== RUN   TestContentReturnedBytesRequireCurrentReadAndDisclose/read
=== RUN   TestContentReturnedBytesRequireCurrentReadAndDisclose/disclose
--- PASS: TestContentReturnedBytesRequireCurrentReadAndDisclose (0.34s)
    --- PASS: TestContentReturnedBytesRequireCurrentReadAndDisclose/read (0.18s)
    --- PASS: TestContentReturnedBytesRequireCurrentReadAndDisclose/disclose (0.16s)
=== RUN   TestContentTargetReadPoliciesBindExactPublishedDeclaration
=== RUN   TestContentTargetReadPoliciesBindExactPublishedDeclaration/hash/before-read
=== RUN   TestContentTargetReadPoliciesBindExactPublishedDeclaration/hash/after-native-read
=== RUN   TestContentTargetReadPoliciesBindExactPublishedDeclaration/media/before-read
=== RUN   TestContentTargetReadPoliciesBindExactPublishedDeclaration/media/after-native-read
=== RUN   TestContentTargetReadPoliciesBindExactPublishedDeclaration/length/before-read
=== RUN   TestContentTargetReadPoliciesBindExactPublishedDeclaration/length/after-native-read
--- PASS: TestContentTargetReadPoliciesBindExactPublishedDeclaration (1.13s)
    --- PASS: TestContentTargetReadPoliciesBindExactPublishedDeclaration/hash/before-read (0.16s)
    --- PASS: TestContentTargetReadPoliciesBindExactPublishedDeclaration/hash/after-native-read (0.16s)
    --- PASS: TestContentTargetReadPoliciesBindExactPublishedDeclaration/media/before-read (0.21s)
    --- PASS: TestContentTargetReadPoliciesBindExactPublishedDeclaration/media/after-native-read (0.22s)
    --- PASS: TestContentTargetReadPoliciesBindExactPublishedDeclaration/length/before-read (0.20s)
    --- PASS: TestContentTargetReadPoliciesBindExactPublishedDeclaration/length/after-native-read (0.18s)
=== RUN   TestContentTargetAuthorizationPrecedesExistenceAndMismatchObservation
=== RUN   TestContentTargetAuthorizationPrecedesExistenceAndMismatchObservation/existing-other-request
=== RUN   TestContentTargetAuthorizationPrecedesExistenceAndMismatchObservation/existing-policy-request
=== RUN   TestContentTargetAuthorizationPrecedesExistenceAndMismatchObservation/absent
--- PASS: TestContentTargetAuthorizationPrecedesExistenceAndMismatchObservation (0.50s)
    --- PASS: TestContentTargetAuthorizationPrecedesExistenceAndMismatchObservation/existing-other-request (0.18s)
    --- PASS: TestContentTargetAuthorizationPrecedesExistenceAndMismatchObservation/existing-policy-request (0.18s)
    --- PASS: TestContentTargetAuthorizationPrecedesExistenceAndMismatchObservation/absent (0.14s)
PASS
ok  	github.com/ruipengliu/lerna/conformance/component	5.458s
NATIVE_COMPLETION_ACK {"pid": 3219025, "pgid": 3219025, "starttime": "13437514", "exit": 0, "group_absent": true, "timed_out": false}
