TLC2 Version 2.19 of 08 August 2024 (rev: 5a47802)
Running breadth-first search Model-Checking with fp 0 and seed 1 with 1 worker on 10 cores with 1820MB heap and 64MB offheap memory [pid: 6981] (Mac OS X 27.0 aarch64, Homebrew 25.0.2 x86_64, MSBDiskFPSet, DiskStateQueue).
Parsing file /Volumes/Data/proj/lerna-docs/formal/mechanisms/communication/Composition.tla
Parsing file /private/var/folders/q3/nxw95lcx0nb05qqqp0w1nzgc0000gn/T/Naturals.tla
Semantic processing of module Naturals
Semantic processing of module Composition
Starting... (2026-09-25 08:11:22)
Computing initial states...
Finished computing initial states: 1 distinct state generated at 2026-09-25 08:11:22.
Error: Invariant NeverLateFact is violated.
Error: The behavior up to this point is:
State 1: <Initial predicate>
s = [ rev |->
      ( authorization :> 0 @@
        control :> 0 @@
        owner :> 0 @@
        source :> 0 @@
        runtime :> 0 ),
  enabled |-> {authorization, control, owner, source, runtime},
  stamp |->
      ( authorization :> 0 @@
        control :> 0 @@
        owner :> 0 @@
        source :> 0 @@
        runtime :> 0 ),
  prepared |-> FALSE,
  issued |-> FALSE,
  command |-> FALSE,
  effects |-> 0,
  unknown |-> FALSE,
  fact |-> FALSE,
  held |-> FALSE,
  illegal |-> FALSE,
  completed |-> FALSE ]

State 2: <Prepare line 14, col 12 to line 15, col 79 of module Composition>
s = [ rev |->
      ( authorization :> 0 @@
        control :> 0 @@
        owner :> 0 @@
        source :> 0 @@
        runtime :> 0 ),
  enabled |-> {authorization, control, owner, source, runtime},
  stamp |->
      ( authorization :> 0 @@
        control :> 0 @@
        owner :> 0 @@
        source :> 0 @@
        runtime :> 0 ),
  prepared |-> TRUE,
  issued |-> FALSE,
  command |-> FALSE,
  effects |-> 0,
  unknown |-> FALSE,
  fact |-> FALSE,
  held |-> TRUE,
  illegal |-> FALSE,
  completed |-> FALSE ]

State 3: <CommitIssue line 19, col 16 to line 22, col 61 of module Composition>
s = [ rev |->
      ( authorization :> 0 @@
        control :> 0 @@
        owner :> 0 @@
        source :> 0 @@
        runtime :> 0 ),
  enabled |-> {authorization, control, owner, source, runtime},
  stamp |->
      ( authorization :> 0 @@
        control :> 0 @@
        owner :> 0 @@
        source :> 0 @@
        runtime :> 0 ),
  prepared |-> TRUE,
  issued |-> TRUE,
  command |-> TRUE,
  effects |-> 0,
  unknown |-> FALSE,
  fact |-> FALSE,
  held |-> TRUE,
  illegal |-> FALSE,
  completed |-> FALSE ]

State 4: <Effect line 25, col 11 to line 26, col 65 of module Composition>
s = [ rev |->
      ( authorization :> 0 @@
        control :> 0 @@
        owner :> 0 @@
        source :> 0 @@
        runtime :> 0 ),
  enabled |-> {authorization, control, owner, source, runtime},
  stamp |->
      ( authorization :> 0 @@
        control :> 0 @@
        owner :> 0 @@
        source :> 0 @@
        runtime :> 0 ),
  prepared |-> TRUE,
  issued |-> TRUE,
  command |-> FALSE,
  effects |-> 1,
  unknown |-> FALSE,
  fact |-> FALSE,
  held |-> TRUE,
  illegal |-> FALSE,
  completed |-> FALSE ]

State 5: <ReadFact line 29, col 13 to line 30, col 63 of module Composition>
s = [ rev |->
      ( authorization :> 0 @@
        control :> 0 @@
        owner :> 0 @@
        source :> 0 @@
        runtime :> 0 ),
  enabled |-> {authorization, control, owner, source, runtime},
  stamp |->
      ( authorization :> 0 @@
        control :> 0 @@
        owner :> 0 @@
        source :> 0 @@
        runtime :> 0 ),
  prepared |-> TRUE,
  issued |-> TRUE,
  command |-> FALSE,
  effects |-> 1,
  unknown |-> FALSE,
  fact |-> TRUE,
  held |-> TRUE,
  illegal |-> FALSE,
  completed |-> FALSE ]

State 6: <Invalidate line 16, col 18 to line 18, col 79 of module Composition>
s = [ rev |->
      ( authorization :> 1 @@
        control :> 0 @@
        owner :> 0 @@
        source :> 0 @@
        runtime :> 0 ),
  enabled |-> {control, owner, source, runtime},
  stamp |->
      ( authorization :> 0 @@
        control :> 0 @@
        owner :> 0 @@
        source :> 0 @@
        runtime :> 0 ),
  prepared |-> TRUE,
  issued |-> TRUE,
  command |-> FALSE,
  effects |-> 1,
  unknown |-> FALSE,
  fact |-> TRUE,
  held |-> TRUE,
  illegal |-> FALSE,
  completed |-> FALSE ]

192 states generated, 95 distinct states found, 42 states left on queue.
The depth of the complete state graph search is 6.
The average outdegree of the complete state graph is 2 (minimum is 0, the maximum 7 and the 95th percentile is 6).
Finished in 00s at (2026-09-25 08:11:22)
