{"argv": ["bash", "-c", "set -e; set -o pipefail; source /workspace/.lerna-env/env.sh; export GOTOOLCHAIN=local; export GOFLAGS=-mod=readonly; export PATH=/tmp/lerna-current-ci-partition-execution/go-shim:$PATH; make test-integration-race"], "deadline_seconds": 1445, "event": "native_start_ack", "operation": "partition-shared-race", "pgid": 3829696, "pid": 3829696, "root": "/tmp/lerna-current-ci-partition-execution", "starttime": "16069966"}
{"argv": ["/home/agent/.local/toolchains/go1.27.1/bin/go", "env", "CGO_ENABLED"], "event": "owned_go_child_start_ack", "operation": "go-child-0012", "original_whole_deadline_monotonic": 162144.659992109, "parent_operation": "partition-shared-race", "pgid": 3829696, "pid": 3829699, "remaining_whole_seconds": 1444.9326536379813, "root": "/tmp/lerna-current-ci-partition-execution", "starttime": "16069972"}
{"actual_wait_confirmed": true, "event": "owned_go_child_completion_ack", "exit": 0, "operation": "go-child-0012", "original_pid_generation_absent": true, "original_whole_deadline_monotonic": 162144.659992109, "parent_operation": "partition-shared-race", "pgid": 3829696, "pid": 3829699, "shared_group_absence_checked_only_after_whole_wait": true, "starttime": "16069972", "timed_out": false}
{"argv": ["/home/agent/.local/toolchains/go1.27.1/bin/go", "env", "GOOS"], "event": "owned_go_child_start_ack", "operation": "go-child-0013", "original_whole_deadline_monotonic": 162144.659992109, "parent_operation": "partition-shared-race", "pgid": 3829696, "pid": 3829705, "remaining_whole_seconds": 1444.8424399099895, "root": "/tmp/lerna-current-ci-partition-execution", "starttime": "16069981"}
{"actual_wait_confirmed": true, "event": "owned_go_child_completion_ack", "exit": 0, "operation": "go-child-0013", "original_pid_generation_absent": true, "original_whole_deadline_monotonic": 162144.659992109, "parent_operation": "partition-shared-race", "pgid": 3829696, "pid": 3829705, "shared_group_absence_checked_only_after_whole_wait": true, "starttime": "16069981", "timed_out": false}
{"argv": ["/home/agent/.local/toolchains/go1.27.1/bin/go", "test", "-p=1", "-count=1", "-race", "-tags=integration", "-timeout=120s", "./conformance/recovery/..."], "event": "owned_go_child_start_ack", "operation": "go-child-0014", "original_whole_deadline_monotonic": 162144.659992109, "parent_operation": "partition-shared-race", "pgid": 3829696, "pid": 3829718, "remaining_whole_seconds": 1444.7154051589896, "root": "/tmp/lerna-current-ci-partition-execution", "starttime": "16069994"}
postgres lerna_test_c0d656bc905dd115e5bfc0bd
postgres lerna_test_d8fa793aa46f343b5e503968
postgres lerna_test_7b62e31c6d8584b42bc5e81f
postgres lerna_test_26cd9ea392c3d9e13a1ba756
postgres lerna_test_24e1254590d7944027133c70
postgres lerna_test_11fbe48052171844131133a5
postgres lerna_test_a51b728578d47790161ba969
postgres lerna_test_1664ba6d4d88bdac7f267ba2
postgres lerna_test_01c47c35550649b4de17d48c
postgres lerna_test_edaa44248936774e41cbdf22
postgres lerna_test_0799bd365eba8350b11ccd16
postgres lerna_test_53d877365d67758c7283b1b2
postgres lerna_test_ff78db3eee58599ef16998e1
postgres lerna_test_003a368bdcbdbcdcf5b18225
postgres lerna_test_9ee30d43a513963f0744c755
postgres lerna_test_36560e9a1b0bd90626606070
postgres lerna_test_33b2ff1723784090184c6f1f
postgres lerna_test_c538a2919a93f55125df952f
postgres lerna_test_6ec442bfd3d9996dea5ec752
postgres lerna_test_748e8b505a2918a8dd28284d
postgres lerna_test_e06e86b6c2c4484d7a28e0b5
postgres lerna_test_d1e3e7e32e3e6539d66394fc
postgres lerna_test_2ad762de682d9aaa8c60c35d
postgres lerna_test_fc8b7151aff10ebbb5d6f2ff
postgres lerna_test_126ba64a70bbe3dc00c03e24
postgres lerna_test_6b5425e9f372530a47c97847
postgres lerna_test_d3764c09c79de4adeef8d1f1
postgres lerna_test_fbc33e7c5650ec8810cebb38
postgres lerna_test_e925312bb40f3c6195207696
postgres lerna_test_280d69d4ece62c66bbe8cb9f
postgres lerna_test_19f065c1c118687d53c4fbfd
postgres lerna_test_a4fc018eee4a69515ac54818
postgres lerna_test_84b5de0f9d96b972e7060e3a
postgres lerna_test_017ef7dd63af19bcea17105a
postgres lerna_test_0ae7973a6eeaab08046993e1
postgres lerna_test_6243ff30692b0ce7a990ac50
postgres lerna_test_3c98fbd318bdc6bf1f227b6e
postgres lerna_test_1ed4a05d7917cd50373242ad
postgres lerna_test_afcebf6ee73e3f7af3538d07
postgres lerna_test_51f1d7fa4cafc26c69038e38
sqlite /tmp/lerna-current-ci-partition-execution/lerna-owned-fixture-3010494199
sqlite /tmp/lerna-current-ci-partition-execution/lerna-owned-fixture-18799409
sqlite /tmp/lerna-current-ci-partition-execution/lerna-owned-fixture-1106386656
sqlite /tmp/lerna-current-ci-partition-execution/lerna-owned-fixture-3187819839
sqlite /tmp/lerna-current-ci-partition-execution/lerna-owned-fixture-3422965234
sqlite /tmp/lerna-current-ci-partition-execution/lerna-owned-fixture-901466607
sqlite /tmp/lerna-current-ci-partition-execution/lerna-owned-fixture-1471762068
sqlite /tmp/lerna-current-ci-partition-execution/lerna-owned-fixture-812331391
sqlite /tmp/lerna-current-ci-partition-execution/lerna-owned-fixture-2129410567
sqlite /tmp/lerna-current-ci-partition-execution/lerna-owned-fixture-2007507
sqlite /tmp/lerna-current-ci-partition-execution/lerna-owned-fixture-575612410
sqlite /tmp/lerna-current-ci-partition-execution/lerna-owned-fixture-3581201050
sqlite /tmp/lerna-current-ci-partition-execution/lerna-owned-fixture-1956363216
sqlite /tmp/lerna-current-ci-partition-execution/lerna-owned-fixture-1395943396
sqlite /tmp/lerna-current-ci-partition-execution/lerna-owned-fixture-2488338884
sqlite /tmp/lerna-current-ci-partition-execution/lerna-owned-fixture-4191536310
sqlite /tmp/lerna-current-ci-partition-execution/lerna-owned-fixture-697636154
sqlite /tmp/lerna-current-ci-partition-execution/lerna-owned-fixture-715575096
sqlite /tmp/lerna-current-ci-partition-execution/lerna-owned-fixture-3033856079
sqlite /tmp/lerna-current-ci-partition-execution/lerna-owned-fixture-4076542775
sqlite /tmp/lerna-current-ci-partition-execution/lerna-owned-fixture-906359240
sqlite /tmp/lerna-current-ci-partition-execution/lerna-owned-fixture-2469023135
sqlite /tmp/lerna-current-ci-partition-execution/lerna-owned-fixture-1624380545
sqlite /tmp/lerna-current-ci-partition-execution/lerna-owned-fixture-4063434741
sqlite /tmp/lerna-current-ci-partition-execution/lerna-owned-fixture-2871636936
sqlite /tmp/lerna-current-ci-partition-execution/lerna-owned-fixture-1245863654
postgres lerna_test_0c65690495849ad408b16d35
postgres lerna_test_fcd9cbedfd22a169d16f3571
postgres lerna_test_576e25e44b058ca85fc774cd
postgres lerna_test_fce8fbdadd8cd5bafd78cc91
postgres lerna_test_89b03cf52ec33b790e5aaa00
postgres lerna_test_05b0d092943816086f421fa3
postgres lerna_test_57d0d6a8855ea162480c1a6c
postgres lerna_test_88fc9c6ccce50c7cd372bdd9
postgres lerna_test_9cf27167c0f1f7b90fd2597b
postgres lerna_test_c8dbb46992419b7e0fa4a28c
postgres lerna_test_399bdc10e3bb6710e0db1835
postgres lerna_test_50de743b411f8c17757e7c7e
postgres lerna_test_f90fc20ff77341e0aa8e5aed
postgres lerna_test_bcbfccb8b9144b53a278989c
postgres lerna_test_14f3eb9b048c265ca97c945a
postgres lerna_test_70b307ed0629dad9e08ee280
postgres lerna_test_659b48fbbbb0ef8c796089ab
postgres lerna_test_548a4ce40ed645488c216e26
postgres lerna_test_cfcf959254a1e60d8abf798b
sqlite /tmp/lerna-current-ci-partition-execution/lerna-owned-fixture-2343682376
sqlite /tmp/lerna-current-ci-partition-execution/lerna-owned-fixture-198065831
postgres lerna_test_ee27e44f44960147ad1df724
postgres lerna_test_bd15d99d955cefb9caa88ef2
postgres lerna_test_7cbc5667ba730d7772f5623d
postgres lerna_test_4d4d3bca6365a4ca7cb0d06b
postgres lerna_test_30f7fdf6d198a35fe6bcdfcb
postgres lerna_test_b02f7772110509cfe3879143
sqlite /tmp/lerna-current-ci-partition-execution/lerna-owned-fixture-2745213272
sqlite /tmp/lerna-current-ci-partition-execution/lerna-owned-fixture-1592924762
postgres lerna_test_22742fe9e7165d214470de5f
sqlite /tmp/lerna-current-ci-partition-execution/lerna-owned-fixture-3666128318
sqlite /tmp/lerna-current-ci-partition-execution/lerna-owned-fixture-1129334759
postgres lerna_test_f63db5fc16efd5610dae6893
sqlite /tmp/lerna-current-ci-partition-execution/lerna-owned-fixture-3113664140
sqlite /tmp/lerna-current-ci-partition-execution/lerna-owned-fixture-2681474586
postgres lerna_test_bfa7832a7bf900ee11fe1a63
sqlite /tmp/lerna-current-ci-partition-execution/lerna-owned-fixture-876028894
postgres lerna_test_3cbf1ba8be278dbefdc3f71d
postgres lerna_test_4ac11a43e42d0edb08ff3ab2
postgres lerna_test_3f816e20cfbfdf45d194e185
postgres lerna_test_c1b48d0d008a424d29aa9fb4
postgres lerna_test_e02db06c6517d9e44ca2169c
postgres lerna_test_8699b28fa3801e2a697e3f3a
postgres lerna_test_7e94f5ca251fc69877b6e46e
sqlite /tmp/lerna-current-ci-partition-execution/lerna-owned-fixture-191126067
postgres lerna_test_0b64ac644e75dd12ee50a8f7
postgres lerna_test_e63b192885e3110de3a12844
sqlite /tmp/lerna-current-ci-partition-execution/lerna-owned-fixture-3794371770
sqlite /tmp/lerna-current-ci-partition-execution/lerna-owned-fixture-4064965070
postgres lerna_test_14edd777489e436d95f40c86
sqlite /tmp/lerna-current-ci-partition-execution/lerna-owned-fixture-4012830301
postgres lerna_test_33a88bbee008aab493a0133e
sqlite /tmp/lerna-current-ci-partition-execution/lerna-owned-fixture-4002773312
postgres lerna_test_7d115eeecc6cc7434fcdf27f
postgres lerna_test_b394b5d5af918b011e2a24cf
postgres lerna_test_bf41421b7a2b07d0cadfb308
postgres lerna_test_33b027826b766370cc860469
sqlite /tmp/lerna-current-ci-partition-execution/lerna-owned-fixture-3120111254
sqlite /tmp/lerna-current-ci-partition-execution/lerna-owned-fixture-1725820001
sqlite /tmp/lerna-current-ci-partition-execution/lerna-owned-fixture-977851296
sqlite /tmp/lerna-current-ci-partition-execution/lerna-owned-fixture-6792808
postgres lerna_test_4558fd17a708789761da07d8
postgres lerna_test_ccfdfc845c759da1dc9e27f0
postgres lerna_test_fd09680e857c2b061564994d
sqlite /tmp/lerna-current-ci-partition-execution/lerna-owned-fixture-3491061118
sqlite /tmp/lerna-current-ci-partition-execution/lerna-owned-fixture-3463696926
sqlite /tmp/lerna-current-ci-partition-execution/lerna-owned-fixture-3314298825
postgres lerna_test_e07ecbae433fcb7aafb10b73
sqlite /tmp/lerna-current-ci-partition-execution/lerna-owned-fixture-2984067794
postgres lerna_test_5c13b457449c95ec0ed6ff6f
sqlite /tmp/lerna-current-ci-partition-execution/lerna-owned-fixture-1818135981
postgres lerna_test_c01f0b6baff88501c3989775
sqlite /tmp/lerna-current-ci-partition-execution/lerna-owned-fixture-3401837877
postgres lerna_test_a8406b4d55417d358d17bf94
postgres lerna_test_bd1f27d3d60624156bd8385d
postgres lerna_test_90b0abe18e749ebf7414e7a1
sqlite /tmp/lerna-current-ci-partition-execution/lerna-owned-fixture-2247647478
sqlite /tmp/lerna-current-ci-partition-execution/lerna-owned-fixture-289836942
postgres lerna_test_231377c0b7d42faf43811e84
sqlite /tmp/lerna-current-ci-partition-execution/lerna-owned-fixture-3575967157
postgres lerna_test_0b48f487909920fe10a3f013
postgres lerna_test_5394e80525dbaeaee5d152e2
postgres lerna_test_6391b5ebdd3cb921b018658c
sqlite /tmp/lerna-current-ci-partition-execution/lerna-owned-fixture-4139774778
sqlite /tmp/lerna-current-ci-partition-execution/lerna-owned-fixture-545247036
postgres lerna_test_a738d6ce36ce1dabadfcbd1d
sqlite /tmp/lerna-current-ci-partition-execution/lerna-owned-fixture-3457150171
postgres lerna_test_c52a6c8c81199b1c928285ea
sqlite /tmp/lerna-current-ci-partition-execution/lerna-owned-fixture-643938035
postgres lerna_test_f4f62afdde92c8eaab8a3453
sqlite /tmp/lerna-current-ci-partition-execution/lerna-owned-fixture-4108557855
postgres lerna_test_fce4f998a433e38b555b83d2
sqlite /tmp/lerna-current-ci-partition-execution/lerna-owned-fixture-2244493022
postgres lerna_test_8b02a348fb6c83820b2270b9
postgres lerna_test_21638c44d740be49065772d5
postgres lerna_test_67a5a8e830b44e919680868f
postgres lerna_test_2a80abb2e467725c6c44c08e
sqlite /tmp/lerna-current-ci-partition-execution/lerna-owned-fixture-2332822878
sqlite /tmp/lerna-current-ci-partition-execution/lerna-owned-fixture-949506531
sqlite /tmp/lerna-current-ci-partition-execution/lerna-owned-fixture-709265198
sqlite /tmp/lerna-current-ci-partition-execution/lerna-owned-fixture-133605931
sqlite /tmp/lerna-current-ci-partition-execution/lerna-owned-fixture-2740188832
sqlite /tmp/lerna-current-ci-partition-execution/lerna-owned-fixture-2230361946
postgres lerna_test_dc1871eb79953db9915b9abf
sqlite /tmp/lerna-current-ci-partition-execution/lerna-owned-fixture-2384683063
postgres lerna_test_6d4b219a69db8d6e92a8a298
sqlite /tmp/lerna-current-ci-partition-execution/lerna-owned-fixture-909022742
postgres lerna_test_2a9cdfdea49a21145321cd92
postgres lerna_test_8e711c70f7155f8bd9db1c70
sqlite /tmp/lerna-current-ci-partition-execution/lerna-owned-fixture-135477173
sqlite /tmp/lerna-current-ci-partition-execution/lerna-owned-fixture-2708678796
sqlite /tmp/lerna-current-ci-partition-execution/lerna-owned-fixture-119655988
postgres lerna_test_ecfb44e7183209703d4d8b13
sqlite /tmp/lerna-current-ci-partition-execution/lerna-owned-fixture-99503641
postgres lerna_test_b699b355edd03f4dcf60126c
sqlite /tmp/lerna-current-ci-partition-execution/lerna-owned-fixture-2786516424
postgres lerna_test_8a65f1e0d7bacc475efa5d9d
sqlite /tmp/lerna-current-ci-partition-execution/lerna-owned-fixture-2704136995
postgres lerna_test_1c80b02269a112a0d20fde87
postgres lerna_test_7c1788854a65c8c3b9095367
sqlite /tmp/lerna-current-ci-partition-execution/lerna-owned-fixture-2243297764
sqlite /tmp/lerna-current-ci-partition-execution/lerna-owned-fixture-2771650022
postgres lerna_test_51678c70286d8b0d7d66a291
postgres lerna_test_de181cb6c4d78b2d0db65c78
postgres lerna_test_50ed08b2d6f5f2e7e6b1c04c
sqlite /tmp/lerna-current-ci-partition-execution/lerna-owned-fixture-4097193149
sqlite /tmp/lerna-current-ci-partition-execution/lerna-owned-fixture-3509949695
sqlite /tmp/lerna-current-ci-partition-execution/lerna-owned-fixture-138493266
postgres lerna_test_7353adb4cd5633ee9746f1ce
sqlite /tmp/lerna-current-ci-partition-execution/lerna-owned-fixture-1827529179
postgres lerna_test_e717a80c57a1f1c9b697eb4c
postgres lerna_test_9ea8f21cf22279b4c05abd59
postgres lerna_test_c7d91324fe3ce02f995e702f
sqlite /tmp/lerna-current-ci-partition-execution/lerna-owned-fixture-969673136
sqlite /tmp/lerna-current-ci-partition-execution/lerna-owned-fixture-3053950589
sqlite /tmp/lerna-current-ci-partition-execution/lerna-owned-fixture-2835261771
postgres lerna_test_771b0033f548def4d1e00394
postgres lerna_test_53e7b4c39e6ba152a6cd147d
sqlite /tmp/lerna-current-ci-partition-execution/lerna-owned-fixture-4290164615
sqlite /tmp/lerna-current-ci-partition-execution/lerna-owned-fixture-4271522347
sqlite /tmp/lerna-current-ci-partition-execution/lerna-owned-fixture-3681073308
sqlite /tmp/lerna-current-ci-partition-execution/lerna-owned-fixture-436245027
sqlite /tmp/lerna-current-ci-partition-execution/lerna-owned-fixture-730212563
sqlite /tmp/lerna-current-ci-partition-execution/lerna-owned-fixture-2794148180
sqlite /tmp/lerna-current-ci-partition-execution/lerna-owned-fixture-919685894
sqlite /tmp/lerna-current-ci-partition-execution/lerna-owned-fixture-1092895483
sqlite /tmp/lerna-current-ci-partition-execution/lerna-owned-fixture-3100790884
sqlite /tmp/lerna-current-ci-partition-execution/lerna-owned-fixture-4142974352
sqlite /tmp/lerna-current-ci-partition-execution/lerna-owned-fixture-4036136194
sqlite /tmp/lerna-current-ci-partition-execution/lerna-owned-fixture-2222974571
sqlite /tmp/lerna-current-ci-partition-execution/lerna-owned-fixture-763366514
sqlite /tmp/lerna-current-ci-partition-execution/lerna-owned-fixture-3028537960
sqlite /tmp/lerna-current-ci-partition-execution/lerna-owned-fixture-2817321907
sqlite /tmp/lerna-current-ci-partition-execution/lerna-owned-fixture-2731141678
sqlite /tmp/lerna-current-ci-partition-execution/lerna-owned-fixture-3759274567
sqlite /tmp/lerna-current-ci-partition-execution/lerna-owned-fixture-2840825984
sqlite /tmp/lerna-current-ci-partition-execution/lerna-owned-fixture-199133165
sqlite /tmp/lerna-current-ci-partition-execution/lerna-owned-fixture-1714175978
sqlite /tmp/lerna-current-ci-partition-execution/lerna-owned-fixture-1946304959
sqlite /tmp/lerna-current-ci-partition-execution/lerna-owned-fixture-1071538304
sqlite /tmp/lerna-current-ci-partition-execution/lerna-owned-fixture-4091893330
sqlite /tmp/lerna-current-ci-partition-execution/lerna-owned-fixture-2503625097
postgres lerna_test_4577765ea871551554c94a49
postgres lerna_test_9fb0d3e14e871aede059e176
postgres lerna_test_d5b3304153de859799674b91
postgres lerna_test_974387a468eabfbd041a3ac0
postgres lerna_test_ceb72ba99fce97794fec8f76
postgres lerna_test_02e51f078bd2df5083f77062
postgres lerna_test_647b063ee5a241749e39e3c1
postgres lerna_test_c5e711c6cc264a96d53ec0d5
postgres lerna_test_8c381defbec318fdf3d53dcb
postgres lerna_test_feb6e60f306cb5605e0ced85
postgres lerna_test_91918cf342177699674c4f0b
postgres lerna_test_f20e6f693724e0687ed662a5
postgres lerna_test_bdb309be3b1b772881a56d36
postgres lerna_test_d0d89277963d2628257a0114
sqlite /tmp/lerna-current-ci-partition-execution/lerna-owned-fixture-3869439994
sqlite /tmp/lerna-current-ci-partition-execution/lerna-owned-fixture-3602965261
sqlite /tmp/lerna-current-ci-partition-execution/lerna-owned-fixture-1469937001
sqlite /tmp/lerna-current-ci-partition-execution/lerna-owned-fixture-2244877
sqlite /tmp/lerna-current-ci-partition-execution/lerna-owned-fixture-2542429105
sqlite /tmp/lerna-current-ci-partition-execution/lerna-owned-fixture-776744375
sqlite /tmp/lerna-current-ci-partition-execution/lerna-owned-fixture-169427802
sqlite /tmp/lerna-current-ci-partition-execution/lerna-owned-fixture-1060902928
sqlite /tmp/lerna-current-ci-partition-execution/lerna-owned-fixture-1656408189
sqlite /tmp/lerna-current-ci-partition-execution/lerna-owned-fixture-373959015
sqlite /tmp/lerna-current-ci-partition-execution/lerna-owned-fixture-153469790
sqlite /tmp/lerna-current-ci-partition-execution/lerna-owned-fixture-2315833951
sqlite /tmp/lerna-current-ci-partition-execution/lerna-owned-fixture-2375748955
sqlite /tmp/lerna-current-ci-partition-execution/lerna-owned-fixture-755940
postgres lerna_test_06cfbdcbe93ad7bb23964218
sqlite /tmp/lerna-current-ci-partition-execution/lerna-owned-fixture-459374133
postgres lerna_test_9544aeb94fc5fcb37329fdc4
sqlite /tmp/lerna-current-ci-partition-execution/lerna-owned-fixture-680030620
postgres lerna_test_5ba583756d02779bb6d519ac
postgres lerna_test_2c75303275d5cf21829e385c
{"actual_wait_confirmed": true, "event": "owned_go_child_completion_ack", "exit": 1, "operation": "go-child-0014", "original_pid_generation_absent": true, "original_whole_deadline_monotonic": 162144.659992109, "parent_operation": "partition-shared-race", "pgid": 3829696, "pid": 3829718, "shared_group_absence_checked_only_after_whole_wait": true, "starttime": "16069994", "timed_out": false}
{"event": "native_completion_ack", "exit": 2, "group_absent": true, "operation": "partition-shared-race", "owned_raw_fsync_close_ack": true, "pgid": 3829696, "pid": 3829696, "starttime": "16069966", "timed_out": false}
