TLC2 Version 2.19 of 08 August 2024 (rev: 5a47802)
Running breadth-first search Model-Checking with fp 0 and seed 1 with 1 worker on 10 cores with 1820MB heap and 64MB offheap memory [pid: 13528] (Mac OS X 27.0 aarch64, Homebrew 25.0.2 x86_64, MSBDiskFPSet, DiskStateQueue).
Parsing file /Volumes/Data/proj/lerna-docs/formal/mechanisms/trust/LogRetention.tla
Parsing file /private/var/folders/q3/nxw95lcx0nb05qqqp0w1nzgc0000gn/T/trust-log-drop-first-i_68mu1g/Naturals.tla
Parsing file /private/var/folders/q3/nxw95lcx0nb05qqqp0w1nzgc0000gn/T/trust-log-drop-first-i_68mu1g/FiniteSets.tla
Parsing file /private/var/folders/q3/nxw95lcx0nb05qqqp0w1nzgc0000gn/T/trust-log-drop-first-i_68mu1g/Sequences.tla
Semantic processing of module Naturals
Semantic processing of module Sequences
Semantic processing of module FiniteSets
Semantic processing of module LogRetention
Starting... (2026-09-25 08:29:24)
Computing initial states...
Finished computing initial states: 1 distinct state generated at 2026-09-25 08:29:24.
Error: Invariant RebuildRetained is violated.
Error: The behavior up to this point is:
State 1: <Initial predicate>
s = [ seq |-> 0,
  floor |-> 0,
  active |-> {"index"},
  pos |-> [index |-> 0, view |-> 0, query |-> 0, rebuild |-> 0],
  invalid |-> FALSE,
  rebuildDue |-> FALSE,
  rebuilt |-> FALSE ]

State 2: <InvalidateIndex line 25, col 20 to line 27, col 64 of module LogRetention>
s = [ seq |-> 0,
  floor |-> 0,
  active |-> {},
  pos |-> [index |-> 0, view |-> 0, query |-> 0, rebuild |-> 0],
  invalid |-> TRUE,
  rebuildDue |-> FALSE,
  rebuilt |-> FALSE ]

5 states generated, 5 distinct states found, 3 states left on queue.
The depth of the complete state graph search is 2.
Finished in 00s at (2026-09-25 08:29:24)
