TLC2 Version 2.19 of 08 August 2024 (rev: 5a47802)
Running breadth-first search Model-Checking with fp 0 and seed 1 with 1 worker on 10 cores with 1820MB heap and 64MB offheap memory [pid: 13553] (Mac OS X 27.0 aarch64, Homebrew 25.0.2 x86_64, MSBDiskFPSet, DiskStateQueue).
Parsing file /Volumes/Data/proj/lerna-docs/formal/mechanisms/trust/LogRetention.tla
Parsing file /private/var/folders/q3/nxw95lcx0nb05qqqp0w1nzgc0000gn/T/trust-log-rebuilt-witness-gdv298z2/Naturals.tla
Parsing file /private/var/folders/q3/nxw95lcx0nb05qqqp0w1nzgc0000gn/T/trust-log-rebuilt-witness-gdv298z2/FiniteSets.tla
Parsing file /private/var/folders/q3/nxw95lcx0nb05qqqp0w1nzgc0000gn/T/trust-log-rebuilt-witness-gdv298z2/Sequences.tla
Semantic processing of module Naturals
Semantic processing of module Sequences
Semantic processing of module FiniteSets
Semantic processing of module LogRetention
Starting... (2026-09-25 08:29:25)
Computing initial states...
Finished computing initial states: 1 distinct state generated at 2026-09-25 08:29:25.
Error: Invariant NoRebuilt is violated.
Error: The behavior up to this point is:
State 1: <Initial predicate>
s = [ seq |-> 0,
  floor |-> 0,
  active |-> {"index"},
  pos |-> [index |-> 0, view |-> 0, query |-> 0, rebuild |-> 0],
  invalid |-> FALSE,
  rebuildDue |-> FALSE,
  rebuilt |-> FALSE ]

State 2: <InvalidateIndex line 25, col 20 to line 27, col 64 of module LogRetention>
s = [ seq |-> 0,
  floor |-> 0,
  active |-> {},
  pos |-> [index |-> 0, view |-> 0, query |-> 0, rebuild |-> 0],
  invalid |-> TRUE,
  rebuildDue |-> TRUE,
  rebuilt |-> FALSE ]

State 3: <StartRebuild line 28, col 17 to line 29, col 90 of module LogRetention>
s = [ seq |-> 0,
  floor |-> 0,
  active |-> {"rebuild"},
  pos |-> [index |-> 0, view |-> 0, query |-> 0, rebuild |-> 0],
  invalid |-> TRUE,
  rebuildDue |-> TRUE,
  rebuilt |-> FALSE ]

State 4: <Switch line 30, col 11 to line 33, col 58 of module LogRetention>
s = [ seq |-> 0,
  floor |-> 0,
  active |-> {"index"},
  pos |-> [index |-> 0, view |-> 0, query |-> 0, rebuild |-> 0],
  invalid |-> FALSE,
  rebuildDue |-> FALSE,
  rebuilt |-> TRUE ]

66 states generated, 42 distinct states found, 26 states left on queue.
The depth of the complete state graph search is 4.
The average outdegree of the complete state graph is 3 (minimum is 1, the maximum 5 and the 95th percentile is 5).
Finished in 00s at (2026-09-25 08:29:25)
