TLC2 Version 2.19 of 08 August 2024 (rev: 5a47802)
Running breadth-first search Model-Checking with fp 0 and seed 1 with 1 worker on 10 cores with 1820MB heap and 64MB offheap memory [pid: 6507] (Mac OS X 27.0 aarch64, Homebrew 25.0.2 x86_64, MSBDiskFPSet, DiskStateQueue).
Parsing file /Volumes/Data/proj/lerna-docs/formal/mechanisms/trust/SourceGovernance.tla
Parsing file /private/var/folders/q3/nxw95lcx0nb05qqqp0w1nzgc0000gn/T/Naturals.tla
Parsing file /private/var/folders/q3/nxw95lcx0nb05qqqp0w1nzgc0000gn/T/FiniteSets.tla
Parsing file /private/var/folders/q3/nxw95lcx0nb05qqqp0w1nzgc0000gn/T/Sequences.tla
Semantic processing of module Naturals
Semantic processing of module Sequences
Semantic processing of module FiniteSets
Semantic processing of module SourceGovernance
Starting... (2026-09-25 08:09:59)
Computing initial states...
Finished computing initial states: 1 distinct state generated at 2026-09-25 08:09:59.
Error: Invariant NoCleaned is violated.
Error: The behavior up to this point is:
State 1: <Initial predicate>
s = [ closed |-> {},
  bytes |-> {},
  retained |-> {},
  registered |-> {},
  published |-> {},
  required |-> {},
  platformAck |-> {},
  cleaned |-> {},
  unsafeUse |-> FALSE,
  badPublish |-> FALSE,
  falseComplete |-> FALSE,
  blockedUse |-> FALSE ]

State 2: <Acquire line 13, col 15 to line 14, col 53 of module SourceGovernance>
s = [ closed |-> {},
  bytes |-> {"derived"},
  retained |-> {},
  registered |-> {},
  published |-> {},
  required |-> {},
  platformAck |-> {},
  cleaned |-> {},
  unsafeUse |-> FALSE,
  badPublish |-> FALSE,
  falseComplete |-> FALSE,
  blockedUse |-> FALSE ]

State 3: <Register line 17, col 16 to line 18, col 59 of module SourceGovernance>
s = [ closed |-> {},
  bytes |-> {"derived"},
  retained |-> {},
  registered |-> {"derived"},
  published |-> {},
  required |-> {},
  platformAck |-> {},
  cleaned |-> {},
  unsafeUse |-> FALSE,
  badPublish |-> FALSE,
  falseComplete |-> FALSE,
  blockedUse |-> FALSE ]

State 4: <Close line 24, col 15 to line 27, col 83 of module SourceGovernance>
s = [ closed |-> {"root"},
  bytes |-> {"derived"},
  retained |-> {},
  registered |-> {"derived"},
  published |-> {},
  required |-> {"derived"},
  platformAck |-> {},
  cleaned |-> {},
  unsafeUse |-> FALSE,
  badPublish |-> FALSE,
  falseComplete |-> FALSE,
  blockedUse |-> FALSE ]

State 5: <PlatformReports line 33, col 23 to line 34, col 67 of module SourceGovernance>
s = [ closed |-> {"root"},
  bytes |-> {"derived"},
  retained |-> {},
  registered |-> {"derived"},
  published |-> {},
  required |-> {"derived"},
  platformAck |-> {"derived"},
  cleaned |-> {},
  unsafeUse |-> FALSE,
  badPublish |-> FALSE,
  falseComplete |-> FALSE,
  blockedUse |-> FALSE ]

State 6: <ApplyCleanup line 35, col 20 to line 36, col 79 of module SourceGovernance>
s = [ closed |-> {"root"},
  bytes |-> {},
  retained |-> {},
  registered |-> {"derived"},
  published |-> {},
  required |-> {"derived"},
  platformAck |-> {"derived"},
  cleaned |-> {"derived"},
  unsafeUse |-> FALSE,
  badPublish |-> FALSE,
  falseComplete |-> FALSE,
  blockedUse |-> FALSE ]

275 states generated, 84 distinct states found, 36 states left on queue.
The depth of the complete state graph search is 6.
The average outdegree of the complete state graph is 2 (minimum is 0, the maximum 5 and the 95th percentile is 4).
Finished in 00s at (2026-09-25 08:09:59)
