TLC2 Version 2.19 of 08 August 2024 (rev: 5a47802)
Running breadth-first search Model-Checking with fp 0 and seed 1 with 1 worker on 10 cores with 1820MB heap and 64MB offheap memory [pid: 6523] (Mac OS X 27.0 aarch64, Homebrew 25.0.2 x86_64, MSBDiskFPSet, DiskStateQueue).
Parsing file /Volumes/Data/proj/lerna-docs/formal/mechanisms/trust/RecoveryView.tla
Parsing file /private/var/folders/q3/nxw95lcx0nb05qqqp0w1nzgc0000gn/T/Naturals.tla
Parsing file /private/var/folders/q3/nxw95lcx0nb05qqqp0w1nzgc0000gn/T/FiniteSets.tla
Parsing file /private/var/folders/q3/nxw95lcx0nb05qqqp0w1nzgc0000gn/T/Sequences.tla
Semantic processing of module Naturals
Semantic processing of module Sequences
Semantic processing of module FiniteSets
Semantic processing of module RecoveryView
Starting... (2026-09-25 08:10:00)
Computing initial states...
Finished computing initial states: 1 distinct state generated at 2026-09-25 08:10:00.
Error: Invariant NoBadApply is violated.
Error: The behavior up to this point is:
State 1: <Initial predicate>
s = [ r |-> 0,
  rev |-> 0,
  round |-> 0,
  owner |-> 1,
  cuts |-> <<0, 0>>,
  h |-> 0,
  cursor |-> 0,
  covered |-> {},
  pages |-> {},
  targeted |-> FALSE,
  ready |-> FALSE,
  localValue |-> TRUE,
  queued |-> FALSE,
  pf |-> 0,
  pt |-> 0,
  pr |-> 0,
  po |-> 1,
  badApply |-> FALSE,
  badRead |-> FALSE,
  blockedRead |-> FALSE ]

State 2: <Open line 12, col 9 to line 16, col 45 of module RecoveryView>
s = [ r |-> 0,
  rev |-> 0,
  round |-> 1,
  owner |-> 1,
  cuts |-> <<0, 0>>,
  h |-> 0,
  cursor |-> 0,
  covered |-> {},
  pages |-> {},
  targeted |-> FALSE,
  ready |-> FALSE,
  localValue |-> TRUE,
  queued |-> FALSE,
  pf |-> 0,
  pt |-> 0,
  pr |-> 0,
  po |-> 1,
  badApply |-> FALSE,
  badRead |-> FALSE,
  blockedRead |-> FALSE ]

State 3: <ChangeAuthority line 11, col 20 to line 11, col 64 of module RecoveryView>
s = [ r |-> 0,
  rev |-> 1,
  round |-> 1,
  owner |-> 1,
  cuts |-> <<0, 0>>,
  h |-> 0,
  cursor |-> 0,
  covered |-> {},
  pages |-> {},
  targeted |-> FALSE,
  ready |-> FALSE,
  localValue |-> TRUE,
  queued |-> FALSE,
  pf |-> 0,
  pt |-> 0,
  pr |-> 0,
  po |-> 1,
  badApply |-> FALSE,
  badRead |-> FALSE,
  blockedRead |-> FALSE ]

State 4: <ChangeAuthority line 11, col 20 to line 11, col 64 of module RecoveryView>
s = [ r |-> 0,
  rev |-> 2,
  round |-> 1,
  owner |-> 1,
  cuts |-> <<0, 0>>,
  h |-> 0,
  cursor |-> 0,
  covered |-> {},
  pages |-> {},
  targeted |-> FALSE,
  ready |-> FALSE,
  localValue |-> TRUE,
  queued |-> FALSE,
  pf |-> 0,
  pt |-> 0,
  pr |-> 0,
  po |-> 1,
  badApply |-> FALSE,
  badRead |-> FALSE,
  blockedRead |-> FALSE ]

State 5: <Page line 17, col 12 to line 17, col 80 of module RecoveryView>
s = [ r |-> 0,
  rev |-> 2,
  round |-> 1,
  owner |-> 1,
  cuts |-> <<0, 0>>,
  h |-> 0,
  cursor |-> 0,
  covered |-> {},
  pages |-> {1},
  targeted |-> FALSE,
  ready |-> FALSE,
  localValue |-> TRUE,
  queued |-> FALSE,
  pf |-> 0,
  pt |-> 0,
  pr |-> 0,
  po |-> 1,
  badApply |-> FALSE,
  badRead |-> FALSE,
  blockedRead |-> FALSE ]

State 6: <Page line 17, col 12 to line 17, col 80 of module RecoveryView>
s = [ r |-> 0,
  rev |-> 2,
  round |-> 1,
  owner |-> 1,
  cuts |-> <<0, 0>>,
  h |-> 0,
  cursor |-> 0,
  covered |-> {},
  pages |-> {1, 2},
  targeted |-> FALSE,
  ready |-> FALSE,
  localValue |-> TRUE,
  queued |-> FALSE,
  pf |-> 0,
  pt |-> 0,
  pr |-> 0,
  po |-> 1,
  badApply |-> FALSE,
  badRead |-> FALSE,
  blockedRead |-> FALSE ]

State 7: <FixTarget line 18, col 14 to line 19, col 62 of module RecoveryView>
s = [ r |-> 0,
  rev |-> 2,
  round |-> 1,
  owner |-> 1,
  cuts |-> <<0, 0>>,
  h |-> 2,
  cursor |-> 0,
  covered |-> {},
  pages |-> {1, 2},
  targeted |-> TRUE,
  ready |-> FALSE,
  localValue |-> TRUE,
  queued |-> FALSE,
  pf |-> 0,
  pt |-> 0,
  pr |-> 0,
  po |-> 1,
  badApply |-> FALSE,
  badRead |-> FALSE,
  blockedRead |-> FALSE ]

State 8: <Next line 45, col 13 to line 45, col 82 of module RecoveryView>
s = [ r |-> 0,
  rev |-> 2,
  round |-> 1,
  owner |-> 1,
  cuts |-> <<0, 0>>,
  h |-> 2,
  cursor |-> 0,
  covered |-> {},
  pages |-> {1, 2},
  targeted |-> TRUE,
  ready |-> FALSE,
  localValue |-> TRUE,
  queued |-> TRUE,
  pf |-> 1,
  pt |-> 2,
  pr |-> 1,
  po |-> 1,
  badApply |-> FALSE,
  badRead |-> FALSE,
  blockedRead |-> FALSE ]

State 9: <ApplyPage line 24, col 14 to line 32, col 81 of module RecoveryView>
s = [ r |-> 0,
  rev |-> 2,
  round |-> 1,
  owner |-> 1,
  cuts |-> <<0, 0>>,
  h |-> 2,
  cursor |-> 2,
  covered |-> 2..2,
  pages |-> {1, 2},
  targeted |-> TRUE,
  ready |-> FALSE,
  localValue |-> FALSE,
  queued |-> FALSE,
  pf |-> 1,
  pt |-> 2,
  pr |-> 1,
  po |-> 1,
  badApply |-> TRUE,
  badRead |-> FALSE,
  blockedRead |-> FALSE ]

1835 states generated, 527 distinct states found, 153 states left on queue.
The depth of the complete state graph search is 9.
The average outdegree of the complete state graph is 1 (minimum is 0, the maximum 9 and the 95th percentile is 5).
Finished in 00s at (2026-09-25 08:10:00)
