=== RUN   TestContentClosureRecordWaitRechecksPolicyBeforeMetadata
=== RUN   TestContentClosureRecordWaitRechecksPolicyBeforeMetadata/missing=false/late=false
=== RUN   TestContentClosureRecordWaitRechecksPolicyBeforeMetadata/missing=false/late=true
=== RUN   TestContentClosureRecordWaitRechecksPolicyBeforeMetadata/missing=true/late=false
=== RUN   TestContentClosureRecordWaitRechecksPolicyBeforeMetadata/missing=true/late=true
--- PASS: TestContentClosureRecordWaitRechecksPolicyBeforeMetadata (2.17s)
    --- PASS: TestContentClosureRecordWaitRechecksPolicyBeforeMetadata/missing=false/late=false (0.34s)
    --- PASS: TestContentClosureRecordWaitRechecksPolicyBeforeMetadata/missing=false/late=true (0.82s)
    --- PASS: TestContentClosureRecordWaitRechecksPolicyBeforeMetadata/missing=true/late=false (0.20s)
    --- PASS: TestContentClosureRecordWaitRechecksPolicyBeforeMetadata/missing=true/late=true (0.81s)
=== RUN   TestContentClosureActionIntersectionKeepsIndependentFlags
=== RUN   TestContentClosureActionIntersectionKeepsIndependentFlags/none
=== RUN   TestContentClosureActionIntersectionKeepsIndependentFlags/read
=== RUN   TestContentClosureActionIntersectionKeepsIndependentFlags/process
=== RUN   TestContentClosureActionIntersectionKeepsIndependentFlags/save
=== RUN   TestContentClosureActionIntersectionKeepsIndependentFlags/disclose
=== RUN   TestContentClosureActionIntersectionKeepsIndependentFlags/sync
--- PASS: TestContentClosureActionIntersectionKeepsIndependentFlags (2.19s)
    --- PASS: TestContentClosureActionIntersectionKeepsIndependentFlags/none (0.43s)
    --- PASS: TestContentClosureActionIntersectionKeepsIndependentFlags/read (0.34s)
    --- PASS: TestContentClosureActionIntersectionKeepsIndependentFlags/process (0.44s)
    --- PASS: TestContentClosureActionIntersectionKeepsIndependentFlags/save (0.32s)
    --- PASS: TestContentClosureActionIntersectionKeepsIndependentFlags/disclose (0.33s)
    --- PASS: TestContentClosureActionIntersectionKeepsIndependentFlags/sync (0.33s)
=== RUN   TestContentPolicyActionVectorsFailClosed
=== RUN   TestContentPolicyActionVectorsFailClosed/[read_process_save]
=== RUN   TestContentPolicyActionVectorsFailClosed/[read_disclose]
=== RUN   TestContentPolicyActionVectorsFailClosed/[]
=== RUN   TestContentPolicyActionVectorsFailClosed/[]#01
=== RUN   TestContentPolicyActionVectorsFailClosed/[read_read]
=== RUN   TestContentPolicyActionVectorsFailClosed/[unknown]
=== RUN   TestContentPolicyActionVectorsFailClosed/[read_process_save_sync_disclose_read]
--- PASS: TestContentPolicyActionVectorsFailClosed (0.11s)
    --- PASS: TestContentPolicyActionVectorsFailClosed/[read_process_save] (0.00s)
    --- PASS: TestContentPolicyActionVectorsFailClosed/[read_disclose] (0.00s)
    --- PASS: TestContentPolicyActionVectorsFailClosed/[] (0.00s)
    --- PASS: TestContentPolicyActionVectorsFailClosed/[]#01 (0.00s)
    --- PASS: TestContentPolicyActionVectorsFailClosed/[read_read] (0.00s)
    --- PASS: TestContentPolicyActionVectorsFailClosed/[unknown] (0.00s)
    --- PASS: TestContentPolicyActionVectorsFailClosed/[read_process_save_sync_disclose_read] (0.00s)
=== RUN   TestContentClosurePolicyIntersectionUsesClockAfterRealPolicyLock
=== RUN   TestContentClosurePolicyIntersectionUsesClockAfterRealPolicyLock/late=false
=== RUN   TestContentClosurePolicyIntersectionUsesClockAfterRealPolicyLock/late=true
--- PASS: TestContentClosurePolicyIntersectionUsesClockAfterRealPolicyLock (1.12s)
    --- PASS: TestContentClosurePolicyIntersectionUsesClockAfterRealPolicyLock/late=false (0.27s)
    --- PASS: TestContentClosurePolicyIntersectionUsesClockAfterRealPolicyLock/late=true (0.85s)
=== RUN   TestContentPolicyPortClockFollowsLockedRow
=== RUN   TestContentPolicyPortClockFollowsLockedRow/late=false
    content_policy_actions_test.go:341: mechanical PG execution plan (conditions omitted):
        CTE Scan on locked_policy
          Output: locked_policy.body, clock_timestamp()
          CTE locked_policy
            ->  LockRows
                  Output: content_fixture_policies.body, content_fixture_policies.ctid
                  ->  Index Scan using content_fixture_policies_pkey on lerna_test_f2baa725dc4dd56afdc52c07.content_fixture_policies
                        Output: content_fixture_policies.body, content_fixture_policies.ctid
=== RUN   TestContentPolicyPortClockFollowsLockedRow/late=true
    content_policy_actions_test.go:341: mechanical PG execution plan (conditions omitted):
        CTE Scan on locked_policy
          Output: locked_policy.body, clock_timestamp()
          CTE locked_policy
            ->  LockRows
                  Output: content_fixture_policies.body, content_fixture_policies.ctid
                  ->  Index Scan using content_fixture_policies_pkey on lerna_test_fe19a44cd6fd83736b380f2b.content_fixture_policies
                        Output: content_fixture_policies.body, content_fixture_policies.ctid
--- PASS: TestContentPolicyPortClockFollowsLockedRow (0.89s)
    --- PASS: TestContentPolicyPortClockFollowsLockedRow/late=false (0.14s)
    --- PASS: TestContentPolicyPortClockFollowsLockedRow/late=true (0.75s)
PASS
ok  	github.com/ruipengliu/lerna/conformance/component	6.482s
NATIVE_EXIT status=0 group_absent=True
