=== RUN   TestContentContextDecodedBindingPreservesCurrentPolicyAndWorkerControl
=== RUN   TestContentContextDecodedBindingPreservesCurrentPolicyAndWorkerControl/normal
=== RUN   TestContentContextDecodedBindingPreservesCurrentPolicyAndWorkerControl/process
=== RUN   TestContentContextDecodedBindingPreservesCurrentPolicyAndWorkerControl/worker-control
--- PASS: TestContentContextDecodedBindingPreservesCurrentPolicyAndWorkerControl (3.67s)
    --- PASS: TestContentContextDecodedBindingPreservesCurrentPolicyAndWorkerControl/normal (1.72s)
    --- PASS: TestContentContextDecodedBindingPreservesCurrentPolicyAndWorkerControl/process (0.94s)
    --- PASS: TestContentContextDecodedBindingPreservesCurrentPolicyAndWorkerControl/worker-control (1.01s)
=== RUN   TestContentContextBudgetLockWaitRejectsOriginalDeadlineAfterRealLock
=== RUN   TestContentContextBudgetLockWaitRejectsOriginalDeadlineAfterRealLock/normal
=== NAME  TestContentContextBudgetLockWaitRejectsOriginalDeadlineAfterRealLock
    content_context_budget_concurrency_test.go:141: real native waiter backend=628219 expired original deadline=2026-10-05T09:18:08.002073Z rounds=0 reserved=0
--- PASS: TestContentContextBudgetLockWaitRejectsOriginalDeadlineAfterRealLock (3.88s)
    --- PASS: TestContentContextBudgetLockWaitRejectsOriginalDeadlineAfterRealLock/normal (1.44s)
=== RUN   TestContentContextInputRevisionKeepsOriginalRoundsAndRejectsWiderTuple
    content_context_compile_budget_test.go:362: same Snapshot input revision rounds=3 reserved=27926 confirmed=27926 unknown=0 reads=18 original_limit=65536
--- PASS: TestContentContextInputRevisionKeepsOriginalRoundsAndRejectsWiderTuple (1.62s)
=== RUN   TestContentContextProcessingUsesIndependentReadProcessGate
--- PASS: TestContentContextProcessingUsesIndependentReadProcessGate (0.20s)
=== RUN   TestContentProcessingRechecksHiddenAncestorAfterRealObjectRead
=== RUN   TestContentProcessingRechecksHiddenAncestorAfterRealObjectRead/permitted
=== RUN   TestContentProcessingRechecksHiddenAncestorAfterRealObjectRead/ancestor-process-withdrawn
--- PASS: TestContentProcessingRechecksHiddenAncestorAfterRealObjectRead (0.72s)
    --- PASS: TestContentProcessingRechecksHiddenAncestorAfterRealObjectRead/permitted (0.36s)
    --- PASS: TestContentProcessingRechecksHiddenAncestorAfterRealObjectRead/ancestor-process-withdrawn (0.36s)
=== RUN   TestContentProcessingSealedAncestorAfterRealObjectRead
    content_processing_ancestor_seal_test.go:184: actual ancestor Seal processing post-I/O cause=*errors.joinError:content processing forbidden
        forbidden zero=true; reopened cause=*errors.joinError:content processing forbidden
        forbidden zero=true
--- PASS: TestContentProcessingSealedAncestorAfterRealObjectRead (0.51s)
=== RUN   TestContentProcessingRejectsTargetBodySeal
=== RUN   TestContentProcessingRejectsTargetBodySeal/seal-before-read
    content_processing_body_seal_test.go:191: actual sealed processing before-reopen cause=*errors.errorString:content processing forbidden zero=true; reopened cause=*errors.errorString:content processing forbidden zero=true
=== RUN   TestContentProcessingRejectsTargetBodySeal/seal-after-real-object-read
    content_processing_body_seal_test.go:191: actual sealed processing before-reopen cause=*errors.errorString:content processing forbidden zero=true; reopened cause=*errors.errorString:content processing forbidden zero=true
--- PASS: TestContentProcessingRejectsTargetBodySeal (0.48s)
    --- PASS: TestContentProcessingRejectsTargetBodySeal/seal-before-read (0.25s)
    --- PASS: TestContentProcessingRejectsTargetBodySeal/seal-after-real-object-read (0.23s)
=== RUN   TestContentReadPolicyWaitRespectsAdmissionForEveryObservation
=== RUN   TestContentReadPolicyWaitRespectsAdmissionForEveryObservation/not_found
=== RUN   TestContentReadPolicyWaitRespectsAdmissionForEveryObservation/preparing
=== RUN   TestContentReadPolicyWaitRespectsAdmissionForEveryObservation/failed
=== RUN   TestContentReadPolicyWaitRespectsAdmissionForEveryObservation/published
=== RUN   TestContentReadPolicyWaitRespectsAdmissionForEveryObservation/mismatched
--- PASS: TestContentReadPolicyWaitRespectsAdmissionForEveryObservation (3.49s)
    --- PASS: TestContentReadPolicyWaitRespectsAdmissionForEveryObservation/not_found (0.62s)
    --- PASS: TestContentReadPolicyWaitRespectsAdmissionForEveryObservation/preparing (0.67s)
    --- PASS: TestContentReadPolicyWaitRespectsAdmissionForEveryObservation/failed (0.77s)
    --- PASS: TestContentReadPolicyWaitRespectsAdmissionForEveryObservation/published (0.79s)
    --- PASS: TestContentReadPolicyWaitRespectsAdmissionForEveryObservation/mismatched (0.63s)
=== RUN   TestContentReadVersionWaitCannotReuseAdmissionClock
--- PASS: TestContentReadVersionWaitCannotReuseAdmissionClock (0.64s)
=== RUN   TestContentLastDirectSourceWaitCannotReuseReadAdmission
--- PASS: TestContentLastDirectSourceWaitCannotReuseReadAdmission (0.76s)
PASS
ok  	github.com/ruipengliu/lerna/conformance/component	15.992s
NATIVE_EXIT status=0 group_absent=True
