File: component-profile-race.test
Build ID: 806ee56983405ac712e9bc3da0d9c152c518a73f
Type: cpu
Time: 2026-10-05 03:06:19 UTC
Duration: 78.40s, Total samples = 62.18s (79.31%)
Active filters:
   tagfocus=case=static62
Showing nodes accounting for 1.46s, 2.35% of 62.18s total
Dropped 127 nodes (cum <= 0.31s)
Showing top 30 nodes out of 255
      flat  flat%   sum%        cum   cum%
         0     0%     0%      1.74s  2.80%  github.com/ruipengliu/lerna/components/decision_engine.(*Service).RunClaim
         0     0%     0%      1.74s  2.80%  github.com/ruipengliu/lerna/components/decision_engine.(*Service).Step
         0     0%     0%      1.74s  2.80%  github.com/ruipengliu/lerna/conformance/component_test.TestContentContextStaticModeMaximumReachable62Materials
         0     0%     0%      1.74s  2.80%  github.com/ruipengliu/lerna/conformance/component_test.completeContextDecision
         0     0%     0%      1.74s  2.80%  github.com/ruipengliu/lerna/conformance/component_test.completeContextDecision.func1
         0     0%     0%      1.74s  2.80%  runtime/pprof.Do
         0     0%     0%      1.74s  2.80%  testing.tRunner
         0     0%     0%      1.65s  2.65%  github.com/ruipengliu/lerna/components/decision_engine.(*Service).calculate
         0     0%     0%      1.48s  2.38%  runtime._System
         0     0%     0%      1.26s  2.03%  github.com/ruipengliu/lerna/adapters/postgres/internal/pgstore.(*Core).Within
         0     0%     0%      1.25s  2.01%  github.com/ruipengliu/lerna/adapters/content/decision.(*Adapter).read
         0     0%     0%      1.25s  2.01%  github.com/ruipengliu/lerna/conformance/internal/decisionfixture.claimDiagnosticContent.ReadForProcessing
         0     0%     0%      1.25s  2.01%  github.com/ruipengliu/lerna/domain/content.(*Service).ReadForProcessing
         0     0%     0%      1.24s  1.99%  github.com/ruipengliu/lerna/adapters/postgres/content.(*Store).Within
     0.01s 0.016% 0.016%      1.20s  1.93%  github.com/ruipengliu/lerna/domain/content.(*Service).ReadForProcessing.func1
         0     0% 0.016%      0.97s  1.56%  github.com/ruipengliu/lerna/domain/content.(*Service).registeredClosure
         0     0% 0.016%      0.86s  1.38%  github.com/ruipengliu/lerna/domain/content.(*Service).registeredClosure.func1
     0.73s  1.17%  1.19%      0.73s  1.17%  __tsan_read
         0     0%  1.19%      0.72s  1.16%  github.com/ruipengliu/lerna/adapters/content/decision.(*Adapter).ReadMaterial
         0     0%  1.19%      0.72s  1.16%  github.com/ruipengliu/lerna/conformance/internal/decisionfixture.claimDiagnosticSource.ReadMaterial
     0.71s  1.14%  2.33%      0.71s  1.14%  racecall
     0.01s 0.016%  2.35%      0.48s  0.77%  github.com/ruipengliu/lerna/contract/v1_2.Encode[go.shape.struct { Owner github.com/ruipengliu/lerna/contract/gen/go/v1_2.OwnerRef "json:\"owner\""; ContentID github.com/ruipengliu/lerna/contract/gen/go/v1_2.ID "json:\"content_id\""; Version string "json:\"version\""; Hash string "json:\"hash\""; MediaType string "json:\"media_type\""; ByteLength github.com/ruipengliu/lerna/contract/gen/go/v1_2.Revision "json:\"byte_length\"" }]
         0     0%  2.35%      0.46s  0.74%  github.com/ruipengliu/lerna/adapters/content/decision.(*Adapter).ReadSnapshot
         0     0%  2.35%      0.46s  0.74%  github.com/ruipengliu/lerna/conformance/internal/decisionfixture.claimDiagnosticSource.ReadSnapshot
         0     0%  2.35%      0.45s  0.72%  github.com/ruipengliu/lerna/domain/content.VersionIdentity
         0     0%  2.35%      0.42s  0.68%  github.com/ruipengliu/lerna/adapters/postgres/content.(*Store).LockVersion
         0     0%  2.35%      0.41s  0.66%  github.com/ruipengliu/lerna/adapters/content/decision.(*Adapter).ReadFixtureLock
         0     0%  2.35%      0.41s  0.66%  github.com/ruipengliu/lerna/conformance/internal/decisionfixture.claimDiagnosticSource.ReadFixtureLock
         0     0%  2.35%      0.33s  0.53%  database/sql.withLock
         0     0%  2.35%      0.32s  0.51%  github.com/ruipengliu/lerna/conformance/internal/decisionfixture.(*ContextDispatcher).binding
NATIVE_EXIT status=0 group_absent=True
