Extracted 44 changed/new diagrams; skipped 59 unchanged diagrams.
docs/architecture/brain/README.md figure 1 (line 33)
docs/architecture/brain/decision-paths.md figure 1 (line 16)
docs/architecture/brain/decision-paths.md figure 2 (line 134)
docs/architecture/brain/implementation.md figure 1 (line 39)
docs/architecture/collaboration/README.md figure 1 (line 24)
docs/architecture/collaboration/implementation.md figure 3 (line 185)
docs/architecture/deployment-production.md figure 1 (line 31)
docs/architecture/deployment-production.md figure 4 (line 150)
docs/architecture/deployment-production.md figure 5 (line 173)
docs/architecture/deployment-production.md figure 6 (line 193)
docs/architecture/deployment-production.md figure 7 (line 218)
docs/architecture/deployment-production.md figure 9 (line 297)
docs/architecture/deployment.md figure 1 (line 31)
docs/architecture/deployment.md figure 2 (line 141)
docs/architecture/evaluation/README.md figure 1 (line 23)
docs/architecture/evaluation/implementation.md figure 2 (line 166)
docs/architecture/evaluation/implementation.md figure 3 (line 310)
docs/architecture/execution/implementation.md figure 4 (line 375)
docs/architecture/extensions/README.md figure 1 (line 25)
docs/architecture/extensions/implementation.md figure 1 (line 38)
docs/architecture/extensions/implementation.md figure 2 (line 180)
docs/architecture/extensions/implementation.md figure 3 (line 256)
docs/architecture/extensions/implementation.md figure 4 (line 301)
docs/architecture/interaction/README.md figure 2 (line 87)
docs/architecture/interaction/implementation.md figure 3 (line 211)
docs/architecture/memory/implementation.md figure 3 (line 174)
docs/architecture/memory/implementation.md figure 4 (line 216)
docs/architecture/memory/implementation.md figure 5 (line 269)
docs/architecture/memory/implementation.md figure 6 (line 303)
docs/architecture/memory/implementation.md figure 8 (line 504)
docs/architecture/orchestrator/README.md figure 6 (line 247)
docs/architecture/orchestrator/implementation.md figure 1 (line 14)
docs/architecture/orchestrator/implementation.md figure 3 (line 181)
docs/architecture/orchestrator/implementation.md figure 4 (line 371)
docs/architecture/orchestrator/verification.md figure 1 (line 58)
docs/architecture/reliable-work.md figure 2 (line 98)
docs/architecture/reliable-work.md figure 4 (line 191)
docs/architecture/security/README.md figure 1 (line 19)
docs/architecture/security/implementation.md figure 2 (line 168)
docs/architecture/security/implementation.md figure 3 (line 287)
docs/architecture/storage-and-middleware.md figure 1 (line 10)
docs/architecture/storage-and-middleware.md figure 2 (line 55)
docs/architecture/storage-and-middleware.md figure 4 (line 105)
docs/architecture/walkthrough.md figure 2 (line 58)
passed: docs/architecture/brain/README.md figure 1
unchanged render: docs/architecture/brain/decision-paths.md figure 1
passed: docs/architecture/brain/decision-paths.md figure 2
unchanged render: docs/architecture/brain/implementation.md figure 1
unchanged render: docs/architecture/collaboration/README.md figure 1
unchanged render: docs/architecture/collaboration/implementation.md figure 3
unchanged render: docs/architecture/deployment-production.md figure 1
unchanged render: docs/architecture/deployment-production.md figure 4
unchanged render: docs/architecture/deployment-production.md figure 5
unchanged render: docs/architecture/deployment-production.md figure 6
unchanged render: docs/architecture/deployment-production.md figure 7
unchanged render: docs/architecture/deployment-production.md figure 9
unchanged render: docs/architecture/deployment.md figure 1
unchanged render: docs/architecture/deployment.md figure 2
unchanged render: docs/architecture/evaluation/README.md figure 1
unchanged render: docs/architecture/evaluation/implementation.md figure 2
unchanged render: docs/architecture/evaluation/implementation.md figure 3
unchanged render: docs/architecture/execution/implementation.md figure 4
unchanged render: docs/architecture/extensions/README.md figure 1
unchanged render: docs/architecture/extensions/implementation.md figure 1
unchanged render: docs/architecture/extensions/implementation.md figure 2
unchanged render: docs/architecture/extensions/implementation.md figure 3
unchanged render: docs/architecture/extensions/implementation.md figure 4
unchanged render: docs/architecture/interaction/README.md figure 2
unchanged render: docs/architecture/interaction/implementation.md figure 3
unchanged render: docs/architecture/memory/implementation.md figure 3
unchanged render: docs/architecture/memory/implementation.md figure 4
unchanged render: docs/architecture/memory/implementation.md figure 5
unchanged render: docs/architecture/memory/implementation.md figure 6
unchanged render: docs/architecture/memory/implementation.md figure 8
passed: docs/architecture/orchestrator/README.md figure 6
unchanged render: docs/architecture/orchestrator/implementation.md figure 1
unchanged render: docs/architecture/orchestrator/implementation.md figure 3
unchanged render: docs/architecture/orchestrator/implementation.md figure 4
unchanged render: docs/architecture/orchestrator/verification.md figure 1
unchanged render: docs/architecture/reliable-work.md figure 2
unchanged render: docs/architecture/reliable-work.md figure 4
unchanged render: docs/architecture/security/README.md figure 1
unchanged render: docs/architecture/security/implementation.md figure 2
unchanged render: docs/architecture/security/implementation.md figure 3
unchanged render: docs/architecture/storage-and-middleware.md figure 1
unchanged render: docs/architecture/storage-and-middleware.md figure 2
unchanged render: docs/architecture/storage-and-middleware.md figure 4
unchanged render: docs/architecture/walkthrough.md figure 2
