Ignoring local file /tmp/lerna-partition-durable-closure-cpu-execution/artifacts/closure-race.test: build-id mismatch (79e0da0f05534522bbca82f3304c7f13428a2d33 != )
File: closure-race.test
Build ID: 79e0da0f05534522bbca82f3304c7f13428a2d33
Type: cpu
Time: 2026-10-05 13:37:01 UTC
Duration: 55.32s, Total samples = 36.71s (66.36%)
Showing nodes accounting for 11.50s, 31.33% of 36.71s total
Showing top 40 nodes out of 893
      flat  flat%   sum%        cum   cum%
         0     0%     0%     13.96s 38.03%  github.com/ruipengliu/lerna/adapters/postgres/internal/pgstore.(*Core).Within
         0     0%     0%     13.94s 37.97%  github.com/ruipengliu/lerna/conformance/component_test.TestContentFullClosureIncludesIntermediateVersionsAndExact64Bound
         0     0%     0%     13.86s 37.76%  testing.tRunner
         0     0%     0%     13.83s 37.67%  github.com/ruipengliu/lerna/adapters/postgres/content.(*Store).Within
         0     0%     0%     13.63s 37.13%  runtime._System
     0.02s 0.054% 0.054%      9.03s 24.60%  github.com/ruipengliu/lerna/domain/content.(*Service).registeredClosure.func1
     0.01s 0.027% 0.082%      8.25s 22.47%  github.com/ruipengliu/lerna/domain/content.(*Service).registeredClosure
         0     0% 0.082%      7.91s 21.55%  github.com/ruipengliu/lerna/conformance/component_test.putContentRequest
         0     0% 0.082%      7.91s 21.55%  github.com/ruipengliu/lerna/domain/content.(*Service).Put
         0     0% 0.082%      7.87s 21.44%  github.com/ruipengliu/lerna/domain/content.(*Service).Put.func1
         0     0% 0.082%      5.61s 15.28%  github.com/ruipengliu/lerna/domain/content.(*Service).Step
         0     0% 0.082%      5.50s 14.98%  github.com/ruipengliu/lerna/domain/content.(*Service).publicationPolicy
     0.03s 0.082%  0.16%      5.49s 14.96%  database/sql.withLock
     5.16s 14.06% 14.22%      5.16s 14.06%  __tsan_read
         0     0% 14.22%      4.45s 12.12%  database/sql.(*Tx).QueryContext
         0     0% 14.22%      4.43s 12.07%  github.com/jackc/pgx/v5/pgconn.(*PgConn).ExecStatement
     0.01s 0.027% 14.25%      4.42s 12.04%  database/sql.(*DB).queryDC
         0     0% 14.25%      4.22s 11.50%  github.com/ruipengliu/lerna/adapters/postgres/content.(*Store).ScheduleRetention
         0     0% 14.25%      4.22s 11.50%  github.com/ruipengliu/lerna/conformance/component_test.(*closureTimingRepository).ScheduleRetention
         0     0% 14.25%      4.22s 11.50%  github.com/ruipengliu/lerna/domain/content.(*Manager).scheduleAdmission
         0     0% 14.25%      4.22s 11.50%  github.com/ruipengliu/lerna/domain/content.ScheduleRetention
     0.03s 0.082% 14.33%      4.18s 11.39%  github.com/jackc/pgx/v5/pgconn.(*PgConn).execExtendedSuffix
         0     0% 14.33%      4.10s 11.17%  github.com/ruipengliu/lerna/domain/content.(*Manager).scheduleObservedSources
         0     0% 14.33%      3.70s 10.08%  github.com/ruipengliu/lerna/adapters/postgres/content.(*Store).LockVersion
         0     0% 14.33%      3.66s  9.97%  github.com/ruipengliu/lerna/conformance/component_test.(*closureTimingRepository).LockVersion
     0.02s 0.054% 14.38%      3.60s  9.81%  database/sql.(*DB).queryDC.func1
     0.01s 0.027% 14.41%      3.53s  9.62%  database/sql.ctxDriverQuery
     0.04s  0.11% 14.52%      3.52s  9.59%  github.com/jackc/pgx/v5/stdlib.(*Conn).QueryContext
     3.42s  9.32% 23.84%      3.42s  9.32%  racecall
     0.07s  0.19% 24.03%      3.41s  9.29%  github.com/jackc/pgx/v5.(*Conn).Query
     0.02s 0.054% 24.08%      3.16s  8.61%  github.com/ruipengliu/lerna/domain/content.VersionIdentity
         0     0% 24.08%      3.11s  8.47%  github.com/ruipengliu/lerna/domain/content.(*Service).Step.func1
     0.01s 0.027% 24.11%      2.94s  8.01%  runtime.mcall
     0.01s 0.027% 24.14%      2.91s  7.93%  github.com/ruipengliu/lerna/contract/v1_2.Encode[go.shape.struct { Owner github.com/ruipengliu/lerna/contract/gen/go/v1_2.OwnerRef "json:\"owner\""; ContentID github.com/ruipengliu/lerna/contract/gen/go/v1_2.ID "json:\"content_id\""; Version string "json:\"version\""; Hash string "json:\"hash\""; MediaType string "json:\"media_type\""; ByteLength github.com/ruipengliu/lerna/contract/gen/go/v1_2.Revision "json:\"byte_length\"" }]
     0.07s  0.19% 24.33%      2.83s  7.71%  runtime.schedule
     0.01s 0.027% 24.35%      2.79s  7.60%  github.com/jackc/pgx/v5/pgconn.(*PgConn).flushWithPotentialWriteReadDeadlock
         0     0% 24.35%      2.69s  7.33%  github.com/ruipengliu/lerna/domain/content.(*Manager).scheduleTarget
     0.01s 0.027% 24.38%      2.67s  7.27%  syscall.Syscall
         0     0% 24.38%      2.66s  7.25%  github.com/ruipengliu/lerna/domain/content.(*Service).Step.func2
     2.55s  6.95% 31.33%      2.55s  6.95%  internal/runtime/syscall/linux.Syscall6
NATIVE_COMPLETION_ACK {"event": "native_completion_ack", "exit": 0, "group_absent": true, "operation": "closure-cpu-cum40", "pgid": 820768, "pid": 820768, "starttime": "21405382", "timed_out": false}
