Ignoring local file /tmp/lerna-partition-durable-closure-cpu-execution/artifacts/closure-race.test: build-id mismatch (79e0da0f05534522bbca82f3304c7f13428a2d33 != )
File: closure-race.test
Build ID: 79e0da0f05534522bbca82f3304c7f13428a2d33
Type: cpu
Time: 2026-10-05 13:37:01 UTC
Duration: 55.32s, Total samples = 36.71s (66.36%)
Showing nodes accounting for 26.10s, 71.10% of 36.71s total
Showing top 40 nodes out of 893
      flat  flat%   sum%        cum   cum%
     5.16s 14.06% 14.06%      5.16s 14.06%  __tsan_read
     3.42s  9.32% 23.37%      3.42s  9.32%  racecall
     2.55s  6.95% 30.32%      2.55s  6.95%  internal/runtime/syscall/linux.Syscall6
     2.49s  6.78% 37.10%      2.49s  6.78%  runtime.futex
     1.58s  4.30% 41.41%      1.58s  4.30%  __tsan::MemoryAccessRangeT
     1.40s  3.81% 45.22%      1.40s  3.81%  __tsan_write
     0.99s  2.70% 47.92%      0.99s  2.70%  racecalladdr
     0.63s  1.72% 49.63%      0.63s  1.72%  runtime.write1
     0.58s  1.58% 51.21%      0.58s  1.58%  runtime.raceread
     0.52s  1.42% 52.63%         1s  2.72%  runtime.checkptrBase
     0.51s  1.39% 54.02%      0.51s  1.39%  __tsan::MetaMap::GetSync
     0.50s  1.36% 55.38%      0.50s  1.36%  runtime.findObject
     0.43s  1.17% 56.55%      0.43s  1.17%  __tsan::ShadowSet
     0.38s  1.04% 57.59%      0.38s  1.04%  __tsan_func_enter
     0.34s  0.93% 58.51%      0.34s  0.93%  __tsan::VectorClock::ReleaseAcquire
     0.31s  0.84% 59.36%      0.31s  0.84%  __tsan::VectorClock::Acquire
     0.27s  0.74% 60.09%      0.27s  0.74%  runtime.memclrNoHeapPointers
     0.24s  0.65% 60.75%      0.24s  0.65%  __tsan_func_exit
     0.22s   0.6% 61.35%      0.22s   0.6%  __tsan_go_atomic64_load
     0.22s   0.6% 61.94%      0.22s   0.6%  memcpy
     0.21s  0.57% 62.52%      0.59s  1.61%  runtime.mallocgcSmallScanNoHeader
     0.20s  0.54% 63.06%      0.20s  0.54%  __tsan::SlotLock
     0.20s  0.54% 63.61%      0.20s  0.54%  __tsan::TraceSwitchPart
     0.20s  0.54% 64.15%      0.20s  0.54%  __tsan_read_pc
     0.20s  0.54% 64.70%      0.39s  1.06%  runtime.stealWork
     0.18s  0.49% 65.19%      0.18s  0.49%  __sanitizer::StackDepotBase::Put
     0.18s  0.49% 65.68%      0.65s  1.77%  encoding/json/jsontext.(*decoderState).consumeValue
     0.17s  0.46% 66.14%      0.20s  0.54%  regexp/syntax.(*Inst).MatchRunePos
     0.17s  0.46% 66.60%      0.32s  0.87%  runtime.mallocgcSmallNoscan
     0.17s  0.46% 67.07%      0.30s  0.82%  runtime.scanObject
     0.16s  0.44% 67.50%      0.16s  0.44%  __tsan::DenseSlabAlloc::Refill
     0.16s  0.44% 67.94%      0.16s  0.44%  __tsan::MetaMap::FreeRange
     0.16s  0.44% 68.37%      0.16s  0.44%  __tsan::SyncVar::Reset
     0.16s  0.44% 68.81%      0.40s  1.09%  encoding/json/jsontext.(*decoderState).consumeObject
     0.16s  0.44% 69.25%      1.98s  5.39%  runtime.findRunnable
     0.15s  0.41% 69.65%      0.41s  1.12%  encoding/json/jsontext.(*decoderState).ReadToken
     0.14s  0.38% 70.04%      0.14s  0.38%  runtime.usleep
     0.13s  0.35% 70.39%      0.13s  0.35%  __tsan_go_atomic32_fetch_add
     0.13s  0.35% 70.74%      0.17s  0.46%  encoding/json/jsontext.Token.string
     0.13s  0.35% 71.10%      0.71s  1.93%  encoding/json/v2.makeStructArshaler.func2
NATIVE_COMPLETION_ACK {"event": "native_completion_ack", "exit": 0, "group_absent": true, "operation": "closure-cpu-flat40", "pgid": 4193916, "pid": 4193916, "starttime": "17603789", "timed_out": false}
