sh scripts/verify.sh
all modules verified
ok  	lerna/adapters/arkmodel	(cached)
?   	lerna/adapters/authlocal	[no test files]
?   	lerna/adapters/catalogauth	[no test files]
?   	lerna/adapters/cataloglocal	[no test files]
?   	lerna/adapters/contentlocal	[no test files]
?   	lerna/adapters/contentpolicy	[no test files]
?   	lerna/adapters/executioncontent	[no test files]
?   	lerna/adapters/executionlocal	[no test files]
?   	lerna/adapters/executionrouter	[no test files]
?   	lerna/adapters/filecontent	[no test files]
ok  	lerna/adapters/josegrant	(cached)
?   	lerna/adapters/simapi	[no test files]
?   	lerna/adapters/simjob	[no test files]
ok  	lerna/adapters/simresource	(cached)
ok  	lerna/adapters/simworkflow	1.098s
?   	lerna/adapters/sqliteauth	[no test files]
?   	lerna/adapters/sqlitecatalog	[no test files]
?   	lerna/adapters/tasklocal	[no test files]
?   	lerna/answers	[no test files]
ok  	lerna/artifacts	(cached)
ok  	lerna/authorization	(cached)
ok  	lerna/brain	(cached)
ok  	lerna/catalog	1.116s
?   	lerna/cmd/answercheck	[no test files]
ok  	lerna/cmd/authctl	(cached)
ok  	lerna/cmd/contractcheck	(cached)
ok  	lerna/conformance	(cached)
?   	lerna/contractfixture	[no test files]
?   	lerna/examples/sdk	[no test files]
?   	lerna/execution	[no test files]
?   	lerna/gen/harness/v1	[no test files]
?   	lerna/internal/catalogwire	[no test files]
?   	lerna/internal/executionwire	[no test files]
?   	lerna/internal/jsonvalue	[no test files]
?   	lerna/internal/randomid	[no test files]
?   	lerna/internal/taskwire	[no test files]
ok  	lerna/profiles/answer	5.782s
ok  	lerna/profiles/asynccheck	12.183s
ok  	lerna/profiles/catalogcheck	117.646s
ok  	lerna/profiles/content	3.870s
ok  	lerna/profiles/control	(cached)
?   	lerna/profiles/durabletasks	[no test files]
ok  	lerna/profiles/executioncheck	14.142s
ok  	lerna/profiles/grants	(cached)
?   	lerna/profiles/localauth	[no test files]
ok  	lerna/profiles/sdkcontract	(cached)
ok  	lerna/profiles/takeover	13.252s
ok  	lerna/profiles/updates	9.517s
ok  	lerna/profiles/worker	(cached)
?   	lerna/protocol	[no test files]
ok  	lerna/schema	(cached)
ok  	lerna/sdk	(cached)
ok  	lerna/tasks	(cached)
