--- FAIL: TestCLIReportsSuccessAndUnknownProfileFailure (0.67s)
    --- FAIL: TestCLIReportsSuccessAndUnknownProfileFailure/long-term-memory-v1 (0.01s)
        main_test.go:23: exit mismatch: exit status 1
            {
              "status": "failed",
              "format_version": 1,
              "profile": "long-term-memory-v1",
              "profile_version": "unavailable",
              "configuration": null,
              "method": "contractcheck -profile long-term-memory-v1",
              "build": {
                "go": "go1.26.1",
                "platform": "linux/amd64",
                "module": "lerna@v0.0.0-20260911041421-7a23d50dc9e9+dirty",
                "revision": "7a23d50dc9e97dbfb8a95bf0b27ec1f18c2ec3fb",
                "dirty": "true",
                "dependencies": {
                  "github.com/dustin/go-humanize": "v1.0.1 h1:GzkhY7T5VNhEkwH0PVJgjz+fX1rhBrR7pRT3mDkpeCY=",
                  "github.com/go-jose/go-jose/v4": "v4.1.5 h1:RjgjO2LOtWOJKUC5wpwY9LR3B3vwVAz6JS2YHfYU6eA=",
                  "github.com/google/uuid": "v1.6.0 h1:NIvaJDMOsjHA8n1jAhLSgzrAzy1Hgr+hNrb57e+94F0=",
                  "github.com/remyoudompheng/bigfft": "v0.0.0-20230129092748-24d4a6f8daec h1:W09IVJc94icq4NjY3clb7Lk8O1qJ8BdBEF8z0ibU0rE=",
                  "github.com/santhosh-tekuri/jsonschema/v6": "v6.0.3 h1:1EYB5IzjZawrrnELUi78f9fPu57HuXjmddZPjrls/28=",
                  "golang.org/x/sys": "v0.47.0 h1:o7XGOvZQCADBQQ4Y7VNq2dRWQR7JmOUW8Kxx4ZsNgWs=",
                  "golang.org/x/text": "v0.14.0 h1:ScX5w1eTa3QqT8oi6+ziP7dTV1S2+ALU0bI+0zXKWiQ=",
                  "google.golang.org/protobuf": "v1.36.11 h1:fV6ZwhNocDyBLK0dj+fg8ektcVegBBuEolpbTQyBNVE=",
                  "modernc.org/libc": "v1.75.6 h1:yKk8qo+Di4gkmvRboK8ocCqH22FiUCR6jRy2OwtCRus=",
                  "modernc.org/mathutil": "v1.7.1 h1:GCZVGXdaN8gTqB1Mf/usp1Y/hSqgI2vAGGP4jZMCxOU=",
                  "modernc.org/memory": "v1.12.1 h1:nFMiWrpStgZczNl6XI9GnIk/rWhYIyHGUaR04pGbp9g=",
                  "modernc.org/sqlite": "v1.58.0 h1:38u40/bwkfM7f0Myhosl+SEMltSDxnGdQf8o6Kjmys0="
                }
              },
              "limitations": null,
              "results": [
                {
                  "id": "profile-support",
                  "evidence": "compatibility",
                  "required": true,
                  "input": "",
                  "expected": "",
                  "actual": "",
                  "status": "unsupported"
                }
              ]
            }
FAIL
FAIL	lerna/cmd/contractcheck	0.672s
FAIL
