--- FAIL: TestDeletedMemoryPreservesOriginalEffectAfterProcessExit (25.45s)
panic: runtime error: invalid memory address or nil pointer dereference [recovered, repanicked]
[signal SIGSEGV: segmentation violation code=0x1 addr=0x0 pc=0x13dfc4c]

goroutine 5 [running]:
testing.tRunner.func1.2({0x156c9e0, 0x1dfef40})
	/usr/local/go/src/testing/testing.go:1974 +0x419
testing.tRunner.func1()
	/usr/local/go/src/testing/testing.go:1977 +0x67f
panic({0x156c9e0?, 0x1dfef40?})
	/usr/local/go/src/runtime/panic.go:860 +0x13a
lerna/profiles/catalogcheck.(*personalizedMemory).change(0xc00012b088, {0x16b1650, 0xc0000b4e70}, 0xc00031b808, {0x165e946, 0x6})
	/home/dev/proj/lerna/profiles/catalogcheck/personalized_invalidation.go:58 +0x84c
lerna/profiles/catalogcheck.restorePersonalizedAction({0x16b1650, 0xc0000b4e70}, {0xc00040a910, 0x4b}, {0x165e946, 0x6}, 0x0)
	/home/dev/proj/lerna/profiles/catalogcheck/personalized_process.go:276 +0x2a4b
lerna/profiles/catalogcheck.RestorePersonalizedInvocationAfterDeletion(...)
	/home/dev/proj/lerna/profiles/catalogcheck/personalized_process.go:170
lerna/profiles/catalogcheck.TestDeletedMemoryPreservesOriginalEffectAfterProcessExit(0xc0003dab48)
	/home/dev/proj/lerna/profiles/catalogcheck/personalized_process_test.go:327 +0x609
testing.tRunner(0xc0003dab48, 0x169f540)
	/usr/local/go/src/testing/testing.go:2036 +0x21d
created by testing.(*T).Run in goroutine 1
	/usr/local/go/src/testing/testing.go:2101 +0xb13
FAIL	lerna/profiles/catalogcheck	25.481s
FAIL
