sh scripts/verify.sh
all modules verified
ok  	lerna/adapters/arkmodel	(cached)
?   	lerna/adapters/authlocal	[no test files]
?   	lerna/adapters/catalogauth	[no test files]
?   	lerna/adapters/cataloglocal	[no test files]
ok  	lerna/adapters/checkpointfile	(cached)
?   	lerna/adapters/contentlocal	[no test files]
?   	lerna/adapters/contentpolicy	[no test files]
ok  	lerna/adapters/contextmemory	(cached)
?   	lerna/adapters/contextpolicy	[no test files]
?   	lerna/adapters/credentialauth	[no test files]
ok  	lerna/adapters/credentialbackups	(cached)
?   	lerna/adapters/credentialexecution	[no test files]
ok  	lerna/adapters/credentialhttp	(cached)
?   	lerna/adapters/executioncontent	[no test files]
?   	lerna/adapters/executionlocal	[no test files]
?   	lerna/adapters/executionrouter	[no test files]
?   	lerna/adapters/filecontent	[no test files]
ok  	lerna/adapters/filekeys	(cached)
ok  	lerna/adapters/josegrant	(cached)
ok  	lerna/adapters/memoryauth	(cached)
ok  	lerna/adapters/memorycleanup	(cached)
?   	lerna/adapters/memorylocal	[no test files]
ok  	lerna/adapters/recoveryproof	(cached)
?   	lerna/adapters/simapi	[no test files]
?   	lerna/adapters/simjob	[no test files]
ok  	lerna/adapters/simresource	(cached)
ok  	lerna/adapters/simworkflow	(cached)
?   	lerna/adapters/sqliteauth	[no test files]
?   	lerna/adapters/sqlitecatalog	[no test files]
ok  	lerna/adapters/sqlitecontext	(cached)
ok  	lerna/adapters/sqlitecredentials	(cached)
ok  	lerna/adapters/sqlitememory	(cached)
ok  	lerna/adapters/taskcontext	(cached)
?   	lerna/adapters/tasklocal	[no test files]
?   	lerna/answers	[no test files]
ok  	lerna/artifacts	(cached)
ok  	lerna/authorization	(cached)
ok  	lerna/brain	(cached)
ok  	lerna/catalog	(cached)
ok  	lerna/cleanup	(cached)
?   	lerna/cmd/answercheck	[no test files]
?   	lerna/cmd/apicheck	[no test files]
ok  	lerna/cmd/authctl	(cached)
?   	lerna/cmd/contextcheck	[no test files]
ok  	lerna/cmd/contractcheck	470.722s
ok  	lerna/cmd/credentialctl	(cached)
ok  	lerna/conformance	(cached)
ok  	lerna/contextassembly	(cached)
?   	lerna/contractfixture	[no test files]
ok  	lerna/credentials	(cached)
?   	lerna/examples/sdk	[no test files]
?   	lerna/execution	[no test files]
?   	lerna/gen/harness/v1	[no test files]
?   	lerna/internal/catalogwire	[no test files]
?   	lerna/internal/executionwire	[no test files]
?   	lerna/internal/jsonvalue	[no test files]
?   	lerna/internal/memorywire	[no test files]
?   	lerna/internal/randomid	[no test files]
?   	lerna/internal/taskwire	[no test files]
ok  	lerna/memory	(cached)
?   	lerna/memory/storecontract	[no test files]
ok  	lerna/profiles/answer	224.385s
ok  	lerna/profiles/asynccheck	15.409s
panic: test timed out after 30m0s
	running tests:
		TestDeletedMemoryPreservesOriginalEffectAfterProcessExit (19s)

goroutine 504969 [running]:
testing.(*M).startAlarm.func1()
	/usr/local/go/src/testing/testing.go:2802 +0x605
created by time.goFunc
	/usr/local/go/src/time/sleep.go:215 +0x45

goroutine 1 [chan receive]:
testing.(*T).Run(0xc000422008, {0x16aa4b3, 0x38}, 0x16cd848)
	/usr/local/go/src/testing/testing.go:2109 +0xb3e
testing.runTests.func1(0xc000422008)
	/usr/local/go/src/testing/testing.go:2585 +0x86
testing.tRunner(0xc000422008, 0xc00023bad0)
	/usr/local/go/src/testing/testing.go:2036 +0x21d
testing.runTests({0x168b341, 0x5}, {0x1697eeb, 0x1b}, 0xc000016ff0, {0x1e55000, 0x2b, 0x2b}, {0xc2a1274ce6f543c8, 0x1a319383f3a, ...})
	/usr/local/go/src/testing/testing.go:2583 +0x9ea
testing.(*M).Run(0xc0000ff400)
	/usr/local/go/src/testing/testing.go:2443 +0xf4c
main.main()
	_testmain.go:130 +0x165

goroutine 504997 [IO wait]:
internal/poll.runtime_pollWait(0x7eeea3b7bc00, 0x72)
	/usr/local/go/src/runtime/netpoll.go:351 +0x85
internal/poll.(*pollDesc).wait(0xc000cef2e0, 0x72, 0x1)
	/usr/local/go/src/internal/poll/fd_poll_runtime.go:84 +0xb1
internal/poll.(*pollDesc).waitRead(...)
	/usr/local/go/src/internal/poll/fd_poll_runtime.go:89
internal/poll.(*FD).Read(0xc000cef2c0, {0xc000531000, 0x200, 0x200})
	/usr/local/go/src/internal/poll/fd_unix.go:165 +0x499
os.(*File).read(...)
	/usr/local/go/src/os/file_posix.go:29
os.(*File).Read(0xc00064e698, {0xc000531000, 0x200, 0x200})
	/usr/local/go/src/os/file.go:144 +0xad
bytes.(*Buffer).ReadFrom(0xc000395e60, {0x16d8a80, 0xc00064e698})
	/usr/local/go/src/bytes/buffer.go:229 +0x10e
io.copyBuffer({0x16d9680, 0xc000395e60}, {0x16d8a80, 0xc00064e698}, {0x0, 0x0, 0x0})
	/usr/local/go/src/io/io.go:415 +0x20f
io.Copy(...)
	/usr/local/go/src/io/io.go:388
os.genericWriteTo(0xc00064e698, {0x16d9680, 0xc000395e60})
	/usr/local/go/src/os/file.go:295 +0x4a
os.(*File).WriteTo(0xc00064e698, {0x16d9680, 0xc000395e60})
	/usr/local/go/src/os/file.go:273 +0xd5
io.copyBuffer({0x16d9680, 0xc000395e60}, {0x16d8b00, 0xc00064e698}, {0x0, 0x0, 0x0})
	/usr/local/go/src/io/io.go:411 +0xd4
io.Copy(...)
	/usr/local/go/src/io/io.go:388
os/exec.(*Cmd).writerDescriptor.func1()
	/usr/local/go/src/os/exec/exec.go:602 +0x5b
os/exec.(*Cmd).Start.func2(0xc000a04b20)
	/usr/local/go/src/os/exec/exec.go:757 +0x3d
created by os/exec.(*Cmd).Start in goroutine 504996
	/usr/local/go/src/os/exec/exec.go:756 +0x10f2

goroutine 504404 [select]:
os/exec.(*Cmd).watchCtx(0xc0003d3520, 0xc00024c000)
	/usr/local/go/src/os/exec/exec.go:797 +0x10a
created by os/exec.(*Cmd).Start in goroutine 504996
	/usr/local/go/src/os/exec/exec.go:783 +0x109d

goroutine 504996 [syscall]:
syscall.Syscall6(0xf7, 0x3, 0xc, 0xc0005a9668, 0x4, 0xc00023c240, 0x0)
	/usr/local/go/src/syscall/syscall_linux.go:96 +0x45
internal/syscall/unix.Waitid(0x3, 0xc, 0xc0005a9668, 0x4, 0xc00023c240)
	/usr/local/go/src/internal/syscall/unix/waitid_linux.go:18 +0x70
os.(*Process).pidfdWait.func1(...)
	/usr/local/go/src/os/pidfd_linux.go:108
os.ignoringEINTR(...)
	/usr/local/go/src/os/file_posix.go:256
os.(*Process).pidfdWait(0xc000d68780)
	/usr/local/go/src/os/pidfd_linux.go:107 +0x365
os.(*Process).wait(0xc000d68780)
	/usr/local/go/src/os/exec_unix.go:25 +0x47
os.(*Process).Wait(...)
	/usr/local/go/src/os/exec.go:346
os/exec.(*Cmd).Wait(0xc0003d3520)
	/usr/local/go/src/os/exec/exec.go:930 +0xb0
os/exec.(*Cmd).Run(0xc0003d3520)
	/usr/local/go/src/os/exec/exec.go:632 +0x55
os/exec.(*Cmd).CombinedOutput(0xc0003d3520)
	/usr/local/go/src/os/exec/exec.go:1047 +0x1f1
lerna/profiles/catalogcheck.TestDeletedMemoryPreservesOriginalEffectAfterProcessExit(0xc00026e908)
	/home/dev/proj/lerna/profiles/catalogcheck/personalized_process_test.go:334 +0x385
testing.tRunner(0xc00026e908, 0x16cd848)
	/usr/local/go/src/testing/testing.go:2036 +0x21d
created by testing.(*T).Run in goroutine 1
	/usr/local/go/src/testing/testing.go:2101 +0xb13
FAIL	lerna/profiles/catalogcheck	1800.054s
ok  	lerna/profiles/content	4.671s
?   	lerna/profiles/contextcheck	[no test files]
ok  	lerna/profiles/control	5.536s
ok  	lerna/profiles/credentialcheck	14.357s
?   	lerna/profiles/durabletasks	[no test files]
--- FAIL: TestActualV10ExecutionUpgrade (0.19s)
    upgrade10_test.go:80: {[] 0 0 0 0 {local 069de92693d854d277536c1621f8ce357aefb9bbed62aed6f374b6b21dbda458} Add three to the controlled counter   [content:local:1cd273cc8d9c901f65b5374e8a256b6b67b3a670be703a0bcd6e8b9248d6052d:1] {0 0 3 1788998700} QUEUED operator root owner 1 3 1   {   0} []} <nil>
FAIL
FAIL	lerna/profiles/executioncheck	15.557s
ok  	lerna/profiles/grants	3.274s
?   	lerna/profiles/localauth	[no test files]
ok  	lerna/profiles/memorycheck	12.379s
ok  	lerna/profiles/sdkcontract	1.047s
ok  	lerna/profiles/takeover	13.952s
ok  	lerna/profiles/updates	10.493s
ok  	lerna/profiles/worker	3.477s
?   	lerna/protocol	[no test files]
ok  	lerna/schema	1.032s
ok  	lerna/sdk	1.108s
ok  	lerna/tasks	8.937s
FAIL
make: *** [Makefile:11: verify] Error 1
