TLC2 Version 2.19 of 08 August 2024 (rev: 5a47802)
Running breadth-first search Model-Checking with fp 0 and seed 1 with 1 worker on 10 cores with 1820MB heap and 64MB offheap memory [pid: 15294] (Mac OS X 27.0 aarch64, Homebrew 25.0.2 x86_64, MSBDiskFPSet, DiskStateQueue).
Parsing file /Volumes/Data/proj/lerna-docs/formal/mechanisms/lifecycle/References.tla
Parsing file /private/var/folders/q3/nxw95lcx0nb05qqqp0w1nzgc0000gn/T/lerna-lifecycle-c3tougcy/Naturals.tla
Parsing file /private/var/folders/q3/nxw95lcx0nb05qqqp0w1nzgc0000gn/T/lerna-lifecycle-c3tougcy/FiniteSets.tla
Parsing file /private/var/folders/q3/nxw95lcx0nb05qqqp0w1nzgc0000gn/T/lerna-lifecycle-c3tougcy/TLC.tla
Parsing file /private/var/folders/q3/nxw95lcx0nb05qqqp0w1nzgc0000gn/T/lerna-lifecycle-c3tougcy/Sequences.tla
Semantic processing of module Naturals
Semantic processing of module Sequences
Semantic processing of module FiniteSets
Semantic processing of module TLC
Semantic processing of module References
Starting... (2026-09-25 08:32:04)
Computing initial states...
Finished computing initial states: 1 distinct state generated at 2026-09-25 08:32:04.
Error: Invariant FreshRegistration is violated.
Error: The behavior up to this point is:
State 1: <Initial predicate>
/\ phase = (r1 :> "idle" @@ r2 :> "idle")
/\ epoch = 0
/\ active = {}
/\ retained = {}
/\ recoveredDelete = FALSE
/\ disabled = FALSE
/\ deleted = FALSE
/\ crashedWithPlan = FALSE
/\ doneEvidence = {}
/\ used = {}
/\ badRegistration = FALSE
/\ gate = TRUE
/\ up = TRUE
/\ plan = FALSE
/\ readEpoch = (r1 :> 0 @@ r2 :> 0)

State 2: <ReadGate line 16, col 16 to line 20, col 94 of module References>
/\ phase = (r1 :> "read" @@ r2 :> "idle")
/\ epoch = 0
/\ active = {}
/\ retained = {}
/\ recoveredDelete = FALSE
/\ disabled = FALSE
/\ deleted = FALSE
/\ crashedWithPlan = FALSE
/\ doneEvidence = {}
/\ used = {}
/\ badRegistration = FALSE
/\ gate = TRUE
/\ up = TRUE
/\ plan = FALSE
/\ readEpoch = (r1 :> 0 @@ r2 :> 0)

State 3: <Decide line 21, col 14 to line 24, col 92 of module References>
/\ phase = (r1 :> "decided" @@ r2 :> "idle")
/\ epoch = 0
/\ active = {}
/\ retained = {}
/\ recoveredDelete = FALSE
/\ disabled = FALSE
/\ deleted = FALSE
/\ crashedWithPlan = FALSE
/\ doneEvidence = {}
/\ used = {}
/\ badRegistration = FALSE
/\ gate = TRUE
/\ up = TRUE
/\ plan = FALSE
/\ readEpoch = (r1 :> 0 @@ r2 :> 0)

State 4: <Close line 56, col 10 to line 58, col 88 of module References>
/\ phase = (r1 :> "decided" @@ r2 :> "idle")
/\ epoch = 1
/\ active = {}
/\ retained = {}
/\ recoveredDelete = FALSE
/\ disabled = FALSE
/\ deleted = FALSE
/\ crashedWithPlan = FALSE
/\ doneEvidence = {}
/\ used = {}
/\ badRegistration = FALSE
/\ gate = FALSE
/\ up = TRUE
/\ plan = FALSE
/\ readEpoch = (r1 :> 0 @@ r2 :> 0)

State 5: <Register line 25, col 16 to line 31, col 77 of module References>
/\ phase = (r1 :> "pinned" @@ r2 :> "idle")
/\ epoch = 1
/\ active = {}
/\ retained = {r1}
/\ recoveredDelete = FALSE
/\ disabled = FALSE
/\ deleted = FALSE
/\ crashedWithPlan = FALSE
/\ doneEvidence = {}
/\ used = {}
/\ badRegistration = TRUE
/\ gate = FALSE
/\ up = TRUE
/\ plan = FALSE
/\ readEpoch = (r1 :> 0 @@ r2 :> 0)

77 states generated, 45 distinct states found, 24 states left on queue.
The depth of the complete state graph search is 5.
The average outdegree of the complete state graph is 2 (minimum is 0, the maximum 6 and the 95th percentile is 6).
Finished in 00s at (2026-09-25 08:32:04)
