TLC2 Version 2.19 of 08 August 2024 (rev: 5a47802)
Running breadth-first search Model-Checking with fp 0 and seed 1 with 1 worker on 10 cores with 1820MB heap and 64MB offheap memory [pid: 15502] (Mac OS X 27.0 aarch64, Homebrew 25.0.2 x86_64, MSBDiskFPSet, DiskStateQueue).
Parsing file /Volumes/Data/proj/lerna-docs/formal/mechanisms/lifecycle/UI.tla
Parsing file /private/var/folders/q3/nxw95lcx0nb05qqqp0w1nzgc0000gn/T/lerna-lifecycle-_1j0g0la/Naturals.tla
Parsing file /private/var/folders/q3/nxw95lcx0nb05qqqp0w1nzgc0000gn/T/lerna-lifecycle-_1j0g0la/TLC.tla
Parsing file /private/var/folders/q3/nxw95lcx0nb05qqqp0w1nzgc0000gn/T/lerna-lifecycle-_1j0g0la/Sequences.tla
Parsing file /private/var/folders/q3/nxw95lcx0nb05qqqp0w1nzgc0000gn/T/lerna-lifecycle-_1j0g0la/FiniteSets.tla
Semantic processing of module Naturals
Semantic processing of module Sequences
Semantic processing of module FiniteSets
Semantic processing of module TLC
Semantic processing of module UI
Starting... (2026-09-25 08:32:06)
Computing initial states...
Finished computing initial states: 1 distinct state generated at 2026-09-25 08:32:06.
Error: Invariant DeltaContinuity is violated.
Error: The behavior up to this point is:
State 1: <Initial predicate>
/\ pending = FALSE
/\ result = "none"
/\ sentSession = 0
/\ full = FALSE
/\ sentIntent = "closed"
/\ cacheRev = 0
/\ everShown = FALSE
/\ generation = 0
/\ session = 0
/\ crashed = FALSE
/\ confirmedGen = 0
/\ resultEver = FALSE
/\ pendingCrashGen = 3
/\ up = TRUE
/\ sentGen = 0
/\ visible = FALSE
/\ textLength = 0
/\ recovered = FALSE
/\ intent = "closed"
/\ confirmedIntent = "closed"

State 2: <Delta line 41, col 10 to line 46, col 49 of module UI>
/\ pending = FALSE
/\ result = "none"
/\ sentSession = 0
/\ full = FALSE
/\ sentIntent = "closed"
/\ cacheRev = 2
/\ everShown = FALSE
/\ generation = 0
/\ session = 0
/\ crashed = FALSE
/\ confirmedGen = 0
/\ resultEver = FALSE
/\ pendingCrashGen = 3
/\ up = TRUE
/\ sentGen = 0
/\ visible = FALSE
/\ textLength = 1
/\ recovered = FALSE
/\ intent = "closed"
/\ confirmedIntent = "closed"

6 states generated, 6 distinct states found, 4 states left on queue.
The depth of the complete state graph search is 2.
Finished in 00s at (2026-09-25 08:32:06)
