TLC2 Version 2.19 of 08 August 2024 (rev: 5a47802)
Warning: Please run the Java VM which executes TLC with a throughput optimized garbage collector by passing the "-XX:+UseParallelGC" property.
(Use the -nowarning option to disable this warning.)
Running breadth-first search Model-Checking with fp 69 and seed 3451496879600840489 with 1 worker on 10 cores with 1536MB heap and 64MB offheap memory [pid: 15766] (Mac OS X 27.0 aarch64, Homebrew 25.0.2 x86_64, MSBDiskFPSet, DiskStateQueue).
Parsing file /Volumes/Data/proj/lerna-docs/formal/mechanisms/control/Boundaries.tla
Parsing file /Volumes/Data/proj/lerna-docs/formal/mechanisms/control/.states-z_tx1jz_/Naturals.tla
Semantic processing of module Naturals
Semantic processing of module Boundaries
Starting... (2026-09-25 08:32:15)
Computing initial states...
Finished computing initial states: 1 distinct state generated at 2026-09-25 08:32:15.
Error: Invariant FixedBinding is violated.
Error: The behavior up to this point is:
State 1: <Initial predicate>
s = [ catalogVersion |-> 0,
  resolved |-> FALSE,
  resolvedVersion |-> 0,
  created |-> FALSE,
  boundVersion |-> 0,
  acceptedVersion |-> 0,
  boundIntent |-> 0,
  creates |-> 0,
  payload |-> FALSE,
  tombstone |-> FALSE,
  entryClosed |-> FALSE,
  gap |-> FALSE,
  rejectedConflict |-> FALSE,
  child |-> FALSE,
  parentPaused |-> FALSE,
  selfPaused |-> FALSE,
  projectedParent |-> FALSE,
  controlRevision |-> 0,
  selfErased |-> FALSE,
  world |-> 0,
  observed |-> 0,
  hasObservation |-> FALSE,
  clicked |-> FALSE,
  badObservation |-> FALSE,
  badControl |-> FALSE,
  parentResumed |-> FALSE,
  parentResumedWithSelf |-> FALSE,
  selfWasPaused |-> FALSE,
  controlledClick |-> FALSE,
  factRevision |-> 0,
  factValue |-> "unknown",
  conflict |-> FALSE,
  everConflict |-> FALSE,
  regressed |-> FALSE,
  lowSeen |-> FALSE,
  resultSaved |-> FALSE,
  resultValue |-> "none",
  originalResult |-> "none" ]

State 2: <Resolve line 17, col 12 to line 18, col 72 of module Boundaries>
s = [ catalogVersion |-> 0,
  resolved |-> TRUE,
  resolvedVersion |-> 0,
  created |-> FALSE,
  boundVersion |-> 0,
  acceptedVersion |-> 0,
  boundIntent |-> 0,
  creates |-> 0,
  payload |-> FALSE,
  tombstone |-> FALSE,
  entryClosed |-> FALSE,
  gap |-> FALSE,
  rejectedConflict |-> FALSE,
  child |-> FALSE,
  parentPaused |-> FALSE,
  selfPaused |-> FALSE,
  projectedParent |-> FALSE,
  controlRevision |-> 0,
  selfErased |-> FALSE,
  world |-> 0,
  observed |-> 0,
  hasObservation |-> FALSE,
  clicked |-> FALSE,
  badObservation |-> FALSE,
  badControl |-> FALSE,
  parentResumed |-> FALSE,
  parentResumedWithSelf |-> FALSE,
  selfWasPaused |-> FALSE,
  controlledClick |-> FALSE,
  factRevision |-> 0,
  factValue |-> "unknown",
  conflict |-> FALSE,
  everConflict |-> FALSE,
  regressed |-> FALSE,
  lowSeen |-> FALSE,
  resultSaved |-> FALSE,
  resultValue |-> "none",
  originalResult |-> "none" ]

State 3: <Accept line 19, col 11 to line 23, col 37 of module Boundaries>
s = [ catalogVersion |-> 0,
  resolved |-> TRUE,
  resolvedVersion |-> 0,
  created |-> TRUE,
  boundVersion |-> 0,
  acceptedVersion |-> 0,
  boundIntent |-> 0,
  creates |-> 1,
  payload |-> TRUE,
  tombstone |-> TRUE,
  entryClosed |-> FALSE,
  gap |-> FALSE,
  rejectedConflict |-> FALSE,
  child |-> FALSE,
  parentPaused |-> FALSE,
  selfPaused |-> FALSE,
  projectedParent |-> FALSE,
  controlRevision |-> 0,
  selfErased |-> FALSE,
  world |-> 0,
  observed |-> 0,
  hasObservation |-> FALSE,
  clicked |-> FALSE,
  badObservation |-> FALSE,
  badControl |-> FALSE,
  parentResumed |-> FALSE,
  parentResumedWithSelf |-> FALSE,
  selfWasPaused |-> FALSE,
  controlledClick |-> FALSE,
  factRevision |-> 0,
  factValue |-> "unknown",
  conflict |-> FALSE,
  everConflict |-> FALSE,
  regressed |-> FALSE,
  lowSeen |-> FALSE,
  resultSaved |-> FALSE,
  resultValue |-> "none",
  originalResult |-> "none" ]

State 4: <Upgrade line 24, col 12 to line 26, col 72 of module Boundaries>
s = [ catalogVersion |-> 1,
  resolved |-> TRUE,
  resolvedVersion |-> 0,
  created |-> TRUE,
  boundVersion |-> 1,
  acceptedVersion |-> 0,
  boundIntent |-> 0,
  creates |-> 1,
  payload |-> TRUE,
  tombstone |-> TRUE,
  entryClosed |-> FALSE,
  gap |-> FALSE,
  rejectedConflict |-> FALSE,
  child |-> FALSE,
  parentPaused |-> FALSE,
  selfPaused |-> FALSE,
  projectedParent |-> FALSE,
  controlRevision |-> 0,
  selfErased |-> FALSE,
  world |-> 0,
  observed |-> 0,
  hasObservation |-> FALSE,
  clicked |-> FALSE,
  badObservation |-> FALSE,
  badControl |-> FALSE,
  parentResumed |-> FALSE,
  parentResumedWithSelf |-> FALSE,
  selfWasPaused |-> FALSE,
  controlledClick |-> FALSE,
  factRevision |-> 0,
  factValue |-> "unknown",
  conflict |-> FALSE,
  everConflict |-> FALSE,
  regressed |-> FALSE,
  lowSeen |-> FALSE,
  resultSaved |-> FALSE,
  resultValue |-> "none",
  originalResult |-> "none" ]

7 states generated, 7 distinct states found, 2 states left on queue.
The depth of the complete state graph search is 4.
The average outdegree of the complete state graph is 2 (minimum is 1, the maximum 2 and the 95th percentile is 2).
Finished in 00s at (2026-09-25 08:32:15)
