TLC2 Version 2.19 of 08 August 2024 (rev: 5a47802)
Warning: Please run the Java VM which executes TLC with a throughput optimized garbage collector by passing the "-XX:+UseParallelGC" property.
(Use the -nowarning option to disable this warning.)
Running breadth-first search Model-Checking with fp 73 and seed 244058602658430700 with 1 worker on 10 cores with 1536MB heap and 64MB offheap memory [pid: 22751] (Mac OS X 27.0 aarch64, Homebrew 25.0.2 x86_64, MSBDiskFPSet, DiskStateQueue).
Parsing file /Volumes/Data/proj/lerna-docs/formal/mechanisms/control/Decision.tla
***Parse Error***
Encountered "s" at line 36, column 11 and token "<" 

Residual stack trace follows:
ExtendableExpr starting at line 36, column 6.
ExtendableExpr starting at line 35, column 39.
ExtendableExpr starting at line 35, column 22.
ExtendableExpr starting at line 35, column 12.
ExtendableExpr starting at line 35, column 6.


Fatal errors while parsing TLA+ spec in file Decision

tla2sany.semantic.AbortException
*** Abort messages: 1

In module Decision

Could not parse module Decision from file Decision.tla


Starting... (2026-09-25 08:41:20)
Error: Parsing or semantic analysis failed.
Finished in 00s at (2026-09-25 08:41:20)
