File: component-race-measured.test
Build ID: 338053581179ee33436817f3706c41920cdbb541
Type: cpu
Time: 2026-10-04 16:41:01 UTC
Duration: 60.05s, Total samples = 45.67s (76.05%)
Active filters:
   focus=github.com/ruipengliu/lerna/(domain/content|adapters/postgres/content)
Showing nodes accounting for 0.25s, 0.55% of 45.67s total
Dropped 498 nodes (cum <= 0.23s)
Showing top 25 nodes out of 224
      flat  flat%   sum%        cum   cum%
         0     0%     0%     18.24s 39.94%  github.com/ruipengliu/lerna/adapters/postgres/internal/pgstore.(*Core).Within
         0     0%     0%     18.12s 39.68%  github.com/ruipengliu/lerna/adapters/postgres/content.(*Store).Within
         0     0%     0%     18.01s 39.44%  github.com/ruipengliu/lerna/conformance/component_test.TestContentFullClosureIncludesIntermediateVersionsAndExact64Bound
         0     0%     0%     17.90s 39.19%  testing.tRunner
     0.02s 0.044% 0.044%     14.20s 31.09%  github.com/ruipengliu/lerna/domain/content.(*Service).registeredClosure.func1
         0     0% 0.044%     13.69s 29.98%  github.com/ruipengliu/lerna/domain/content.(*Service).registeredClosure
         0     0% 0.044%      9.78s 21.41%  github.com/ruipengliu/lerna/domain/content.(*Service).Put.func1
         0     0% 0.044%      9.74s 21.33%  github.com/ruipengliu/lerna/domain/content.(*Service).Put
         0     0% 0.044%      9.66s 21.15%  github.com/ruipengliu/lerna/conformance/component_test.putContentRequest
         0     0% 0.044%      8.10s 17.74%  github.com/ruipengliu/lerna/domain/content.(*Service).Step
         0     0% 0.044%      8.03s 17.58%  github.com/ruipengliu/lerna/domain/content.(*Service).publicationPolicy
         0     0% 0.044%      6.86s 15.02%  github.com/ruipengliu/lerna/adapters/postgres/content.(*Store).CheckPolicy
     0.07s  0.15%   0.2%      6.59s 14.43%  database/sql.withLock
         0     0%   0.2%      6.14s 13.44%  database/sql.(*Tx).QueryContext
     0.01s 0.022%  0.22%      6.13s 13.42%  database/sql.(*DB).queryDC
         0     0%  0.22%      5.37s 11.76%  github.com/jackc/pgx/v5/pgconn.(*PgConn).ExecStatement
         0     0%  0.22%      5.24s 11.47%  github.com/ruipengliu/lerna/domain/content.(*Manager).scheduleAdmission
         0     0%  0.22%      5.21s 11.41%  github.com/ruipengliu/lerna/domain/content.ScheduleRetention
         0     0%  0.22%      5.18s 11.34%  github.com/ruipengliu/lerna/adapters/postgres/content.(*Store).ScheduleRetention
     0.03s 0.066%  0.28%      5.14s 11.25%  github.com/jackc/pgx/v5/pgconn.(*PgConn).execExtendedSuffix
         0     0%  0.28%      5.14s 11.25%  github.com/ruipengliu/lerna/domain/content.(*Manager).scheduleInherited
     0.01s 0.022%  0.31%      4.97s 10.88%  database/sql.(*DB).queryDC.func1
     0.05s  0.11%  0.42%      4.93s 10.79%  database/sql.ctxDriverQuery
     0.02s 0.044%  0.46%      4.88s 10.69%  github.com/jackc/pgx/v5/stdlib.(*Conn).QueryContext
     0.04s 0.088%  0.55%      4.75s 10.40%  github.com/jackc/pgx/v5.(*Conn).Query
NATIVE_EXIT status=0 group_absent=True
