File: component-race-phase-diagnostic.test
Build ID: 2ae2a7a1a99abaf07fd7232f6f026490d1b361fa
Type: cpu
Time: 2026-10-04 17:54:30 UTC
Duration: 60.04s, Total samples = 39.49s (65.77%)
Showing nodes accounting for 29.66s, 75.11% of 39.49s total
Dropped 701 nodes (cum <= 0.20s)
      flat  flat%   sum%        cum   cum%
         0     0%     0%     15.50s 39.25%  github.com/ruipengliu/lerna/conformance/component_test.TestContentFullClosureIncludesIntermediateVersionsAndExact64Bound
         0     0%     0%     15.47s 39.17%  github.com/ruipengliu/lerna/adapters/postgres/internal/pgstore.(*Core).Within
         0     0%     0%     15.42s 39.05%  testing.tRunner
         0     0%     0%     15.31s 38.77%  github.com/ruipengliu/lerna/adapters/postgres/content.(*Store).Within
         0     0%     0%     14.74s 37.33%  runtime._System
     0.03s 0.076% 0.076%      9.76s 24.72%  github.com/ruipengliu/lerna/domain/content.(*Service).registeredClosure.func1
     0.02s 0.051%  0.13%      9.09s 23.02%  github.com/ruipengliu/lerna/domain/content.(*Service).registeredClosure
         0     0%  0.13%      8.87s 22.46%  github.com/ruipengliu/lerna/conformance/component_test.putContentRequest
         0     0%  0.13%      8.87s 22.46%  github.com/ruipengliu/lerna/domain/content.(*Service).Put
         0     0%  0.13%      8.77s 22.21%  github.com/ruipengliu/lerna/domain/content.(*Service).Put.func1
     0.02s 0.051%  0.18%      6.66s 16.87%  database/sql.withLock
         0     0%  0.18%      6.37s 16.13%  github.com/ruipengliu/lerna/domain/content.(*Service).Step
         0     0%  0.18%      6.16s 15.60%  github.com/ruipengliu/lerna/domain/content.(*Service).publicationPolicy
     5.57s 14.10% 14.28%      5.57s 14.10%  __tsan_read
     0.01s 0.025% 14.31%      5.30s 13.42%  database/sql.(*Tx).QueryContext
     0.04s   0.1% 14.41%      5.24s 13.27%  database/sql.(*DB).queryDC
         0     0% 14.41%      5.15s 13.04%  github.com/jackc/pgx/v5/pgconn.(*PgConn).ExecStatement
     0.01s 0.025% 14.43%      4.87s 12.33%  github.com/jackc/pgx/v5/pgconn.(*PgConn).execExtendedSuffix
         0     0% 14.43%      4.59s 11.62%  github.com/ruipengliu/lerna/adapters/postgres/content.(*Store).ScheduleRetention
         0     0% 14.43%      4.59s 11.62%  github.com/ruipengliu/lerna/conformance/component_test.(*closureTimingRepository).ScheduleRetention
         0     0% 14.43%      4.59s 11.62%  github.com/ruipengliu/lerna/domain/content.(*Manager).scheduleAdmission
         0     0% 14.43%      4.59s 11.62%  github.com/ruipengliu/lerna/domain/content.ScheduleRetention
     0.02s 0.051% 14.48%      4.47s 11.32%  github.com/ruipengliu/lerna/domain/content.(*Manager).scheduleObservedSources
     0.01s 0.025% 14.51%      4.46s 11.29%  database/sql.(*DB).queryDC.func1
     0.01s 0.025% 14.54%      4.44s 11.24%  database/sql.ctxDriverQuery
     0.02s 0.051% 14.59%      4.43s 11.22%  github.com/jackc/pgx/v5/stdlib.(*Conn).QueryContext
     0.07s  0.18% 14.76%      4.31s 10.91%  github.com/jackc/pgx/v5.(*Conn).Query
         0     0% 14.76%      3.64s  9.22%  github.com/ruipengliu/lerna/adapters/postgres/content.(*Store).LockVersion
         0     0% 14.76%      3.60s  9.12%  github.com/ruipengliu/lerna/conformance/component_test.(*closureTimingRepository).LockVersion
     0.05s  0.13% 14.89%      3.54s  8.96%  github.com/jackc/pgx/v5/pgconn.(*PgConn).flushWithPotentialWriteReadDeadlock
     3.50s  8.86% 23.75%      3.50s  8.86%  internal/runtime/syscall/linux.Syscall6
         0     0% 23.75%      3.49s  8.84%  github.com/ruipengliu/lerna/adapters/postgres/internal/pgstore.(*Core).Now
     3.39s  8.58% 32.34%      3.39s  8.58%  racecall
     0.01s 0.025% 32.36%      3.38s  8.56%  syscall.Syscall
         0     0% 32.36%      3.32s  8.41%  github.com/ruipengliu/lerna/domain/content.(*Service).Step.func1
     0.03s 0.076% 32.44%      3.24s  8.20%  github.com/ruipengliu/lerna/domain/content.VersionIdentity
         0     0% 32.44%      3.20s  8.10%  runtime.mcall
     0.03s 0.076% 32.51%      3.17s  8.03%  runtime.schedule
         0     0% 32.51%      3.12s  7.90%  github.com/ruipengliu/lerna/domain/content.(*Service).Step.func2
         0     0% 32.51%      3.07s  7.77%  github.com/ruipengliu/lerna/contract/v1_2.Encode[go.shape.struct { Owner github.com/ruipengliu/lerna/contract/gen/go/v1_2.OwnerRef "json:\"owner\""; ContentID github.com/ruipengliu/lerna/contract/gen/go/v1_2.ID "json:\"content_id\""; Version string "json:\"version\""; Hash string "json:\"hash\""; MediaType string "json:\"media_type\""; ByteLength github.com/ruipengliu/lerna/contract/gen/go/v1_2.Revision "json:\"byte_length\"" }]
         0     0% 32.51%      2.97s  7.52%  github.com/ruipengliu/lerna/domain/content.(*Manager).scheduleTarget
         0     0% 32.51%      2.92s  7.39%  github.com/ruipengliu/lerna/conformance/component_test.(*closureTimingRepository).CheckPolicy
     0.01s 0.025% 32.54%      2.90s  7.34%  github.com/ruipengliu/lerna/adapters/postgres/content.(*Store).CheckPolicy
     0.01s 0.025% 32.57%      2.75s  6.96%  syscall.RawSyscall6
     0.04s   0.1% 32.67%      2.72s  6.89%  github.com/jackc/pgx/v5/pgproto3.(*Frontend).Flush
     2.67s  6.76% 39.43%      2.67s  6.76%  runtime.futex
     0.02s 0.051% 39.48%      2.65s  6.71%  net.(*conn).Write
         0     0% 39.48%      2.64s  6.69%  github.com/ruipengliu/lerna/adapters/postgres/content.(*Store).Now
     0.02s 0.051% 39.53%      2.63s  6.66%  net.(*netFD).Write
     0.02s 0.051% 39.58%      2.61s  6.61%  internal/poll.(*FD).Write
     0.01s 0.025% 39.60%      2.51s  6.36%  syscall.Write
     0.01s 0.025% 39.63%      2.49s  6.31%  syscall.write
     0.17s  0.43% 40.06%      2.40s  6.08%  runtime.findRunnable
     0.01s 0.025% 40.09%      2.31s  5.85%  database/sql.(*Row).Scan
     0.02s 0.051% 40.14%      2.31s  5.85%  github.com/ruipengliu/lerna/conformance/component_test.(*closureTimingRepository).Now
         0     0% 40.14%      2.30s  5.82%  github.com/ruipengliu/lerna/domain/content.(*Manager).triggerChange
     0.01s 0.025% 40.16%      2.24s  5.67%  runtime.systemstack
         0     0% 40.16%      2.11s  5.34%  runtime.futexwakeup
     0.02s 0.051% 40.21%      2.09s  5.29%  runtime.notewakeup
         0     0% 40.21%      1.99s  5.04%  runtime.park_m
         0     0% 40.21%      1.84s  4.66%  github.com/ruipengliu/lerna/contract/v1_2.Validate
         0     0% 40.21%      1.81s  4.58%  database/sql.(*Tx).ExecContext
         0     0% 40.21%      1.80s  4.56%  database/sql.(*DB).execDC
     0.01s 0.025% 40.24%      1.79s  4.53%  github.com/jackc/pgx/v5.(*Conn).Exec
         0     0% 40.24%      1.75s  4.43%  database/sql.(*DB).execDC.func2
     0.02s 0.051% 40.29%      1.74s  4.41%  github.com/jackc/pgx/v5.(*Conn).exec
         0     0% 40.29%      1.72s  4.36%  database/sql.ctxDriverExec
         0     0% 40.29%      1.72s  4.36%  github.com/jackc/pgx/v5/stdlib.(*Conn).ExecContext
     1.63s  4.13% 44.42%      1.63s  4.13%  __tsan::MemoryAccessRangeT
         0     0% 44.42%      1.61s  4.08%  github.com/jackc/pgx/v5.(*Conn).execPrepared
     0.01s 0.025% 44.44%      1.59s  4.03%  runtime.wakep
         0     0% 44.44%      1.55s  3.93%  runtime.startm
         0     0% 44.44%      1.53s  3.87%  encoding/json/v2.Unmarshal
         0     0% 44.44%      1.48s  3.75%  database/sql.(*Rows).Scan
         0     0% 44.44%      1.48s  3.75%  encoding/json/v2.unmarshalDecode
     0.01s 0.025% 44.47%      1.46s  3.70%  database/sql.(*Rows).scanLocked
     0.02s 0.051% 44.52%      1.45s  3.67%  github.com/jackc/pgx/v5/pgconn.(*ResultReader).receiveMessage
     0.17s  0.43% 44.95%      1.45s  3.67%  github.com/santhosh-tekuri/jsonschema/v6.(*validator).validate
         0     0% 44.95%      1.44s  3.65%  github.com/jackc/pgx/v5/stdlib.(*Rows).ScanColumn
         0     0% 44.95%      1.44s  3.65%  github.com/santhosh-tekuri/jsonschema/v6.(*Schema).validate
     0.06s  0.15% 45.10%      1.43s  3.62%  github.com/santhosh-tekuri/jsonschema/v6.(*validator).objValidate
     0.01s 0.025% 45.13%      1.40s  3.55%  github.com/jackc/pgx/v5/pgconn.(*PgConn).peekMessage
     0.02s 0.051% 45.18%      1.39s  3.52%  github.com/jackc/pgx/v5/pgconn.(*PgConn).receiveMessage
     0.07s  0.18% 45.35%      1.39s  3.52%  github.com/jackc/pgx/v5/pgproto3.(*Frontend).Receive
     1.28s  3.24% 48.59%      1.28s  3.24%  __tsan_write
         0     0% 48.59%      1.28s  3.24%  github.com/jackc/pgx/v5/pgconn.(*ResultReader).readUntilRowDescription
     0.05s  0.13% 48.72%      1.28s  3.24%  github.com/santhosh-tekuri/jsonschema/v6.(*validator).validateVal
     0.17s  0.43% 49.15%      1.27s  3.22%  runtime.checkptrAlignment
     0.06s  0.15% 49.30%      1.23s  3.11%  github.com/jackc/pgx/v5/pgproto3.(*chunkReader).Next
         0     0% 49.30%      1.21s  3.06%  runtime.goexit0
     0.02s 0.051% 49.35%      1.14s  2.89%  github.com/jackc/pgx/v5/pgconn/internal/bgreader.(*BGReader).Read
         0     0% 49.35%      1.14s  2.89%  io.ReadAtLeast
     0.04s   0.1% 49.46%      1.12s  2.84%  encoding/json/v2.Marshal
     0.01s 0.025% 49.48%      1.10s  2.79%  github.com/ruipengliu/lerna/contract/v1_2.parseJSON
     0.13s  0.33% 49.81%      1.10s  2.79%  runtime.checkptrStraddles
     0.04s   0.1% 49.91%      1.08s  2.73%  net.(*conn).Read
     0.02s 0.051% 49.96%      1.06s  2.68%  github.com/jackc/pgx/v5/stdlib.isSQLScanDestination
     0.51s  1.29% 51.25%      1.06s  2.68%  runtime.checkptrBase
     0.07s  0.18% 51.43%      1.04s  2.63%  encoding/json/v2.makeStructArshaler.func3
     0.09s  0.23% 51.66%      1.04s  2.63%  runtime.mallocgc
     0.01s 0.025% 51.68%      1.03s  2.61%  net.(*netFD).Read
     0.02s 0.051% 51.73%      1.02s  2.58%  internal/poll.(*FD).Read
         0     0% 51.73%      0.97s  2.46%  github.com/ruipengliu/lerna/adapters/postgres/content.(*Store).LockPolicy
     0.95s  2.41% 54.14%      0.95s  2.41%  racecalladdr
     0.02s 0.051% 54.19%      0.94s  2.38%  reflect.(*rtype).Implements
     0.02s 0.051% 54.24%      0.91s  2.30%  github.com/ruipengliu/lerna/adapters/postgres/content.subjectKey
         0     0% 54.24%      0.90s  2.28%  github.com/ruipengliu/lerna/adapters/postgres/content.(*Store).SaveChange
         0     0% 54.24%      0.90s  2.28%  github.com/ruipengliu/lerna/contract/v1_2.Encode[go.shape.struct { TenantID github.com/ruipengliu/lerna/contract/gen/go/v1_2.ID "json:\"tenant_id\""; SubjectID github.com/ruipengliu/lerna/contract/gen/go/v1_2.ID "json:\"subject_id\""; DelegationChain []github.com/ruipengliu/lerna/contract/gen/go/v1_2.DelegatedSubject "json:\"delegation_chain\"" }]
     0.02s 0.051% 54.29%      0.90s  2.28%  syscall.Read
     0.21s  0.53% 54.82%      0.88s  2.23%  reflect.implements
         0     0% 54.82%      0.87s  2.20%  syscall.read
         0     0% 54.82%      0.86s  2.18%  github.com/santhosh-tekuri/jsonschema/v6.(*validator).validateRef
     0.03s 0.076% 54.90%      0.86s  2.18%  github.com/santhosh-tekuri/jsonschema/v6.(*validator).validateSelf
         0     0% 54.90%      0.84s  2.13%  github.com/ruipengliu/lerna/adapters/postgres/content.(*Store).ReadChange
     0.01s 0.025% 54.93%      0.83s  2.10%  runtime.netpoll
         0     0% 54.93%      0.82s  2.08%  encoding/json/v2.marshalEncode
     0.02s 0.051% 54.98%      0.82s  2.08%  github.com/ruipengliu/lerna/contract/v1_2.parseValue
     0.01s 0.025% 55.00%      0.77s  1.95%  database/sql.(*Rows).close
         0     0% 55.00%      0.76s  1.92%  internal/runtime/syscall/linux.EpollWait
     0.03s 0.076% 55.08%      0.73s  1.85%  encoding/json.(*Decoder).Token
     0.01s 0.025% 55.10%      0.73s  1.85%  github.com/ruipengliu/lerna/adapters/postgres/content.(*Store).Trigger
         0     0% 55.10%      0.72s  1.82%  database/sql.(*Rows).initContextClose
     0.05s  0.13% 55.23%      0.72s  1.82%  github.com/santhosh-tekuri/jsonschema/v6.(*validator).strValidate
         0     0% 55.23%      0.70s  1.77%  database/sql.(*Rows).Close
     0.01s 0.025% 55.25%      0.70s  1.77%  time.(*Timer).Reset
         0     0% 55.25%      0.68s  1.72%  github.com/ruipengliu/lerna/adapters/postgres/content.(*Store).SaveSources
     0.01s 0.025% 55.28%      0.67s  1.70%  runtime.(*timer).modify
         0     0% 55.28%      0.67s  1.70%  runtime.resetspinning
     0.02s 0.051% 55.33%      0.67s  1.70%  runtime.stopm
         0     0% 55.33%      0.67s  1.70%  time.resetTimer
     0.01s 0.025% 55.36%      0.66s  1.67%  runtime.(*timer).maybeAdd
         0     0% 55.36%      0.64s  1.62%  runtime.newproc
         0     0% 55.36%      0.64s  1.62%  runtime.newproc.func1
     0.22s  0.56% 55.91%      0.62s  1.57%  encoding/json/jsontext.(*decoderState).consumeValue
     0.03s 0.076% 55.99%      0.62s  1.57%  regexp.(*Regexp).find
         0     0% 55.99%      0.62s  1.57%  runtime.wakeNetPoller
         0     0% 55.99%      0.61s  1.54%  regexp.(*Regexp).MatchString
         0     0% 55.99%      0.61s  1.54%  runtime.entersyscall
     0.03s 0.076% 56.06%      0.61s  1.54%  runtime.reentersyscall
     0.02s 0.051% 56.12%      0.59s  1.49%  runtime.notesleep
     0.10s  0.25% 56.37%      0.58s  1.47%  encoding/json/v2.makeStructArshaler.func2
     0.03s 0.076% 56.44%      0.58s  1.47%  github.com/ruipengliu/lerna/contract/v1_2.writeCanonical
     0.13s  0.33% 56.77%      0.58s  1.47%  regexp.(*Regexp).doOnePass
     0.02s 0.051% 56.82%      0.58s  1.47%  runtime.futexsleep
     0.01s 0.025% 56.85%      0.57s  1.44%  runtime.entersyscallWakeSysmon
     0.56s  1.42% 58.27%      0.56s  1.42%  __tsan::MetaMap::GetSync
     0.56s  1.42% 59.69%      0.56s  1.42%  runtime.findObject
     0.18s  0.46% 60.14%      0.56s  1.42%  runtime.mallocgcSmallScanNoHeader
         0     0% 60.14%      0.55s  1.39%  runtime.gcBgMarkWorker
     0.24s  0.61% 60.75%      0.53s  1.34%  encoding/json/jsontext.(*decoderState).ReadToken
         0     0% 60.75%      0.52s  1.32%  runtime.netpollBreak
     0.52s  1.32% 62.07%      0.52s  1.32%  runtime.raceread
         0     0% 62.07%      0.52s  1.32%  runtime.write
     0.52s  1.32% 63.38%      0.52s  1.32%  runtime.write1
     0.11s  0.28% 63.66%      0.50s  1.27%  runtime.newobject
         0     0% 63.66%      0.46s  1.16%  runtime.gcBgMarkWorker.func2
     0.03s 0.076% 63.74%      0.46s  1.16%  runtime.gcDrain
     0.44s  1.11% 64.85%      0.44s  1.11%  __tsan::VectorClock::ReleaseAcquire
     0.02s 0.051% 64.90%      0.44s  1.11%  github.com/jackc/pgx/v5/pgconn.(*ResultReader).Close
         0     0% 64.90%      0.43s  1.09%  github.com/ruipengliu/lerna/adapters/postgres/internal/pgstore.(*Core).Trigger
     0.42s  1.06% 65.97%      0.42s  1.06%  __tsan::ShadowSet
     0.01s 0.025% 65.99%      0.42s  1.06%  github.com/ruipengliu/lerna/contract/v1_2.wireValue
     0.04s   0.1% 66.09%      0.40s  1.01%  database/sql.(*Rows).awaitDone
         0     0% 66.09%      0.40s  1.01%  encoding/json/jsontext.(*decoderState).CheckNextValue
     0.14s  0.35% 66.45%      0.39s  0.99%  encoding/json/jsontext.(*decoderState).consumeObject
     0.18s  0.46% 66.90%      0.37s  0.94%  runtime.mapaccess2_faststr
     0.22s  0.56% 67.46%      0.37s  0.94%  runtime.stealWork
     0.36s  0.91% 68.37%      0.36s  0.91%  __tsan_go_atomic64_load
     0.10s  0.25% 68.62%      0.36s  0.91%  encoding/json/jsontext.(*decoderState).ReadValue
     0.34s  0.86% 69.49%      0.34s  0.86%  __tsan::SlotLock
         0     0% 69.49%      0.34s  0.86%  database/sql.(*Rows).close.func1
     0.01s 0.025% 69.51%      0.34s  0.86%  github.com/jackc/pgx/v5.(*ExtendedQueryBuilder).Build
         0     0% 69.51%      0.34s  0.86%  github.com/jackc/pgx/v5.(*baseRows).Close
         0     0% 69.51%      0.34s  0.86%  github.com/jackc/pgx/v5/stdlib.(*Rows).Close
         0     0% 69.51%      0.34s  0.86%  github.com/ruipengliu/lerna/adapters/postgres/content.(*Store).NextPolicyWork
         0     0% 69.51%      0.34s  0.86%  runtime.bgsweep
     0.32s  0.81% 70.32%      0.32s  0.81%  __tsan_func_enter
     0.03s 0.076% 70.40%      0.32s  0.81%  context.(*cancelCtx).cancel
     0.31s  0.79% 71.18%      0.31s  0.79%  __tsan::VectorClock::Acquire
         0     0% 71.18%      0.31s  0.79%  github.com/ruipengliu/lerna/conformance/component_test.installContentPolicy
     0.01s 0.025% 71.21%      0.30s  0.76%  github.com/jackc/pgx/v5.(*ExtendedQueryBuilder).appendParam
         0     0% 71.21%      0.29s  0.73%  github.com/ruipengliu/lerna/adapters/postgres/content.(*Store).NextPolicyDue
     0.02s 0.051% 71.26%      0.28s  0.71%  github.com/jackc/pgx/v5.(*ExtendedQueryBuilder).encodeExtendedParamValue
         0     0% 71.26%      0.27s  0.68%  runtime.(*mcache).nextFree
     0.26s  0.66% 71.92%      0.26s  0.66%  __tsan_read_pc
         0     0% 71.92%      0.26s  0.66%  context.WithCancel.func1
         0     0% 71.92%      0.26s  0.66%  github.com/jackc/pgx/v5/pgtype.(*Map).Encode
         0     0% 71.92%      0.26s  0.66%  github.com/ruipengliu/lerna/adapters/postgres/content.(*Store).InstallFixturePolicy
         0     0% 71.92%      0.26s  0.66%  github.com/ruipengliu/lerna/domain/content.InstallFixturePolicy
     0.16s  0.41% 72.32%      0.26s  0.66%  runtime.(*sweepLocked).sweep
     0.09s  0.23% 72.55%      0.26s  0.66%  runtime.scanObject
         0     0% 72.55%      0.25s  0.63%  _.goready.func1
         0     0% 72.55%      0.25s  0.63%  encoding/json/v2.makeStringArshaler.func2
     0.02s 0.051% 72.60%      0.25s  0.63%  github.com/jackc/pgx/v5/pgconn/ctxwatch.(*ContextWatcher).Unwatch
         0     0% 72.60%      0.25s  0.63%  github.com/ruipengliu/lerna/domain/content.(*Manager).install
     0.03s 0.076% 72.68%      0.25s  0.63%  runtime.(*mcache).refill
         0     0% 72.68%      0.25s  0.63%  runtime.ready
     0.08s   0.2% 72.88%      0.24s  0.61%  reflect.Value.Field
     0.11s  0.28% 73.16%      0.24s  0.61%  runtime.mallocgcSmallNoscan
     0.04s   0.1% 73.26%      0.23s  0.58%  github.com/ruipengliu/lerna/contract/v1_2.writeCanonicalString
     0.22s  0.56% 73.82%      0.22s  0.56%  __tsan::SlotUnlock
         0     0% 73.82%      0.22s  0.56%  runtime.closechan
     0.03s 0.076% 73.89%      0.22s  0.56%  runtime.sweepone
     0.21s  0.53% 74.42%      0.21s  0.53%  __tsan_func_exit
     0.01s 0.025% 74.45%      0.21s  0.53%  context.AfterFunc.func1
         0     0% 74.45%      0.21s  0.53%  sort.Slice
     0.20s  0.51% 74.96%      0.20s  0.51%  __tsan::TraceSwitchPartImpl
     0.05s  0.13% 75.08%      0.20s  0.51%  encoding/json/v2.makeStringArshaler.func1
     0.01s 0.025% 75.11%      0.20s  0.51%  runtime.makeslice
NATIVE_EXIT status=0 group_absent=True
