TestPublicErrorsAreClosedAndClassifiable
TestEnvelopeAcceptsDefinedFutureMethodWithoutOfferingExecution
TestCommandGetRetainsOriginalIdentitySeparateFromQuery
TestCommandGetRequiresExactTargetAndRejectsWriteRevision
TestProgrammableEnvelopeCannotSmuggleJSONNumbers
TestUnknownVersionAndMethodCannotDowngrade
TestSharedCommandFixtures
TestProgrammaticPayloadAlsoEnforcesContainerDepth
TestPublicErrorProjectionCannotDiscloseLocalCause
TestProgrammaticPayloadRejectsValuesOutsideJSON
TestContentNewAssociationRequiresCurrentDirectSourceAdmission
TestContentAssociationCannotExtendObservedRetention
TestContentReplayRechecksReaderAfterCommandLock
TestContentAssociationKeepsPreparingCapacityAndFailedHistory
TestContentDecodedByteBoundHasRealNormalPublication
TestContentLockWaitCannotReuseExpiredAdmissionClock
TestContentPublicationWaitCannotReuseExpiredPolicyClock
TestContentHiddenAncestorControlsCurrentDerivedUse
TestContentFullClosureIncludesIntermediateVersionsAndExact64Bound
TestContentClosureDeduplicatesSharedAncestorAndRejectsForeignOwners
TestContentHiddenAncestorPurposeIntersectionAndOriginalCapSurviveFurtherDerivation
TestContentPublicationFinalTransactionChecksHiddenAncestorAfterRealObjectWrite
TestContentDirectReadPermissionsAreCurrentAndSeparate
TestContentDeclaredBytesAndVersionCannotChange
TestContentPublishedDamageAndMissingNeverRepairOnQuery
TestContentOldReadersPreserveLosslessFactsAndUnavailable
TestContentFailedStagingStillConsumesExplicitByteLimit
TestContentNoClobberExistingBytesMustMatchBeforePublication
TestContentCommandReplayAndExactVersionIdentities
TestContentEmptyBytesBinaryAndFiniteRanges
TestContentLaterAdmissionInheritsOriginalAncestorExpiry
TestContentNaturalSourceAndTargetChecksCurrentRenewalWithoutErasingRevoke
TestContentRenewalResidualDoesNotPretendFutureMaintenanceCoverage
TestContentSameSubjectIDAliasRetainsOriginalFullSavingBinding
TestContentMultipleAncestorsKeepIndependentEarlierAdmissionDue
TestContentLegacyBackfillRestoresOriginalExpiryAndFailedHolderResponsibilities
TestContentLegacyPolicyPagesDoNotTruncateAt64OrResetOnReopen
TestContentActualExpiredOldWriterArchiveRetainsAncestorResponsibilities
TestContentTrustedManagementSealsUseAndReopensResponsibility
TestContentPolicyPropagationAllDescendantPagesRecoverFrozenWatermark
TestContentFiveActionsAreIndependentCurrentQualification
TestContentNaturalRetentionExpiryHasDurableOriginalMaintenance
TestContentPolicyAndCleanupResponsibilityRollbackTogether
TestContentMalformedPolicyBindingRegistersActualSourceResponsibility
TestContentAcceptedRequestCapHasOriginalExpiryMaintenance
TestContentManagementStepRechecksTrustedDeadlineAfterPageLocks
TestContentExpiredMaintenanceBudgetRetainsKnownHolderWithoutClaimingComplete
TestContentExplicitPolicyAndTrustedPrincipalFailClosed
TestContentDirectSourcesRequireSeparateReadProcessSaveAndRetention
TestContentProcessingDeadlineAfterNativeDescendantLock
TestContentProcessingDeadlineRechecksAllChangesAtFinalDecision
TestContentHistoricalTighteningClassifiesNewCapAtCurrentTime
TestContentDelayedHistoricalPageHandsOffOriginalNaturalValidUntil
TestContentCorrectBytesDurablyAccepted
TestContentCurrentSavePolicyStopsObjectWrite
TestContentReadPolicyWaitRespectsAdmissionForEveryObservation
TestContentReadVersionWaitCannotReuseAdmissionClock
TestContentCommandWaitRechecksReaderAndAdmission
TestContentLastDirectSourceWaitCannotReuseReadAdmission
TestContentReturnedBytesRequireCurrentReadAndDisclose
TestContentReadAdmissionDeadlineDoesNotBecomeCompletionDeadline
TestContentTemporaryFailureKeepsNarrowedRetentionAfterReopen
TestContentExpiredOriginalClaimCannotStartObjectIO
TestContentTargetReadPoliciesBindExactPublishedDeclaration
TestContentTargetAuthorizationPrecedesExistenceAndMismatchObservation
TestCancelledBeforeInputHasExactZeroObservations
TestFixedDecisionInputTypedRoundtrip
TestDecisionDigestAndIsolatedInventory
TestCompletedDecisionContractNegotiatesAllMethods
TestCompletedDecisionContractRefusesInexactNegotiation
TestCommandDigestMatchesIndependentGolden
TestDigestDoesNotGrantExecutionForFixtureMethods
TestDurableControlRealSourceFailureIsDependencyUnavailable
TestDurableControlExpiredProofReplayRequiresCurrentAccess
TestDurableControlProofBindsPrincipalIssuerAndOriginalIdentity
TestDurableControlReadsRealSnapshotFloorAndForbidsExpectedRevision
TestDurableControlSeparatesAcceptBeforeExecutionAndContextDeadlines
TestDurableControlFinishCommitsBeforeConcurrentCancelPreservingOriginalFacts
TestDurableControlOriginalCommandPrecedesMethodAndClosedBindingConflicts
TestDurableControlResourceLimitsRetainFailureAndAllowExactCounterpart
TestDurableControlCancelsWithoutOrdinaryCapacityAndFencesOldClaim
TestDurableControlDeadlineMaintenanceClosesBeyondOnePageAtZeroQuota
TestDurableCancelBeforeDecideSurvivesBothOwnersReopen
TestDurableCancelStopsNextPublicationAfterArtifactReadback
TestDurableCancelBeforeFinishPreservesPublishedUnadoptedBytes
TestDurableControlPreparedV2StopsNextPublicationAfterArtifactReadback
TestDurableControlPreparedV2StopsFinishAfterProposalReadback
TestDurableControlPreservesTerminalFactsAndOrdersRevisions
TestDurableControlStopReceiptAndJobShareTransactionRecovery
TestDurableDecisionPreparedRecoversLostPublicationWithoutSecondFee
TestDurableDecisionStartIsOnePermissionAndUnknownWorkConsumesOriginalLimit
TestDurableDecisionConcurrentStartAndCumulativeUnknownUsage
TestDurableDecisionOriginalLimitsGateStartAndWholePreparedOutput
TestDurableDecisionAuthorityCannotRewriteFullDelegatedSubject
TestDurableDecisionAuthorityCannotRewriteFixedCommandInput
TestDurableDecisionOriginalReceiptSurvivesComponentConfigurationChange
TestDurableDecisionInterruptedComputedOutputRetainsUnknownAllowance
TestDurableDecisionPreparedBeforePublicationResumesWithoutNewStart
TestDurableDecisionCannotCompleteWithDifferentPublisherReference
TestDurableDecisionTwoIdentitiesAndFixedLegacyView
TestDurableDecisionRollbackAndTokenIsolation
TestDurableDecisionCrossTenantAndOwnerAuthorization
TestDurableDecisionOriginalReplaySurvivesAcceptanceCutoff
TestDurableDecisionPoolCoversNonAnchorDeadlineAtZeroQuota
TestDurableDecisionStartFencesClaimAndRequiresRecordedStart
TestDurableDecisionLastQueueSlotAcrossStoreInstances
TestDurableDecisionMissingPoolPreservesOriginalIdentity
TestDurableDecisionTenantQuotaCombinesTwoOwners
TestDurableProposalNativeSourceFailureRetainsDependencyMeaning
TestDurableProposalImmutableCaseBindingSurvivesRejectedReseed
TestDurableProposalOriginalLimitsMatrix
TestDurableProposalPreparedV2RecoversActualReplyLoss
TestDurableProposalRuleVersionRetainsUnknownCaseMeaning
TestDurableProposalCandidateSourceEvidenceUsesAllowedPurpose
TestDurableProposalDeltaOnlyHasNoInventedArtifact
TestDurableProposalFourIndependentActions
TestDurableProposalInputRequestIsClarificationWithReadableSchema
TestDurableProposalDeltaWithCandidatePreservesBothSuggestions
TestDurableProposalCannotContinueCompletesWithoutTaskVerdict
TestDurableProposalFixedDependsOnOutputFailsThroughPublicCodec
TestDurableProposalRejectsValidBindingRefsInWrongArgumentPair
TestDurableProposalArgumentsRequireSourcePurposeConsumption
TestDurableProposalReplacementMustUseCurrentConditionRevision
TestDurableProposalBoundedInvalidOutputMatrix
TestDurableDecisionReadDistinguishesAbsenceAndActualStoreUnavailable
TestDurableDecisionFinishFencesExpiredClaimAfterBothPublications
TestDurableRuleProposalSurvivesReopen
TestDurableDecisionStartRollbackKeepsOriginalAllowance
TestDurableDecisionCommitReplyLossPreservesPreparedAndCompletedFacts
TestDurableDecisionSnapshotLockAndManifestConsumeInputBound
TestDurableDecisionPreparedPublicationCannotCrossOriginalDeadline
TestDurableDecisionPreparedCannotRefreshOriginalExpiredPermission
TestNegotiationAdvertisesOnlyCompletedCommandGet
TestNegotiationAcceptsExactMethodSchemas
TestNegotiationSharedRefusals
TestNegotiationThenAuthenticatedQueryPreservesReceiptAndCurrentProgress
TestNegotiationSchemaDigestIndependentGoldens
TestNegotiationDoesNotOpenDesignedBusinessMethods
TestAuthenticatedQueryOpaqueRefusalAndNormalControl
TestAuthenticatedQuerySnapshotsCallerWireAndTrustedBinding
TestAuthenticatedQuerySharedFixtures
TestAuthenticatedQueryCancellationIsAReadFaultNotAuthorizationRefusal
TestAuthenticatedQueryFixedOwnerSurvivesDirectoryAndDefaultChangesReadOnly
TestAuthenticatedQueryRequiresFiniteContextAndKeepsStartCutoff
TestAuthenticatedQuery11SharedFixtures
TestReadOnlyFactsDoNotReinterpretFixedReceipt
TestReadOnlyFactsSeparateAbsenceAndUnavailability
TestReturnedReadCannotMutateRetainedFactRevision
TestSharedResponseFixtures
TestClosedReceiptRoundtrip
TestResponseEncodingValidatesOriginalIdentity
TestRevisionRetainsExactLargeInteger
TestContentReferenceRetainsExactVersionAndLength
TestValueBoundaryRejectsTruncationAndMalformedJSON
TestPublicJSONBoundaryPreservesUnicodeAndRejectsAmbiguity
TestSharedValueFixtures
TestEncodingCannotReplaceInvalidUnicode
TestRawJSONBodyAndDepthLimits
TestCommandEncodingPreservesCompactUnicodeAtBodyLimit
NATIVE_EXIT status=0 group_absent=True
