ACTUAL_GROUP normal content_a 33
=== RUN   TestContentNewAssociationRequiresCurrentDirectSourceAdmission
=== RUN   TestContentNewAssociationRequiresCurrentDirectSourceAdmission/process
=== RUN   TestContentNewAssociationRequiresCurrentDirectSourceAdmission/save
--- PASS: TestContentNewAssociationRequiresCurrentDirectSourceAdmission (1.08s)
    --- PASS: TestContentNewAssociationRequiresCurrentDirectSourceAdmission/process (0.69s)
    --- PASS: TestContentNewAssociationRequiresCurrentDirectSourceAdmission/save (0.39s)
=== RUN   TestContentReplayRechecksReaderAfterCommandLock
--- PASS: TestContentReplayRechecksReaderAfterCommandLock (0.58s)
=== RUN   TestContentDecodedByteBoundHasRealNormalPublication
--- PASS: TestContentDecodedByteBoundHasRealNormalPublication (0.54s)
=== RUN   TestContentPublicationWaitCannotReuseExpiredPolicyClock
--- PASS: TestContentPublicationWaitCannotReuseExpiredPolicyClock (0.70s)
=== RUN   TestContentClosureDeduplicatesSharedAncestorAndRejectsForeignOwners
--- PASS: TestContentClosureDeduplicatesSharedAncestorAndRejectsForeignOwners (0.44s)
=== RUN   TestContentPublicationFinalTransactionChecksHiddenAncestorAfterRealObjectWrite
=== RUN   TestContentPublicationFinalTransactionChecksHiddenAncestorAfterRealObjectWrite/permitted
=== RUN   TestContentPublicationFinalTransactionChecksHiddenAncestorAfterRealObjectWrite/ancestor-process-revoked
--- PASS: TestContentPublicationFinalTransactionChecksHiddenAncestorAfterRealObjectWrite (0.75s)
    --- PASS: TestContentPublicationFinalTransactionChecksHiddenAncestorAfterRealObjectWrite/permitted (0.36s)
    --- PASS: TestContentPublicationFinalTransactionChecksHiddenAncestorAfterRealObjectWrite/ancestor-process-revoked (0.38s)
=== RUN   TestContentDeclaredBytesAndVersionCannotChange
--- PASS: TestContentDeclaredBytesAndVersionCannotChange (0.18s)
=== RUN   TestContentOldReadersPreserveLosslessFactsAndUnavailable
--- PASS: TestContentOldReadersPreserveLosslessFactsAndUnavailable (0.34s)
=== RUN   TestContentNoClobberExistingBytesMustMatchBeforePublication
=== RUN   TestContentNoClobberExistingBytesMustMatchBeforePublication/alpha
=== RUN   TestContentNoClobberExistingBytesMustMatchBeforePublication/wrong
--- PASS: TestContentNoClobberExistingBytesMustMatchBeforePublication (0.35s)
    --- PASS: TestContentNoClobberExistingBytesMustMatchBeforePublication/alpha (0.21s)
    --- PASS: TestContentNoClobberExistingBytesMustMatchBeforePublication/wrong (0.14s)
=== RUN   TestContentEmptyBytesBinaryAndFiniteRanges
--- PASS: TestContentEmptyBytesBinaryAndFiniteRanges (0.35s)
=== RUN   TestContentNaturalSourceAndTargetChecksCurrentRenewalWithoutErasingRevoke
=== RUN   TestContentNaturalSourceAndTargetChecksCurrentRenewalWithoutErasingRevoke/historical-revoke=false
=== RUN   TestContentNaturalSourceAndTargetChecksCurrentRenewalWithoutErasingRevoke/historical-revoke=true
--- PASS: TestContentNaturalSourceAndTargetChecksCurrentRenewalWithoutErasingRevoke (4.45s)
    --- PASS: TestContentNaturalSourceAndTargetChecksCurrentRenewalWithoutErasingRevoke/historical-revoke=false (2.22s)
    --- PASS: TestContentNaturalSourceAndTargetChecksCurrentRenewalWithoutErasingRevoke/historical-revoke=true (2.22s)
=== RUN   TestContentSameSubjectIDAliasRetainsOriginalFullSavingBinding
--- PASS: TestContentSameSubjectIDAliasRetainsOriginalFullSavingBinding (2.27s)
=== RUN   TestContentLegacyBackfillRestoresOriginalExpiryAndFailedHolderResponsibilities
--- PASS: TestContentLegacyBackfillRestoresOriginalExpiryAndFailedHolderResponsibilities (0.31s)
=== RUN   TestContentActualExpiredOldWriterArchiveRetainsAncestorResponsibilities
--- PASS: TestContentActualExpiredOldWriterArchiveRetainsAncestorResponsibilities (0.86s)
=== RUN   TestContentPolicyPropagationAllDescendantPagesRecoverFrozenWatermark
--- PASS: TestContentPolicyPropagationAllDescendantPagesRecoverFrozenWatermark (3.78s)
=== RUN   TestContentNaturalRetentionExpiryHasDurableOriginalMaintenance
--- PASS: TestContentNaturalRetentionExpiryHasDurableOriginalMaintenance (3.12s)
=== RUN   TestContentMalformedPolicyBindingRegistersActualSourceResponsibility
=== RUN   TestContentMalformedPolicyBindingRegistersActualSourceResponsibility/writer
=== RUN   TestContentMalformedPolicyBindingRegistersActualSourceResponsibility/other-subject
=== RUN   TestContentMalformedPolicyBindingRegistersActualSourceResponsibility/other-purpose
--- PASS: TestContentMalformedPolicyBindingRegistersActualSourceResponsibility (1.27s)
    --- PASS: TestContentMalformedPolicyBindingRegistersActualSourceResponsibility/writer (0.44s)
    --- PASS: TestContentMalformedPolicyBindingRegistersActualSourceResponsibility/other-subject (0.34s)
    --- PASS: TestContentMalformedPolicyBindingRegistersActualSourceResponsibility/other-purpose (0.49s)
=== RUN   TestContentManagementStepRechecksTrustedDeadlineAfterPageLocks
--- PASS: TestContentManagementStepRechecksTrustedDeadlineAfterPageLocks (1.09s)
=== RUN   TestContentClosureRecordWaitRechecksPolicyBeforeMetadata
=== RUN   TestContentClosureRecordWaitRechecksPolicyBeforeMetadata/missing=false/late=false
=== RUN   TestContentClosureRecordWaitRechecksPolicyBeforeMetadata/missing=false/late=true
=== RUN   TestContentClosureRecordWaitRechecksPolicyBeforeMetadata/missing=true/late=false
=== RUN   TestContentClosureRecordWaitRechecksPolicyBeforeMetadata/missing=true/late=true
--- PASS: TestContentClosureRecordWaitRechecksPolicyBeforeMetadata (2.25s)
    --- PASS: TestContentClosureRecordWaitRechecksPolicyBeforeMetadata/missing=false/late=false (0.22s)
    --- PASS: TestContentClosureRecordWaitRechecksPolicyBeforeMetadata/missing=false/late=true (0.85s)
    --- PASS: TestContentClosureRecordWaitRechecksPolicyBeforeMetadata/missing=true/late=false (0.39s)
    --- PASS: TestContentClosureRecordWaitRechecksPolicyBeforeMetadata/missing=true/late=true (0.79s)
=== RUN   TestContentPolicyActionVectorsFailClosed
=== RUN   TestContentPolicyActionVectorsFailClosed/[read_process_save]
=== RUN   TestContentPolicyActionVectorsFailClosed/[read_disclose]
=== RUN   TestContentPolicyActionVectorsFailClosed/[]
=== RUN   TestContentPolicyActionVectorsFailClosed/[]#01
=== RUN   TestContentPolicyActionVectorsFailClosed/[read_read]
=== RUN   TestContentPolicyActionVectorsFailClosed/[unknown]
=== RUN   TestContentPolicyActionVectorsFailClosed/[read_process_save_sync_disclose_read]
--- PASS: TestContentPolicyActionVectorsFailClosed (0.14s)
    --- PASS: TestContentPolicyActionVectorsFailClosed/[read_process_save] (0.00s)
    --- PASS: TestContentPolicyActionVectorsFailClosed/[read_disclose] (0.00s)
    --- PASS: TestContentPolicyActionVectorsFailClosed/[] (0.00s)
    --- PASS: TestContentPolicyActionVectorsFailClosed/[]#01 (0.00s)
    --- PASS: TestContentPolicyActionVectorsFailClosed/[read_read] (0.00s)
    --- PASS: TestContentPolicyActionVectorsFailClosed/[unknown] (0.00s)
    --- PASS: TestContentPolicyActionVectorsFailClosed/[read_process_save_sync_disclose_read] (0.00s)
=== RUN   TestContentPolicyPortClockFollowsLockedRow
=== RUN   TestContentPolicyPortClockFollowsLockedRow/late=false
    content_policy_actions_test.go:348: mechanical PG execution plan (conditions omitted):
        CTE Scan on locked_policy
          Output: locked_policy.body, clock_timestamp()
          CTE locked_policy
            ->  LockRows
                  Output: content_fixture_policies.body, content_fixture_policies.ctid
                  ->  Index Scan using content_fixture_policies_pkey on lerna_test_67d3f1cb68c6b1aaeb793bf6.content_fixture_policies
                        Output: content_fixture_policies.body, content_fixture_policies.ctid
=== RUN   TestContentPolicyPortClockFollowsLockedRow/late=true
    content_policy_actions_test.go:348: mechanical PG execution plan (conditions omitted):
        CTE Scan on locked_policy
          Output: locked_policy.body, clock_timestamp()
          CTE locked_policy
            ->  LockRows
                  Output: content_fixture_policies.body, content_fixture_policies.ctid
                  ->  Index Scan using content_fixture_policies_pkey on lerna_test_014a586bed015127e6cd5a48.content_fixture_policies
                        Output: content_fixture_policies.body, content_fixture_policies.ctid
--- PASS: TestContentPolicyPortClockFollowsLockedRow (0.99s)
    --- PASS: TestContentPolicyPortClockFollowsLockedRow/late=false (0.21s)
    --- PASS: TestContentPolicyPortClockFollowsLockedRow/late=true (0.78s)
=== RUN   TestContentDirectSourcesRequireSeparateReadProcessSaveAndRetention
=== RUN   TestContentDirectSourcesRequireSeparateReadProcessSaveAndRetention/read
=== RUN   TestContentDirectSourcesRequireSeparateReadProcessSaveAndRetention/process
=== RUN   TestContentDirectSourcesRequireSeparateReadProcessSaveAndRetention/save
--- PASS: TestContentDirectSourcesRequireSeparateReadProcessSaveAndRetention (1.04s)
    --- PASS: TestContentDirectSourcesRequireSeparateReadProcessSaveAndRetention/read (0.30s)
    --- PASS: TestContentDirectSourcesRequireSeparateReadProcessSaveAndRetention/process (0.40s)
    --- PASS: TestContentDirectSourcesRequireSeparateReadProcessSaveAndRetention/save (0.34s)
=== RUN   TestContentLateAdmissionExtraCauseCannotFixRejection
--- PASS: TestContentLateAdmissionExtraCauseCannotFixRejection (0.64s)
=== RUN   TestContentLateAdmissionRespectsCompetingOriginalCommand
=== RUN   TestContentLateAdmissionRespectsCompetingOriginalCommand/different_digest=false
=== RUN   TestContentLateAdmissionRespectsCompetingOriginalCommand/different_digest=true
--- PASS: TestContentLateAdmissionRespectsCompetingOriginalCommand (1.43s)
    --- PASS: TestContentLateAdmissionRespectsCompetingOriginalCommand/different_digest=false (0.70s)
    --- PASS: TestContentLateAdmissionRespectsCompetingOriginalCommand/different_digest=true (0.73s)
=== RUN   TestContentAdmissionReaderExpiryCannotDiscloseAfterWait
=== RUN   TestContentAdmissionReaderExpiryCannotDiscloseAfterWait/original_key/late=false
=== RUN   TestContentAdmissionReaderExpiryCannotDiscloseAfterWait/original_key/late=true
=== RUN   TestContentAdmissionReaderExpiryCannotDiscloseAfterWait/second_save/late=false
=== RUN   TestContentAdmissionReaderExpiryCannotDiscloseAfterWait/second_save/late=true
--- PASS: TestContentAdmissionReaderExpiryCannotDiscloseAfterWait (2.77s)
    --- PASS: TestContentAdmissionReaderExpiryCannotDiscloseAfterWait/original_key/late=false (0.23s)
    --- PASS: TestContentAdmissionReaderExpiryCannotDiscloseAfterWait/original_key/late=true (1.06s)
    --- PASS: TestContentAdmissionReaderExpiryCannotDiscloseAfterWait/second_save/late=false (0.43s)
    --- PASS: TestContentAdmissionReaderExpiryCannotDiscloseAfterWait/second_save/late=true (1.04s)
=== RUN   TestContentProcessingDeadlineRechecksAllChangesAtFinalDecision
--- PASS: TestContentProcessingDeadlineRechecksAllChangesAtFinalDecision (0.81s)
=== RUN   TestContentDelayedHistoricalPageHandsOffOriginalNaturalValidUntil
=== RUN   TestContentDelayedHistoricalPageHandsOffOriginalNaturalValidUntil/manager/late=false
=== RUN   TestContentDelayedHistoricalPageHandsOffOriginalNaturalValidUntil/manager/late=true
=== RUN   TestContentDelayedHistoricalPageHandsOffOriginalNaturalValidUntil/service/late=false
=== RUN   TestContentDelayedHistoricalPageHandsOffOriginalNaturalValidUntil/service/late=true
--- PASS: TestContentDelayedHistoricalPageHandsOffOriginalNaturalValidUntil (2.46s)
    --- PASS: TestContentDelayedHistoricalPageHandsOffOriginalNaturalValidUntil/manager/late=false (0.37s)
    --- PASS: TestContentDelayedHistoricalPageHandsOffOriginalNaturalValidUntil/manager/late=true (0.90s)
    --- PASS: TestContentDelayedHistoricalPageHandsOffOriginalNaturalValidUntil/service/late=false (0.33s)
    --- PASS: TestContentDelayedHistoricalPageHandsOffOriginalNaturalValidUntil/service/late=true (0.86s)
=== RUN   TestContentCurrentSavePolicyStopsObjectWrite
--- PASS: TestContentCurrentSavePolicyStopsObjectWrite (0.13s)
=== RUN   TestContentReadVersionWaitCannotReuseAdmissionClock
--- PASS: TestContentReadVersionWaitCannotReuseAdmissionClock (0.61s)
=== RUN   TestContentLastDirectSourceWaitCannotReuseReadAdmission
--- PASS: TestContentLastDirectSourceWaitCannotReuseReadAdmission (0.72s)
=== RUN   TestContentReadAdmissionDeadlineDoesNotBecomeCompletionDeadline
--- PASS: TestContentReadAdmissionDeadlineDoesNotBecomeCompletionDeadline (0.63s)
=== RUN   TestContentExpiredOriginalClaimCannotStartObjectIO
--- PASS: TestContentExpiredOriginalClaimCannotStartObjectIO (0.59s)
=== RUN   TestContentTargetAuthorizationPrecedesExistenceAndMismatchObservation
=== RUN   TestContentTargetAuthorizationPrecedesExistenceAndMismatchObservation/existing-other-request
=== RUN   TestContentTargetAuthorizationPrecedesExistenceAndMismatchObservation/existing-policy-request
=== RUN   TestContentTargetAuthorizationPrecedesExistenceAndMismatchObservation/absent
--- PASS: TestContentTargetAuthorizationPrecedesExistenceAndMismatchObservation (0.47s)
    --- PASS: TestContentTargetAuthorizationPrecedesExistenceAndMismatchObservation/existing-other-request (0.17s)
    --- PASS: TestContentTargetAuthorizationPrecedesExistenceAndMismatchObservation/existing-policy-request (0.18s)
    --- PASS: TestContentTargetAuthorizationPrecedesExistenceAndMismatchObservation/absent (0.12s)
PASS
ok  	github.com/ruipengliu/lerna/conformance/component	38.172s
NATIVE_EXIT status=0 group_absent=True
