ACTUAL_GROUP race content_b 33
=== RUN   TestContentAssociationCannotExtendObservedRetention
--- PASS: TestContentAssociationCannotExtendObservedRetention (1.44s)
=== RUN   TestContentAssociationKeepsPreparingCapacityAndFailedHistory
--- PASS: TestContentAssociationKeepsPreparingCapacityAndFailedHistory (0.83s)
=== RUN   TestContentLockWaitCannotReuseExpiredAdmissionClock
--- PASS: TestContentLockWaitCannotReuseExpiredAdmissionClock (0.78s)
=== RUN   TestContentHiddenAncestorControlsCurrentDerivedUse
--- PASS: TestContentHiddenAncestorControlsCurrentDerivedUse (0.71s)
=== RUN   TestContentHiddenAncestorPurposeIntersectionAndOriginalCapSurviveFurtherDerivation
--- PASS: TestContentHiddenAncestorPurposeIntersectionAndOriginalCapSurviveFurtherDerivation (1.57s)
=== RUN   TestContentDirectReadPermissionsAreCurrentAndSeparate
=== RUN   TestContentDirectReadPermissionsAreCurrentAndSeparate/read
=== RUN   TestContentDirectReadPermissionsAreCurrentAndSeparate/disclose
=== RUN   TestContentDirectReadPermissionsAreCurrentAndSeparate/during-read
=== RUN   TestContentDirectReadPermissionsAreCurrentAndSeparate/during-disclose
=== RUN   TestContentDirectReadPermissionsAreCurrentAndSeparate/expired
=== RUN   TestContentDirectReadPermissionsAreCurrentAndSeparate/process-save-control
--- PASS: TestContentDirectReadPermissionsAreCurrentAndSeparate (6.72s)
    --- PASS: TestContentDirectReadPermissionsAreCurrentAndSeparate/read (1.05s)
    --- PASS: TestContentDirectReadPermissionsAreCurrentAndSeparate/disclose (1.09s)
    --- PASS: TestContentDirectReadPermissionsAreCurrentAndSeparate/during-read (1.29s)
    --- PASS: TestContentDirectReadPermissionsAreCurrentAndSeparate/during-disclose (1.29s)
    --- PASS: TestContentDirectReadPermissionsAreCurrentAndSeparate/expired (1.30s)
    --- PASS: TestContentDirectReadPermissionsAreCurrentAndSeparate/process-save-control (0.70s)
=== RUN   TestContentPublishedDamageAndMissingNeverRepairOnQuery
=== RUN   TestContentPublishedDamageAndMissingNeverRepairOnQuery/damage
=== RUN   TestContentPublishedDamageAndMissingNeverRepairOnQuery/missing
--- PASS: TestContentPublishedDamageAndMissingNeverRepairOnQuery (1.09s)
    --- PASS: TestContentPublishedDamageAndMissingNeverRepairOnQuery/damage (0.63s)
    --- PASS: TestContentPublishedDamageAndMissingNeverRepairOnQuery/missing (0.47s)
=== RUN   TestContentFailedStagingStillConsumesExplicitByteLimit
--- PASS: TestContentFailedStagingStillConsumesExplicitByteLimit (0.32s)
=== RUN   TestContentCommandReplayAndExactVersionIdentities
--- PASS: TestContentCommandReplayAndExactVersionIdentities (0.61s)
=== RUN   TestContentLaterAdmissionInheritsOriginalAncestorExpiry
--- PASS: TestContentLaterAdmissionInheritsOriginalAncestorExpiry (2.31s)
=== RUN   TestContentRenewalResidualDoesNotPretendFutureMaintenanceCoverage
--- PASS: TestContentRenewalResidualDoesNotPretendFutureMaintenanceCoverage (2.22s)
=== RUN   TestContentMultipleAncestorsKeepIndependentEarlierAdmissionDue
--- PASS: TestContentMultipleAncestorsKeepIndependentEarlierAdmissionDue (2.22s)
=== RUN   TestContentLegacyPolicyPagesDoNotTruncateAt64OrResetOnReopen
--- PASS: TestContentLegacyPolicyPagesDoNotTruncateAt64OrResetOnReopen (1.34s)
=== RUN   TestContentTrustedManagementSealsUseAndReopensResponsibility
--- PASS: TestContentTrustedManagementSealsUseAndReopensResponsibility (0.41s)
=== RUN   TestContentFiveActionsAreIndependentCurrentQualification
=== RUN   TestContentFiveActionsAreIndependentCurrentQualification/read
=== RUN   TestContentFiveActionsAreIndependentCurrentQualification/process
=== RUN   TestContentFiveActionsAreIndependentCurrentQualification/save
=== RUN   TestContentFiveActionsAreIndependentCurrentQualification/sync
=== RUN   TestContentFiveActionsAreIndependentCurrentQualification/disclose
--- PASS: TestContentFiveActionsAreIndependentCurrentQualification (1.73s)
    --- PASS: TestContentFiveActionsAreIndependentCurrentQualification/read (0.39s)
    --- PASS: TestContentFiveActionsAreIndependentCurrentQualification/process (0.38s)
    --- PASS: TestContentFiveActionsAreIndependentCurrentQualification/save (0.33s)
    --- PASS: TestContentFiveActionsAreIndependentCurrentQualification/sync (0.34s)
    --- PASS: TestContentFiveActionsAreIndependentCurrentQualification/disclose (0.29s)
=== RUN   TestContentPolicyAndCleanupResponsibilityRollbackTogether
--- PASS: TestContentPolicyAndCleanupResponsibilityRollbackTogether (0.38s)
=== RUN   TestContentAcceptedRequestCapHasOriginalExpiryMaintenance
--- PASS: TestContentAcceptedRequestCapHasOriginalExpiryMaintenance (2.27s)
=== RUN   TestContentExpiredMaintenanceBudgetRetainsKnownHolderWithoutClaimingComplete
--- PASS: TestContentExpiredMaintenanceBudgetRetainsKnownHolderWithoutClaimingComplete (2.22s)
=== RUN   TestContentClosureActionIntersectionKeepsIndependentFlags
=== RUN   TestContentClosureActionIntersectionKeepsIndependentFlags/none
=== RUN   TestContentClosureActionIntersectionKeepsIndependentFlags/read
=== RUN   TestContentClosureActionIntersectionKeepsIndependentFlags/process
=== RUN   TestContentClosureActionIntersectionKeepsIndependentFlags/save
=== RUN   TestContentClosureActionIntersectionKeepsIndependentFlags/disclose
=== RUN   TestContentClosureActionIntersectionKeepsIndependentFlags/sync
--- PASS: TestContentClosureActionIntersectionKeepsIndependentFlags (4.93s)
    --- PASS: TestContentClosureActionIntersectionKeepsIndependentFlags/none (0.84s)
    --- PASS: TestContentClosureActionIntersectionKeepsIndependentFlags/read (0.82s)
    --- PASS: TestContentClosureActionIntersectionKeepsIndependentFlags/process (0.66s)
    --- PASS: TestContentClosureActionIntersectionKeepsIndependentFlags/save (0.97s)
    --- PASS: TestContentClosureActionIntersectionKeepsIndependentFlags/disclose (0.88s)
    --- PASS: TestContentClosureActionIntersectionKeepsIndependentFlags/sync (0.74s)
=== RUN   TestContentClosurePolicyIntersectionUsesClockAfterRealPolicyLock
=== RUN   TestContentClosurePolicyIntersectionUsesClockAfterRealPolicyLock/late=false
=== RUN   TestContentClosurePolicyIntersectionUsesClockAfterRealPolicyLock/late=true
--- PASS: TestContentClosurePolicyIntersectionUsesClockAfterRealPolicyLock (1.46s)
    --- PASS: TestContentClosurePolicyIntersectionUsesClockAfterRealPolicyLock/late=false (0.49s)
    --- PASS: TestContentClosurePolicyIntersectionUsesClockAfterRealPolicyLock/late=true (0.97s)
=== RUN   TestContentExplicitPolicyAndTrustedPrincipalFailClosed
--- PASS: TestContentExplicitPolicyAndTrustedPrincipalFailClosed (0.30s)
=== RUN   TestContentPostScheduleAdmissionRollsBackLateVersion
=== RUN   TestContentPostScheduleAdmissionRollsBackLateVersion/accept_before/late=false
=== RUN   TestContentPostScheduleAdmissionRollsBackLateVersion/accept_before/late=true
=== RUN   TestContentPostScheduleAdmissionRollsBackLateVersion/target_policy/late=false
=== RUN   TestContentPostScheduleAdmissionRollsBackLateVersion/target_policy/late=true
=== RUN   TestContentPostScheduleAdmissionRollsBackLateVersion/ancestor_policy/late=false
=== RUN   TestContentPostScheduleAdmissionRollsBackLateVersion/ancestor_policy/late=true
=== RUN   TestContentPostScheduleAdmissionRollsBackLateVersion/retention/late=false
=== RUN   TestContentPostScheduleAdmissionRollsBackLateVersion/retention/late=true
--- PASS: TestContentPostScheduleAdmissionRollsBackLateVersion (5.27s)
    --- PASS: TestContentPostScheduleAdmissionRollsBackLateVersion/accept_before/late=false (0.21s)
    --- PASS: TestContentPostScheduleAdmissionRollsBackLateVersion/accept_before/late=true (0.96s)
    --- PASS: TestContentPostScheduleAdmissionRollsBackLateVersion/target_policy/late=false (0.24s)
    --- PASS: TestContentPostScheduleAdmissionRollsBackLateVersion/target_policy/late=true (0.99s)
    --- PASS: TestContentPostScheduleAdmissionRollsBackLateVersion/ancestor_policy/late=false (0.49s)
    --- PASS: TestContentPostScheduleAdmissionRollsBackLateVersion/ancestor_policy/late=true (1.17s)
    --- PASS: TestContentPostScheduleAdmissionRollsBackLateVersion/retention/late=false (0.22s)
    --- PASS: TestContentPostScheduleAdmissionRollsBackLateVersion/retention/late=true (0.98s)
=== RUN   TestContentPostScheduleAliasPreservesOriginalCapOnRollback
=== RUN   TestContentPostScheduleAliasPreservesOriginalCapOnRollback/late=false
=== RUN   TestContentPostScheduleAliasPreservesOriginalCapOnRollback/late=true
--- PASS: TestContentPostScheduleAliasPreservesOriginalCapOnRollback (3.64s)
    --- PASS: TestContentPostScheduleAliasPreservesOriginalCapOnRollback/late=false (1.79s)
    --- PASS: TestContentPostScheduleAliasPreservesOriginalCapOnRollback/late=true (1.85s)
=== RUN   TestContentCommitUnknownKeepsAcceptedAndLateRejectedTruth
=== RUN   TestContentCommitUnknownKeepsAcceptedAndLateRejectedTruth/late_rejection=false
=== RUN   TestContentCommitUnknownKeepsAcceptedAndLateRejectedTruth/late_rejection=true
--- PASS: TestContentCommitUnknownKeepsAcceptedAndLateRejectedTruth (0.98s)
    --- PASS: TestContentCommitUnknownKeepsAcceptedAndLateRejectedTruth/late_rejection=false (0.29s)
    --- PASS: TestContentCommitUnknownKeepsAcceptedAndLateRejectedTruth/late_rejection=true (0.70s)
=== RUN   TestContentProcessingDeadlineAfterNativeDescendantLock
=== RUN   TestContentProcessingDeadlineAfterNativeDescendantLock/manager/blocked=false
=== RUN   TestContentProcessingDeadlineAfterNativeDescendantLock/manager/blocked=true
=== RUN   TestContentProcessingDeadlineAfterNativeDescendantLock/service/blocked=false
=== RUN   TestContentProcessingDeadlineAfterNativeDescendantLock/service/blocked=true
--- PASS: TestContentProcessingDeadlineAfterNativeDescendantLock (3.45s)
    --- PASS: TestContentProcessingDeadlineAfterNativeDescendantLock/manager/blocked=false (0.62s)
    --- PASS: TestContentProcessingDeadlineAfterNativeDescendantLock/manager/blocked=true (1.13s)
    --- PASS: TestContentProcessingDeadlineAfterNativeDescendantLock/service/blocked=false (0.63s)
    --- PASS: TestContentProcessingDeadlineAfterNativeDescendantLock/service/blocked=true (1.07s)
=== RUN   TestContentHistoricalTighteningClassifiesNewCapAtCurrentTime
=== RUN   TestContentHistoricalTighteningClassifiesNewCapAtCurrentTime/late=false
=== RUN   TestContentHistoricalTighteningClassifiesNewCapAtCurrentTime/late=true
--- PASS: TestContentHistoricalTighteningClassifiesNewCapAtCurrentTime (1.65s)
    --- PASS: TestContentHistoricalTighteningClassifiesNewCapAtCurrentTime/late=false (0.56s)
    --- PASS: TestContentHistoricalTighteningClassifiesNewCapAtCurrentTime/late=true (1.09s)
=== RUN   TestContentCorrectBytesDurablyAccepted
--- PASS: TestContentCorrectBytesDurablyAccepted (0.42s)
=== RUN   TestContentReadPolicyWaitRespectsAdmissionForEveryObservation
=== RUN   TestContentReadPolicyWaitRespectsAdmissionForEveryObservation/not_found
=== RUN   TestContentReadPolicyWaitRespectsAdmissionForEveryObservation/preparing
=== RUN   TestContentReadPolicyWaitRespectsAdmissionForEveryObservation/failed
=== RUN   TestContentReadPolicyWaitRespectsAdmissionForEveryObservation/published
=== RUN   TestContentReadPolicyWaitRespectsAdmissionForEveryObservation/mismatched
--- PASS: TestContentReadPolicyWaitRespectsAdmissionForEveryObservation (3.76s)
    --- PASS: TestContentReadPolicyWaitRespectsAdmissionForEveryObservation/not_found (0.72s)
    --- PASS: TestContentReadPolicyWaitRespectsAdmissionForEveryObservation/preparing (0.72s)
    --- PASS: TestContentReadPolicyWaitRespectsAdmissionForEveryObservation/failed (0.76s)
    --- PASS: TestContentReadPolicyWaitRespectsAdmissionForEveryObservation/published (0.82s)
    --- PASS: TestContentReadPolicyWaitRespectsAdmissionForEveryObservation/mismatched (0.73s)
=== RUN   TestContentCommandWaitRechecksReaderAndAdmission
=== RUN   TestContentCommandWaitRechecksReaderAndAdmission/reader-envelope
=== RUN   TestContentCommandWaitRechecksReaderAndAdmission/version-envelope
=== RUN   TestContentCommandWaitRechecksReaderAndAdmission/version-reader-expiry
=== RUN   TestContentCommandWaitRechecksReaderAndAdmission/reader-absent
--- PASS: TestContentCommandWaitRechecksReaderAndAdmission (2.79s)
    --- PASS: TestContentCommandWaitRechecksReaderAndAdmission/reader-envelope (0.68s)
    --- PASS: TestContentCommandWaitRechecksReaderAndAdmission/version-envelope (0.72s)
    --- PASS: TestContentCommandWaitRechecksReaderAndAdmission/version-reader-expiry (0.71s)
    --- PASS: TestContentCommandWaitRechecksReaderAndAdmission/reader-absent (0.67s)
=== RUN   TestContentReturnedBytesRequireCurrentReadAndDisclose
=== RUN   TestContentReturnedBytesRequireCurrentReadAndDisclose/read
=== RUN   TestContentReturnedBytesRequireCurrentReadAndDisclose/disclose
--- PASS: TestContentReturnedBytesRequireCurrentReadAndDisclose (0.69s)
    --- PASS: TestContentReturnedBytesRequireCurrentReadAndDisclose/read (0.34s)
    --- PASS: TestContentReturnedBytesRequireCurrentReadAndDisclose/disclose (0.35s)
=== RUN   TestContentTemporaryFailureKeepsNarrowedRetentionAfterReopen
--- PASS: TestContentTemporaryFailureKeepsNarrowedRetentionAfterReopen (1.17s)
=== RUN   TestContentTargetReadPoliciesBindExactPublishedDeclaration
=== RUN   TestContentTargetReadPoliciesBindExactPublishedDeclaration/hash/before-read
=== RUN   TestContentTargetReadPoliciesBindExactPublishedDeclaration/hash/after-native-read
=== RUN   TestContentTargetReadPoliciesBindExactPublishedDeclaration/media/before-read
=== RUN   TestContentTargetReadPoliciesBindExactPublishedDeclaration/media/after-native-read
=== RUN   TestContentTargetReadPoliciesBindExactPublishedDeclaration/length/before-read
=== RUN   TestContentTargetReadPoliciesBindExactPublishedDeclaration/length/after-native-read
--- PASS: TestContentTargetReadPoliciesBindExactPublishedDeclaration (2.24s)
    --- PASS: TestContentTargetReadPoliciesBindExactPublishedDeclaration/hash/before-read (0.29s)
    --- PASS: TestContentTargetReadPoliciesBindExactPublishedDeclaration/hash/after-native-read (0.34s)
    --- PASS: TestContentTargetReadPoliciesBindExactPublishedDeclaration/media/before-read (0.58s)
    --- PASS: TestContentTargetReadPoliciesBindExactPublishedDeclaration/media/after-native-read (0.35s)
    --- PASS: TestContentTargetReadPoliciesBindExactPublishedDeclaration/length/before-read (0.33s)
    --- PASS: TestContentTargetReadPoliciesBindExactPublishedDeclaration/length/after-native-read (0.34s)
=== RUN   TestContentReferenceRetainsExactVersionAndLength
--- PASS: TestContentReferenceRetainsExactVersionAndLength (0.02s)
PASS
NATIVE_EXIT status=0 group_absent=True
