=== RUN   TestContentPostScheduleAdmissionRollsBackLateVersion
=== RUN   TestContentPostScheduleAdmissionRollsBackLateVersion/accept_before/late=false
=== RUN   TestContentPostScheduleAdmissionRollsBackLateVersion/accept_before/late=true
=== RUN   TestContentPostScheduleAdmissionRollsBackLateVersion/target_policy/late=false
=== RUN   TestContentPostScheduleAdmissionRollsBackLateVersion/target_policy/late=true
=== RUN   TestContentPostScheduleAdmissionRollsBackLateVersion/ancestor_policy/late=false
=== RUN   TestContentPostScheduleAdmissionRollsBackLateVersion/ancestor_policy/late=true
=== RUN   TestContentPostScheduleAdmissionRollsBackLateVersion/retention/late=false
=== RUN   TestContentPostScheduleAdmissionRollsBackLateVersion/retention/late=true
--- PASS: TestContentPostScheduleAdmissionRollsBackLateVersion (4.49s)
    --- PASS: TestContentPostScheduleAdmissionRollsBackLateVersion/accept_before/late=false (0.26s)
    --- PASS: TestContentPostScheduleAdmissionRollsBackLateVersion/accept_before/late=true (0.92s)
    --- PASS: TestContentPostScheduleAdmissionRollsBackLateVersion/target_policy/late=false (0.15s)
    --- PASS: TestContentPostScheduleAdmissionRollsBackLateVersion/target_policy/late=true (0.92s)
    --- PASS: TestContentPostScheduleAdmissionRollsBackLateVersion/ancestor_policy/late=false (0.23s)
    --- PASS: TestContentPostScheduleAdmissionRollsBackLateVersion/ancestor_policy/late=true (0.97s)
    --- PASS: TestContentPostScheduleAdmissionRollsBackLateVersion/retention/late=false (0.13s)
    --- PASS: TestContentPostScheduleAdmissionRollsBackLateVersion/retention/late=true (0.91s)
=== RUN   TestContentLateAdmissionExtraCauseCannotFixRejection
--- PASS: TestContentLateAdmissionExtraCauseCannotFixRejection (0.59s)
PASS
ok  	github.com/ruipengliu/lerna/conformance/component	5.095s
NATIVE_EXIT status=0 group_absent=True
