TLC2 Version 2.19 of 08 August 2024 (rev: 5a47802)
Running breadth-first search Model-Checking with fp 0 and seed 1 with 1 worker on 10 cores with 1820MB heap and 64MB offheap memory [pid: 25952] (Mac OS X 27.0 aarch64, Homebrew 25.0.2 x86_64, MSBDiskFPSet, DiskStateQueue).
Parsing file /Volumes/Data/proj/lerna-docs/formal/mechanisms/control/Boundaries.tla
Parsing file /private/var/folders/q3/nxw95lcx0nb05qqqp0w1nzgc0000gn/T/mechanism-tlc-804p_x9f/Naturals.tla
Semantic processing of module Naturals
Semantic processing of module Boundaries
Starting... (2026-09-25 08:46:52)
Computing initial states...
Finished computing initial states: 1 distinct state generated at 2026-09-25 08:46:52.
Error: Invariant FixedHistoricalResult is violated.
Error: The behavior up to this point is:
State 1: <Initial predicate>
s = [ catalogVersion |-> 0,
  resolved |-> FALSE,
  resolvedVersion |-> 0,
  created |-> FALSE,
  boundVersion |-> 0,
  acceptedVersion |-> 0,
  boundIntent |-> 0,
  creates |-> 0,
  payload |-> FALSE,
  tombstone |-> FALSE,
  entryClosed |-> FALSE,
  gap |-> FALSE,
  rejectedConflict |-> FALSE,
  child |-> FALSE,
  parentPaused |-> FALSE,
  selfPaused |-> FALSE,
  projectedParent |-> FALSE,
  controlRevision |-> 0,
  selfErased |-> FALSE,
  world |-> 0,
  observed |-> 0,
  hasObservation |-> FALSE,
  clicked |-> FALSE,
  badObservation |-> FALSE,
  badControl |-> FALSE,
  parentResumed |-> FALSE,
  parentResumedWithSelf |-> FALSE,
  selfWasPaused |-> FALSE,
  controlledClick |-> FALSE,
  factRevision |-> 0,
  factValue |-> "unknown",
  conflict |-> FALSE,
  everConflict |-> FALSE,
  regressed |-> FALSE,
  lowSeen |-> FALSE,
  resultSaved |-> FALSE,
  resultValue |-> "none",
  originalResult |-> "none" ]

State 2: <Receive line 70, col 17 to line 83, col 88 of module Boundaries>
s = [ catalogVersion |-> 0,
  resolved |-> FALSE,
  resolvedVersion |-> 0,
  created |-> FALSE,
  boundVersion |-> 0,
  acceptedVersion |-> 0,
  boundIntent |-> 0,
  creates |-> 0,
  payload |-> FALSE,
  tombstone |-> FALSE,
  entryClosed |-> FALSE,
  gap |-> FALSE,
  rejectedConflict |-> FALSE,
  child |-> FALSE,
  parentPaused |-> FALSE,
  selfPaused |-> FALSE,
  projectedParent |-> FALSE,
  controlRevision |-> 0,
  selfErased |-> FALSE,
  world |-> 0,
  observed |-> 0,
  hasObservation |-> FALSE,
  clicked |-> FALSE,
  badObservation |-> FALSE,
  badControl |-> FALSE,
  parentResumed |-> FALSE,
  parentResumedWithSelf |-> FALSE,
  selfWasPaused |-> FALSE,
  controlledClick |-> FALSE,
  factRevision |-> 1,
  factValue |-> "confirmed",
  conflict |-> FALSE,
  everConflict |-> FALSE,
  regressed |-> FALSE,
  lowSeen |-> FALSE,
  resultSaved |-> FALSE,
  resultValue |-> "none",
  originalResult |-> "none" ]

State 3: <Publish line 84, col 12 to line 86, col 49 of module Boundaries>
s = [ catalogVersion |-> 0,
  resolved |-> FALSE,
  resolvedVersion |-> 0,
  created |-> FALSE,
  boundVersion |-> 0,
  acceptedVersion |-> 0,
  boundIntent |-> 0,
  creates |-> 0,
  payload |-> FALSE,
  tombstone |-> FALSE,
  entryClosed |-> FALSE,
  gap |-> FALSE,
  rejectedConflict |-> FALSE,
  child |-> FALSE,
  parentPaused |-> FALSE,
  selfPaused |-> FALSE,
  projectedParent |-> FALSE,
  controlRevision |-> 0,
  selfErased |-> FALSE,
  world |-> 0,
  observed |-> 0,
  hasObservation |-> FALSE,
  clicked |-> FALSE,
  badObservation |-> FALSE,
  badControl |-> FALSE,
  parentResumed |-> FALSE,
  parentResumedWithSelf |-> FALSE,
  selfWasPaused |-> FALSE,
  controlledClick |-> FALSE,
  factRevision |-> 1,
  factValue |-> "confirmed",
  conflict |-> FALSE,
  everConflict |-> FALSE,
  regressed |-> FALSE,
  lowSeen |-> FALSE,
  resultSaved |-> TRUE,
  resultValue |-> "confirmed",
  originalResult |-> "confirmed" ]

State 4: <Receive line 70, col 17 to line 83, col 88 of module Boundaries>
s = [ catalogVersion |-> 0,
  resolved |-> FALSE,
  resolvedVersion |-> 0,
  created |-> FALSE,
  boundVersion |-> 0,
  acceptedVersion |-> 0,
  boundIntent |-> 0,
  creates |-> 0,
  payload |-> FALSE,
  tombstone |-> FALSE,
  entryClosed |-> FALSE,
  gap |-> FALSE,
  rejectedConflict |-> FALSE,
  child |-> FALSE,
  parentPaused |-> FALSE,
  selfPaused |-> FALSE,
  projectedParent |-> FALSE,
  controlRevision |-> 0,
  selfErased |-> FALSE,
  world |-> 0,
  observed |-> 0,
  hasObservation |-> FALSE,
  clicked |-> FALSE,
  badObservation |-> FALSE,
  badControl |-> FALSE,
  parentResumed |-> FALSE,
  parentResumedWithSelf |-> FALSE,
  selfWasPaused |-> FALSE,
  controlledClick |-> FALSE,
  factRevision |-> 2,
  factValue |-> "running",
  conflict |-> FALSE,
  everConflict |-> FALSE,
  regressed |-> FALSE,
  lowSeen |-> FALSE,
  resultSaved |-> TRUE,
  resultValue |-> "running",
  originalResult |-> "confirmed" ]

152 states generated, 35 distinct states found, 18 states left on queue.
The depth of the complete state graph search is 4.
The average outdegree of the complete state graph is 2 (minimum is 1, the maximum 7 and the 95th percentile is 7).
Finished in 00s at (2026-09-25 08:46:52)
