TLC2 Version 2.19 of 08 August 2024 (rev: 5a47802)
Running breadth-first search Model-Checking with fp 0 and seed 1 with 1 worker on 10 cores with 1820MB heap and 64MB offheap memory [pid: 25926] (Mac OS X 27.0 aarch64, Homebrew 25.0.2 x86_64, MSBDiskFPSet, DiskStateQueue).
Parsing file /Volumes/Data/proj/lerna-docs/formal/mechanisms/control/Boundaries.tla
Parsing file /private/var/folders/q3/nxw95lcx0nb05qqqp0w1nzgc0000gn/T/mechanism-tlc-zvkuemp4/Naturals.tla
Semantic processing of module Naturals
Semantic processing of module Boundaries
Starting... (2026-09-25 08:46:49)
Computing initial states...
Finished computing initial states: 1 distinct state generated at 2026-09-25 08:46:49.
Error: Invariant PauseReasonsIndependent is violated.
Error: The behavior up to this point is:
State 1: <Initial predicate>
s = [ catalogVersion |-> 0,
  resolved |-> FALSE,
  resolvedVersion |-> 0,
  created |-> FALSE,
  boundVersion |-> 0,
  acceptedVersion |-> 0,
  boundIntent |-> 0,
  creates |-> 0,
  payload |-> FALSE,
  tombstone |-> FALSE,
  entryClosed |-> FALSE,
  gap |-> FALSE,
  rejectedConflict |-> FALSE,
  child |-> FALSE,
  parentPaused |-> FALSE,
  selfPaused |-> FALSE,
  projectedParent |-> FALSE,
  controlRevision |-> 0,
  selfErased |-> FALSE,
  world |-> 0,
  observed |-> 0,
  hasObservation |-> FALSE,
  clicked |-> FALSE,
  badObservation |-> FALSE,
  badControl |-> FALSE,
  parentResumed |-> FALSE,
  parentResumedWithSelf |-> FALSE,
  selfWasPaused |-> FALSE,
  controlledClick |-> FALSE,
  factRevision |-> 0,
  factValue |-> "unknown",
  conflict |-> FALSE,
  everConflict |-> FALSE,
  regressed |-> FALSE,
  lowSeen |-> FALSE,
  resultSaved |-> FALSE,
  resultValue |-> "none",
  originalResult |-> "none" ]

State 2: <CreateChild line 41, col 16 to line 42, col 67 of module Boundaries>
s = [ catalogVersion |-> 0,
  resolved |-> FALSE,
  resolvedVersion |-> 0,
  created |-> FALSE,
  boundVersion |-> 0,
  acceptedVersion |-> 0,
  boundIntent |-> 0,
  creates |-> 0,
  payload |-> FALSE,
  tombstone |-> FALSE,
  entryClosed |-> FALSE,
  gap |-> FALSE,
  rejectedConflict |-> FALSE,
  child |-> TRUE,
  parentPaused |-> FALSE,
  selfPaused |-> FALSE,
  projectedParent |-> FALSE,
  controlRevision |-> 0,
  selfErased |-> FALSE,
  world |-> 0,
  observed |-> 0,
  hasObservation |-> FALSE,
  clicked |-> FALSE,
  badObservation |-> FALSE,
  badControl |-> FALSE,
  parentResumed |-> FALSE,
  parentResumedWithSelf |-> FALSE,
  selfWasPaused |-> FALSE,
  controlledClick |-> FALSE,
  factRevision |-> 0,
  factValue |-> "unknown",
  conflict |-> FALSE,
  everConflict |-> FALSE,
  regressed |-> FALSE,
  lowSeen |-> FALSE,
  resultSaved |-> FALSE,
  resultValue |-> "none",
  originalResult |-> "none" ]

State 3: <PauseParent line 43, col 16 to line 44, col 63 of module Boundaries>
s = [ catalogVersion |-> 0,
  resolved |-> FALSE,
  resolvedVersion |-> 0,
  created |-> FALSE,
  boundVersion |-> 0,
  acceptedVersion |-> 0,
  boundIntent |-> 0,
  creates |-> 0,
  payload |-> FALSE,
  tombstone |-> FALSE,
  entryClosed |-> FALSE,
  gap |-> FALSE,
  rejectedConflict |-> FALSE,
  child |-> TRUE,
  parentPaused |-> TRUE,
  selfPaused |-> FALSE,
  projectedParent |-> FALSE,
  controlRevision |-> 1,
  selfErased |-> FALSE,
  world |-> 0,
  observed |-> 0,
  hasObservation |-> FALSE,
  clicked |-> FALSE,
  badObservation |-> FALSE,
  badControl |-> FALSE,
  parentResumed |-> FALSE,
  parentResumedWithSelf |-> FALSE,
  selfWasPaused |-> FALSE,
  controlledClick |-> FALSE,
  factRevision |-> 0,
  factValue |-> "unknown",
  conflict |-> FALSE,
  everConflict |-> FALSE,
  regressed |-> FALSE,
  lowSeen |-> FALSE,
  resultSaved |-> FALSE,
  resultValue |-> "none",
  originalResult |-> "none" ]

State 4: <PauseSelf line 45, col 14 to line 46, col 83 of module Boundaries>
s = [ catalogVersion |-> 0,
  resolved |-> FALSE,
  resolvedVersion |-> 0,
  created |-> FALSE,
  boundVersion |-> 0,
  acceptedVersion |-> 0,
  boundIntent |-> 0,
  creates |-> 0,
  payload |-> FALSE,
  tombstone |-> FALSE,
  entryClosed |-> FALSE,
  gap |-> FALSE,
  rejectedConflict |-> FALSE,
  child |-> TRUE,
  parentPaused |-> TRUE,
  selfPaused |-> TRUE,
  projectedParent |-> FALSE,
  controlRevision |-> 2,
  selfErased |-> FALSE,
  world |-> 0,
  observed |-> 0,
  hasObservation |-> FALSE,
  clicked |-> FALSE,
  badObservation |-> FALSE,
  badControl |-> FALSE,
  parentResumed |-> FALSE,
  parentResumedWithSelf |-> FALSE,
  selfWasPaused |-> TRUE,
  controlledClick |-> FALSE,
  factRevision |-> 0,
  factValue |-> "unknown",
  conflict |-> FALSE,
  everConflict |-> FALSE,
  regressed |-> FALSE,
  lowSeen |-> FALSE,
  resultSaved |-> FALSE,
  resultValue |-> "none",
  originalResult |-> "none" ]

State 5: <ResumeParent line 47, col 17 to line 52, col 63 of module Boundaries>
s = [ catalogVersion |-> 0,
  resolved |-> FALSE,
  resolvedVersion |-> 0,
  created |-> FALSE,
  boundVersion |-> 0,
  acceptedVersion |-> 0,
  boundIntent |-> 0,
  creates |-> 0,
  payload |-> FALSE,
  tombstone |-> FALSE,
  entryClosed |-> FALSE,
  gap |-> FALSE,
  rejectedConflict |-> FALSE,
  child |-> TRUE,
  parentPaused |-> FALSE,
  selfPaused |-> FALSE,
  projectedParent |-> FALSE,
  controlRevision |-> 3,
  selfErased |-> TRUE,
  world |-> 0,
  observed |-> 0,
  hasObservation |-> FALSE,
  clicked |-> FALSE,
  badObservation |-> FALSE,
  badControl |-> FALSE,
  parentResumed |-> TRUE,
  parentResumedWithSelf |-> TRUE,
  selfWasPaused |-> TRUE,
  controlledClick |-> FALSE,
  factRevision |-> 0,
  factValue |-> "unknown",
  conflict |-> FALSE,
  everConflict |-> FALSE,
  regressed |-> FALSE,
  lowSeen |-> FALSE,
  resultSaved |-> FALSE,
  resultValue |-> "none",
  originalResult |-> "none" ]

65 states generated, 39 distinct states found, 21 states left on queue.
The depth of the complete state graph search is 5.
The average outdegree of the complete state graph is 2 (minimum is 0, the maximum 5 and the 95th percentile is 5).
Finished in 00s at (2026-09-25 08:46:49)
