TLC2 Version 2.19 of 08 August 2024 (rev: 5a47802)
Running breadth-first search Model-Checking with fp 0 and seed 1 with 1 worker on 10 cores with 1820MB heap and 64MB offheap memory [pid: 25842] (Mac OS X 27.0 aarch64, Homebrew 25.0.2 x86_64, MSBDiskFPSet, DiskStateQueue).
Parsing file /Volumes/Data/proj/lerna-docs/formal/mechanisms/control/Budget.tla
Parsing file /private/var/folders/q3/nxw95lcx0nb05qqqp0w1nzgc0000gn/T/mechanism-tlc-uevifwxp/Naturals.tla
Parsing file /private/var/folders/q3/nxw95lcx0nb05qqqp0w1nzgc0000gn/T/mechanism-tlc-uevifwxp/FiniteSets.tla
Parsing file /private/var/folders/q3/nxw95lcx0nb05qqqp0w1nzgc0000gn/T/mechanism-tlc-uevifwxp/Sequences.tla
Semantic processing of module Naturals
Semantic processing of module Sequences
Semantic processing of module FiniteSets
Semantic processing of module Budget
Starting... (2026-09-25 08:46:42)
Computing initial states...
Finished computing initial states: 1 distinct state generated at 2026-09-25 08:46:42.
Error: Invariant UnknownHeld is violated.
Error: The behavior up to this point is:
State 1: <Initial predicate>
s = [ active |-> {0},
  parent |-> (0 :> 0 @@ 1 :> 0 @@ 2 :> 0),
  depth |-> (0 :> 0 @@ 1 :> 0 @@ 2 :> 0),
  free |-> (0 :> 2 @@ 1 :> 0 @@ 2 :> 0),
  held |-> (0 :> 0 @@ 1 :> 0 @@ 2 :> 0),
  spent |-> (0 :> 0 @@ 1 :> 0 @@ 2 :> 0),
  allocation |-> (0 :> 0 @@ 1 :> 0 @@ 2 :> 0),
  used |-> (0 :> 0 @@ 1 :> 0 @@ 2 :> 0),
  revision |-> (0 :> 0 @@ 1 :> 0 @@ 2 :> 0),
  calls |-> {},
  final |-> {},
  sealed |-> {},
  done |-> {},
  conflicts |-> {},
  conflictUsed |-> (0 :> 0 @@ 1 :> 0 @@ 2 :> 0),
  conflictHeld |-> (0 :> 0 @@ 1 :> 0 @@ 2 :> 0),
  badConflictSettlement |-> FALSE,
  badConflictRelease |-> FALSE,
  conflictFreezeObserved |-> FALSE,
  cancelled |-> FALSE,
  cleanupFree |-> 1,
  cleanupSpent |-> 0,
  charged |-> 0,
  lateBill |-> FALSE,
  lateBillDuplicate |-> FALSE,
  duplicateSeen |-> FALSE,
  staleSeen |-> FALSE,
  nested |-> FALSE ]

State 2: <Reserve line 28, col 17 to line 31, col 39 of module Budget>
s = [ active |-> {0},
  parent |-> (0 :> 0 @@ 1 :> 0 @@ 2 :> 0),
  depth |-> (0 :> 0 @@ 1 :> 0 @@ 2 :> 0),
  free |-> (0 :> 1 @@ 1 :> 0 @@ 2 :> 0),
  held |-> (0 :> 1 @@ 1 :> 0 @@ 2 :> 0),
  spent |-> (0 :> 0 @@ 1 :> 0 @@ 2 :> 0),
  allocation |-> (0 :> 1 @@ 1 :> 0 @@ 2 :> 0),
  used |-> (0 :> 0 @@ 1 :> 0 @@ 2 :> 0),
  revision |-> (0 :> 0 @@ 1 :> 0 @@ 2 :> 0),
  calls |-> {0},
  final |-> {},
  sealed |-> {},
  done |-> {},
  conflicts |-> {},
  conflictUsed |-> (0 :> 0 @@ 1 :> 0 @@ 2 :> 0),
  conflictHeld |-> (0 :> 0 @@ 1 :> 0 @@ 2 :> 0),
  badConflictSettlement |-> FALSE,
  badConflictRelease |-> FALSE,
  conflictFreezeObserved |-> FALSE,
  cancelled |-> FALSE,
  cleanupFree |-> 1,
  cleanupSpent |-> 0,
  charged |-> 0,
  lateBill |-> FALSE,
  lateBillDuplicate |-> FALSE,
  duplicateSeen |-> FALSE,
  staleSeen |-> FALSE,
  nested |-> FALSE ]

State 3: <Done line 55, col 12 to line 56, col 40 of module Budget>
s = [ active |-> {0},
  parent |-> (0 :> 0 @@ 1 :> 0 @@ 2 :> 0),
  depth |-> (0 :> 0 @@ 1 :> 0 @@ 2 :> 0),
  free |-> (0 :> 1 @@ 1 :> 0 @@ 2 :> 0),
  held |-> (0 :> 1 @@ 1 :> 0 @@ 2 :> 0),
  spent |-> (0 :> 0 @@ 1 :> 0 @@ 2 :> 0),
  allocation |-> (0 :> 1 @@ 1 :> 0 @@ 2 :> 0),
  used |-> (0 :> 0 @@ 1 :> 0 @@ 2 :> 0),
  revision |-> (0 :> 0 @@ 1 :> 0 @@ 2 :> 0),
  calls |-> {0},
  final |-> {},
  sealed |-> {},
  done |-> {0},
  conflicts |-> {},
  conflictUsed |-> (0 :> 0 @@ 1 :> 0 @@ 2 :> 0),
  conflictHeld |-> (0 :> 0 @@ 1 :> 0 @@ 2 :> 0),
  badConflictSettlement |-> FALSE,
  badConflictRelease |-> FALSE,
  conflictFreezeObserved |-> FALSE,
  cancelled |-> FALSE,
  cleanupFree |-> 1,
  cleanupSpent |-> 0,
  charged |-> 0,
  lateBill |-> FALSE,
  lateBillDuplicate |-> FALSE,
  duplicateSeen |-> FALSE,
  staleSeen |-> FALSE,
  nested |-> FALSE ]

State 4: <PrematureRelease line 63, col 21 to line 66, col 63 of module Budget>
s = [ active |-> {0},
  parent |-> (0 :> 0 @@ 1 :> 0 @@ 2 :> 0),
  depth |-> (0 :> 0 @@ 1 :> 0 @@ 2 :> 0),
  free |-> (0 :> 2 @@ 1 :> 0 @@ 2 :> 0),
  held |-> (0 :> 0 @@ 1 :> 0 @@ 2 :> 0),
  spent |-> (0 :> 0 @@ 1 :> 0 @@ 2 :> 0),
  allocation |-> (0 :> 1 @@ 1 :> 0 @@ 2 :> 0),
  used |-> (0 :> 0 @@ 1 :> 0 @@ 2 :> 0),
  revision |-> (0 :> 0 @@ 1 :> 0 @@ 2 :> 0),
  calls |-> {0},
  final |-> {},
  sealed |-> {},
  done |-> {0},
  conflicts |-> {},
  conflictUsed |-> (0 :> 0 @@ 1 :> 0 @@ 2 :> 0),
  conflictHeld |-> (0 :> 0 @@ 1 :> 0 @@ 2 :> 0),
  badConflictSettlement |-> FALSE,
  badConflictRelease |-> FALSE,
  conflictFreezeObserved |-> FALSE,
  cancelled |-> FALSE,
  cleanupFree |-> 1,
  cleanupSpent |-> 0,
  charged |-> 0,
  lateBill |-> FALSE,
  lateBillDuplicate |-> FALSE,
  duplicateSeen |-> FALSE,
  staleSeen |-> FALSE,
  nested |-> FALSE ]

204 states generated, 154 distinct states found, 119 states left on queue.
The depth of the complete state graph search is 4.
The average outdegree of the complete state graph is 5 (minimum is 0, the maximum 9 and the 95th percentile is 9).
Finished in 00s at (2026-09-25 08:46:42)
