TLC2 Version 2.19 of 08 August 2024 (rev: 5a47802)
Running breadth-first search Model-Checking with fp 0 and seed 1 with 1 worker on 10 cores with 1820MB heap and 64MB offheap memory [pid: 25605] (Mac OS X 27.0 aarch64, Homebrew 25.0.2 x86_64, MSBDiskFPSet, DiskStateQueue).
Parsing file /Volumes/Data/proj/lerna-docs/formal/mechanisms/control/Budget.tla
Parsing file /private/var/folders/q3/nxw95lcx0nb05qqqp0w1nzgc0000gn/T/mechanism-tlc-yh04uscc/Naturals.tla
Parsing file /private/var/folders/q3/nxw95lcx0nb05qqqp0w1nzgc0000gn/T/mechanism-tlc-yh04uscc/FiniteSets.tla
Parsing file /private/var/folders/q3/nxw95lcx0nb05qqqp0w1nzgc0000gn/T/mechanism-tlc-yh04uscc/Sequences.tla
Semantic processing of module Naturals
Semantic processing of module Sequences
Semantic processing of module FiniteSets
Semantic processing of module Budget
Starting... (2026-09-25 08:45:50)
Computing initial states...
Finished computing initial states: 1 distinct state generated at 2026-09-25 08:45:50.
Progress(12) at 2026-09-25 08:45:53: 504,766 states generated (504,766 s/min), 113,496 distinct states found (113,496 ds/min), 42,631 states left on queue.
Model checking completed. No error has been found.
  Estimates of the probability that TLC did not check all reachable states
  because two distinct states had the same fingerprint:
  calculated (optimistic):  val = 6.4E-7
  based on the actual fingerprints:  val = 4.0E-8
9548153 states generated, 1461028 distinct states found, 0 states left on queue.
The depth of the complete state graph search is 25.
The average outdegree of the complete state graph is 1 (minimum is 0, the maximum 13 and the 95th percentile is 3).
Finished in 51s at (2026-09-25 08:46:41)
