TLC2 Version 2.19 of 08 August 2024 (rev: 5a47802)
Running breadth-first search Model-Checking with fp 0 and seed 1 with 1 worker on 10 cores with 1820MB heap and 64MB offheap memory [pid: 26098] (Mac OS X 27.0 aarch64, Homebrew 25.0.2 x86_64, MSBDiskFPSet, DiskStateQueue).
Parsing file /Volumes/Data/proj/lerna-docs/formal/mechanisms/control/CoreContracts.tla
Parsing file /private/var/folders/q3/nxw95lcx0nb05qqqp0w1nzgc0000gn/T/mechanism-tlc-6tev1jzn/Naturals.tla
Parsing file /private/var/folders/q3/nxw95lcx0nb05qqqp0w1nzgc0000gn/T/mechanism-tlc-6tev1jzn/FiniteSets.tla
Parsing file /private/var/folders/q3/nxw95lcx0nb05qqqp0w1nzgc0000gn/T/mechanism-tlc-6tev1jzn/Sequences.tla
Semantic processing of module Naturals
Semantic processing of module Sequences
Semantic processing of module FiniteSets
Semantic processing of module CoreContracts
Starting... (2026-09-25 08:47:06)
Computing initial states...
Finished computing initial states: 1 distinct state generated at 2026-09-25 08:47:06.
Error: Invariant NoManagedTransfer is violated.
Error: The behavior up to this point is:
State 1: <Initial predicate>
s = [ events |-> {},
  wrongRoute |-> FALSE,
  rejected |-> FALSE,
  requestVersion |-> 0,
  consumed |-> FALSE,
  winningOp |-> 0,
  consumes |-> 0,
  consumedAfterRefresh |-> FALSE,
  expired |-> FALSE,
  uiRevision |-> 0,
  invalidConsume |-> FALSE,
  proposed |-> FALSE,
  valid1 |-> FALSE,
  valid2 |-> FALSE,
  ready2 |-> FALSE,
  decision |-> "none",
  operations |-> {},
  reservation |-> 0,
  limit |-> 3,
  used |-> 0,
  held |-> 1,
  management |-> "none",
  originalDelta |-> 0,
  applied |-> 0,
  budgetRevision |-> 0,
  duplicateSeen |-> FALSE,
  externalLimit |-> 3,
  internalParent |-> 2,
  internalChild |-> 1 ]

State 2: <Increase line 53, col 13 to line 55, col 38 of module CoreContracts>
s = [ events |-> {},
  wrongRoute |-> FALSE,
  rejected |-> FALSE,
  requestVersion |-> 0,
  consumed |-> FALSE,
  winningOp |-> 0,
  consumes |-> 0,
  consumedAfterRefresh |-> FALSE,
  expired |-> FALSE,
  uiRevision |-> 0,
  invalidConsume |-> FALSE,
  proposed |-> FALSE,
  valid1 |-> FALSE,
  valid2 |-> FALSE,
  ready2 |-> FALSE,
  decision |-> "none",
  operations |-> {},
  reservation |-> 0,
  limit |-> 4,
  used |-> 0,
  held |-> 1,
  management |-> "increase",
  originalDelta |-> 1,
  applied |-> 1,
  budgetRevision |-> 1,
  duplicateSeen |-> FALSE,
  externalLimit |-> 3,
  internalParent |-> 2,
  internalChild |-> 1 ]

State 3: <RepeatIncrease line 56, col 19 to line 59, col 69 of module CoreContracts>
s = [ events |-> {},
  wrongRoute |-> FALSE,
  rejected |-> FALSE,
  requestVersion |-> 0,
  consumed |-> FALSE,
  winningOp |-> 0,
  consumes |-> 0,
  consumedAfterRefresh |-> FALSE,
  expired |-> FALSE,
  uiRevision |-> 0,
  invalidConsume |-> FALSE,
  proposed |-> FALSE,
  valid1 |-> FALSE,
  valid2 |-> FALSE,
  ready2 |-> FALSE,
  decision |-> "none",
  operations |-> {},
  reservation |-> 0,
  limit |-> 4,
  used |-> 0,
  held |-> 1,
  management |-> "increase",
  originalDelta |-> 1,
  applied |-> 1,
  budgetRevision |-> 1,
  duplicateSeen |-> TRUE,
  externalLimit |-> 3,
  internalParent |-> 2,
  internalChild |-> 1 ]

State 4: <AdjustInternal line 60, col 19 to line 61, col 62 of module CoreContracts>
s = [ events |-> {},
  wrongRoute |-> FALSE,
  rejected |-> FALSE,
  requestVersion |-> 0,
  consumed |-> FALSE,
  winningOp |-> 0,
  consumes |-> 0,
  consumedAfterRefresh |-> FALSE,
  expired |-> FALSE,
  uiRevision |-> 0,
  invalidConsume |-> FALSE,
  proposed |-> FALSE,
  valid1 |-> FALSE,
  valid2 |-> FALSE,
  ready2 |-> FALSE,
  decision |-> "none",
  operations |-> {},
  reservation |-> 0,
  limit |-> 4,
  used |-> 0,
  held |-> 1,
  management |-> "increase",
  originalDelta |-> 1,
  applied |-> 1,
  budgetRevision |-> 1,
  duplicateSeen |-> TRUE,
  externalLimit |-> 3,
  internalParent |-> 1,
  internalChild |-> 2 ]

30 states generated, 14 distinct states found, 1 states left on queue.
The depth of the complete state graph search is 4.
The average outdegree of the complete state graph is 1 (minimum is 0, the maximum 6 and the 95th percentile is 6).
Finished in 00s at (2026-09-25 08:47:06)
