TLC2 Version 2.19 of 08 August 2024 (rev: 5a47802)
Running breadth-first search Model-Checking with fp 0 and seed 1 with 1 worker on 10 cores with 1820MB heap and 64MB offheap memory [pid: 26536] (Mac OS X 27.0 aarch64, Homebrew 25.0.2 x86_64, MSBDiskFPSet, DiskStateQueue).
Parsing file /Volumes/Data/proj/lerna-docs/formal/mechanisms/trust/Lineage.tla
Parsing file /private/var/folders/q3/nxw95lcx0nb05qqqp0w1nzgc0000gn/T/mechanism-tlc-4yd8p8ve/Naturals.tla
Parsing file /private/var/folders/q3/nxw95lcx0nb05qqqp0w1nzgc0000gn/T/mechanism-tlc-4yd8p8ve/FiniteSets.tla
Parsing file /private/var/folders/q3/nxw95lcx0nb05qqqp0w1nzgc0000gn/T/mechanism-tlc-4yd8p8ve/Sequences.tla
Semantic processing of module Naturals
Semantic processing of module Sequences
Semantic processing of module FiniteSets
Semantic processing of module Lineage
Starting... (2026-09-25 08:47:51)
Computing initial states...
Finished computing initial states: 1 distinct state generated at 2026-09-25 08:47:51.
Error: Invariant CompleteClosure is violated.
Error: The behavior up to this point is:
State 1: <Initial predicate>
s = [ prepared |-> FALSE,
  target |-> "M1",
  actual |-> {},
  claimed |-> {},
  saved |-> FALSE,
  rejected |-> FALSE,
  missing |-> FALSE,
  selfDependent |-> FALSE ]

State 2: <Prepare line 12, col 29 to line 15, col 75 of module Lineage>
s = [ prepared |-> TRUE,
  target |-> "M1",
  actual |-> {"private"},
  claimed |-> {},
  saved |-> FALSE,
  rejected |-> FALSE,
  missing |-> FALSE,
  selfDependent |-> FALSE ]

State 3: <Save line 16, col 9 to line 22, col 63 of module Lineage>
s = [ prepared |-> TRUE,
  target |-> "M1",
  actual |-> {"private"},
  claimed |-> {},
  saved |-> TRUE,
  rejected |-> FALSE,
  missing |-> TRUE,
  selfDependent |-> FALSE ]

242 states generated, 98 distinct states found, 95 states left on queue.
The depth of the complete state graph search is 3.
The average outdegree of the complete state graph is 31 (minimum is 31, the maximum 31 and the 95th percentile is 31).
Finished in 00s at (2026-09-25 08:47:51)
