TLC2 Version 2.19 of 08 August 2024 (rev: 5a47802)
Running breadth-first search Model-Checking with fp 0 and seed 1 with 1 worker on 10 cores with 1820MB heap and 64MB offheap memory [pid: 26373] (Mac OS X 27.0 aarch64, Homebrew 25.0.2 x86_64, MSBDiskFPSet, DiskStateQueue).
Parsing file /Volumes/Data/proj/lerna-docs/formal/mechanisms/lifecycle/References.tla
Parsing file /private/var/folders/q3/nxw95lcx0nb05qqqp0w1nzgc0000gn/T/mechanism-tlc-bfmx7g6h/Naturals.tla
Parsing file /private/var/folders/q3/nxw95lcx0nb05qqqp0w1nzgc0000gn/T/mechanism-tlc-bfmx7g6h/FiniteSets.tla
Parsing file /private/var/folders/q3/nxw95lcx0nb05qqqp0w1nzgc0000gn/T/mechanism-tlc-bfmx7g6h/TLC.tla
Parsing file /private/var/folders/q3/nxw95lcx0nb05qqqp0w1nzgc0000gn/T/mechanism-tlc-bfmx7g6h/Sequences.tla
Semantic processing of module Naturals
Semantic processing of module Sequences
Semantic processing of module FiniteSets
Semantic processing of module TLC
Semantic processing of module References
Starting... (2026-09-25 08:47:35)
Implied-temporal checking--satisfiability problem has 1 branches.
Computing initial states...
Finished computing initial states: 1 distinct state generated at 2026-09-25 08:47:35.
Progress(22) at 2026-09-25 08:47:35: 2,137 states generated, 846 distinct states found, 0 states left on queue.
Checking temporal properties for the complete state space with 846 total distinct states at (2026-09-25 08:47:35)
Error: Temporal properties were violated.

Error: The following behavior constitutes a counter-example:

State 1: <Initial predicate>
/\ phase = (r1 :> "idle" @@ r2 :> "idle")
/\ epoch = 0
/\ active = {}
/\ retained = {}
/\ recoveredDelete = FALSE
/\ disabled = FALSE
/\ deleted = FALSE
/\ crashedWithPlan = FALSE
/\ doneEvidence = {}
/\ used = {}
/\ badRegistration = FALSE
/\ gate = TRUE
/\ up = TRUE
/\ plan = FALSE
/\ readEpoch = (r1 :> 0 @@ r2 :> 0)

State 2: <Withdraw line 59, col 13 to line 61, col 91 of module References>
/\ phase = (r1 :> "idle" @@ r2 :> "idle")
/\ epoch = 0
/\ active = {}
/\ retained = {}
/\ recoveredDelete = FALSE
/\ disabled = TRUE
/\ deleted = FALSE
/\ crashedWithPlan = FALSE
/\ doneEvidence = {}
/\ used = {}
/\ badRegistration = FALSE
/\ gate = TRUE
/\ up = TRUE
/\ plan = FALSE
/\ readEpoch = (r1 :> 0 @@ r2 :> 0)

State 3: <Close line 56, col 10 to line 58, col 88 of module References>
/\ phase = (r1 :> "idle" @@ r2 :> "idle")
/\ epoch = 1
/\ active = {}
/\ retained = {}
/\ recoveredDelete = FALSE
/\ disabled = TRUE
/\ deleted = FALSE
/\ crashedWithPlan = FALSE
/\ doneEvidence = {}
/\ used = {}
/\ badRegistration = FALSE
/\ gate = FALSE
/\ up = TRUE
/\ plan = FALSE
/\ readEpoch = (r1 :> 0 @@ r2 :> 0)

State 4: <PlanReclaim line 62, col 16 to line 65, col 94 of module References>
/\ phase = (r1 :> "idle" @@ r2 :> "idle")
/\ epoch = 1
/\ active = {}
/\ retained = {}
/\ recoveredDelete = FALSE
/\ disabled = TRUE
/\ deleted = FALSE
/\ crashedWithPlan = FALSE
/\ doneEvidence = {}
/\ used = {}
/\ badRegistration = FALSE
/\ gate = FALSE
/\ up = TRUE
/\ plan = TRUE
/\ readEpoch = (r1 :> 0 @@ r2 :> 0)

State 5: <Crash line 70, col 10 to line 74, col 73 of module References>
/\ phase = (r1 :> "idle" @@ r2 :> "idle")
/\ epoch = 1
/\ active = {}
/\ retained = {}
/\ recoveredDelete = FALSE
/\ disabled = TRUE
/\ deleted = FALSE
/\ crashedWithPlan = TRUE
/\ doneEvidence = {}
/\ used = {}
/\ badRegistration = FALSE
/\ gate = FALSE
/\ up = FALSE
/\ plan = TRUE
/\ readEpoch = (r1 :> 0 @@ r2 :> 0)

State 6: Stuttering
Finished checking temporal properties in 00s at 2026-09-25 08:47:35
2137 states generated, 846 distinct states found, 0 states left on queue.
Finished in 00s at (2026-09-25 08:47:35)
