TLC2 Version 2.19 of 08 August 2024 (rev: 5a47802)
Running breadth-first search Model-Checking with fp 0 and seed 1 with 1 worker on 10 cores with 1820MB heap and 64MB offheap memory [pid: 26330] (Mac OS X 27.0 aarch64, Homebrew 25.0.2 x86_64, MSBDiskFPSet, DiskStateQueue).
Parsing file /Volumes/Data/proj/lerna-docs/formal/mechanisms/lifecycle/Rollback.tla
Parsing file /private/var/folders/q3/nxw95lcx0nb05qqqp0w1nzgc0000gn/T/mechanism-tlc-15bp7kub/Naturals.tla
Parsing file /private/var/folders/q3/nxw95lcx0nb05qqqp0w1nzgc0000gn/T/mechanism-tlc-15bp7kub/TLC.tla
Parsing file /private/var/folders/q3/nxw95lcx0nb05qqqp0w1nzgc0000gn/T/mechanism-tlc-15bp7kub/Sequences.tla
Parsing file /private/var/folders/q3/nxw95lcx0nb05qqqp0w1nzgc0000gn/T/mechanism-tlc-15bp7kub/FiniteSets.tla
Semantic processing of module Naturals
Semantic processing of module Sequences
Semantic processing of module FiniteSets
Semantic processing of module TLC
Semantic processing of module Rollback
Starting... (2026-09-25 08:47:30)
Computing initial states...
Finished computing initial states: 1 distinct state generated at 2026-09-25 08:47:31.
Error: Invariant NoRecoveryWitness is violated.
Error: The behavior up to this point is:
State 1: <Initial predicate>
/\ badRestore = FALSE
/\ blockedHistory = FALSE
/\ disabled = FALSE
/\ restored = FALSE
/\ unknown = FALSE
/\ crashed = FALSE
/\ disposition = "restore"
/\ complete = FALSE
/\ active = 2
/\ trusted = TRUE
/\ up = TRUE
/\ rev = 0
/\ compatible = TRUE
/\ readRev = 0
/\ recovered = FALSE
/\ stage = "idle"
/\ originalFacts = TRUE

State 2: <Disable line 29, col 12 to line 32, col 105 of module Rollback>
/\ badRestore = FALSE
/\ blockedHistory = FALSE
/\ disabled = TRUE
/\ restored = FALSE
/\ unknown = FALSE
/\ crashed = FALSE
/\ disposition = "restore"
/\ complete = FALSE
/\ active = 2
/\ trusted = TRUE
/\ up = TRUE
/\ rev = 0
/\ compatible = TRUE
/\ readRev = 0
/\ recovered = FALSE
/\ stage = "idle"
/\ originalFacts = TRUE

State 3: <Crash line 54, col 10 to line 57, col 90 of module Rollback>
/\ badRestore = FALSE
/\ blockedHistory = FALSE
/\ disabled = TRUE
/\ restored = FALSE
/\ unknown = FALSE
/\ crashed = TRUE
/\ disposition = "restore"
/\ complete = FALSE
/\ active = 2
/\ trusted = TRUE
/\ up = FALSE
/\ rev = 0
/\ compatible = TRUE
/\ readRev = 0
/\ recovered = FALSE
/\ stage = "idle"
/\ originalFacts = TRUE

State 4: <Restart line 58, col 12 to line 60, col 111 of module Rollback>
/\ badRestore = FALSE
/\ blockedHistory = FALSE
/\ disabled = TRUE
/\ restored = FALSE
/\ unknown = FALSE
/\ crashed = TRUE
/\ disposition = "restore"
/\ complete = FALSE
/\ active = 2
/\ trusted = TRUE
/\ up = TRUE
/\ rev = 0
/\ compatible = TRUE
/\ readRev = 0
/\ recovered = FALSE
/\ stage = "idle"
/\ originalFacts = TRUE

State 5: <ReadBasis line 15, col 14 to line 18, col 107 of module Rollback>
/\ badRestore = FALSE
/\ blockedHistory = FALSE
/\ disabled = TRUE
/\ restored = FALSE
/\ unknown = FALSE
/\ crashed = TRUE
/\ disposition = "restore"
/\ complete = FALSE
/\ active = 2
/\ trusted = TRUE
/\ up = TRUE
/\ rev = 0
/\ compatible = TRUE
/\ readRev = 0
/\ recovered = FALSE
/\ stage = "read"
/\ originalFacts = TRUE

State 6: <Decide line 19, col 11 to line 21, col 104 of module Rollback>
/\ badRestore = FALSE
/\ blockedHistory = FALSE
/\ disabled = TRUE
/\ restored = FALSE
/\ unknown = FALSE
/\ crashed = TRUE
/\ disposition = "restore"
/\ complete = FALSE
/\ active = 2
/\ trusted = TRUE
/\ up = TRUE
/\ rev = 0
/\ compatible = TRUE
/\ readRev = 0
/\ recovered = FALSE
/\ stage = "decided"
/\ originalFacts = TRUE

State 7: <Restore line 33, col 12 to line 40, col 67 of module Rollback>
/\ badRestore = FALSE
/\ blockedHistory = FALSE
/\ disabled = TRUE
/\ restored = TRUE
/\ unknown = FALSE
/\ crashed = TRUE
/\ disposition = "restore"
/\ complete = FALSE
/\ active = 1
/\ trusted = TRUE
/\ up = TRUE
/\ rev = 0
/\ compatible = TRUE
/\ readRev = 0
/\ recovered = TRUE
/\ stage = "applied"
/\ originalFacts = TRUE

259 states generated, 131 distinct states found, 35 states left on queue.
The depth of the complete state graph search is 7.
The average outdegree of the complete state graph is 1 (minimum is 0, the maximum 6 and the 95th percentile is 4).
Finished in 00s at (2026-09-25 08:47:31)
