TLC2 Version 2.19 of 08 August 2024 (rev: 5a47802)
Running breadth-first search Model-Checking with fp 0 and seed 1 with 1 worker on 10 cores with 1820MB heap and 64MB offheap memory [pid: 26329] (Mac OS X 27.0 aarch64, Homebrew 25.0.2 x86_64, MSBDiskFPSet, DiskStateQueue).
Parsing file /Volumes/Data/proj/lerna-docs/formal/mechanisms/lifecycle/Rollback.tla
Parsing file /private/var/folders/q3/nxw95lcx0nb05qqqp0w1nzgc0000gn/T/mechanism-tlc-z3okluy0/Naturals.tla
Parsing file /private/var/folders/q3/nxw95lcx0nb05qqqp0w1nzgc0000gn/T/mechanism-tlc-z3okluy0/TLC.tla
Parsing file /private/var/folders/q3/nxw95lcx0nb05qqqp0w1nzgc0000gn/T/mechanism-tlc-z3okluy0/Sequences.tla
Parsing file /private/var/folders/q3/nxw95lcx0nb05qqqp0w1nzgc0000gn/T/mechanism-tlc-z3okluy0/FiniteSets.tla
Semantic processing of module Naturals
Semantic processing of module Sequences
Semantic processing of module FiniteSets
Semantic processing of module TLC
Semantic processing of module Rollback
Starting... (2026-09-25 08:47:30)
Computing initial states...
Finished computing initial states: 1 distinct state generated at 2026-09-25 08:47:30.
Error: Invariant NoBlockedWitness is violated.
Error: The behavior up to this point is:
State 1: <Initial predicate>
/\ badRestore = FALSE
/\ blockedHistory = FALSE
/\ disabled = FALSE
/\ restored = FALSE
/\ unknown = FALSE
/\ crashed = FALSE
/\ disposition = "restore"
/\ complete = FALSE
/\ active = 2
/\ trusted = TRUE
/\ up = TRUE
/\ rev = 0
/\ compatible = TRUE
/\ readRev = 0
/\ recovered = FALSE
/\ stage = "idle"
/\ originalFacts = TRUE

State 2: <Invalidate line 22, col 18 to line 28, col 88 of module Rollback>
/\ badRestore = FALSE
/\ blockedHistory = FALSE
/\ disabled = FALSE
/\ restored = FALSE
/\ unknown = TRUE
/\ crashed = FALSE
/\ disposition = "restore"
/\ complete = FALSE
/\ active = 2
/\ trusted = TRUE
/\ up = TRUE
/\ rev = 1
/\ compatible = TRUE
/\ readRev = 0
/\ recovered = FALSE
/\ stage = "idle"
/\ originalFacts = TRUE

State 3: <Disable line 29, col 12 to line 32, col 105 of module Rollback>
/\ badRestore = FALSE
/\ blockedHistory = FALSE
/\ disabled = TRUE
/\ restored = FALSE
/\ unknown = TRUE
/\ crashed = FALSE
/\ disposition = "restore"
/\ complete = FALSE
/\ active = 2
/\ trusted = TRUE
/\ up = TRUE
/\ rev = 1
/\ compatible = TRUE
/\ readRev = 0
/\ recovered = FALSE
/\ stage = "idle"
/\ originalFacts = TRUE

State 4: <MarkBlocked line 41, col 16 to line 44, col 103 of module Rollback>
/\ badRestore = FALSE
/\ blockedHistory = TRUE
/\ disabled = TRUE
/\ restored = FALSE
/\ unknown = TRUE
/\ crashed = FALSE
/\ disposition = "restore"
/\ complete = FALSE
/\ active = 2
/\ trusted = TRUE
/\ up = TRUE
/\ rev = 1
/\ compatible = TRUE
/\ readRev = 0
/\ recovered = FALSE
/\ stage = "idle"
/\ originalFacts = TRUE

State 5: <DecideStopOnly line 45, col 19 to line 48, col 109 of module Rollback>
/\ badRestore = FALSE
/\ blockedHistory = TRUE
/\ disabled = TRUE
/\ restored = FALSE
/\ unknown = TRUE
/\ crashed = FALSE
/\ disposition = "disable"
/\ complete = FALSE
/\ active = 2
/\ trusted = TRUE
/\ up = TRUE
/\ rev = 1
/\ compatible = TRUE
/\ readRev = 0
/\ recovered = FALSE
/\ stage = "idle"
/\ originalFacts = TRUE

State 6: <Finish line 49, col 11 to line 53, col 104 of module Rollback>
/\ badRestore = FALSE
/\ blockedHistory = TRUE
/\ disabled = TRUE
/\ restored = FALSE
/\ unknown = TRUE
/\ crashed = FALSE
/\ disposition = "disable"
/\ complete = TRUE
/\ active = 2
/\ trusted = TRUE
/\ up = TRUE
/\ rev = 1
/\ compatible = TRUE
/\ readRev = 0
/\ recovered = FALSE
/\ stage = "idle"
/\ originalFacts = TRUE

169 states generated, 86 distinct states found, 27 states left on queue.
The depth of the complete state graph search is 6.
The average outdegree of the complete state graph is 1 (minimum is 0, the maximum 6 and the 95th percentile is 5).
Finished in 00s at (2026-09-25 08:47:30)
