TLC2 Version 2.19 of 08 August 2024 (rev: 5a47802)
Running breadth-first search Model-Checking with fp 0 and seed 1 with 1 worker on 10 cores with 1820MB heap and 64MB offheap memory [pid: 25147] (Mac OS X 27.0 aarch64, Homebrew 25.0.2 x86_64, MSBDiskFPSet, DiskStateQueue).
Parsing file /Volumes/Data/proj/lerna-docs/formal/mechanisms/communication/Stream.tla
Parsing file /private/var/folders/q3/nxw95lcx0nb05qqqp0w1nzgc0000gn/T/mechanism-tlc-wb0d0khu/Naturals.tla
Parsing file /private/var/folders/q3/nxw95lcx0nb05qqqp0w1nzgc0000gn/T/mechanism-tlc-wb0d0khu/FiniteSets.tla
Parsing file /private/var/folders/q3/nxw95lcx0nb05qqqp0w1nzgc0000gn/T/mechanism-tlc-wb0d0khu/Sequences.tla
Semantic processing of module Naturals
Semantic processing of module Sequences
Semantic processing of module FiniteSets
Semantic processing of module Stream
Starting... (2026-09-25 08:45:01)
Computing initial states...
Finished computing initial states: 1 distinct state generated at 2026-09-25 08:45:01.
Progress(22) at 2026-09-25 08:45:04: 1,626,277 states generated (1,626,277 s/min), 289,574 distinct states found (289,574 ds/min), 80,696 states left on queue.
Model checking completed. No error has been found.
  Estimates of the probability that TLC did not check all reachable states
  because two distinct states had the same fingerprint:
  calculated (optimistic):  val = 2.8E-7
  based on the actual fingerprints:  val = 1.8E-8
6731111 states generated, 864922 distinct states found, 0 states left on queue.
The depth of the complete state graph search is 33.
The average outdegree of the complete state graph is 1 (minimum is 0, the maximum 7 and the 95th percentile is 4).
Finished in 11s at (2026-09-25 08:45:13)
