TLC2 Version 2.19 of 08 August 2024 (rev: 5a47802)
Running breadth-first search Model-Checking with fp 0 and seed 1 with 1 worker on 10 cores with 1820MB heap and 64MB offheap memory [pid: 60584] (Mac OS X 27.0 aarch64, Homebrew 25.0.2 x86_64, MSBDiskFPSet, DiskStateQueue).
Parsing file /Volumes/Data/proj/lerna-docs/formal/handoff/Handoff.tla
Parsing file /private/var/folders/q3/nxw95lcx0nb05qqqp0w1nzgc0000gn/T/Naturals.tla
Semantic processing of module Naturals
Semantic processing of module Handoff
Starting... (2026-09-25 00:14:07)
Implied-temporal checking--satisfiability problem has 1 branches.
Computing initial states...
Finished computing initial states: 1 distinct state generated at 2026-09-25 00:14:07.
Progress(9) at 2026-09-25 00:14:07: 48 states generated, 22 distinct states found, 0 states left on queue.
Checking temporal properties for the complete state space with 22 total distinct states at (2026-09-25 00:14:07)
Error: Temporal properties were violated.

Error: The following behavior constitutes a counter-example:

State 1: <Initial predicate>
s = [ aPhase |-> "idle",
  bAccepted |-> FALSE,
  bWork |-> FALSE,
  bCreates |-> 0,
  reqGood |-> 0,
  reqBad |-> 0,
  acks |-> 0,
  ackSeen |-> FALSE,
  aUp |-> TRUE,
  bUp |-> TRUE,
  bKnown |-> FALSE,
  aRemaining |-> 1,
  bRemaining |-> 1,
  gap |-> FALSE,
  stable |-> TRUE ]

State 2: <SaveA line 22, col 10 to line 23, col 48 of module Handoff>
s = [ aPhase |-> "pending",
  bAccepted |-> FALSE,
  bWork |-> FALSE,
  bCreates |-> 0,
  reqGood |-> 0,
  reqBad |-> 0,
  acks |-> 0,
  ackSeen |-> FALSE,
  aUp |-> TRUE,
  bUp |-> TRUE,
  bKnown |-> FALSE,
  aRemaining |-> 1,
  bRemaining |-> 1,
  gap |-> FALSE,
  stable |-> TRUE ]

State 3: <SendA line 25, col 10 to line 27, col 67 of module Handoff>
s = [ aPhase |-> "pending",
  bAccepted |-> FALSE,
  bWork |-> FALSE,
  bCreates |-> 0,
  reqGood |-> 1,
  reqBad |-> 0,
  acks |-> 0,
  ackSeen |-> FALSE,
  aUp |-> TRUE,
  bUp |-> TRUE,
  bKnown |-> FALSE,
  aRemaining |-> 0,
  bRemaining |-> 1,
  gap |-> FALSE,
  stable |-> TRUE ]

State 4: <DeclareGap line 74, col 15 to line 76, col 45 of module Handoff>
s = [ aPhase |-> "pending",
  bAccepted |-> FALSE,
  bWork |-> FALSE,
  bCreates |-> 0,
  reqGood |-> 1,
  reqBad |-> 0,
  acks |-> 0,
  ackSeen |-> FALSE,
  aUp |-> TRUE,
  bUp |-> TRUE,
  bKnown |-> FALSE,
  aRemaining |-> 0,
  bRemaining |-> 1,
  gap |-> TRUE,
  stable |-> TRUE ]

State 5: <CommitB line 40, col 12 to line 43, col 39 of module Handoff>
s = [ aPhase |-> "pending",
  bAccepted |-> TRUE,
  bWork |-> TRUE,
  bCreates |-> 1,
  reqGood |-> 0,
  reqBad |-> 0,
  acks |-> 0,
  ackSeen |-> FALSE,
  aUp |-> TRUE,
  bUp |-> TRUE,
  bKnown |-> FALSE,
  aRemaining |-> 0,
  bRemaining |-> 1,
  gap |-> TRUE,
  stable |-> TRUE ]

State 6: <ReadReceipt line 53, col 16 to line 54, col 49 of module Handoff>
s = [ aPhase |-> "pending",
  bAccepted |-> TRUE,
  bWork |-> TRUE,
  bCreates |-> 1,
  reqGood |-> 0,
  reqBad |-> 0,
  acks |-> 0,
  ackSeen |-> FALSE,
  aUp |-> TRUE,
  bUp |-> TRUE,
  bKnown |-> TRUE,
  aRemaining |-> 0,
  bRemaining |-> 1,
  gap |-> TRUE,
  stable |-> TRUE ]

State 7: <SendAck line 56, col 12 to line 58, col 66 of module Handoff>
s = [ aPhase |-> "pending",
  bAccepted |-> TRUE,
  bWork |-> TRUE,
  bCreates |-> 1,
  reqGood |-> 0,
  reqBad |-> 0,
  acks |-> 1,
  ackSeen |-> FALSE,
  aUp |-> TRUE,
  bUp |-> TRUE,
  bKnown |-> TRUE,
  aRemaining |-> 0,
  bRemaining |-> 0,
  gap |-> TRUE,
  stable |-> TRUE ]

State 8: <ReceiveAck line 63, col 15 to line 64, col 65 of module Handoff>
s = [ aPhase |-> "pending",
  bAccepted |-> TRUE,
  bWork |-> TRUE,
  bCreates |-> 1,
  reqGood |-> 0,
  reqBad |-> 0,
  acks |-> 0,
  ackSeen |-> TRUE,
  aUp |-> TRUE,
  bUp |-> TRUE,
  bKnown |-> TRUE,
  aRemaining |-> 0,
  bRemaining |-> 0,
  gap |-> TRUE,
  stable |-> TRUE ]

State 9: <InjectConflict line 35, col 19 to line 36, col 53 of module Handoff>
s = [ aPhase |-> "pending",
  bAccepted |-> TRUE,
  bWork |-> TRUE,
  bCreates |-> 1,
  reqGood |-> 0,
  reqBad |-> 1,
  acks |-> 0,
  ackSeen |-> TRUE,
  aUp |-> TRUE,
  bUp |-> TRUE,
  bKnown |-> TRUE,
  aRemaining |-> 0,
  bRemaining |-> 0,
  gap |-> TRUE,
  stable |-> TRUE ]

State 10: Stuttering
Finished checking temporal properties in 00s at 2026-09-25 00:14:07
48 states generated, 22 distinct states found, 0 states left on queue.
Finished in 00s at (2026-09-25 00:14:07)
